2022-10-17T04:38:20.1261897Z Requested labels: ubuntu-latest
2022-10-17T04:38:20.1261947Z Job defined at: AlphaSteam/microprint-generator/.github/workflows/generate_examples.yaml@refs/heads/matrix_actions
2022-10-17T04:38:20.1261987Z Waiting for a runner to pick up this job...
2022-10-17T04:38:20.3866168Z Job is waiting for a hosted runner to come online.
2022-10-17T04:38:24.5175190Z Job is about to start running on the hosted runner: Hosted Agent (hosted)
2022-10-17T04:38:26.7440860Z Current runner version: '2.298.2'
2022-10-17T04:38:26.7471065Z ##[group]Operating System
2022-10-17T04:38:26.7471664Z Ubuntu
2022-10-17T04:38:26.7471951Z 20.04.5
2022-10-17T04:38:26.7472180Z LTS
2022-10-17T04:38:26.7472574Z ##[endgroup]
2022-10-17T04:38:26.7472895Z ##[group]Runner Image
2022-10-17T04:38:26.7473270Z Image: ubuntu-20.04
2022-10-17T04:38:26.7473546Z Version: 20221002.2
2022-10-17T04:38:26.7474102Z Included Software: https://github.com/actions/runner-images/blob/ubuntu20/20221002.2/images/linux/Ubuntu2004-Readme.md
2022-10-17T04:38:26.7475091Z Image Release: https://github.com/actions/runner-images/releases/tag/ubuntu20%2F20221002.2
2022-10-17T04:38:26.7475560Z ##[endgroup]
2022-10-17T04:38:26.7475857Z ##[group]Runner Image Provisioner
2022-10-17T04:38:26.7476199Z 2.0.78.1
2022-10-17T04:38:26.7476552Z ##[endgroup]
2022-10-17T04:38:26.7477549Z ##[group]GITHUB_TOKEN Permissions
2022-10-17T04:38:26.7478213Z Actions: write
2022-10-17T04:38:26.7478593Z Checks: write
2022-10-17T04:38:26.7479064Z Contents: write
2022-10-17T04:38:26.7479418Z Deployments: write
2022-10-17T04:38:26.7479744Z Discussions: write
2022-10-17T04:38:26.7480085Z Issues: write
2022-10-17T04:38:26.7480403Z Metadata: read
2022-10-17T04:38:26.7480718Z Packages: write
2022-10-17T04:38:26.7480984Z Pages: write
2022-10-17T04:38:26.7481305Z PullRequests: write
2022-10-17T04:38:26.7481712Z RepositoryProjects: write
2022-10-17T04:38:26.7482073Z SecurityEvents: write
2022-10-17T04:38:26.7482355Z Statuses: write
2022-10-17T04:38:26.7482673Z ##[endgroup]
2022-10-17T04:38:26.7486830Z Secret source: Actions
2022-10-17T04:38:26.7487411Z Prepare workflow directory
2022-10-17T04:38:26.8638976Z Prepare all required actions
2022-10-17T04:38:26.8838673Z Getting action download info
2022-10-17T04:38:27.1425188Z Download action repository 'actions/checkout@v3' (SHA:93ea575cb5d8a053eaa0ac8fa3b40d7e05a33cc8)
2022-10-17T04:38:28.4535711Z Download action repository 'stefanzweifel/git-auto-commit-action@v4' (SHA:fd157da78fa13d9383e5580d1fd1184d89554b51)
2022-10-17T04:38:29.2627428Z Download action repository 'CasperWA/push-protected@v2' (SHA:6b25de805895da731062c43da647425fbb383128)
2022-10-17T04:38:30.1456869Z Download action repository 'peter-murray/reset-workspace-ownership-action@v1' (SHA:3c5cbcf2e4aeecb506b3e6bc867e0955dab8dfe0)
2022-10-17T04:38:31.0490394Z ##[group]Build container for action use: '/home/runner/work/_actions/CasperWA/push-protected/v2/Dockerfile'.
2022-10-17T04:38:31.0563677Z ##[command]/usr/bin/docker build -t 8d5581:f60b70502aa24b4ab28897444453c1a6 -f "/home/runner/work/_actions/CasperWA/push-protected/v2/Dockerfile" "/home/runner/work/_actions/CasperWA/push-protected/v2"
2022-10-17T04:38:31.2460432Z Sending build context to Docker daemon  113.2kB
2022-10-17T04:38:31.2461870Z 
2022-10-17T04:38:31.2885516Z Step 1/6 : FROM python:alpine
2022-10-17T04:38:32.5326819Z alpine: Pulling from library/python
2022-10-17T04:38:32.8773846Z 213ec9aee27d: Already exists
2022-10-17T04:38:32.8812523Z 47858aee13bf: Pulling fs layer
2022-10-17T04:38:32.8813581Z cfe0d6c6d05c: Pulling fs layer
2022-10-17T04:38:32.8813873Z 2df617b3dcd9: Pulling fs layer
2022-10-17T04:38:32.8814123Z 38da16a6ebe8: Pulling fs layer
2022-10-17T04:38:32.8814389Z 38da16a6ebe8: Waiting
2022-10-17T04:38:33.1864142Z 2df617b3dcd9: Verifying Checksum
2022-10-17T04:38:33.1865063Z 2df617b3dcd9: Download complete
2022-10-17T04:38:33.2180267Z 47858aee13bf: Verifying Checksum
2022-10-17T04:38:33.2181364Z 47858aee13bf: Download complete
2022-10-17T04:38:33.3760688Z cfe0d6c6d05c: Verifying Checksum
2022-10-17T04:38:33.3761079Z cfe0d6c6d05c: Download complete
2022-10-17T04:38:33.5395799Z 47858aee13bf: Pull complete
2022-10-17T04:38:33.5691975Z 38da16a6ebe8: Verifying Checksum
2022-10-17T04:38:33.5692263Z 38da16a6ebe8: Download complete
2022-10-17T04:38:34.0956348Z cfe0d6c6d05c: Pull complete
2022-10-17T04:38:34.1557742Z 2df617b3dcd9: Pull complete
2022-10-17T04:38:34.5059492Z 38da16a6ebe8: Pull complete
2022-10-17T04:38:34.5140417Z Digest: sha256:3bfac1caa31cc6c0e796b65ba936f320d1e549d80f5ac02c2e4f83a0f04af3aa
2022-10-17T04:38:34.5162374Z Status: Downloaded newer image for python:alpine
2022-10-17T04:38:34.5181277Z  ---> 880fc229346e
2022-10-17T04:38:34.5181662Z Step 2/6 : COPY README.md setup.py requirements*.txt ./
2022-10-17T04:38:35.0194086Z  ---> 5f44205eb58d
2022-10-17T04:38:35.0198921Z Step 3/6 : COPY push_action ./push_action
2022-10-17T04:38:36.0158793Z  ---> f24ec20d508c
2022-10-17T04:38:36.0159289Z Step 4/6 : RUN apk update     && apk add --no-cache git git-lfs bash     && pip install -U -e .
2022-10-17T04:38:36.0471342Z  ---> Running in 381aa2fefda4
2022-10-17T04:38:36.5784505Z fetch https://dl-cdn.alpinelinux.org/alpine/v3.16/main/x86_64/APKINDEX.tar.gz
2022-10-17T04:38:36.7005386Z fetch https://dl-cdn.alpinelinux.org/alpine/v3.16/community/x86_64/APKINDEX.tar.gz
2022-10-17T04:38:36.9606916Z v3.16.2-301-g3f9d0a65f8 [https://dl-cdn.alpinelinux.org/alpine/v3.16/main]
2022-10-17T04:38:36.9607803Z v3.16.2-302-g26bb45e677 [https://dl-cdn.alpinelinux.org/alpine/v3.16/community]
2022-10-17T04:38:36.9608717Z OK: 17037 distinct packages available
2022-10-17T04:38:36.9999850Z fetch https://dl-cdn.alpinelinux.org/alpine/v3.16/main/x86_64/APKINDEX.tar.gz
2022-10-17T04:38:37.0867726Z fetch https://dl-cdn.alpinelinux.org/alpine/v3.16/community/x86_64/APKINDEX.tar.gz
2022-10-17T04:38:37.3367670Z (1/7) Installing bash (5.1.16-r2)
2022-10-17T04:38:37.3572079Z Executing bash-5.1.16-r2.post-install
2022-10-17T04:38:37.3598623Z (2/7) Installing brotli-libs (1.0.9-r6)
2022-10-17T04:38:37.3713208Z (3/7) Installing nghttp2-libs (1.47.0-r0)
2022-10-17T04:38:37.3757772Z (4/7) Installing libcurl (7.83.1-r3)
2022-10-17T04:38:37.3868093Z (5/7) Installing pcre2 (10.40-r0)
2022-10-17T04:38:37.4006765Z (6/7) Installing git (2.36.2-r0)
2022-10-17T04:38:37.5319670Z (7/7) Installing git-lfs (3.1.4-r5)
2022-10-17T04:38:37.6319476Z Executing git-lfs-3.1.4-r5.post-install
2022-10-17T04:38:37.6457235Z Git LFS initialized.
2022-10-17T04:38:37.6469095Z Executing busybox-1.35.0-r17.trigger
2022-10-17T04:38:37.6526659Z OK: 39 MiB in 43 packages
2022-10-17T04:38:39.8947495Z Obtaining file:///
2022-10-17T04:38:39.8956713Z   Preparing metadata (setup.py): started
2022-10-17T04:38:40.5045329Z   Preparing metadata (setup.py): finished with status 'done'
2022-10-17T04:38:40.6014706Z Collecting requests~=2.28
2022-10-17T04:38:40.6292949Z   Downloading requests-2.28.1-py3-none-any.whl (62 kB)
2022-10-17T04:38:40.6385266Z      ━━━━━━━━━━━━━━━━━━━━━━━━━━━━━━━━━━━━━━━━ 62.8/62.8 kB 9.0 MB/s eta 0:00:00
2022-10-17T04:38:40.6999238Z Collecting urllib3<1.27,>=1.21.1
2022-10-17T04:38:40.7045651Z   Downloading urllib3-1.26.12-py2.py3-none-any.whl (140 kB)
2022-10-17T04:38:40.7157995Z      ━━━━━━━━━━━━━━━━━━━━━━━━━━━━━━━━━━━━━━ 140.4/140.4 kB 18.6 MB/s eta 0:00:00
2022-10-17T04:38:40.7417243Z Collecting certifi>=2017.4.17
2022-10-17T04:38:40.7638338Z   Downloading certifi-2022.9.24-py3-none-any.whl (161 kB)
2022-10-17T04:38:40.7779237Z      ━━━━━━━━━━━━━━━━━━━━━━━━━━━━━━━━━━━━━━ 161.1/161.1 kB 29.6 MB/s eta 0:00:00
2022-10-17T04:38:40.8122171Z Collecting charset-normalizer<3,>=2
2022-10-17T04:38:40.8163600Z   Downloading charset_normalizer-2.1.1-py3-none-any.whl (39 kB)
2022-10-17T04:38:40.8368882Z Collecting idna<4,>=2.5
2022-10-17T04:38:40.8415030Z   Downloading idna-3.4-py3-none-any.whl (61 kB)
2022-10-17T04:38:40.8478572Z      ━━━━━━━━━━━━━━━━━━━━━━━━━━━━━━━━━━━━━━━━ 61.5/61.5 kB 15.3 MB/s eta 0:00:00
2022-10-17T04:38:40.9542201Z Installing collected packages: urllib3, idna, charset-normalizer, certifi, requests, push-action
2022-10-17T04:38:41.3034554Z   Running setup.py develop for push-action
2022-10-17T04:38:41.7108882Z Successfully installed certifi-2022.9.24 charset-normalizer-2.1.1 idna-3.4 push-action-2.14.0 requests-2.28.1 urllib3-1.26.12
2022-10-17T04:38:41.7109693Z [91mWARNING: Running pip as the 'root' user can result in broken permissions and conflicting behaviour with the system package manager. It is recommended to use a virtual environment instead: https://pip.pypa.io/warnings/venv
2022-10-17T04:38:41.7884495Z [0m[91m
2022-10-17T04:38:41.7885232Z [notice] A new release of pip available: 22.2.2 -> 22.3
2022-10-17T04:38:41.7885542Z [notice] To update, run: pip install --upgrade pip
2022-10-17T04:38:43.2281824Z [0mRemoving intermediate container 381aa2fefda4
2022-10-17T04:38:43.2282150Z  ---> 02298d271def
2022-10-17T04:38:43.2282435Z Step 5/6 : COPY entrypoint.sh ./
2022-10-17T04:38:44.0203181Z  ---> 49ea7bca34c4
2022-10-17T04:38:44.0203541Z Step 6/6 : ENTRYPOINT [ "/entrypoint.sh" ]
2022-10-17T04:38:44.0498461Z  ---> Running in 40733d895f68
2022-10-17T04:38:45.0199279Z Removing intermediate container 40733d895f68
2022-10-17T04:38:45.0199593Z  ---> 9c056a4c5d24
2022-10-17T04:38:45.0208975Z Successfully built 9c056a4c5d24
2022-10-17T04:38:45.0275856Z Successfully tagged 8d5581:f60b70502aa24b4ab28897444453c1a6
2022-10-17T04:38:45.0293579Z ##[endgroup]
2022-10-17T04:38:45.0328780Z ##[group]Build container for action use: '/home/runner/work/_actions/peter-murray/reset-workspace-ownership-action/v1/Dockerfile'.
2022-10-17T04:38:45.0329909Z ##[command]/usr/bin/docker build -t 8d5581:8d63d0c397824405bf493ac6ce5d6960 -f "/home/runner/work/_actions/peter-murray/reset-workspace-ownership-action/v1/Dockerfile" "/home/runner/work/_actions/peter-murray/reset-workspace-ownership-action/v1"
2022-10-17T04:38:45.0537837Z Sending build context to Docker daemon  17.92kB
2022-10-17T04:38:45.0538456Z 
2022-10-17T04:38:45.0978644Z Step 1/4 : ARG busybox_version=1.32.0
2022-10-17T04:38:45.0979548Z Step 2/4 : FROM busybox:${busybox_version}
2022-10-17T04:38:47.3014057Z 1.32.0: Pulling from library/busybox
2022-10-17T04:38:47.6365873Z ea97eb0eb3ec: Pulling fs layer
2022-10-17T04:38:47.9763052Z ea97eb0eb3ec: Download complete
2022-10-17T04:38:48.0571220Z ea97eb0eb3ec: Pull complete
2022-10-17T04:38:48.0636621Z Digest: sha256:bde48e1751173b709090c2539fdf12d6ba64e88ec7a4301591227ce925f3c678
2022-10-17T04:38:48.0652579Z Status: Downloaded newer image for busybox:1.32.0
2022-10-17T04:38:48.0664477Z  ---> 219ee5171f80
2022-10-17T04:38:48.0665028Z Step 3/4 : COPY *.sh /
2022-10-17T04:38:49.0112725Z  ---> 956eb583c087
2022-10-17T04:38:49.0113110Z Step 4/4 : ENTRYPOINT ["/entrypoint.sh"]
2022-10-17T04:38:49.0435352Z  ---> Running in 01df73a570bc
2022-10-17T04:38:50.0127067Z Removing intermediate container 01df73a570bc
2022-10-17T04:38:50.0127501Z  ---> b2d7708fafcc
2022-10-17T04:38:50.0128536Z Successfully built b2d7708fafcc
2022-10-17T04:38:50.0205067Z Successfully tagged 8d5581:8d63d0c397824405bf493ac6ce5d6960
2022-10-17T04:38:50.0209919Z ##[endgroup]
2022-10-17T04:38:50.0628121Z ##[group]Run actions/checkout@v3
2022-10-17T04:38:50.0628518Z with:
2022-10-17T04:38:50.0628820Z   repository: AlphaSteam/microprint-generator
2022-10-17T04:38:50.0629465Z   token: ***
2022-10-17T04:38:50.0629890Z   ssh-strict: true
2022-10-17T04:38:50.0630313Z   persist-credentials: true
2022-10-17T04:38:50.0630953Z   clean: true
2022-10-17T04:38:50.0631200Z   fetch-depth: 1
2022-10-17T04:38:50.0631565Z   lfs: false
2022-10-17T04:38:50.0631861Z   submodules: false
2022-10-17T04:38:50.0632120Z   set-safe-directory: true
2022-10-17T04:38:50.0632517Z ##[endgroup]
2022-10-17T04:38:50.4234077Z Syncing repository: AlphaSteam/microprint-generator
2022-10-17T04:38:50.4236249Z ##[group]Getting Git version info
2022-10-17T04:38:50.4236804Z Working directory is '/home/runner/work/microprint-generator/microprint-generator'
2022-10-17T04:38:50.4237363Z [command]/usr/bin/git version
2022-10-17T04:38:50.4341028Z git version 2.37.3
2022-10-17T04:38:50.4385578Z ##[endgroup]
2022-10-17T04:38:50.4411665Z Temporarily overriding HOME='/home/runner/work/_temp/34955346-db91-4775-89da-643d1005f77c' before making global git config changes
2022-10-17T04:38:50.4412176Z Adding repository directory to the temporary git global config as a safe directory
2022-10-17T04:38:50.4412822Z [command]/usr/bin/git config --global --add safe.directory /home/runner/work/microprint-generator/microprint-generator
2022-10-17T04:38:50.4466638Z Deleting the contents of '/home/runner/work/microprint-generator/microprint-generator'
2022-10-17T04:38:50.4473553Z ##[group]Initializing the repository
2022-10-17T04:38:50.4478180Z [command]/usr/bin/git init /home/runner/work/microprint-generator/microprint-generator
2022-10-17T04:38:50.4557507Z hint: Using 'master' as the name for the initial branch. This default branch name
2022-10-17T04:38:50.4560751Z hint: is subject to change. To configure the initial branch name to use in all
2022-10-17T04:38:50.4561542Z hint: of your new repositories, which will suppress this warning, call:
2022-10-17T04:38:50.4562265Z hint: 
2022-10-17T04:38:50.4562786Z hint: 	git config --global init.defaultBranch <name>
2022-10-17T04:38:50.4563075Z hint: 
2022-10-17T04:38:50.4563486Z hint: Names commonly chosen instead of 'master' are 'main', 'trunk' and
2022-10-17T04:38:50.4563989Z hint: 'development'. The just-created branch can be renamed via this command:
2022-10-17T04:38:50.4564324Z hint: 
2022-10-17T04:38:50.4564611Z hint: 	git branch -m <name>
2022-10-17T04:38:50.4580398Z Initialized empty Git repository in /home/runner/work/microprint-generator/microprint-generator/.git/
2022-10-17T04:38:50.4591464Z [command]/usr/bin/git remote add origin https://github.com/AlphaSteam/microprint-generator
2022-10-17T04:38:50.4640836Z ##[endgroup]
2022-10-17T04:38:50.4641704Z ##[group]Disabling automatic garbage collection
2022-10-17T04:38:50.4646602Z [command]/usr/bin/git config --local gc.auto 0
2022-10-17T04:38:50.4681637Z ##[endgroup]
2022-10-17T04:38:50.4682480Z ##[group]Setting up auth
2022-10-17T04:38:50.4693400Z [command]/usr/bin/git config --local --name-only --get-regexp core\.sshCommand
2022-10-17T04:38:50.4730326Z [command]/usr/bin/git submodule foreach --recursive git config --local --name-only --get-regexp 'core\.sshCommand' && git config --local --unset-all 'core.sshCommand' || :
2022-10-17T04:38:50.5176569Z [command]/usr/bin/git config --local --name-only --get-regexp http\.https\:\/\/github\.com\/\.extraheader
2022-10-17T04:38:50.5216393Z [command]/usr/bin/git submodule foreach --recursive git config --local --name-only --get-regexp 'http\.https\:\/\/github\.com\/\.extraheader' && git config --local --unset-all 'http.https://github.com/.extraheader' || :
2022-10-17T04:38:50.5556594Z [command]/usr/bin/git config --local http.https://github.com/.extraheader AUTHORIZATION: basic ***
2022-10-17T04:38:50.5606699Z ##[endgroup]
2022-10-17T04:38:50.5607270Z ##[group]Fetching the repository
2022-10-17T04:38:50.5623017Z [command]/usr/bin/git -c protocol.version=2 fetch --no-tags --prune --progress --no-recurse-submodules --depth=1 origin +f19ef8943b9916067672a0ccae51a689996ecd57:refs/remotes/origin/matrix_actions
2022-10-17T04:38:51.1912231Z remote: Enumerating objects: 67, done.        
2022-10-17T04:38:51.1912794Z remote: Counting objects:   1% (1/67)        
2022-10-17T04:38:51.1913318Z remote: Counting objects:   2% (2/67)        
2022-10-17T04:38:51.1913730Z remote: Counting objects:   4% (3/67)        
2022-10-17T04:38:51.1914461Z remote: Counting objects:   5% (4/67)        
2022-10-17T04:38:51.1914891Z remote: Counting objects:   7% (5/67)        
2022-10-17T04:38:51.1915278Z remote: Counting objects:   8% (6/67)        
2022-10-17T04:38:51.1915781Z remote: Counting objects:  10% (7/67)        
2022-10-17T04:38:51.1916294Z remote: Counting objects:  11% (8/67)        
2022-10-17T04:38:51.1916775Z remote: Counting objects:  13% (9/67)        
2022-10-17T04:38:51.1917140Z remote: Counting objects:  14% (10/67)        
2022-10-17T04:38:51.1917490Z remote: Counting objects:  16% (11/67)        
2022-10-17T04:38:51.1917888Z remote: Counting objects:  17% (12/67)        
2022-10-17T04:38:51.1918258Z remote: Counting objects:  19% (13/67)        
2022-10-17T04:38:51.1918624Z remote: Counting objects:  20% (14/67)        
2022-10-17T04:38:51.1919102Z remote: Counting objects:  22% (15/67)        
2022-10-17T04:38:51.1919438Z remote: Counting objects:  23% (16/67)        
2022-10-17T04:38:51.1919788Z remote: Counting objects:  25% (17/67)        
2022-10-17T04:38:51.1920141Z remote: Counting objects:  26% (18/67)        
2022-10-17T04:38:51.1920486Z remote: Counting objects:  28% (19/67)        
2022-10-17T04:38:51.1921079Z remote: Counting objects:  29% (20/67)        
2022-10-17T04:38:51.1921498Z remote: Counting objects:  31% (21/67)        
2022-10-17T04:38:51.1921840Z remote: Counting objects:  32% (22/67)        
2022-10-17T04:38:51.1922181Z remote: Counting objects:  34% (23/67)        
2022-10-17T04:38:51.1922523Z remote: Counting objects:  35% (24/67)        
2022-10-17T04:38:51.1922854Z remote: Counting objects:  37% (25/67)        
2022-10-17T04:38:51.1923198Z remote: Counting objects:  38% (26/67)        
2022-10-17T04:38:51.1923673Z remote: Counting objects:  40% (27/67)        
2022-10-17T04:38:51.1924037Z remote: Counting objects:  41% (28/67)        
2022-10-17T04:38:51.1925558Z remote: Counting objects:  43% (29/67)        
2022-10-17T04:38:51.1925968Z remote: Counting objects:  44% (30/67)        
2022-10-17T04:38:51.1926449Z remote: Counting objects:  46% (31/67)        
2022-10-17T04:38:51.1926990Z remote: Counting objects:  47% (32/67)        
2022-10-17T04:38:51.1927386Z remote: Counting objects:  49% (33/67)        
2022-10-17T04:38:51.1927761Z remote: Counting objects:  50% (34/67)        
2022-10-17T04:38:51.1928123Z remote: Counting objects:  52% (35/67)        
2022-10-17T04:38:51.1928512Z remote: Counting objects:  53% (36/67)        
2022-10-17T04:38:51.1928883Z remote: Counting objects:  55% (37/67)        
2022-10-17T04:38:51.1929352Z remote: Counting objects:  56% (38/67)        
2022-10-17T04:38:51.1929699Z remote: Counting objects:  58% (39/67)        
2022-10-17T04:38:51.1930029Z remote: Counting objects:  59% (40/67)        
2022-10-17T04:38:51.1930834Z remote: Counting objects:  61% (41/67)        
2022-10-17T04:38:51.1931294Z remote: Counting objects:  62% (42/67)        
2022-10-17T04:38:51.1931680Z remote: Counting objects:  64% (43/67)        
2022-10-17T04:38:51.1932066Z remote: Counting objects:  65% (44/67)        
2022-10-17T04:38:51.1932436Z remote: Counting objects:  67% (45/67)        
2022-10-17T04:38:51.1932815Z remote: Counting objects:  68% (46/67)        
2022-10-17T04:38:51.1933201Z remote: Counting objects:  70% (47/67)        
2022-10-17T04:38:51.1933587Z remote: Counting objects:  71% (48/67)        
2022-10-17T04:38:51.1934065Z remote: Counting objects:  73% (49/67)        
2022-10-17T04:38:51.1934432Z remote: Counting objects:  74% (50/67)        
2022-10-17T04:38:51.1934892Z remote: Counting objects:  76% (51/67)        
2022-10-17T04:38:51.1935396Z remote: Counting objects:  77% (52/67)        
2022-10-17T04:38:51.1935793Z remote: Counting objects:  79% (53/67)        
2022-10-17T04:38:51.1936117Z remote: Counting objects:  80% (54/67)        
2022-10-17T04:38:51.1936462Z remote: Counting objects:  82% (55/67)        
2022-10-17T04:38:51.1936799Z remote: Counting objects:  83% (56/67)        
2022-10-17T04:38:51.1937139Z remote: Counting objects:  85% (57/67)        
2022-10-17T04:38:51.1937475Z remote: Counting objects:  86% (58/67)        
2022-10-17T04:38:51.1937801Z remote: Counting objects:  88% (59/67)        
2022-10-17T04:38:51.1938150Z remote: Counting objects:  89% (60/67)        
2022-10-17T04:38:51.1938490Z remote: Counting objects:  91% (61/67)        
2022-10-17T04:38:51.1938824Z remote: Counting objects:  92% (62/67)        
2022-10-17T04:38:51.1939161Z remote: Counting objects:  94% (63/67)        
2022-10-17T04:38:51.1939481Z remote: Counting objects:  95% (64/67)        
2022-10-17T04:38:51.1939940Z remote: Counting objects:  97% (65/67)        
2022-10-17T04:38:51.1940863Z remote: Counting objects:  98% (66/67)        
2022-10-17T04:38:51.1941133Z remote: Counting objects: 100% (67/67)        
2022-10-17T04:38:51.1941407Z remote: Counting objects: 100% (67/67), done.        
2022-10-17T04:38:51.1941698Z remote: Compressing objects:   2% (1/50)        
2022-10-17T04:38:51.1941964Z remote: Compressing objects:   4% (2/50)        
2022-10-17T04:38:51.1945434Z remote: Compressing objects:   6% (3/50)        
2022-10-17T04:38:51.1976020Z remote: Compressing objects:   8% (4/50)        
2022-10-17T04:38:51.1976601Z remote: Compressing objects:  10% (5/50)        
2022-10-17T04:38:51.1976904Z remote: Compressing objects:  12% (6/50)        
2022-10-17T04:38:51.1977214Z remote: Compressing objects:  14% (7/50)        
2022-10-17T04:38:51.1977526Z remote: Compressing objects:  16% (8/50)        
2022-10-17T04:38:51.1977957Z remote: Compressing objects:  18% (9/50)        
2022-10-17T04:38:51.1978243Z remote: Compressing objects:  20% (10/50)        
2022-10-17T04:38:51.1978553Z remote: Compressing objects:  22% (11/50)        
2022-10-17T04:38:51.1978855Z remote: Compressing objects:  24% (12/50)        
2022-10-17T04:38:51.1979271Z remote: Compressing objects:  26% (13/50)        
2022-10-17T04:38:51.1979543Z remote: Compressing objects:  28% (14/50)        
2022-10-17T04:38:51.1979829Z remote: Compressing objects:  30% (15/50)        
2022-10-17T04:38:51.1980501Z remote: Compressing objects:  32% (16/50)        
2022-10-17T04:38:51.1980824Z remote: Compressing objects:  34% (17/50)        
2022-10-17T04:38:51.1981128Z remote: Compressing objects:  36% (18/50)        
2022-10-17T04:38:51.1981537Z remote: Compressing objects:  38% (19/50)        
2022-10-17T04:38:51.1988389Z remote: Compressing objects:  40% (20/50)        
2022-10-17T04:38:51.2561768Z remote: Compressing objects:  42% (21/50)        
2022-10-17T04:38:51.2562100Z remote: Compressing objects:  44% (22/50)        
2022-10-17T04:38:51.2562383Z remote: Compressing objects:  46% (23/50)        
2022-10-17T04:38:51.2562660Z remote: Compressing objects:  48% (24/50)        
2022-10-17T04:38:51.2562939Z remote: Compressing objects:  50% (25/50)        
2022-10-17T04:38:51.2563216Z remote: Compressing objects:  52% (26/50)        
2022-10-17T04:38:51.2563485Z remote: Compressing objects:  54% (27/50)        
2022-10-17T04:38:51.2563745Z remote: Compressing objects:  56% (28/50)        
2022-10-17T04:38:51.2564013Z remote: Compressing objects:  58% (29/50)        
2022-10-17T04:38:51.2564281Z remote: Compressing objects:  60% (30/50)        
2022-10-17T04:38:51.2564554Z remote: Compressing objects:  62% (31/50)        
2022-10-17T04:38:51.2565086Z remote: Compressing objects:  64% (32/50)        
2022-10-17T04:38:51.2565388Z remote: Compressing objects:  66% (33/50)        
2022-10-17T04:38:51.2565658Z remote: Compressing objects:  68% (34/50)        
2022-10-17T04:38:51.2565927Z remote: Compressing objects:  70% (35/50)        
2022-10-17T04:38:51.2566184Z remote: Compressing objects:  72% (36/50)        
2022-10-17T04:38:51.2566758Z remote: Compressing objects:  74% (37/50)        
2022-10-17T04:38:51.2567197Z remote: Compressing objects:  76% (38/50)        
2022-10-17T04:38:51.2567570Z remote: Compressing objects:  78% (39/50)        
2022-10-17T04:38:51.2567941Z remote: Compressing objects:  80% (40/50)        
2022-10-17T04:38:51.2568308Z remote: Compressing objects:  82% (41/50)        
2022-10-17T04:38:51.2568658Z remote: Compressing objects:  84% (42/50)        
2022-10-17T04:38:51.2569020Z remote: Compressing objects:  86% (43/50)        
2022-10-17T04:38:51.2569391Z remote: Compressing objects:  88% (44/50)        
2022-10-17T04:38:51.2569759Z remote: Compressing objects:  90% (45/50)        
2022-10-17T04:38:51.2570123Z remote: Compressing objects:  92% (46/50)        
2022-10-17T04:38:51.2570470Z remote: Compressing objects:  94% (47/50)        
2022-10-17T04:38:51.2570832Z remote: Compressing objects:  96% (48/50)        
2022-10-17T04:38:51.2571195Z remote: Compressing objects:  98% (49/50)        
2022-10-17T04:38:51.2571566Z remote: Compressing objects: 100% (50/50)        
2022-10-17T04:38:51.2571876Z remote: Compressing objects: 100% (50/50), done.        
2022-10-17T04:38:51.5373001Z remote: Total 67 (delta 13), reused 45 (delta 2), pack-reused 0        
2022-10-17T04:38:51.5600115Z From https://github.com/AlphaSteam/microprint-generator
2022-10-17T04:38:51.5600781Z  * [new ref]         f19ef8943b9916067672a0ccae51a689996ecd57 -> origin/matrix_actions
2022-10-17T04:38:51.5632925Z ##[endgroup]
2022-10-17T04:38:51.5633671Z ##[group]Determining the checkout info
2022-10-17T04:38:51.5637013Z ##[endgroup]
2022-10-17T04:38:51.5637701Z ##[group]Checking out the ref
2022-10-17T04:38:51.5647174Z [command]/usr/bin/git checkout --progress --force -B matrix_actions refs/remotes/origin/matrix_actions
2022-10-17T04:38:51.5805709Z Switched to a new branch 'matrix_actions'
2022-10-17T04:38:51.5808159Z branch 'matrix_actions' set up to track 'origin/matrix_actions'.
2022-10-17T04:38:51.5814898Z ##[endgroup]
2022-10-17T04:38:51.5867526Z [command]/usr/bin/git log -1 --format='%H'
2022-10-17T04:38:51.5921136Z 'f19ef8943b9916067672a0ccae51a689996ecd57'
2022-10-17T04:38:51.6372106Z ##[group]Run ./
2022-10-17T04:38:51.6372339Z with:
2022-10-17T04:38:51.6372552Z   microprint_render_method: raster
2022-10-17T04:38:51.6372791Z   log_path: ./Examples/Mid-job/logs
2022-10-17T04:38:51.6373065Z   microprint_path: ./Examples/Mid-job/microprint
2022-10-17T04:38:51.6373354Z   microprint_config_path: ./Examples/Mid-job/
2022-10-17T04:38:51.6373645Z   repository: AlphaSteam/microprint-generator
2022-10-17T04:38:51.6374104Z   github_token: ***
2022-10-17T04:38:51.6374340Z   job_name: generate_microprint_mid_job_matrix
2022-10-17T04:38:51.6374594Z   ref: refs/heads/matrix_actions
2022-10-17T04:38:51.6374813Z   log_filename: logs
2022-10-17T04:38:51.6375014Z   save_log: true
2022-10-17T04:38:51.6375220Z   microprint_filename: microprint
2022-10-17T04:38:51.6376073Z   microprint_config_filename: config
2022-10-17T04:38:51.6376400Z   generate_microprint_visualizer_link: true
2022-10-17T04:38:51.6376746Z   microprint_visualizer_link_filename: microprint_visualizer
2022-10-17T04:38:51.6377106Z   microprint_visualizer_link_path: ./
2022-10-17T04:38:51.6377412Z   matrix: {
  "os": "ubuntu-latest",
  "version": 1.6
}
2022-10-17T04:38:51.6377690Z ##[endgroup]
2022-10-17T04:38:51.6521917Z ##[group]Building docker image
2022-10-17T04:38:51.6522308Z Dockerfile for action: '/home/runner/work/microprint-generator/microprint-generator/./Dockerfile'.
2022-10-17T04:38:51.6525248Z ##[command]/usr/bin/docker build -t 8d5581:7d818c3497a45ba67a7777cea1100d98 -f "/home/runner/work/microprint-generator/microprint-generator/./Dockerfile" "/home/runner/work/microprint-generator/microprint-generator"
2022-10-17T04:38:51.7526468Z Sending build context to Docker daemon  1.839MB
2022-10-17T04:38:51.7575766Z 
2022-10-17T04:38:51.7616278Z Step 1/6 : FROM python:3
2022-10-17T04:38:53.0128316Z 3: Pulling from library/python
2022-10-17T04:38:53.3256701Z f606d8928ed3: Pulling fs layer
2022-10-17T04:38:53.3257486Z 47db815c6a45: Pulling fs layer
2022-10-17T04:38:53.3258241Z bf4849400000: Pulling fs layer
2022-10-17T04:38:53.3258523Z a572f7a256d3: Pulling fs layer
2022-10-17T04:38:53.3258737Z 8f7d05258955: Pulling fs layer
2022-10-17T04:38:53.3258980Z 7110f04115ae: Pulling fs layer
2022-10-17T04:38:53.3259324Z 967c89122295: Pulling fs layer
2022-10-17T04:38:53.3259557Z 9f28dfdab382: Pulling fs layer
2022-10-17T04:38:53.3259782Z 5e971b2ac572: Pulling fs layer
2022-10-17T04:38:53.3260006Z 8f7d05258955: Waiting
2022-10-17T04:38:53.3260222Z 7110f04115ae: Waiting
2022-10-17T04:38:53.3260423Z 967c89122295: Waiting
2022-10-17T04:38:53.3260612Z 9f28dfdab382: Waiting
2022-10-17T04:38:53.3260820Z 5e971b2ac572: Waiting
2022-10-17T04:38:53.3261026Z a572f7a256d3: Waiting
2022-10-17T04:38:53.7120643Z 47db815c6a45: Verifying Checksum
2022-10-17T04:38:53.7121388Z 47db815c6a45: Download complete
2022-10-17T04:38:53.7352918Z bf4849400000: Verifying Checksum
2022-10-17T04:38:53.7358021Z bf4849400000: Download complete
2022-10-17T04:38:54.1009652Z f606d8928ed3: Verifying Checksum
2022-10-17T04:38:54.1010002Z f606d8928ed3: Download complete
2022-10-17T04:38:54.5431741Z a572f7a256d3: Verifying Checksum
2022-10-17T04:38:54.5432069Z a572f7a256d3: Download complete
2022-10-17T04:38:54.6608216Z 7110f04115ae: Verifying Checksum
2022-10-17T04:38:54.6632469Z 7110f04115ae: Download complete
2022-10-17T04:38:55.0466476Z 9f28dfdab382: Verifying Checksum
2022-10-17T04:38:55.0467986Z 9f28dfdab382: Download complete
2022-10-17T04:38:55.0959369Z 967c89122295: Verifying Checksum
2022-10-17T04:38:55.0960524Z 967c89122295: Download complete
2022-10-17T04:38:55.4005107Z 5e971b2ac572: Verifying Checksum
2022-10-17T04:38:55.4005446Z 5e971b2ac572: Download complete
2022-10-17T04:38:56.6164481Z 8f7d05258955: Verifying Checksum
2022-10-17T04:38:56.6164831Z 8f7d05258955: Download complete
2022-10-17T04:38:57.0002452Z f606d8928ed3: Pull complete
2022-10-17T04:38:59.6715117Z 47db815c6a45: Pull complete
2022-10-17T04:39:00.0132404Z bf4849400000: Pull complete
2022-10-17T04:39:03.6165162Z a572f7a256d3: Pull complete
2022-10-17T04:39:13.5281179Z 8f7d05258955: Pull complete
2022-10-17T04:39:13.9799290Z 7110f04115ae: Pull complete
2022-10-17T04:39:14.8182684Z 967c89122295: Pull complete
2022-10-17T04:39:14.8821688Z 9f28dfdab382: Pull complete
2022-10-17T04:39:15.3187380Z 5e971b2ac572: Pull complete
2022-10-17T04:39:15.3250673Z Digest: sha256:3e15ea73ac5c1f9408d8dc9eeb8297ece8e727f3004129a829519230c7de720c
2022-10-17T04:39:15.3318050Z Status: Downloaded newer image for python:3
2022-10-17T04:39:15.3338104Z  ---> f05c8762fe15
2022-10-17T04:39:15.3338401Z Step 2/6 : COPY requirements.txt /requirements.txt
2022-10-17T04:39:16.4869567Z  ---> 422c6f345bd1
2022-10-17T04:39:16.4870783Z Step 3/6 : RUN pip install -r /requirements.txt
2022-10-17T04:39:16.5202105Z  ---> Running in 137a41e74aff
2022-10-17T04:39:18.6358468Z Collecting pillow
2022-10-17T04:39:18.6703418Z   Downloading Pillow-9.2.0-cp310-cp310-manylinux_2_28_x86_64.whl (3.2 MB)
2022-10-17T04:39:18.7345696Z      ━━━━━━━━━━━━━━━━━━━━━━━━━━━━━━━━━━━━━━━━ 3.2/3.2 MB 52.2 MB/s eta 0:00:00
2022-10-17T04:39:18.8012147Z Collecting requests
2022-10-17T04:39:18.8074124Z   Downloading requests-2.28.1-py3-none-any.whl (62 kB)
2022-10-17T04:39:18.8120023Z      ━━━━━━━━━━━━━━━━━━━━━━━━━━━━━━━━━━━━━━━━ 62.8/62.8 kB 17.6 MB/s eta 0:00:00
2022-10-17T04:39:18.8390466Z Collecting svgwrite
2022-10-17T04:39:18.8524970Z   Downloading svgwrite-1.4.3-py3-none-any.whl (67 kB)
2022-10-17T04:39:18.8590816Z      ━━━━━━━━━━━━━━━━━━━━━━━━━━━━━━━━━━━━━━━━ 67.1/67.1 kB 17.1 MB/s eta 0:00:00
2022-10-17T04:39:18.9024706Z Collecting markdown-it-py[plugins]
2022-10-17T04:39:18.9077070Z   Downloading markdown_it_py-2.1.0-py3-none-any.whl (84 kB)
2022-10-17T04:39:18.9133349Z      ━━━━━━━━━━━━━━━━━━━━━━━━━━━━━━━━━━━━━━━━ 84.5/84.5 kB 24.2 MB/s eta 0:00:00
2022-10-17T04:39:18.9733846Z Collecting certifi>=2017.4.17
2022-10-17T04:39:18.9791121Z   Downloading certifi-2022.9.24-py3-none-any.whl (161 kB)
2022-10-17T04:39:18.9860079Z      ━━━━━━━━━━━━━━━━━━━━━━━━━━━━━━━━━━━━━━ 161.1/161.1 kB 38.1 MB/s eta 0:00:00
2022-10-17T04:39:19.0389327Z Collecting charset-normalizer<3,>=2
2022-10-17T04:39:19.0433748Z   Downloading charset_normalizer-2.1.1-py3-none-any.whl (39 kB)
2022-10-17T04:39:19.0697905Z Collecting idna<4,>=2.5
2022-10-17T04:39:19.0745242Z   Downloading idna-3.4-py3-none-any.whl (61 kB)
2022-10-17T04:39:19.0813354Z      ━━━━━━━━━━━━━━━━━━━━━━━━━━━━━━━━━━━━━━━━ 61.5/61.5 kB 17.3 MB/s eta 0:00:00
2022-10-17T04:39:19.1351061Z Collecting urllib3<1.27,>=1.21.1
2022-10-17T04:39:19.1418451Z   Downloading urllib3-1.26.12-py2.py3-none-any.whl (140 kB)
2022-10-17T04:39:19.1487229Z      ━━━━━━━━━━━━━━━━━━━━━━━━━━━━━━━━━━━━━━ 140.4/140.4 kB 34.5 MB/s eta 0:00:00
2022-10-17T04:39:19.1960776Z Collecting mdurl~=0.1
2022-10-17T04:39:19.2011054Z   Downloading mdurl-0.1.2-py3-none-any.whl (10.0 kB)
2022-10-17T04:39:19.2259760Z Collecting mdit-py-plugins
2022-10-17T04:39:19.2332390Z   Downloading mdit_py_plugins-0.3.1-py3-none-any.whl (46 kB)
2022-10-17T04:39:19.2380784Z      ━━━━━━━━━━━━━━━━━━━━━━━━━━━━━━━━━━━━━━━━ 46.5/46.5 kB 15.7 MB/s eta 0:00:00
2022-10-17T04:39:19.4110658Z Installing collected packages: urllib3, svgwrite, pillow, mdurl, idna, charset-normalizer, certifi, requests, markdown-it-py, mdit-py-plugins
2022-10-17T04:39:20.1594888Z Successfully installed certifi-2022.9.24 charset-normalizer-2.1.1 idna-3.4 markdown-it-py-2.1.0 mdit-py-plugins-0.3.1 mdurl-0.1.2 pillow-9.2.0 requests-2.28.1 svgwrite-1.4.3 urllib3-1.26.12
2022-10-17T04:39:20.1600886Z [91mWARNING: Running pip as the 'root' user can result in broken permissions and conflicting behaviour with the system package manager. It is recommended to use a virtual environment instead: https://pip.pypa.io/warnings/venv
2022-10-17T04:39:20.2555585Z [0m[91m
2022-10-17T04:39:20.2556310Z [notice] A new release of pip available: 22.2.2 -> 22.3
2022-10-17T04:39:20.2557135Z [notice] To update, run: pip install --upgrade pip
2022-10-17T04:39:22.1212237Z [0mRemoving intermediate container 137a41e74aff
2022-10-17T04:39:22.1217715Z  ---> 1509b817f591
2022-10-17T04:39:22.1218019Z Step 4/6 : COPY script.py /script.py
2022-10-17T04:39:23.3303863Z  ---> 99b6dffeb7d9
2022-10-17T04:39:23.3304262Z Step 5/6 : COPY microprint_generator.py /microprint_generator.py
2022-10-17T04:39:24.5308537Z  ---> 17f5eefc55a7
2022-10-17T04:39:24.5308841Z Step 6/6 : CMD ["python", "/script.py"]
2022-10-17T04:39:24.5575413Z  ---> Running in 8a4a52647e82
2022-10-17T04:39:25.7670604Z Removing intermediate container 8a4a52647e82
2022-10-17T04:39:25.7671139Z  ---> fe2f8c3dbb9c
2022-10-17T04:39:25.7803901Z Successfully built fe2f8c3dbb9c
2022-10-17T04:39:25.7860118Z Successfully tagged 8d5581:7d818c3497a45ba67a7777cea1100d98
2022-10-17T04:39:25.7892013Z ##[endgroup]
2022-10-17T04:39:25.8047299Z ##[command]/usr/bin/docker run --name d55817d818c3497a45ba67a7777cea1100d98_4e1f36 --label 8d5581 --workdir /github/workspace --rm -e "INPUT_MICROPRINT_RENDER_METHOD" -e "INPUT_LOG_PATH" -e "INPUT_MICROPRINT_PATH" -e "INPUT_MICROPRINT_CONFIG_PATH" -e "INPUT_REPOSITORY" -e "INPUT_GITHUB_TOKEN" -e "INPUT_JOB_ID" -e "INPUT_JOB_NAME" -e "INPUT_REF" -e "INPUT_LOG_FILENAME" -e "INPUT_SAVE_LOG" -e "INPUT_MICROPRINT_FILENAME" -e "INPUT_MICROPRINT_CONFIG_FILENAME" -e "INPUT_GENERATE_MICROPRINT_VISUALIZER_LINK" -e "INPUT_MICROPRINT_VISUALIZER_LINK_FILENAME" -e "INPUT_MICROPRINT_VISUALIZER_LINK_PATH" -e "INPUT_MATRIX" -e "HOME" -e "GITHUB_JOB" -e "GITHUB_REF" -e "GITHUB_SHA" -e "GITHUB_REPOSITORY" -e "GITHUB_REPOSITORY_OWNER" -e "GITHUB_RUN_ID" -e "GITHUB_RUN_NUMBER" -e "GITHUB_RETENTION_DAYS" -e "GITHUB_RUN_ATTEMPT" -e "GITHUB_ACTOR" -e "GITHUB_TRIGGERING_ACTOR" -e "GITHUB_WORKFLOW" -e "GITHUB_HEAD_REF" -e "GITHUB_BASE_REF" -e "GITHUB_EVENT_NAME" -e "GITHUB_SERVER_URL" -e "GITHUB_API_URL" -e "GITHUB_GRAPHQL_URL" -e "GITHUB_REF_NAME" -e "GITHUB_REF_PROTECTED" -e "GITHUB_REF_TYPE" -e "GITHUB_WORKSPACE" -e "GITHUB_ACTION" -e "GITHUB_EVENT_PATH" -e "GITHUB_ACTION_REPOSITORY" -e "GITHUB_ACTION_REF" -e "GITHUB_PATH" -e "GITHUB_ENV" -e "GITHUB_STEP_SUMMARY" -e "GITHUB_STATE" -e "GITHUB_OUTPUT" -e "RUNNER_OS" -e "RUNNER_ARCH" -e "RUNNER_NAME" -e "RUNNER_TOOL_CACHE" -e "RUNNER_TEMP" -e "RUNNER_WORKSPACE" -e "ACTIONS_RUNTIME_URL" -e "ACTIONS_RUNTIME_TOKEN" -e "ACTIONS_CACHE_URL" -e GITHUB_ACTIONS=true -e CI=true -v "/var/run/docker.sock":"/var/run/docker.sock" -v "/home/runner/work/_temp/_github_home":"/github/home" -v "/home/runner/work/_temp/_github_workflow":"/github/workflow" -v "/home/runner/work/_temp/_runner_file_commands":"/github/file_commands" -v "/home/runner/work/microprint-generator/microprint-generator":"/github/workspace" 8d5581:7d818c3497a45ba67a7777cea1100d98
2022-10-17T04:39:26.3074111Z DEBUG:urllib3.connectionpool:Starting new HTTPS connection (1): api.github.com:443
2022-10-17T04:39:26.7316235Z DEBUG:urllib3.connectionpool:https://api.github.com:443 "GET /repos/AlphaSteam/microprint-generator HTTP/1.1" 200 None
2022-10-17T04:39:26.7343096Z DEBUG:urllib3.connectionpool:Starting new HTTPS connection (1): api.github.com:443
2022-10-17T04:39:27.3557213Z DEBUG:urllib3.connectionpool:https://api.github.com:443 "GET /repos/AlphaSteam/microprint-generator/actions/runs/3262407227/jobs HTTP/1.1" 200 None
2022-10-17T04:39:27.3586263Z DEBUG:urllib3.connectionpool:Starting new HTTPS connection (1): api.github.com:443
2022-10-17T04:39:27.8494734Z DEBUG:urllib3.connectionpool:https://api.github.com:443 "GET /repos/AlphaSteam/microprint-generator/actions/jobs/8924735674/logs HTTP/1.1" 302 0
2022-10-17T04:39:27.8509001Z DEBUG:urllib3.connectionpool:Starting new HTTPS connection (1): pipelines.actions.githubusercontent.com:443
2022-10-17T04:39:27.9555697Z DEBUG:urllib3.connectionpool:https://pipelines.actions.githubusercontent.com:443 "GET /serviceHosts/871f7675-65c0-436d-aa94-5c5a4536b9ce/_apis/pipelines/1/runs/221/signedlogcontent/12?urlExpires=2022-10-17T04%3A40%3A27.7143918Z&urlSigningMethod=HMACV1&urlSignature=2RsqL7O1yQdzjBsQenNzJYACoSVdUM5F2B2Xo9ehVfc%3D HTTP/1.1" 200 None
2022-10-17T04:39:27.9591753Z INFO:root:Generating raster microprint
2022-10-17T04:39:28.0093017Z Without spaces
2022-10-17T04:39:28.0093694Z string before:  ./Examples/Mid-job/logs (ubuntu-latest, 1.6)
2022-10-17T04:39:28.0094357Z string after:  ./Examples/Mid-job/logs(ubuntu-latest,1.6)
2022-10-17T04:39:28.0094652Z Without spaces
2022-10-17T04:39:28.0095068Z string before:  ./Examples/Mid-job/microprint (ubuntu-latest, 1.6)
2022-10-17T04:39:28.0095731Z string after:  ./Examples/Mid-job/microprint(ubuntu-latest,1.6)
2022-10-17T04:39:28.1655282Z ##[group]Run git pull
2022-10-17T04:39:28.1655585Z [36;1mgit pull[0m
2022-10-17T04:39:28.1718064Z shell: /usr/bin/bash -e {0}
2022-10-17T04:39:28.1718323Z ##[endgroup]
2022-10-17T04:39:30.0307021Z From https://github.com/AlphaSteam/microprint-generator
2022-10-17T04:39:30.0307900Z    f19ef89..419a13e  matrix_actions          -> origin/matrix_actions
2022-10-17T04:39:30.0351109Z  * [new branch]      add_custom_rules        -> origin/add_custom_rules
2022-10-17T04:39:30.0351589Z  * [new branch]      add_microprint_analysis -> origin/add_microprint_analysis
2022-10-17T04:39:30.0352064Z  * [new branch]      add_multiple_columns    -> origin/add_multiple_columns
2022-10-17T04:39:30.0352571Z  * [new branch]      create-pull-request/patch -> origin/create-pull-request/patch
2022-10-17T04:39:30.0353033Z  * [new branch]      custom_fonts            -> origin/custom_fonts
2022-10-17T04:39:30.0353432Z  * [new branch]      develop                 -> origin/develop
2022-10-17T04:39:30.0353860Z  * [new branch]      main                    -> origin/main
2022-10-17T04:39:30.0354640Z  * [new branch]      microprint_visualizer_integration -> origin/microprint_visualizer_integration
2022-10-17T04:39:30.0355195Z  * [new branch]      reduce_code_duplication -> origin/reduce_code_duplication
2022-10-17T04:39:30.0355632Z  * [new branch]      release/v1              -> origin/release/v1
2022-10-17T04:39:30.0356025Z  * [new branch]      release/v2              -> origin/release/v2
2022-10-17T04:39:30.0356430Z  * [new branch]      test_workflow           -> origin/test_workflow
2022-10-17T04:39:30.0455932Z  * [new tag]         v1                      -> v1
2022-10-17T04:39:30.0459643Z  * [new tag]         v1.0.0                  -> v1.0.0
2022-10-17T04:39:30.0460008Z  * [new tag]         v2                      -> v2
2022-10-17T04:39:30.0460357Z  * [new tag]         v2.0.0                  -> v2.0.0
2022-10-17T04:39:30.0460690Z  * [new tag]         v3                      -> v3
2022-10-17T04:39:30.0461030Z  * [new tag]         v3.0.0                  -> v3.0.0
2022-10-17T04:39:30.0597347Z Updating f19ef89..419a13e
2022-10-17T04:39:30.0605572Z Fast-forward
2022-10-17T04:39:30.0624669Z  Examples/Mid-job/logs(macos-latest,1.6)/logs.txt        |  10 +++++-----
2022-10-17T04:39:30.0625457Z  Examples/Mid-job/logs(windows-latest,1.6)/logs.txt      |  10 +++++-----
2022-10-17T04:39:30.0626405Z  Examples/Mid-job/logs/logs.txt                          |  10 +++++-----
2022-10-17T04:39:30.0626945Z  .../Mid-job/microprint(macos-latest,1.6)/microprint.png | Bin 249 -> 247 bytes
2022-10-17T04:39:30.0627361Z  4 files changed, 15 insertions(+), 15 deletions(-)
2022-10-17T04:39:30.0766721Z ##[group]Run stefanzweifel/git-auto-commit-action@v4
2022-10-17T04:39:30.0767037Z with:
2022-10-17T04:39:30.0767285Z   commit_message: Updated mid-job microprint
2022-10-17T04:39:30.0767549Z   file_pattern: .
2022-10-17T04:39:30.0767750Z   repository: .
2022-10-17T04:39:30.0767994Z   commit_user_name: github-actions[bot]
2022-10-17T04:39:30.0768328Z   commit_user_email: github-actions[bot]@users.noreply.github.com
2022-10-17T04:39:30.0768711Z   commit_author: AlphaSteam <AlphaSteam@users.noreply.github.com>
2022-10-17T04:39:30.0769172Z   skip_dirty_check: false
2022-10-17T04:39:30.0769403Z   skip_fetch: false
2022-10-17T04:39:30.0769629Z   skip_checkout: false
2022-10-17T04:39:30.0769865Z   disable_globbing: false
2022-10-17T04:39:30.0770084Z   create_branch: false
2022-10-17T04:39:30.0770305Z ##[endgroup]
2022-10-17T04:39:30.1175831Z Started: bash /home/runner/work/_actions/stefanzweifel/git-auto-commit-action/v4/entrypoint.sh
2022-10-17T04:39:30.1228405Z INPUT_REPOSITORY value: .
2022-10-17T04:39:30.1229064Z INPUT_STATUS_OPTIONS: 
2022-10-17T04:39:30.1232070Z INPUT_FILE_PATTERN: .
2022-10-17T04:39:30.1280777Z ##[warning]The `set-output` command is deprecated and will be disabled soon. Please upgrade to using Environment Files. For more information see: https://github.blog/changelog/2022-10-11-github-actions-deprecating-save-state-and-set-output-commands/
2022-10-17T04:39:30.1292415Z INPUT_BRANCH value: 
2022-10-17T04:39:31.1075474Z M	Examples/Mid-job/logs(ubuntu-latest,1.6)/logs.txt
2022-10-17T04:39:31.1076045Z M	Examples/Mid-job/microprint(ubuntu-latest,1.6)/microprint.png
2022-10-17T04:39:31.1076529Z Your branch is up to date with 'origin/matrix_actions'.
2022-10-17T04:39:31.1080253Z INPUT_ADD_OPTIONS: 
2022-10-17T04:39:31.1081571Z INPUT_FILE_PATTERN: .
2022-10-17T04:39:31.1159247Z INPUT_COMMIT_OPTIONS: 
2022-10-17T04:39:31.1160852Z INPUT_COMMIT_USER_NAME: github-actions[bot]
2022-10-17T04:39:31.1162462Z INPUT_COMMIT_USER_EMAIL: github-actions[bot]@users.noreply.github.com
2022-10-17T04:39:31.1163138Z INPUT_COMMIT_MESSAGE: Updated mid-job microprint
2022-10-17T04:39:31.1163716Z INPUT_COMMIT_AUTHOR: AlphaSteam <AlphaSteam@users.noreply.github.com>
2022-10-17T04:39:31.1227145Z [matrix_actions fc02c49] Updated mid-job microprint
2022-10-17T04:39:31.1227774Z  Author: AlphaSteam <AlphaSteam@users.noreply.github.com>
2022-10-17T04:39:31.1228500Z  2 files changed, 5 insertions(+), 5 deletions(-)
2022-10-17T04:39:31.1247292Z ##[warning]The `set-output` command is deprecated and will be disabled soon. Please upgrade to using Environment Files. For more information see: https://github.blog/changelog/2022-10-11-github-actions-deprecating-save-state-and-set-output-commands/
2022-10-17T04:39:31.1248927Z INPUT_TAGGING_MESSAGE: 
2022-10-17T04:39:31.1249563Z No tagging message supplied. No tag will be added.
2022-10-17T04:39:31.1249853Z INPUT_PUSH_OPTIONS: 
2022-10-17T04:39:32.1488315Z To https://github.com/AlphaSteam/microprint-generator
2022-10-17T04:39:32.1489142Z    419a13e..fc02c49  matrix_actions -> matrix_actions
2022-10-17T04:39:32.1612057Z ##[group]Run actions_user_id=`id -u $USER`
2022-10-17T04:39:32.1612462Z [36;1mactions_user_id=`id -u $USER`[0m
2022-10-17T04:39:32.1612728Z [36;1mecho $actions_user_id[0m
2022-10-17T04:39:32.1613145Z [36;1mecho ::set-output name=uid::$actions_user_id[0m
2022-10-17T04:39:32.1664363Z shell: /usr/bin/bash -e {0}
2022-10-17T04:39:32.1664898Z ##[endgroup]
2022-10-17T04:39:32.1753260Z 1001
2022-10-17T04:39:32.1756580Z ##[warning]The `set-output` command is deprecated and will be disabled soon. Please upgrade to using Environment Files. For more information see: https://github.blog/changelog/2022-10-11-github-actions-deprecating-save-state-and-set-output-commands/
2022-10-17T04:39:32.1839977Z ##[group]Run peter-murray/reset-workspace-ownership-action@v1
2022-10-17T04:39:32.1840419Z with:
2022-10-17T04:39:32.1840603Z   user_id: 1001
2022-10-17T04:39:32.1840904Z   workspace_path: /home/runner/work/microprint-generator/microprint-generator
2022-10-17T04:39:32.1841190Z ##[endgroup]
2022-10-17T04:39:32.1869170Z ##[command]/usr/bin/docker run --name d55818d63d0c397824405bf493ac6ce5d6960_d4db31 --label 8d5581 --workdir /github/workspace --rm -e "INPUT_USER_ID" -e "INPUT_WORKSPACE_PATH" -e "HOME" -e "GITHUB_JOB" -e "GITHUB_REF" -e "GITHUB_SHA" -e "GITHUB_REPOSITORY" -e "GITHUB_REPOSITORY_OWNER" -e "GITHUB_RUN_ID" -e "GITHUB_RUN_NUMBER" -e "GITHUB_RETENTION_DAYS" -e "GITHUB_RUN_ATTEMPT" -e "GITHUB_ACTOR" -e "GITHUB_TRIGGERING_ACTOR" -e "GITHUB_WORKFLOW" -e "GITHUB_HEAD_REF" -e "GITHUB_BASE_REF" -e "GITHUB_EVENT_NAME" -e "GITHUB_SERVER_URL" -e "GITHUB_API_URL" -e "GITHUB_GRAPHQL_URL" -e "GITHUB_REF_NAME" -e "GITHUB_REF_PROTECTED" -e "GITHUB_REF_TYPE" -e "GITHUB_WORKSPACE" -e "GITHUB_ACTION" -e "GITHUB_EVENT_PATH" -e "GITHUB_ACTION_REPOSITORY" -e "GITHUB_ACTION_REF" -e "GITHUB_PATH" -e "GITHUB_ENV" -e "GITHUB_STEP_SUMMARY" -e "GITHUB_STATE" -e "GITHUB_OUTPUT" -e "RUNNER_OS" -e "RUNNER_ARCH" -e "RUNNER_NAME" -e "RUNNER_TOOL_CACHE" -e "RUNNER_TEMP" -e "RUNNER_WORKSPACE" -e "ACTIONS_RUNTIME_URL" -e "ACTIONS_RUNTIME_TOKEN" -e "ACTIONS_CACHE_URL" -e GITHUB_ACTIONS=true -e CI=true -v "/var/run/docker.sock":"/var/run/docker.sock" -v "/home/runner/work/_temp/_github_home":"/github/home" -v "/home/runner/work/_temp/_github_workflow":"/github/workflow" -v "/home/runner/work/_temp/_runner_file_commands":"/github/file_commands" -v "/home/runner/work/microprint-generator/microprint-generator":"/github/workspace" 8d5581:8d63d0c397824405bf493ac6ce5d6960  "1001" "/home/runner/work/microprint-generator/microprint-generator"
2022-10-17T04:39:32.5341305Z Updating ownership permissions on workspace directory /home/runner/work/microprint-generator/microprint-generator
2022-10-17T04:39:32.5341748Z   user: 1001
2022-10-17T04:39:32.5356483Z total 120
2022-10-17T04:39:32.5368432Z drwxr-xr-x    8 1001     121           4096 Oct 17 04:39 .
2022-10-17T04:39:32.5369758Z drwxr-xr-x    6 root     root          4096 Oct 17 04:39 ..
2022-10-17T04:39:32.5427441Z drwxr-xr-x    8 1001     121           4096 Oct 17 04:39 .git
2022-10-17T04:39:32.5427886Z drwxr-xr-x    3 1001     121           4096 Oct 17 04:38 .github
2022-10-17T04:39:32.5428330Z -rw-r--r--    1 1001     121           1799 Oct 17 04:38 .gitignore
2022-10-17T04:39:32.5428830Z drwxr-xr-x    3 1001     121           4096 Oct 17 04:38 .idea
2022-10-17T04:39:32.5429666Z -rw-r--r--    1 1001     121            206 Oct 17 04:38 Dockerfile
2022-10-17T04:39:32.5430060Z drwxr-xr-x    7 1001     121           4096 Oct 17 04:38 Examples
2022-10-17T04:39:32.5430462Z -rw-r--r--    1 1001     121          35149 Oct 17 04:38 LICENSE
2022-10-17T04:39:32.5430852Z -rw-r--r--    1 1001     121          10298 Oct 17 04:38 README.md
2022-10-17T04:39:32.5431258Z drwxr-xr-x    2 root     root          4096 Oct 17 04:39 __pycache__
2022-10-17T04:39:32.5431755Z -rw-r--r--    1 1001     121           3154 Oct 17 04:38 action.yml
2022-10-17T04:39:32.5432264Z -rw-r--r--    1 1001     121           1059 Oct 17 04:38 config.json
2022-10-17T04:39:32.5432653Z drwxr-xr-x    2 1001     121           4096 Oct 17 04:38 fonts
2022-10-17T04:39:32.5433089Z -rw-r--r--    1 1001     121           8748 Oct 17 04:38 microprint_generator.py
2022-10-17T04:39:32.5433515Z -rw-r--r--    1 1001     121             49 Oct 17 04:38 requirements.txt
2022-10-17T04:39:32.5434702Z -rw-r--r--    1 1001     121           5808 Oct 17 04:38 script.py
2022-10-17T04:39:32.5434890Z 
2022-10-17T04:39:32.5435082Z Looking for files/directories in current working directory not owned by "1001"
2022-10-17T04:39:32.5435307Z 
2022-10-17T04:39:32.5435429Z Updating ownership: ./__pycache__
2022-10-17T04:39:32.5437320Z   drwxr-xr-x    2 root     root          4096 Oct 17 04:39 ./__pycache__
2022-10-17T04:39:32.5439481Z changed ownership of './__pycache__' to 1001:0
2022-10-17T04:39:32.5439819Z Modified ownership: ./__pycache__
2022-10-17T04:39:32.5440248Z   drwxr-xr-x    2 1001     root          4096 Oct 17 04:39 ./__pycache__
2022-10-17T04:39:32.5440423Z 
2022-10-17T04:39:32.5440692Z Updating ownership: ./__pycache__/microprint_generator.cpython-310.pyc
2022-10-17T04:39:32.5441213Z   -rw-r--r--    1 root     root          6515 Oct 17 04:39 ./__pycache__/microprint_generator.cpython-310.pyc
2022-10-17T04:39:32.5441731Z changed ownership of './__pycache__/microprint_generator.cpython-310.pyc' to 1001:0
2022-10-17T04:39:32.5442212Z Modified ownership: ./__pycache__/microprint_generator.cpython-310.pyc
2022-10-17T04:39:32.5442729Z   -rw-r--r--    1 1001     root          6515 Oct 17 04:39 ./__pycache__/microprint_generator.cpython-310.pyc
2022-10-17T04:39:32.5443116Z 
2022-10-17T04:39:32.6887330Z Post job cleanup.
2022-10-17T04:39:32.8246618Z [command]/usr/bin/git version
2022-10-17T04:39:32.8302193Z git version 2.37.3
2022-10-17T04:39:32.8371749Z Temporarily overriding HOME='/home/runner/work/_temp/de23f016-00fb-4897-9b99-cca79847268f' before making global git config changes
2022-10-17T04:39:32.8373145Z Adding repository directory to the temporary git global config as a safe directory
2022-10-17T04:39:32.8379346Z [command]/usr/bin/git config --global --add safe.directory /home/runner/work/microprint-generator/microprint-generator
2022-10-17T04:39:32.8421053Z [command]/usr/bin/git config --local --name-only --get-regexp core\.sshCommand
2022-10-17T04:39:32.8457907Z [command]/usr/bin/git submodule foreach --recursive git config --local --name-only --get-regexp 'core\.sshCommand' && git config --local --unset-all 'core.sshCommand' || :
2022-10-17T04:39:32.8701963Z [command]/usr/bin/git config --local --name-only --get-regexp http\.https\:\/\/github\.com\/\.extraheader
2022-10-17T04:39:32.8727632Z http.https://github.com/.extraheader
2022-10-17T04:39:32.8742826Z [command]/usr/bin/git config --local --unset-all http.https://github.com/.extraheader
2022-10-17T04:39:32.8778558Z [command]/usr/bin/git submodule foreach --recursive git config --local --name-only --get-regexp 'http\.https\:\/\/github\.com\/\.extraheader' && git config --local --unset-all 'http.https://github.com/.extraheader' || :
2022-10-17T04:39:32.9283885Z Cleaning up orphan processes
