2022-08-29T19:12:12.5519251Z Requested labels: ubuntu-latest
2022-08-29T19:12:12.5519300Z Job defined at: AlphaSteam/microprint/.github/workflows/test.yaml@refs/heads/main
2022-08-29T19:12:12.5519316Z Waiting for a runner to pick up this job...
2022-08-29T19:12:13.0981849Z Job is waiting for a hosted runner to come online.
2022-08-29T19:12:16.1772951Z Job is about to start running on the hosted runner: Hosted Agent (hosted)
2022-08-29T19:12:18.3604438Z Current runner version: '2.296.0'
2022-08-29T19:12:18.3631204Z ##[group]Operating System
2022-08-29T19:12:18.3631866Z Ubuntu
2022-08-29T19:12:18.3632191Z 20.04.4
2022-08-29T19:12:18.3632433Z LTS
2022-08-29T19:12:18.3632731Z ##[endgroup]
2022-08-29T19:12:18.3633056Z ##[group]Runner Image
2022-08-29T19:12:18.3633412Z Image: ubuntu-20.04
2022-08-29T19:12:18.3633740Z Version: 20220821.1
2022-08-29T19:12:18.3634261Z Included Software: https://github.com/actions/runner-images/blob/ubuntu20/20220821.1/images/linux/Ubuntu2004-Readme.md
2022-08-29T19:12:18.3634869Z Image Release: https://github.com/actions/runner-images/releases/tag/ubuntu20%2F20220821.1
2022-08-29T19:12:18.3635326Z ##[endgroup]
2022-08-29T19:12:18.3635704Z ##[group]Runner Image Provisioner
2022-08-29T19:12:18.3636065Z 1.0.0.0-main-20220812-3
2022-08-29T19:12:18.3636342Z ##[endgroup]
2022-08-29T19:12:18.3637338Z ##[group]GITHUB_TOKEN Permissions
2022-08-29T19:12:18.3637972Z Actions: write
2022-08-29T19:12:18.3638442Z Checks: write
2022-08-29T19:12:18.3638788Z Contents: write
2022-08-29T19:12:18.3639157Z Deployments: write
2022-08-29T19:12:18.3639471Z Discussions: write
2022-08-29T19:12:18.3639797Z Issues: write
2022-08-29T19:12:18.3640116Z Metadata: read
2022-08-29T19:12:18.3640404Z Packages: write
2022-08-29T19:12:18.3640757Z Pages: write
2022-08-29T19:12:18.3641088Z PullRequests: write
2022-08-29T19:12:18.3641405Z RepositoryProjects: write
2022-08-29T19:12:18.3641782Z SecurityEvents: write
2022-08-29T19:12:18.3642120Z Statuses: write
2022-08-29T19:12:18.3642418Z ##[endgroup]
2022-08-29T19:12:18.3646243Z Secret source: Actions
2022-08-29T19:12:18.3646776Z Prepare workflow directory
2022-08-29T19:12:18.4479885Z Prepare all required actions
2022-08-29T19:12:18.4662781Z Getting action download info
2022-08-29T19:12:18.7123344Z Download action repository 'actions/checkout@v2' (SHA:7884fcad6b5d53d10323aee724dc68d8b9096a2e)
2022-08-29T19:12:19.3180939Z Download action repository 'stefanzweifel/git-auto-commit-action@v4' (SHA:49620cd3ed21ee620a48530e81dba0d139c9cb80)
2022-08-29T19:12:19.8808411Z ##[group]Run actions/checkout@v2
2022-08-29T19:12:19.8808788Z with:
2022-08-29T19:12:19.8809086Z   repository: AlphaSteam/microprint
2022-08-29T19:12:19.8809667Z   token: ***
2022-08-29T19:12:19.8809917Z   ssh-strict: true
2022-08-29T19:12:19.8810226Z   persist-credentials: true
2022-08-29T19:12:19.8810520Z   clean: true
2022-08-29T19:12:19.8810767Z   fetch-depth: 1
2022-08-29T19:12:19.8811022Z   lfs: false
2022-08-29T19:12:19.8811291Z   submodules: false
2022-08-29T19:12:19.8811580Z   set-safe-directory: true
2022-08-29T19:12:19.8811869Z ##[endgroup]
2022-08-29T19:12:20.1487486Z Syncing repository: AlphaSteam/microprint
2022-08-29T19:12:20.1489743Z ##[group]Getting Git version info
2022-08-29T19:12:20.1490438Z Working directory is '/home/runner/work/microprint/microprint'
2022-08-29T19:12:20.1491063Z [command]/usr/bin/git version
2022-08-29T19:12:20.1578179Z git version 2.37.2
2022-08-29T19:12:20.1605683Z ##[endgroup]
2022-08-29T19:12:20.1624342Z Temporarily overriding HOME='/home/runner/work/_temp/43653f86-6eb0-48af-9aad-fad4c1e148d9' before making global git config changes
2022-08-29T19:12:20.1625265Z Adding repository directory to the temporary git global config as a safe directory
2022-08-29T19:12:20.1630124Z [command]/usr/bin/git config --global --add safe.directory /home/runner/work/microprint/microprint
2022-08-29T19:12:20.1675870Z Deleting the contents of '/home/runner/work/microprint/microprint'
2022-08-29T19:12:20.1680192Z ##[group]Initializing the repository
2022-08-29T19:12:20.1684044Z [command]/usr/bin/git init /home/runner/work/microprint/microprint
2022-08-29T19:12:20.1746482Z hint: Using 'master' as the name for the initial branch. This default branch name
2022-08-29T19:12:20.1748485Z hint: is subject to change. To configure the initial branch name to use in all
2022-08-29T19:12:20.1749123Z hint: of your new repositories, which will suppress this warning, call:
2022-08-29T19:12:20.1749536Z hint: 
2022-08-29T19:12:20.1750485Z hint: 	git config --global init.defaultBranch <name>
2022-08-29T19:12:20.1751167Z hint: 
2022-08-29T19:12:20.1752120Z hint: Names commonly chosen instead of 'master' are 'main', 'trunk' and
2022-08-29T19:12:20.1752759Z hint: 'development'. The just-created branch can be renamed via this command:
2022-08-29T19:12:20.1753385Z hint: 
2022-08-29T19:12:20.1753984Z hint: 	git branch -m <name>
2022-08-29T19:12:20.1762371Z Initialized empty Git repository in /home/runner/work/microprint/microprint/.git/
2022-08-29T19:12:20.1810265Z [command]/usr/bin/git remote add origin https://github.com/AlphaSteam/microprint
2022-08-29T19:12:20.1855991Z ##[endgroup]
2022-08-29T19:12:20.1856868Z ##[group]Disabling automatic garbage collection
2022-08-29T19:12:20.1860526Z [command]/usr/bin/git config --local gc.auto 0
2022-08-29T19:12:20.1891672Z ##[endgroup]
2022-08-29T19:12:20.1892697Z ##[group]Setting up auth
2022-08-29T19:12:20.1899829Z [command]/usr/bin/git config --local --name-only --get-regexp core\.sshCommand
2022-08-29T19:12:20.1933677Z [command]/usr/bin/git submodule foreach --recursive git config --local --name-only --get-regexp 'core\.sshCommand' && git config --local --unset-all 'core.sshCommand' || :
2022-08-29T19:12:20.2278415Z [command]/usr/bin/git config --local --name-only --get-regexp http\.https\:\/\/github\.com\/\.extraheader
2022-08-29T19:12:20.2303464Z [command]/usr/bin/git submodule foreach --recursive git config --local --name-only --get-regexp 'http\.https\:\/\/github\.com\/\.extraheader' && git config --local --unset-all 'http.https://github.com/.extraheader' || :
2022-08-29T19:12:20.2532545Z [command]/usr/bin/git config --local http.https://github.com/.extraheader AUTHORIZATION: basic ***
2022-08-29T19:12:20.2564804Z ##[endgroup]
2022-08-29T19:12:20.2565478Z ##[group]Fetching the repository
2022-08-29T19:12:20.2576233Z [command]/usr/bin/git -c protocol.version=2 fetch --no-tags --prune --progress --no-recurse-submodules --depth=1 origin +485b50cef8076f639dca14e37bcd633b9132b5f6:refs/remotes/origin/main
2022-08-29T19:12:20.5491529Z remote: Enumerating objects: 31, done.        
2022-08-29T19:12:20.5552536Z remote: Counting objects:   3% (1/31)        
2022-08-29T19:12:20.5556934Z remote: Counting objects:   6% (2/31)        
2022-08-29T19:12:20.5557343Z remote: Counting objects:   9% (3/31)        
2022-08-29T19:12:20.5558071Z remote: Counting objects:  12% (4/31)        
2022-08-29T19:12:20.5558676Z remote: Counting objects:  16% (5/31)        
2022-08-29T19:12:20.5559249Z remote: Counting objects:  19% (6/31)        
2022-08-29T19:12:20.5559812Z remote: Counting objects:  22% (7/31)        
2022-08-29T19:12:20.5560376Z remote: Counting objects:  25% (8/31)        
2022-08-29T19:12:20.5561418Z remote: Counting objects:  29% (9/31)        
2022-08-29T19:12:20.5561900Z remote: Counting objects:  32% (10/31)        
2022-08-29T19:12:20.5562496Z remote: Counting objects:  35% (11/31)        
2022-08-29T19:12:20.5563088Z remote: Counting objects:  38% (12/31)        
2022-08-29T19:12:20.5563643Z remote: Counting objects:  41% (13/31)        
2022-08-29T19:12:20.5564227Z remote: Counting objects:  45% (14/31)        
2022-08-29T19:12:20.5565064Z remote: Counting objects:  48% (15/31)        
2022-08-29T19:12:20.5565549Z remote: Counting objects:  51% (16/31)        
2022-08-29T19:12:20.5566128Z remote: Counting objects:  54% (17/31)        
2022-08-29T19:12:20.5569060Z remote: Counting objects:  58% (18/31)        
2022-08-29T19:12:20.5569649Z remote: Counting objects:  61% (19/31)        
2022-08-29T19:12:20.5570285Z remote: Counting objects:  64% (20/31)        
2022-08-29T19:12:20.5570871Z remote: Counting objects:  67% (21/31)        
2022-08-29T19:12:20.5571432Z remote: Counting objects:  70% (22/31)        
2022-08-29T19:12:20.5571981Z remote: Counting objects:  74% (23/31)        
2022-08-29T19:12:20.5572533Z remote: Counting objects:  77% (24/31)        
2022-08-29T19:12:20.5573088Z remote: Counting objects:  80% (25/31)        
2022-08-29T19:12:20.5574016Z remote: Counting objects:  83% (26/31)        
2022-08-29T19:12:20.5574583Z remote: Counting objects:  87% (27/31)        
2022-08-29T19:12:20.5575210Z remote: Counting objects:  90% (28/31)        
2022-08-29T19:12:20.5575601Z remote: Counting objects:  93% (29/31)        
2022-08-29T19:12:20.5575951Z remote: Counting objects:  96% (30/31)        
2022-08-29T19:12:20.5576286Z remote: Counting objects: 100% (31/31)        
2022-08-29T19:12:20.5576664Z remote: Counting objects: 100% (31/31), done.        
2022-08-29T19:12:20.5577231Z remote: Compressing objects:   4% (1/23)        
2022-08-29T19:12:20.5577623Z remote: Compressing objects:   8% (2/23)        
2022-08-29T19:12:20.5577972Z remote: Compressing objects:  13% (3/23)        
2022-08-29T19:12:20.5578334Z remote: Compressing objects:  17% (4/23)        
2022-08-29T19:12:20.5578695Z remote: Compressing objects:  21% (5/23)        
2022-08-29T19:12:20.5579053Z remote: Compressing objects:  26% (6/23)        
2022-08-29T19:12:20.5579396Z remote: Compressing objects:  30% (7/23)        
2022-08-29T19:12:20.5579767Z remote: Compressing objects:  34% (8/23)        
2022-08-29T19:12:20.5580135Z remote: Compressing objects:  39% (9/23)        
2022-08-29T19:12:20.5580503Z remote: Compressing objects:  43% (10/23)        
2022-08-29T19:12:20.5580860Z remote: Compressing objects:  47% (11/23)        
2022-08-29T19:12:20.5581228Z remote: Compressing objects:  52% (12/23)        
2022-08-29T19:12:20.5581591Z remote: Compressing objects:  56% (13/23)        
2022-08-29T19:12:20.5581939Z remote: Compressing objects:  60% (14/23)        
2022-08-29T19:12:20.5582302Z remote: Compressing objects:  65% (15/23)        
2022-08-29T19:12:20.5582669Z remote: Compressing objects:  69% (16/23)        
2022-08-29T19:12:20.5583034Z remote: Compressing objects:  73% (17/23)        
2022-08-29T19:12:20.5583381Z remote: Compressing objects:  78% (18/23)        
2022-08-29T19:12:20.5583749Z remote: Compressing objects:  82% (19/23)        
2022-08-29T19:12:20.5602510Z remote: Compressing objects:  86% (20/23)        
2022-08-29T19:12:20.5603160Z remote: Compressing objects:  91% (21/23)        
2022-08-29T19:12:20.5603556Z remote: Compressing objects:  95% (22/23)        
2022-08-29T19:12:20.5604170Z remote: Compressing objects: 100% (23/23)        
2022-08-29T19:12:20.5604760Z remote: Compressing objects: 100% (23/23), done.        
2022-08-29T19:12:20.7018533Z remote: Total 31 (delta 2), reused 21 (delta 0), pack-reused 0        
2022-08-29T19:12:20.7569695Z From https://github.com/AlphaSteam/microprint
2022-08-29T19:12:20.7570492Z  * [new ref]         485b50cef8076f639dca14e37bcd633b9132b5f6 -> origin/main
2022-08-29T19:12:20.7597544Z ##[endgroup]
2022-08-29T19:12:20.7597985Z ##[group]Determining the checkout info
2022-08-29T19:12:20.7598383Z ##[endgroup]
2022-08-29T19:12:20.7598773Z ##[group]Checking out the ref
2022-08-29T19:12:20.7600906Z [command]/usr/bin/git checkout --progress --force -B main refs/remotes/origin/main
2022-08-29T19:12:20.7820999Z Switched to a new branch 'main'
2022-08-29T19:12:20.7822347Z branch 'main' set up to track 'origin/main'.
2022-08-29T19:12:20.7825067Z ##[endgroup]
2022-08-29T19:12:20.7872438Z [command]/usr/bin/git log -1 --format='%H'
2022-08-29T19:12:20.7900815Z '485b50cef8076f639dca14e37bcd633b9132b5f6'
2022-08-29T19:12:20.8259005Z ##[group]Run ./
2022-08-29T19:12:20.8259244Z with:
2022-08-29T19:12:20.8259466Z   microprint_render_method: raster
2022-08-29T19:12:20.8259717Z   repository: AlphaSteam/microprint
2022-08-29T19:12:20.8260168Z   github_token: ***
2022-08-29T19:12:20.8260410Z   job_name: generate_microprint_mid_job
2022-08-29T19:12:20.8260651Z   log_filename: logs
2022-08-29T19:12:20.8260845Z   log_path: ./
2022-08-29T19:12:20.8261048Z   save_log: true
2022-08-29T19:12:20.8261274Z   microprint_filename: microprint
2022-08-29T19:12:20.8261497Z   microprint_path: ./
2022-08-29T19:12:20.8261709Z ##[endgroup]
2022-08-29T19:12:20.8441020Z ##[group]Building docker image
2022-08-29T19:12:20.8441367Z Dockerfile for action: '/home/runner/work/microprint/microprint/./Dockerfile'.
2022-08-29T19:12:20.8456993Z ##[command]/usr/bin/docker build -t 229416:ad9cd4fcbd7f5811b11201f18ccb01ec -f "/home/runner/work/microprint/microprint/./Dockerfile" "/home/runner/work/microprint/microprint"
2022-08-29T19:12:21.0715888Z Sending build context to Docker daemon  3.384MB
2022-08-29T19:12:21.0716146Z 
2022-08-29T19:12:21.0747293Z Step 1/7 : FROM python:3
2022-08-29T19:12:21.8869301Z 3: Pulling from library/python
2022-08-29T19:12:22.0716946Z 1671565cc8df: Pulling fs layer
2022-08-29T19:12:22.0717259Z 3e94d13e55e7: Pulling fs layer
2022-08-29T19:12:22.0717596Z fa9c7528c685: Pulling fs layer
2022-08-29T19:12:22.0717857Z 53ad072f9cd1: Pulling fs layer
2022-08-29T19:12:22.0718114Z d6b983117533: Pulling fs layer
2022-08-29T19:12:22.0718342Z 53ad072f9cd1: Waiting
2022-08-29T19:12:22.0718571Z d6b983117533: Waiting
2022-08-29T19:12:22.0718806Z d8092d56ded5: Pulling fs layer
2022-08-29T19:12:22.0719047Z c71afc637d59: Pulling fs layer
2022-08-29T19:12:22.0719298Z 864a10b3c704: Pulling fs layer
2022-08-29T19:12:22.0719547Z 4334b2fe8293: Pulling fs layer
2022-08-29T19:12:22.0719814Z d8092d56ded5: Waiting
2022-08-29T19:12:22.0720042Z c71afc637d59: Waiting
2022-08-29T19:12:22.0720259Z 864a10b3c704: Waiting
2022-08-29T19:12:22.0720468Z 4334b2fe8293: Waiting
2022-08-29T19:12:22.4415217Z 3e94d13e55e7: Verifying Checksum
2022-08-29T19:12:22.4415530Z 3e94d13e55e7: Download complete
2022-08-29T19:12:22.5550585Z fa9c7528c685: Verifying Checksum
2022-08-29T19:12:22.5550894Z fa9c7528c685: Download complete
2022-08-29T19:12:23.4017589Z 53ad072f9cd1: Verifying Checksum
2022-08-29T19:12:23.4018039Z 53ad072f9cd1: Download complete
2022-08-29T19:12:23.6034236Z 1671565cc8df: Verifying Checksum
2022-08-29T19:12:23.6035908Z 1671565cc8df: Download complete
2022-08-29T19:12:23.8690971Z d8092d56ded5: Verifying Checksum
2022-08-29T19:12:23.8691230Z d8092d56ded5: Download complete
2022-08-29T19:12:24.1457508Z 864a10b3c704: Verifying Checksum
2022-08-29T19:12:24.1457869Z 864a10b3c704: Download complete
2022-08-29T19:12:24.1748645Z c71afc637d59: Verifying Checksum
2022-08-29T19:12:24.1748943Z c71afc637d59: Download complete
2022-08-29T19:12:24.4865556Z 4334b2fe8293: Verifying Checksum
2022-08-29T19:12:24.4865848Z 4334b2fe8293: Download complete
2022-08-29T19:12:25.4088265Z 1671565cc8df: Pull complete
2022-08-29T19:12:27.6606857Z 3e94d13e55e7: Pull complete
2022-08-29T19:12:28.0521859Z fa9c7528c685: Pull complete
2022-08-29T19:12:31.3375295Z 53ad072f9cd1: Pull complete
2022-08-29T19:12:33.3210119Z d6b983117533: Verifying Checksum
2022-08-29T19:12:33.3210413Z d6b983117533: Download complete
2022-08-29T19:12:42.0650801Z d6b983117533: Pull complete
2022-08-29T19:12:42.4446161Z d8092d56ded5: Pull complete
2022-08-29T19:12:43.2859506Z c71afc637d59: Pull complete
2022-08-29T19:12:43.3438472Z 864a10b3c704: Pull complete
2022-08-29T19:12:43.7588415Z 4334b2fe8293: Pull complete
2022-08-29T19:12:43.7632475Z Digest: sha256:745efdfb7e4aac9a8422bd8c62d8bc35a693e8979a240d29677cb03e6aa91052
2022-08-29T19:12:43.7647033Z Status: Downloaded newer image for python:3
2022-08-29T19:12:43.7662262Z  ---> d25a66380b10
2022-08-29T19:12:43.7662574Z Step 2/7 : COPY requirements.txt /requirements.txt
2022-08-29T19:12:44.7638471Z  ---> 3389cc1cc396
2022-08-29T19:12:44.7639165Z Step 3/7 : RUN pip install -r /requirements.txt
2022-08-29T19:12:44.7897948Z  ---> Running in dc26b399273a
2022-08-29T19:12:46.7933443Z Collecting pillow
2022-08-29T19:12:46.8890757Z   Downloading Pillow-9.2.0-cp310-cp310-manylinux_2_28_x86_64.whl (3.2 MB)
2022-08-29T19:12:47.0067828Z      ━━━━━━━━━━━━━━━━━━━━━━━━━━━━━━━━━━━━━━━━ 3.2/3.2 MB 27.6 MB/s eta 0:00:00
2022-08-29T19:12:47.0756080Z Collecting requests
2022-08-29T19:12:47.0927100Z   Downloading requests-2.28.1-py3-none-any.whl (62 kB)
2022-08-29T19:12:47.0975743Z      ━━━━━━━━━━━━━━━━━━━━━━━━━━━━━━━━━━━━━━━━ 62.8/62.8 kB 20.4 MB/s eta 0:00:00
2022-08-29T19:12:47.1298611Z Collecting svgwrite
2022-08-29T19:12:47.1468885Z   Downloading svgwrite-1.4.3-py3-none-any.whl (67 kB)
2022-08-29T19:12:47.1522370Z      ━━━━━━━━━━━━━━━━━━━━━━━━━━━━━━━━━━━━━━━━ 67.1/67.1 kB 21.7 MB/s eta 0:00:00
2022-08-29T19:12:47.2028402Z Collecting idna<4,>=2.5
2022-08-29T19:12:47.2186624Z   Downloading idna-3.3-py3-none-any.whl (61 kB)
2022-08-29T19:12:47.2235082Z      ━━━━━━━━━━━━━━━━━━━━━━━━━━━━━━━━━━━━━━━━ 61.2/61.2 kB 21.0 MB/s eta 0:00:00
2022-08-29T19:12:47.2780120Z Collecting charset-normalizer<3,>=2
2022-08-29T19:12:47.2939540Z   Downloading charset_normalizer-2.1.1-py3-none-any.whl (39 kB)
2022-08-29T19:12:47.3339238Z Collecting certifi>=2017.4.17
2022-08-29T19:12:47.3508577Z   Downloading certifi-2022.6.15-py3-none-any.whl (160 kB)
2022-08-29T19:12:47.3567575Z      ━━━━━━━━━━━━━━━━━━━━━━━━━━━━━━━━━━━━━━ 160.2/160.2 kB 46.5 MB/s eta 0:00:00
2022-08-29T19:12:47.4129716Z Collecting urllib3<1.27,>=1.21.1
2022-08-29T19:12:47.4288976Z   Downloading urllib3-1.26.12-py2.py3-none-any.whl (140 kB)
2022-08-29T19:12:47.4346935Z      ━━━━━━━━━━━━━━━━━━━━━━━━━━━━━━━━━━━━━━ 140.4/140.4 kB 40.0 MB/s eta 0:00:00
2022-08-29T19:12:47.5337399Z Installing collected packages: urllib3, svgwrite, pillow, idna, charset-normalizer, certifi, requests
2022-08-29T19:12:48.0693185Z Successfully installed certifi-2022.6.15 charset-normalizer-2.1.1 idna-3.3 pillow-9.2.0 requests-2.28.1 svgwrite-1.4.3 urllib3-1.26.12
2022-08-29T19:12:48.0698800Z [91mWARNING: Running pip as the 'root' user can result in broken permissions and conflicting behaviour with the system package manager. It is recommended to use a virtual environment instead: https://pip.pypa.io/warnings/venv
2022-08-29T19:12:48.1805414Z [0m[91m
2022-08-29T19:12:48.1805798Z [notice] A new release of pip available: 22.2.1 -> 22.2.2
2022-08-29T19:12:48.1806136Z [notice] To update, run: pip install --upgrade pip
2022-08-29T19:12:49.8636529Z [0mRemoving intermediate container dc26b399273a
2022-08-29T19:12:49.8637124Z  ---> 7f58b1cb486f
2022-08-29T19:12:49.8637751Z Step 4/7 : COPY script.py /script.py
2022-08-29T19:12:50.8898451Z  ---> a61f356179f3
2022-08-29T19:12:50.8898866Z Step 5/7 : COPY microprint_generator.py /microprint_generator.py
2022-08-29T19:12:51.9084824Z  ---> 5746ac41a6d9
2022-08-29T19:12:51.9085131Z Step 6/7 : ADD /fonts/ /fonts/
2022-08-29T19:12:52.9279876Z  ---> ff36905213f8
2022-08-29T19:12:52.9280186Z Step 7/7 : CMD ["python", "/script.py"]
2022-08-29T19:12:52.9513599Z  ---> Running in 54c3c22b3674
2022-08-29T19:12:53.9440051Z Removing intermediate container 54c3c22b3674
2022-08-29T19:12:53.9440676Z  ---> 3d32021c30da
2022-08-29T19:12:53.9499631Z Successfully built 3d32021c30da
2022-08-29T19:12:53.9580812Z Successfully tagged 229416:ad9cd4fcbd7f5811b11201f18ccb01ec
2022-08-29T19:12:53.9610024Z ##[endgroup]
2022-08-29T19:12:53.9694697Z ##[command]/usr/bin/docker run --name ad9cd4fcbd7f5811b11201f18ccb01ec_19a94a --label 229416 --workdir /github/workspace --rm -e "INPUT_MICROPRINT_RENDER_METHOD" -e "INPUT_REPOSITORY" -e "INPUT_GITHUB_TOKEN" -e "INPUT_JOB_NAME" -e "INPUT_LOG_FILENAME" -e "INPUT_LOG_PATH" -e "INPUT_SAVE_LOG" -e "INPUT_MICROPRINT_FILENAME" -e "INPUT_MICROPRINT_PATH" -e "HOME" -e "GITHUB_JOB" -e "GITHUB_REF" -e "GITHUB_SHA" -e "GITHUB_REPOSITORY" -e "GITHUB_REPOSITORY_OWNER" -e "GITHUB_RUN_ID" -e "GITHUB_RUN_NUMBER" -e "GITHUB_RETENTION_DAYS" -e "GITHUB_RUN_ATTEMPT" -e "GITHUB_ACTOR" -e "GITHUB_TRIGGERING_ACTOR" -e "GITHUB_WORKFLOW" -e "GITHUB_HEAD_REF" -e "GITHUB_BASE_REF" -e "GITHUB_EVENT_NAME" -e "GITHUB_SERVER_URL" -e "GITHUB_API_URL" -e "GITHUB_GRAPHQL_URL" -e "GITHUB_REF_NAME" -e "GITHUB_REF_PROTECTED" -e "GITHUB_REF_TYPE" -e "GITHUB_WORKSPACE" -e "GITHUB_ACTION" -e "GITHUB_EVENT_PATH" -e "GITHUB_ACTION_REPOSITORY" -e "GITHUB_ACTION_REF" -e "GITHUB_PATH" -e "GITHUB_ENV" -e "GITHUB_STEP_SUMMARY" -e "RUNNER_OS" -e "RUNNER_ARCH" -e "RUNNER_NAME" -e "RUNNER_TOOL_CACHE" -e "RUNNER_TEMP" -e "RUNNER_WORKSPACE" -e "ACTIONS_RUNTIME_URL" -e "ACTIONS_RUNTIME_TOKEN" -e "ACTIONS_CACHE_URL" -e GITHUB_ACTIONS=true -e CI=true -v "/var/run/docker.sock":"/var/run/docker.sock" -v "/home/runner/work/_temp/_github_home":"/github/home" -v "/home/runner/work/_temp/_github_workflow":"/github/workflow" -v "/home/runner/work/_temp/_runner_file_commands":"/github/file_commands" -v "/home/runner/work/microprint/microprint":"/github/workspace" 229416:ad9cd4fcbd7f5811b11201f18ccb01ec
2022-08-29T19:12:58.3725734Z ##[group]Run git pull
2022-08-29T19:12:58.3726003Z [36;1mgit pull[0m
2022-08-29T19:12:58.3784760Z shell: /usr/bin/bash -e {0}
2022-08-29T19:12:58.3785000Z ##[endgroup]
2022-08-29T19:12:58.6538739Z Already up to date.
2022-08-29T19:12:58.6653306Z ##[group]Run stefanzweifel/git-auto-commit-action@v4
2022-08-29T19:12:58.6653573Z with:
2022-08-29T19:12:58.6653810Z   commit_message: Updated mid job microprint
2022-08-29T19:12:58.6654052Z   file_pattern: .
2022-08-29T19:12:58.6654241Z   repository: .
2022-08-29T19:12:58.6654469Z   commit_user_name: github-actions[bot]
2022-08-29T19:12:58.6654780Z   commit_user_email: github-actions[bot]@users.noreply.github.com
2022-08-29T19:12:58.6655122Z   commit_author: AlphaSteam <AlphaSteam@users.noreply.github.com>
2022-08-29T19:12:58.6655413Z   skip_dirty_check: false
2022-08-29T19:12:58.6655630Z   skip_fetch: false
2022-08-29T19:12:58.6655823Z   skip_checkout: false
2022-08-29T19:12:58.6656054Z   disable_globbing: false
2022-08-29T19:12:58.6656273Z   create_branch: false
2022-08-29T19:12:58.6656459Z ##[endgroup]
2022-08-29T19:12:58.7000013Z Started: bash /home/runner/work/_actions/stefanzweifel/git-auto-commit-action/v4/entrypoint.sh
2022-08-29T19:12:58.7054715Z INPUT_REPOSITORY value: .
2022-08-29T19:12:58.7055256Z INPUT_STATUS_OPTIONS: 
2022-08-29T19:12:58.7159110Z INPUT_BRANCH value: 
2022-08-29T19:12:59.0821351Z M	logs.txt
2022-08-29T19:12:59.0822224Z M	microprint.png
2022-08-29T19:12:59.0823299Z Your branch is up to date with 'origin/main'.
2022-08-29T19:12:59.0827091Z INPUT_ADD_OPTIONS: 
2022-08-29T19:12:59.0828284Z INPUT_FILE_PATTERN: .
2022-08-29T19:12:59.0861460Z INPUT_COMMIT_OPTIONS: 
2022-08-29T19:12:59.0862642Z INPUT_COMMIT_USER_NAME: github-actions[bot]
2022-08-29T19:12:59.0865163Z INPUT_COMMIT_USER_EMAIL: github-actions[bot]@users.noreply.github.com
2022-08-29T19:12:59.0866371Z INPUT_COMMIT_MESSAGE: Updated mid job microprint
2022-08-29T19:12:59.0866997Z INPUT_COMMIT_AUTHOR: AlphaSteam <AlphaSteam@users.noreply.github.com>
2022-08-29T19:12:59.0911881Z [main 21d89a5] Updated mid job microprint
2022-08-29T19:12:59.0912514Z  Author: AlphaSteam <AlphaSteam@users.noreply.github.com>
2022-08-29T19:12:59.0913194Z  2 files changed, 5 insertions(+), 5 deletions(-)
2022-08-29T19:12:59.0933729Z INPUT_TAGGING_MESSAGE: 
2022-08-29T19:12:59.1031212Z No tagging message supplied. No tag will be added.
2022-08-29T19:12:59.1031526Z INPUT_PUSH_OPTIONS: 
2022-08-29T19:12:59.7514524Z To https://github.com/AlphaSteam/microprint
2022-08-29T19:12:59.7526805Z    485b50c..21d89a5  main -> main
2022-08-29T19:12:59.7647178Z Post job cleanup.
2022-08-29T19:12:59.8898718Z [command]/usr/bin/git version
2022-08-29T19:12:59.8948110Z git version 2.37.2
2022-08-29T19:12:59.8986904Z Temporarily overriding HOME='/home/runner/work/_temp/832316a0-862e-4400-be23-18c698ee276b' before making global git config changes
2022-08-29T19:12:59.8988255Z Adding repository directory to the temporary git global config as a safe directory
2022-08-29T19:12:59.8992587Z [command]/usr/bin/git config --global --add safe.directory /home/runner/work/microprint/microprint
2022-08-29T19:12:59.9038424Z [command]/usr/bin/git config --local --name-only --get-regexp core\.sshCommand
2022-08-29T19:12:59.9076470Z [command]/usr/bin/git submodule foreach --recursive git config --local --name-only --get-regexp 'core\.sshCommand' && git config --local --unset-all 'core.sshCommand' || :
2022-08-29T19:12:59.9434716Z [command]/usr/bin/git config --local --name-only --get-regexp http\.https\:\/\/github\.com\/\.extraheader
2022-08-29T19:12:59.9475801Z http.https://github.com/.extraheader
2022-08-29T19:12:59.9486723Z [command]/usr/bin/git config --local --unset-all http.https://github.com/.extraheader
2022-08-29T19:12:59.9532151Z [command]/usr/bin/git submodule foreach --recursive git config --local --name-only --get-regexp 'http\.https\:\/\/github\.com\/\.extraheader' && git config --local --unset-all 'http.https://github.com/.extraheader' || :
2022-08-29T19:12:59.9985374Z Cleaning up orphan processes
