2022-08-29T18:46:34.2379707Z Requested labels: ubuntu-latest
2022-08-29T18:46:34.2379747Z Job defined at: AlphaSteam/microprint/.github/workflows/test.yaml@refs/heads/main
2022-08-29T18:46:34.2379764Z Waiting for a runner to pick up this job...
2022-08-29T18:46:34.9843102Z Job is waiting for a hosted runner to come online.
2022-08-29T18:46:38.9856843Z Job is about to start running on the hosted runner: Hosted Agent (hosted)
2022-08-29T18:46:41.3597350Z Current runner version: '2.296.0'
2022-08-29T18:46:41.3636853Z ##[group]Operating System
2022-08-29T18:46:41.3637407Z Ubuntu
2022-08-29T18:46:41.3637821Z 20.04.4
2022-08-29T18:46:41.3638038Z LTS
2022-08-29T18:46:41.3638316Z ##[endgroup]
2022-08-29T18:46:41.3638614Z ##[group]Runner Image
2022-08-29T18:46:41.3638911Z Image: ubuntu-20.04
2022-08-29T18:46:41.3639270Z Version: 20220821.1
2022-08-29T18:46:41.3639737Z Included Software: https://github.com/actions/runner-images/blob/ubuntu20/20220821.1/images/linux/Ubuntu2004-Readme.md
2022-08-29T18:46:41.3640321Z Image Release: https://github.com/actions/runner-images/releases/tag/ubuntu20%2F20220821.1
2022-08-29T18:46:41.3640684Z ##[endgroup]
2022-08-29T18:46:41.3641057Z ##[group]Runner Image Provisioner
2022-08-29T18:46:41.3641397Z 1.0.0.0-main-20220812-3
2022-08-29T18:46:41.3641646Z ##[endgroup]
2022-08-29T18:46:41.3642562Z ##[group]GITHUB_TOKEN Permissions
2022-08-29T18:46:41.3643191Z Actions: write
2022-08-29T18:46:41.3643645Z Checks: write
2022-08-29T18:46:41.3643962Z Contents: write
2022-08-29T18:46:41.3644281Z Deployments: write
2022-08-29T18:46:41.3644659Z Discussions: write
2022-08-29T18:46:41.3644913Z Issues: write
2022-08-29T18:46:41.3645199Z Metadata: read
2022-08-29T18:46:41.3645509Z Packages: write
2022-08-29T18:46:41.3645934Z Pages: write
2022-08-29T18:46:41.3646285Z PullRequests: write
2022-08-29T18:46:41.3646627Z RepositoryProjects: write
2022-08-29T18:46:41.3646919Z SecurityEvents: write
2022-08-29T18:46:41.3647245Z Statuses: write
2022-08-29T18:46:41.3647757Z ##[endgroup]
2022-08-29T18:46:41.3652531Z Secret source: Actions
2022-08-29T18:46:41.3653528Z Prepare workflow directory
2022-08-29T18:46:41.4622961Z Prepare all required actions
2022-08-29T18:46:41.4817624Z Getting action download info
2022-08-29T18:46:41.7354367Z Download action repository 'actions/checkout@v2' (SHA:7884fcad6b5d53d10323aee724dc68d8b9096a2e)
2022-08-29T18:46:42.4240003Z Download action repository 'stefanzweifel/git-auto-commit-action@v4' (SHA:49620cd3ed21ee620a48530e81dba0d139c9cb80)
2022-08-29T18:46:43.0804851Z ##[group]Run actions/checkout@v2
2022-08-29T18:46:43.0805381Z with:
2022-08-29T18:46:43.0805690Z   repository: AlphaSteam/microprint
2022-08-29T18:46:43.0806607Z   token: ***
2022-08-29T18:46:43.0806839Z   ssh-strict: true
2022-08-29T18:46:43.0807137Z   persist-credentials: true
2022-08-29T18:46:43.0807423Z   clean: true
2022-08-29T18:46:43.0807730Z   fetch-depth: 1
2022-08-29T18:46:43.0807950Z   lfs: false
2022-08-29T18:46:43.0808212Z   submodules: false
2022-08-29T18:46:43.0808486Z   set-safe-directory: true
2022-08-29T18:46:43.0808747Z ##[endgroup]
2022-08-29T18:46:43.3935599Z Syncing repository: AlphaSteam/microprint
2022-08-29T18:46:43.3937761Z ##[group]Getting Git version info
2022-08-29T18:46:43.3938485Z Working directory is '/home/runner/work/microprint/microprint'
2022-08-29T18:46:43.3939322Z [command]/usr/bin/git version
2022-08-29T18:46:43.4063188Z git version 2.37.2
2022-08-29T18:46:43.4083193Z ##[endgroup]
2022-08-29T18:46:43.4115233Z Temporarily overriding HOME='/home/runner/work/_temp/09090d60-63ef-40b6-a700-0863adafcd48' before making global git config changes
2022-08-29T18:46:43.4116254Z Adding repository directory to the temporary git global config as a safe directory
2022-08-29T18:46:43.4121335Z [command]/usr/bin/git config --global --add safe.directory /home/runner/work/microprint/microprint
2022-08-29T18:46:43.4165846Z Deleting the contents of '/home/runner/work/microprint/microprint'
2022-08-29T18:46:43.4171088Z ##[group]Initializing the repository
2022-08-29T18:46:43.4175922Z [command]/usr/bin/git init /home/runner/work/microprint/microprint
2022-08-29T18:46:43.4263243Z hint: Using 'master' as the name for the initial branch. This default branch name
2022-08-29T18:46:43.4263893Z hint: is subject to change. To configure the initial branch name to use in all
2022-08-29T18:46:43.4264314Z hint: of your new repositories, which will suppress this warning, call:
2022-08-29T18:46:43.4265218Z hint: 
2022-08-29T18:46:43.4266124Z hint: 	git config --global init.defaultBranch <name>
2022-08-29T18:46:43.4267330Z hint: 
2022-08-29T18:46:43.4268152Z hint: Names commonly chosen instead of 'master' are 'main', 'trunk' and
2022-08-29T18:46:43.4268718Z hint: 'development'. The just-created branch can be renamed via this command:
2022-08-29T18:46:43.4269369Z hint: 
2022-08-29T18:46:43.4269816Z hint: 	git branch -m <name>
2022-08-29T18:46:43.4291412Z Initialized empty Git repository in /home/runner/work/microprint/microprint/.git/
2022-08-29T18:46:43.4393873Z [command]/usr/bin/git remote add origin https://github.com/AlphaSteam/microprint
2022-08-29T18:46:43.4432931Z ##[endgroup]
2022-08-29T18:46:43.4433700Z ##[group]Disabling automatic garbage collection
2022-08-29T18:46:43.4441363Z [command]/usr/bin/git config --local gc.auto 0
2022-08-29T18:46:43.4477102Z ##[endgroup]
2022-08-29T18:46:43.4477945Z ##[group]Setting up auth
2022-08-29T18:46:43.4490255Z [command]/usr/bin/git config --local --name-only --get-regexp core\.sshCommand
2022-08-29T18:46:43.4525788Z [command]/usr/bin/git submodule foreach --recursive git config --local --name-only --get-regexp 'core\.sshCommand' && git config --local --unset-all 'core.sshCommand' || :
2022-08-29T18:46:43.4946313Z [command]/usr/bin/git config --local --name-only --get-regexp http\.https\:\/\/github\.com\/\.extraheader
2022-08-29T18:46:43.4983524Z [command]/usr/bin/git submodule foreach --recursive git config --local --name-only --get-regexp 'http\.https\:\/\/github\.com\/\.extraheader' && git config --local --unset-all 'http.https://github.com/.extraheader' || :
2022-08-29T18:46:43.5217245Z [command]/usr/bin/git config --local http.https://github.com/.extraheader AUTHORIZATION: basic ***
2022-08-29T18:46:43.5251302Z ##[endgroup]
2022-08-29T18:46:43.5252075Z ##[group]Fetching the repository
2022-08-29T18:46:43.5266100Z [command]/usr/bin/git -c protocol.version=2 fetch --no-tags --prune --progress --no-recurse-submodules --depth=1 origin +db8dcbcbcd5fb26f4acfc93abd6cd595703894f6:refs/remotes/origin/main
2022-08-29T18:46:43.8399461Z remote: Enumerating objects: 31, done.        
2022-08-29T18:46:43.8400970Z remote: Counting objects:   3% (1/31)        
2022-08-29T18:46:43.8401890Z remote: Counting objects:   6% (2/31)        
2022-08-29T18:46:43.8402523Z remote: Counting objects:   9% (3/31)        
2022-08-29T18:46:43.8403282Z remote: Counting objects:  12% (4/31)        
2022-08-29T18:46:43.8403890Z remote: Counting objects:  16% (5/31)        
2022-08-29T18:46:43.8404619Z remote: Counting objects:  19% (6/31)        
2022-08-29T18:46:43.8405203Z remote: Counting objects:  22% (7/31)        
2022-08-29T18:46:43.8405950Z remote: Counting objects:  25% (8/31)        
2022-08-29T18:46:43.8406494Z remote: Counting objects:  29% (9/31)        
2022-08-29T18:46:43.8407249Z remote: Counting objects:  32% (10/31)        
2022-08-29T18:46:43.8407840Z remote: Counting objects:  35% (11/31)        
2022-08-29T18:46:43.8408594Z remote: Counting objects:  38% (12/31)        
2022-08-29T18:46:43.8409089Z remote: Counting objects:  41% (13/31)        
2022-08-29T18:46:43.8409883Z remote: Counting objects:  45% (14/31)        
2022-08-29T18:46:43.8410513Z remote: Counting objects:  48% (15/31)        
2022-08-29T18:46:43.8411287Z remote: Counting objects:  51% (16/31)        
2022-08-29T18:46:43.8411775Z remote: Counting objects:  54% (17/31)        
2022-08-29T18:46:43.8412561Z remote: Counting objects:  58% (18/31)        
2022-08-29T18:46:43.8413165Z remote: Counting objects:  61% (19/31)        
2022-08-29T18:46:43.8414012Z remote: Counting objects:  64% (20/31)        
2022-08-29T18:46:43.8414593Z remote: Counting objects:  67% (21/31)        
2022-08-29T18:46:43.8415390Z remote: Counting objects:  70% (22/31)        
2022-08-29T18:46:43.8416021Z remote: Counting objects:  74% (23/31)        
2022-08-29T18:46:43.8417366Z remote: Counting objects:  77% (24/31)        
2022-08-29T18:46:43.8417635Z remote: Counting objects:  80% (25/31)        
2022-08-29T18:46:43.8417932Z remote: Counting objects:  83% (26/31)        
2022-08-29T18:46:43.8418237Z remote: Counting objects:  87% (27/31)        
2022-08-29T18:46:43.8418736Z remote: Counting objects:  90% (28/31)        
2022-08-29T18:46:43.8419050Z remote: Counting objects:  93% (29/31)        
2022-08-29T18:46:43.8419348Z remote: Counting objects:  96% (30/31)        
2022-08-29T18:46:43.8419618Z remote: Counting objects: 100% (31/31)        
2022-08-29T18:46:43.8419938Z remote: Counting objects: 100% (31/31), done.        
2022-08-29T18:46:43.8420307Z remote: Compressing objects:   4% (1/23)        
2022-08-29T18:46:43.8420583Z remote: Compressing objects:   8% (2/23)        
2022-08-29T18:46:43.8420901Z remote: Compressing objects:  13% (3/23)        
2022-08-29T18:46:43.8421216Z remote: Compressing objects:  17% (4/23)        
2022-08-29T18:46:43.8421579Z remote: Compressing objects:  21% (5/23)        
2022-08-29T18:46:43.8422070Z remote: Compressing objects:  26% (6/23)        
2022-08-29T18:46:43.8422386Z remote: Compressing objects:  30% (7/23)        
2022-08-29T18:46:43.8422703Z remote: Compressing objects:  34% (8/23)        
2022-08-29T18:46:43.8422988Z remote: Compressing objects:  39% (9/23)        
2022-08-29T18:46:43.8423350Z remote: Compressing objects:  43% (10/23)        
2022-08-29T18:46:43.8423671Z remote: Compressing objects:  47% (11/23)        
2022-08-29T18:46:43.8423945Z remote: Compressing objects:  52% (12/23)        
2022-08-29T18:46:43.8424258Z remote: Compressing objects:  56% (13/23)        
2022-08-29T18:46:43.8496996Z remote: Compressing objects:  60% (14/23)        
2022-08-29T18:46:43.8512416Z remote: Compressing objects:  65% (15/23)        
2022-08-29T18:46:43.8513179Z remote: Compressing objects:  69% (16/23)        
2022-08-29T18:46:43.8514114Z remote: Compressing objects:  73% (17/23)        
2022-08-29T18:46:43.8642031Z remote: Compressing objects:  78% (18/23)        
2022-08-29T18:46:43.8642922Z remote: Compressing objects:  82% (19/23)        
2022-08-29T18:46:43.8651517Z remote: Compressing objects:  86% (20/23)        
2022-08-29T18:46:43.8652770Z remote: Compressing objects:  91% (21/23)        
2022-08-29T18:46:43.8654619Z remote: Compressing objects:  95% (22/23)        
2022-08-29T18:46:43.8655014Z remote: Compressing objects: 100% (23/23)        
2022-08-29T18:46:43.8655460Z remote: Compressing objects: 100% (23/23), done.        
2022-08-29T18:46:44.0347379Z remote: Total 31 (delta 1), reused 21 (delta 0), pack-reused 0        
2022-08-29T18:46:44.1208880Z From https://github.com/AlphaSteam/microprint
2022-08-29T18:46:44.1210213Z  * [new ref]         db8dcbcbcd5fb26f4acfc93abd6cd595703894f6 -> origin/main
2022-08-29T18:46:44.1265296Z ##[endgroup]
2022-08-29T18:46:44.1267507Z ##[group]Determining the checkout info
2022-08-29T18:46:44.1268664Z ##[endgroup]
2022-08-29T18:46:44.1564088Z ##[group]Checking out the ref
2022-08-29T18:46:44.1564812Z [command]/usr/bin/git checkout --progress --force -B main refs/remotes/origin/main
2022-08-29T18:46:44.1581048Z Switched to a new branch 'main'
2022-08-29T18:46:44.1581500Z branch 'main' set up to track 'origin/main'.
2022-08-29T18:46:44.1588922Z ##[endgroup]
2022-08-29T18:46:44.1642919Z [command]/usr/bin/git log -1 --format='%H'
2022-08-29T18:46:44.1678943Z 'db8dcbcbcd5fb26f4acfc93abd6cd595703894f6'
2022-08-29T18:46:44.2125627Z ##[group]Run ./
2022-08-29T18:46:44.2125882Z with:
2022-08-29T18:46:44.2126109Z   microprint_render_method: raster
2022-08-29T18:46:44.2126378Z   repository: AlphaSteam/microprint
2022-08-29T18:46:44.2126878Z   github_token: ***
2022-08-29T18:46:44.2127114Z   job_name: generate_microprint_mid_job
2022-08-29T18:46:44.2127359Z   log_filename: logs
2022-08-29T18:46:44.2127571Z   log_path: ./
2022-08-29T18:46:44.2127756Z   save_log: true
2022-08-29T18:46:44.2127987Z   microprint_filename: microprint
2022-08-29T18:46:44.2128229Z   microprint_path: ./
2022-08-29T18:46:44.2128428Z ##[endgroup]
2022-08-29T18:46:44.2349332Z ##[group]Building docker image
2022-08-29T18:46:44.2349864Z Dockerfile for action: '/home/runner/work/microprint/microprint/./Dockerfile'.
2022-08-29T18:46:44.2371490Z ##[command]/usr/bin/docker build -t 229416:ad9cd4fcbd7f5811b11201f18ccb01ec -f "/home/runner/work/microprint/microprint/./Dockerfile" "/home/runner/work/microprint/microprint"
2022-08-29T18:46:44.5566168Z Sending build context to Docker daemon  4.109MB
2022-08-29T18:46:44.5566942Z 
2022-08-29T18:46:44.5603964Z Step 1/7 : FROM python:3
2022-08-29T18:46:45.3356692Z 3: Pulling from library/python
2022-08-29T18:46:45.5417036Z 1671565cc8df: Pulling fs layer
2022-08-29T18:46:45.5417326Z 3e94d13e55e7: Pulling fs layer
2022-08-29T18:46:45.5417711Z fa9c7528c685: Pulling fs layer
2022-08-29T18:46:45.5418052Z 53ad072f9cd1: Pulling fs layer
2022-08-29T18:46:45.5418592Z d6b983117533: Pulling fs layer
2022-08-29T18:46:45.5418805Z d8092d56ded5: Pulling fs layer
2022-08-29T18:46:45.5419024Z c71afc637d59: Pulling fs layer
2022-08-29T18:46:45.5419215Z 864a10b3c704: Pulling fs layer
2022-08-29T18:46:45.5419421Z 4334b2fe8293: Pulling fs layer
2022-08-29T18:46:45.5419622Z 53ad072f9cd1: Waiting
2022-08-29T18:46:45.5419795Z d6b983117533: Waiting
2022-08-29T18:46:45.5420018Z d8092d56ded5: Waiting
2022-08-29T18:46:45.5420205Z c71afc637d59: Waiting
2022-08-29T18:46:45.5420370Z 864a10b3c704: Waiting
2022-08-29T18:46:45.5420559Z 4334b2fe8293: Waiting
2022-08-29T18:46:45.8703039Z 3e94d13e55e7: Verifying Checksum
2022-08-29T18:46:45.8704678Z 3e94d13e55e7: Download complete
2022-08-29T18:46:45.9849581Z fa9c7528c685: Verifying Checksum
2022-08-29T18:46:45.9850034Z fa9c7528c685: Download complete
2022-08-29T18:46:46.5956721Z 1671565cc8df: Verifying Checksum
2022-08-29T18:46:46.5961675Z 1671565cc8df: Download complete
2022-08-29T18:46:46.8244690Z 53ad072f9cd1: Verifying Checksum
2022-08-29T18:46:46.8245413Z 53ad072f9cd1: Download complete
2022-08-29T18:46:46.9857790Z d8092d56ded5: Verifying Checksum
2022-08-29T18:46:46.9861542Z d8092d56ded5: Download complete
2022-08-29T18:46:47.2700803Z 864a10b3c704: Verifying Checksum
2022-08-29T18:46:47.2705342Z 864a10b3c704: Download complete
2022-08-29T18:46:47.3004640Z c71afc637d59: Verifying Checksum
2022-08-29T18:46:47.3005279Z c71afc637d59: Download complete
2022-08-29T18:46:47.5999082Z 4334b2fe8293: Verifying Checksum
2022-08-29T18:46:47.6000117Z 4334b2fe8293: Download complete
2022-08-29T18:46:49.2073102Z 1671565cc8df: Pull complete
2022-08-29T18:46:52.1027707Z 3e94d13e55e7: Pull complete
2022-08-29T18:46:52.2507080Z d6b983117533: Verifying Checksum
2022-08-29T18:46:52.2507366Z d6b983117533: Download complete
2022-08-29T18:46:52.5377431Z fa9c7528c685: Pull complete
2022-08-29T18:46:55.9353985Z 53ad072f9cd1: Pull complete
2022-08-29T18:47:05.5930838Z d6b983117533: Pull complete
2022-08-29T18:47:06.0457770Z d8092d56ded5: Pull complete
2022-08-29T18:47:07.0866388Z c71afc637d59: Pull complete
2022-08-29T18:47:07.1621494Z 864a10b3c704: Pull complete
2022-08-29T18:47:07.5994515Z 4334b2fe8293: Pull complete
2022-08-29T18:47:07.6071771Z Digest: sha256:745efdfb7e4aac9a8422bd8c62d8bc35a693e8979a240d29677cb03e6aa91052
2022-08-29T18:47:07.6094626Z Status: Downloaded newer image for python:3
2022-08-29T18:47:07.6115573Z  ---> d25a66380b10
2022-08-29T18:47:07.6119355Z Step 2/7 : COPY requirements.txt /requirements.txt
2022-08-29T18:47:08.7478227Z  ---> d762e45b9513
2022-08-29T18:47:08.7478867Z Step 3/7 : RUN pip install -r /requirements.txt
2022-08-29T18:47:08.7779531Z  ---> Running in 08c917e179e7
2022-08-29T18:47:11.0510008Z Collecting pillow
2022-08-29T18:47:11.1045970Z   Downloading Pillow-9.2.0-cp310-cp310-manylinux_2_28_x86_64.whl (3.2 MB)
2022-08-29T18:47:11.1746846Z      ‚îÅ‚îÅ‚îÅ‚îÅ‚îÅ‚îÅ‚îÅ‚îÅ‚îÅ‚îÅ‚îÅ‚îÅ‚îÅ‚îÅ‚îÅ‚îÅ‚îÅ‚îÅ‚îÅ‚îÅ‚îÅ‚îÅ‚îÅ‚îÅ‚îÅ‚îÅ‚îÅ‚îÅ‚îÅ‚îÅ‚îÅ‚îÅ‚îÅ‚îÅ‚îÅ‚îÅ‚îÅ‚îÅ‚îÅ‚îÅ 3.2/3.2 MB 47.7 MB/s eta 0:00:00
2022-08-29T18:47:11.2466443Z Collecting requests
2022-08-29T18:47:11.2567175Z   Downloading requests-2.28.1-py3-none-any.whl (62 kB)
2022-08-29T18:47:11.2617991Z      ‚îÅ‚îÅ‚îÅ‚îÅ‚îÅ‚îÅ‚îÅ‚îÅ‚îÅ‚îÅ‚îÅ‚îÅ‚îÅ‚îÅ‚îÅ‚îÅ‚îÅ‚îÅ‚îÅ‚îÅ‚îÅ‚îÅ‚îÅ‚îÅ‚îÅ‚îÅ‚îÅ‚îÅ‚îÅ‚îÅ‚îÅ‚îÅ‚îÅ‚îÅ‚îÅ‚îÅ‚îÅ‚îÅ‚îÅ‚îÅ 62.8/62.8 kB 18.9 MB/s eta 0:00:00
2022-08-29T18:47:11.2912496Z Collecting svgwrite
2022-08-29T18:47:11.3011354Z   Downloading svgwrite-1.4.3-py3-none-any.whl (67 kB)
2022-08-29T18:47:11.3064173Z      ‚îÅ‚îÅ‚îÅ‚îÅ‚îÅ‚îÅ‚îÅ‚îÅ‚îÅ‚îÅ‚îÅ‚îÅ‚îÅ‚îÅ‚îÅ‚îÅ‚îÅ‚îÅ‚îÅ‚îÅ‚îÅ‚îÅ‚îÅ‚îÅ‚îÅ‚îÅ‚îÅ‚îÅ‚îÅ‚îÅ‚îÅ‚îÅ‚îÅ‚îÅ‚îÅ‚îÅ‚îÅ‚îÅ‚îÅ‚îÅ 67.1/67.1 kB 19.7 MB/s eta 0:00:00
2022-08-29T18:47:11.3814648Z Collecting charset-normalizer<3,>=2
2022-08-29T18:47:11.3916580Z   Downloading charset_normalizer-2.1.1-py3-none-any.whl (39 kB)
2022-08-29T18:47:11.4249673Z Collecting idna<4,>=2.5
2022-08-29T18:47:11.4354405Z   Downloading idna-3.3-py3-none-any.whl (61 kB)
2022-08-29T18:47:11.4429297Z      ‚îÅ‚îÅ‚îÅ‚îÅ‚îÅ‚îÅ‚îÅ‚îÅ‚îÅ‚îÅ‚îÅ‚îÅ‚îÅ‚îÅ‚îÅ‚îÅ‚îÅ‚îÅ‚îÅ‚îÅ‚îÅ‚îÅ‚îÅ‚îÅ‚îÅ‚îÅ‚îÅ‚îÅ‚îÅ‚îÅ‚îÅ‚îÅ‚îÅ‚îÅ‚îÅ‚îÅ‚îÅ‚îÅ‚îÅ‚îÅ 61.2/61.2 kB 10.7 MB/s eta 0:00:00
2022-08-29T18:47:11.5033226Z Collecting urllib3<1.27,>=1.21.1
2022-08-29T18:47:11.5164882Z   Downloading urllib3-1.26.12-py2.py3-none-any.whl (140 kB)
2022-08-29T18:47:11.5236832Z      ‚îÅ‚îÅ‚îÅ‚îÅ‚îÅ‚îÅ‚îÅ‚îÅ‚îÅ‚îÅ‚îÅ‚îÅ‚îÅ‚îÅ‚îÅ‚îÅ‚îÅ‚îÅ‚îÅ‚îÅ‚îÅ‚îÅ‚îÅ‚îÅ‚îÅ‚îÅ‚îÅ‚îÅ‚îÅ‚îÅ‚îÅ‚îÅ‚îÅ‚îÅ‚îÅ‚îÅ‚îÅ‚îÅ 140.4/140.4 kB 31.2 MB/s eta 0:00:00
2022-08-29T18:47:11.5590682Z Collecting certifi>=2017.4.17
2022-08-29T18:47:11.5862191Z   Downloading certifi-2022.6.15-py3-none-any.whl (160 kB)
2022-08-29T18:47:11.5937627Z      ‚îÅ‚îÅ‚îÅ‚îÅ‚îÅ‚îÅ‚îÅ‚îÅ‚îÅ‚îÅ‚îÅ‚îÅ‚îÅ‚îÅ‚îÅ‚îÅ‚îÅ‚îÅ‚îÅ‚îÅ‚îÅ‚îÅ‚îÅ‚îÅ‚îÅ‚îÅ‚îÅ‚îÅ‚îÅ‚îÅ‚îÅ‚îÅ‚îÅ‚îÅ‚îÅ‚îÅ‚îÅ‚îÅ 160.2/160.2 kB 40.8 MB/s eta 0:00:00
2022-08-29T18:47:11.6989655Z Installing collected packages: urllib3, svgwrite, pillow, idna, charset-normalizer, certifi, requests
2022-08-29T18:47:12.2946180Z Successfully installed certifi-2022.6.15 charset-normalizer-2.1.1 idna-3.3 pillow-9.2.0 requests-2.28.1 svgwrite-1.4.3 urllib3-1.26.12
2022-08-29T18:47:12.2946858Z [91mWARNING: Running pip as the 'root' user can result in broken permissions and conflicting behaviour with the system package manager. It is recommended to use a virtual environment instead: https://pip.pypa.io/warnings/venv
2022-08-29T18:47:12.4091235Z [0m[91m
2022-08-29T18:47:12.4091529Z [notice] A new release of pip available: 22.2.1 -> 22.2.2
2022-08-29T18:47:12.4091825Z [notice] To update, run: pip install --upgrade pip
2022-08-29T18:47:14.2809744Z [0mRemoving intermediate container 08c917e179e7
2022-08-29T18:47:14.2810031Z  ---> 38a8ae76f986
2022-08-29T18:47:14.2810414Z Step 4/7 : COPY script.py /script.py
2022-08-29T18:47:15.4463336Z  ---> 051c9447504a
2022-08-29T18:47:15.4485941Z Step 5/7 : COPY microprint_generator.py /microprint_generator.py
2022-08-29T18:47:16.6209884Z  ---> d6398dca8201
2022-08-29T18:47:16.6210335Z Step 6/7 : ADD /fonts/ /fonts/
2022-08-29T18:47:17.7679027Z  ---> ce9213a56367
2022-08-29T18:47:17.7679311Z Step 7/7 : CMD ["python", "/script.py"]
2022-08-29T18:47:17.7965225Z  ---> Running in 1931e182b8a0
2022-08-29T18:47:18.9295132Z Removing intermediate container 1931e182b8a0
2022-08-29T18:47:18.9295434Z  ---> a37858f15c55
2022-08-29T18:47:18.9332321Z Successfully built a37858f15c55
2022-08-29T18:47:18.9398112Z Successfully tagged 229416:ad9cd4fcbd7f5811b11201f18ccb01ec
2022-08-29T18:47:18.9414630Z ##[endgroup]
2022-08-29T18:47:18.9511192Z ##[command]/usr/bin/docker run --name ad9cd4fcbd7f5811b11201f18ccb01ec_769aca --label 229416 --workdir /github/workspace --rm -e "INPUT_MICROPRINT_RENDER_METHOD" -e "INPUT_REPOSITORY" -e "INPUT_GITHUB_TOKEN" -e "INPUT_JOB_NAME" -e "INPUT_LOG_FILENAME" -e "INPUT_LOG_PATH" -e "INPUT_SAVE_LOG" -e "INPUT_MICROPRINT_FILENAME" -e "INPUT_MICROPRINT_PATH" -e "HOME" -e "GITHUB_JOB" -e "GITHUB_REF" -e "GITHUB_SHA" -e "GITHUB_REPOSITORY" -e "GITHUB_REPOSITORY_OWNER" -e "GITHUB_RUN_ID" -e "GITHUB_RUN_NUMBER" -e "GITHUB_RETENTION_DAYS" -e "GITHUB_RUN_ATTEMPT" -e "GITHUB_ACTOR" -e "GITHUB_TRIGGERING_ACTOR" -e "GITHUB_WORKFLOW" -e "GITHUB_HEAD_REF" -e "GITHUB_BASE_REF" -e "GITHUB_EVENT_NAME" -e "GITHUB_SERVER_URL" -e "GITHUB_API_URL" -e "GITHUB_GRAPHQL_URL" -e "GITHUB_REF_NAME" -e "GITHUB_REF_PROTECTED" -e "GITHUB_REF_TYPE" -e "GITHUB_WORKSPACE" -e "GITHUB_ACTION" -e "GITHUB_EVENT_PATH" -e "GITHUB_ACTION_REPOSITORY" -e "GITHUB_ACTION_REF" -e "GITHUB_PATH" -e "GITHUB_ENV" -e "GITHUB_STEP_SUMMARY" -e "RUNNER_OS" -e "RUNNER_ARCH" -e "RUNNER_NAME" -e "RUNNER_TOOL_CACHE" -e "RUNNER_TEMP" -e "RUNNER_WORKSPACE" -e "ACTIONS_RUNTIME_URL" -e "ACTIONS_RUNTIME_TOKEN" -e "ACTIONS_CACHE_URL" -e GITHUB_ACTIONS=true -e CI=true -v "/var/run/docker.sock":"/var/run/docker.sock" -v "/home/runner/work/_temp/_github_home":"/github/home" -v "/home/runner/work/_temp/_github_workflow":"/github/workflow" -v "/home/runner/work/_temp/_runner_file_commands":"/github/file_commands" -v "/home/runner/work/microprint/microprint":"/github/workspace" 229416:ad9cd4fcbd7f5811b11201f18ccb01ec
2022-08-29T18:47:23.7246241Z ##[group]Run git pull
2022-08-29T18:47:23.7246502Z [36;1mgit pull[0m
2022-08-29T18:47:23.7304019Z shell: /usr/bin/bash -e {0}
2022-08-29T18:47:23.7304236Z ##[endgroup]
2022-08-29T18:47:24.0924987Z Already up to date.
2022-08-29T18:47:24.1042855Z ##[group]Run stefanzweifel/git-auto-commit-action@v4
2022-08-29T18:47:24.1043132Z with:
2022-08-29T18:47:24.1043351Z   commit_message: Updated mid job microprint
2022-08-29T18:47:24.1043563Z   file_pattern: .
2022-08-29T18:47:24.1043759Z   repository: .
2022-08-29T18:47:24.1043978Z   commit_user_name: github-actions[bot]
2022-08-29T18:47:24.1044251Z   commit_user_email: github-actions[bot]@users.noreply.github.com
2022-08-29T18:47:24.1044582Z   commit_author: AlphaSteam <AlphaSteam@users.noreply.github.com>
2022-08-29T18:47:24.1044852Z   skip_dirty_check: false
2022-08-29T18:47:24.1045054Z   skip_fetch: false
2022-08-29T18:47:24.1045234Z   skip_checkout: false
2022-08-29T18:47:24.1045449Z   disable_globbing: false
2022-08-29T18:47:24.1045650Z   create_branch: false
2022-08-29T18:47:24.1045823Z ##[endgroup]
2022-08-29T18:47:24.1425268Z Started: bash /home/runner/work/_actions/stefanzweifel/git-auto-commit-action/v4/entrypoint.sh
2022-08-29T18:47:24.1478152Z INPUT_REPOSITORY value: .
2022-08-29T18:47:24.1478720Z INPUT_STATUS_OPTIONS: 
2022-08-29T18:47:24.1617639Z INPUT_BRANCH value: 
2022-08-29T18:47:24.5624833Z M	logs.txt
2022-08-29T18:47:24.5625519Z M	microprint.png
2022-08-29T18:47:24.5626828Z Your branch is up to date with 'origin/main'.
2022-08-29T18:47:24.5627387Z INPUT_ADD_OPTIONS: 
2022-08-29T18:47:24.5628472Z INPUT_FILE_PATTERN: .
2022-08-29T18:47:24.5660170Z INPUT_COMMIT_OPTIONS: 
2022-08-29T18:47:24.5706291Z INPUT_COMMIT_USER_NAME: github-actions[bot]
2022-08-29T18:47:24.5706701Z INPUT_COMMIT_USER_EMAIL: github-actions[bot]@users.noreply.github.com
2022-08-29T18:47:24.5706995Z INPUT_COMMIT_MESSAGE: Updated mid job microprint
2022-08-29T18:47:24.5707303Z INPUT_COMMIT_AUTHOR: AlphaSteam <AlphaSteam@users.noreply.github.com>
2022-08-29T18:47:24.5726142Z [main 99e675b] Updated mid job microprint
2022-08-29T18:47:24.5726568Z  Author: AlphaSteam <AlphaSteam@users.noreply.github.com>
2022-08-29T18:47:24.5727087Z  2 files changed, 5 insertions(+), 5 deletions(-)
2022-08-29T18:47:24.5748128Z INPUT_TAGGING_MESSAGE: 
2022-08-29T18:47:24.5749048Z No tagging message supplied. No tag will be added.
2022-08-29T18:47:24.5749443Z INPUT_PUSH_OPTIONS: 
2022-08-29T18:47:25.3162675Z To https://github.com/AlphaSteam/microprint
2022-08-29T18:47:25.3163658Z    db8dcbc..99e675b  main -> main
2022-08-29T18:47:25.3306076Z Post job cleanup.
2022-08-29T18:47:25.4649825Z [command]/usr/bin/git version
2022-08-29T18:47:25.4695214Z git version 2.37.2
2022-08-29T18:47:25.4741752Z Temporarily overriding HOME='/home/runner/work/_temp/63715692-bef4-4793-a009-1c70c0cdb4f5' before making global git config changes
2022-08-29T18:47:25.4742685Z Adding repository directory to the temporary git global config as a safe directory
2022-08-29T18:47:25.4748295Z [command]/usr/bin/git config --global --add safe.directory /home/runner/work/microprint/microprint
2022-08-29T18:47:25.4798539Z [command]/usr/bin/git config --local --name-only --get-regexp core\.sshCommand
2022-08-29T18:47:25.4838307Z [command]/usr/bin/git submodule foreach --recursive git config --local --name-only --get-regexp 'core\.sshCommand' && git config --local --unset-all 'core.sshCommand' || :
2022-08-29T18:47:25.5116261Z [command]/usr/bin/git config --local --name-only --get-regexp http\.https\:\/\/github\.com\/\.extraheader
2022-08-29T18:47:25.5195674Z http.https://github.com/.extraheader
2022-08-29T18:47:25.5209307Z [command]/usr/bin/git config --local --unset-all http.https://github.com/.extraheader
2022-08-29T18:47:25.5260635Z [command]/usr/bin/git submodule foreach --recursive git config --local --name-only --get-regexp 'http\.https\:\/\/github\.com\/\.extraheader' && git config --local --unset-all 'http.https://github.com/.extraheader' || :
2022-08-29T18:47:25.5843443Z Cleaning up orphan processes
