2022-10-16T09:44:01.6885019Z Requested labels: ubuntu-latest
2022-10-16T09:44:01.6885062Z Job defined at: AlphaSteam/microprint-generator/.github/workflows/generate_examples.yaml@refs/heads/matrix_actions
2022-10-16T09:44:01.6885078Z Waiting for a runner to pick up this job...
2022-10-16T09:44:02.0090324Z Job is waiting for a hosted runner to come online.
2022-10-16T09:44:06.6188190Z Job is about to start running on the hosted runner: Hosted Agent (hosted)
2022-10-16T09:44:09.3562054Z Current runner version: '2.298.2'
2022-10-16T09:44:09.3599008Z ##[group]Operating System
2022-10-16T09:44:09.3599872Z Ubuntu
2022-10-16T09:44:09.3600142Z 20.04.5
2022-10-16T09:44:09.3600468Z LTS
2022-10-16T09:44:09.3600931Z ##[endgroup]
2022-10-16T09:44:09.3601293Z ##[group]Runner Image
2022-10-16T09:44:09.3601635Z Image: ubuntu-20.04
2022-10-16T09:44:09.3602002Z Version: 20221002.2
2022-10-16T09:44:09.3602615Z Included Software: https://github.com/actions/runner-images/blob/ubuntu20/20221002.2/images/linux/Ubuntu2004-Readme.md
2022-10-16T09:44:09.3603462Z Image Release: https://github.com/actions/runner-images/releases/tag/ubuntu20%2F20221002.2
2022-10-16T09:44:09.3603882Z ##[endgroup]
2022-10-16T09:44:09.3604249Z ##[group]Runner Image Provisioner
2022-10-16T09:44:09.3604826Z 2.0.78.1
2022-10-16T09:44:09.3605372Z ##[endgroup]
2022-10-16T09:44:09.3606772Z ##[group]GITHUB_TOKEN Permissions
2022-10-16T09:44:09.3607736Z Actions: write
2022-10-16T09:44:09.3608058Z Checks: write
2022-10-16T09:44:09.3608851Z Contents: write
2022-10-16T09:44:09.3609601Z Deployments: write
2022-10-16T09:44:09.3609967Z Discussions: write
2022-10-16T09:44:09.3610363Z Issues: write
2022-10-16T09:44:09.3610708Z Metadata: read
2022-10-16T09:44:09.3611010Z Packages: write
2022-10-16T09:44:09.3611529Z Pages: write
2022-10-16T09:44:09.3611875Z PullRequests: write
2022-10-16T09:44:09.3612296Z RepositoryProjects: write
2022-10-16T09:44:09.3612629Z SecurityEvents: write
2022-10-16T09:44:09.3613882Z Statuses: write
2022-10-16T09:44:09.3614349Z ##[endgroup]
2022-10-16T09:44:09.3619280Z Secret source: Actions
2022-10-16T09:44:09.3619797Z Prepare workflow directory
2022-10-16T09:44:09.4685185Z Prepare all required actions
2022-10-16T09:44:09.4932747Z Getting action download info
2022-10-16T09:44:09.7503700Z Download action repository 'actions/checkout@v3' (SHA:93ea575cb5d8a053eaa0ac8fa3b40d7e05a33cc8)
2022-10-16T09:44:11.1046641Z Download action repository 'stefanzweifel/git-auto-commit-action@v4' (SHA:fd157da78fa13d9383e5580d1fd1184d89554b51)
2022-10-16T09:44:11.9707620Z Download action repository 'CasperWA/push-protected@v2' (SHA:6b25de805895da731062c43da647425fbb383128)
2022-10-16T09:44:13.0290558Z ##[group]Build container for action use: '/home/runner/work/_actions/CasperWA/push-protected/v2/Dockerfile'.
2022-10-16T09:44:13.0383390Z ##[command]/usr/bin/docker build -t 8d5581:42abdf6b928c4d52bbf4f787e1b3bee9 -f "/home/runner/work/_actions/CasperWA/push-protected/v2/Dockerfile" "/home/runner/work/_actions/CasperWA/push-protected/v2"
2022-10-16T09:44:13.2427405Z Sending build context to Docker daemon  113.2kB
2022-10-16T09:44:13.2428535Z 
2022-10-16T09:44:13.3104623Z Step 1/6 : FROM python:alpine
2022-10-16T09:44:14.5785224Z alpine: Pulling from library/python
2022-10-16T09:44:14.9308013Z 213ec9aee27d: Already exists
2022-10-16T09:44:14.9346948Z 47858aee13bf: Pulling fs layer
2022-10-16T09:44:14.9397806Z cfe0d6c6d05c: Pulling fs layer
2022-10-16T09:44:14.9398860Z 2df617b3dcd9: Pulling fs layer
2022-10-16T09:44:14.9399453Z 38da16a6ebe8: Pulling fs layer
2022-10-16T09:44:14.9399849Z 38da16a6ebe8: Waiting
2022-10-16T09:44:15.2551038Z 2df617b3dcd9: Verifying Checksum
2022-10-16T09:44:15.2552516Z 2df617b3dcd9: Download complete
2022-10-16T09:44:15.2602769Z 47858aee13bf: Verifying Checksum
2022-10-16T09:44:15.2617708Z 47858aee13bf: Download complete
2022-10-16T09:44:15.3535949Z cfe0d6c6d05c: Verifying Checksum
2022-10-16T09:44:15.3536480Z cfe0d6c6d05c: Download complete
2022-10-16T09:44:15.6633000Z 38da16a6ebe8: Verifying Checksum
2022-10-16T09:44:15.6634945Z 38da16a6ebe8: Download complete
2022-10-16T09:44:15.9017725Z 47858aee13bf: Pull complete
2022-10-16T09:44:16.6537522Z cfe0d6c6d05c: Pull complete
2022-10-16T09:44:16.7236597Z 2df617b3dcd9: Pull complete
2022-10-16T09:44:17.1404698Z 38da16a6ebe8: Pull complete
2022-10-16T09:44:17.1514406Z Digest: sha256:3bfac1caa31cc6c0e796b65ba936f320d1e549d80f5ac02c2e4f83a0f04af3aa
2022-10-16T09:44:17.1550101Z Status: Downloaded newer image for python:alpine
2022-10-16T09:44:17.1568116Z  ---> 880fc229346e
2022-10-16T09:44:17.1569157Z Step 2/6 : COPY README.md setup.py requirements*.txt ./
2022-10-16T09:44:18.0261761Z  ---> 210717679a6d
2022-10-16T09:44:18.0262461Z Step 3/6 : COPY push_action ./push_action
2022-10-16T09:44:19.0201635Z  ---> 9afc9b6023d5
2022-10-16T09:44:19.0203049Z Step 4/6 : RUN apk update     && apk add --no-cache git git-lfs bash     && pip install -U -e .
2022-10-16T09:44:19.0535309Z  ---> Running in 01b9543671ec
2022-10-16T09:44:19.7661215Z fetch https://dl-cdn.alpinelinux.org/alpine/v3.16/main/x86_64/APKINDEX.tar.gz
2022-10-16T09:44:20.1810821Z fetch https://dl-cdn.alpinelinux.org/alpine/v3.16/community/x86_64/APKINDEX.tar.gz
2022-10-16T09:44:20.4830597Z v3.16.2-301-g3f9d0a65f8 [https://dl-cdn.alpinelinux.org/alpine/v3.16/main]
2022-10-16T09:44:20.4831388Z v3.16.2-301-g3f9d0a65f8 [https://dl-cdn.alpinelinux.org/alpine/v3.16/community]
2022-10-16T09:44:20.4832092Z OK: 17037 distinct packages available
2022-10-16T09:44:20.5301982Z fetch https://dl-cdn.alpinelinux.org/alpine/v3.16/main/x86_64/APKINDEX.tar.gz
2022-10-16T09:44:20.6165188Z fetch https://dl-cdn.alpinelinux.org/alpine/v3.16/community/x86_64/APKINDEX.tar.gz
2022-10-16T09:44:20.9320659Z (1/7) Installing bash (5.1.16-r2)
2022-10-16T09:44:20.9538758Z Executing bash-5.1.16-r2.post-install
2022-10-16T09:44:20.9567018Z (2/7) Installing brotli-libs (1.0.9-r6)
2022-10-16T09:44:20.9890625Z (3/7) Installing nghttp2-libs (1.47.0-r0)
2022-10-16T09:44:20.9930166Z (4/7) Installing libcurl (7.83.1-r3)
2022-10-16T09:44:21.0043361Z (5/7) Installing pcre2 (10.40-r0)
2022-10-16T09:44:21.0154137Z (6/7) Installing git (2.36.2-r0)
2022-10-16T09:44:21.1640572Z (7/7) Installing git-lfs (3.1.4-r5)
2022-10-16T09:44:21.2711057Z Executing git-lfs-3.1.4-r5.post-install
2022-10-16T09:44:21.2898563Z Git LFS initialized.
2022-10-16T09:44:21.2912207Z Executing busybox-1.35.0-r17.trigger
2022-10-16T09:44:21.3081282Z OK: 39 MiB in 43 packages
2022-10-16T09:44:24.0851497Z Obtaining file:///
2022-10-16T09:44:24.0867690Z   Preparing metadata (setup.py): started
2022-10-16T09:44:24.8729338Z   Preparing metadata (setup.py): finished with status 'done'
2022-10-16T09:44:24.9561046Z Collecting requests~=2.28
2022-10-16T09:44:24.9864297Z   Downloading requests-2.28.1-py3-none-any.whl (62 kB)
2022-10-16T09:44:24.9979133Z      â”â”â”â”â”â”â”â”â”â”â”â”â”â”â”â”â”â”â”â”â”â”â”â”â”â”â”â”â”â”â”â”â”â”â”â”â”â”â”â” 62.8/62.8 kB 7.3 MB/s eta 0:00:00
2022-10-16T09:44:25.0810349Z Collecting certifi>=2017.4.17
2022-10-16T09:44:25.0866107Z   Downloading certifi-2022.9.24-py3-none-any.whl (161 kB)
2022-10-16T09:44:25.0867511Z      â”â”â”â”â”â”â”â”â”â”â”â”â”â”â”â”â”â”â”â”â”â”â”â”â”â”â”â”â”â”â”â”â”â”â”â”â”â” 161.1/161.1 kB 15.6 MB/s eta 0:00:00
2022-10-16T09:44:25.1194978Z Collecting urllib3<1.27,>=1.21.1
2022-10-16T09:44:25.1244011Z   Downloading urllib3-1.26.12-py2.py3-none-any.whl (140 kB)
2022-10-16T09:44:25.1340277Z      â”â”â”â”â”â”â”â”â”â”â”â”â”â”â”â”â”â”â”â”â”â”â”â”â”â”â”â”â”â”â”â”â”â”â”â”â”â” 140.4/140.4 kB 21.1 MB/s eta 0:00:00
2022-10-16T09:44:25.1860455Z Collecting charset-normalizer<3,>=2
2022-10-16T09:44:25.1909542Z   Downloading charset_normalizer-2.1.1-py3-none-any.whl (39 kB)
2022-10-16T09:44:25.2204420Z Collecting idna<4,>=2.5
2022-10-16T09:44:25.2248669Z   Downloading idna-3.4-py3-none-any.whl (61 kB)
2022-10-16T09:44:25.2333563Z      â”â”â”â”â”â”â”â”â”â”â”â”â”â”â”â”â”â”â”â”â”â”â”â”â”â”â”â”â”â”â”â”â”â”â”â”â”â”â”â” 61.5/61.5 kB 13.1 MB/s eta 0:00:00
2022-10-16T09:44:25.3567319Z Installing collected packages: urllib3, idna, charset-normalizer, certifi, requests, push-action
2022-10-16T09:44:25.8025989Z   Running setup.py develop for push-action
2022-10-16T09:44:26.3112106Z Successfully installed certifi-2022.9.24 charset-normalizer-2.1.1 idna-3.4 push-action-2.14.0 requests-2.28.1 urllib3-1.26.12
2022-10-16T09:44:26.3112945Z [91mWARNING: Running pip as the 'root' user can result in broken permissions and conflicting behaviour with the system package manager. It is recommended to use a virtual environment instead: https://pip.pypa.io/warnings/venv
2022-10-16T09:44:26.4033736Z [0m[91m
2022-10-16T09:44:26.4034573Z [notice] A new release of pip available: 22.2.2 -> 22.3
2022-10-16T09:44:26.4035387Z [notice] To update, run: pip install --upgrade pip
2022-10-16T09:44:27.9272803Z [0mRemoving intermediate container 01b9543671ec
2022-10-16T09:44:27.9273129Z  ---> 3d445e2d56dc
2022-10-16T09:44:27.9273433Z Step 5/6 : COPY entrypoint.sh ./
2022-10-16T09:44:28.3001890Z  ---> 9b26501a1ed3
2022-10-16T09:44:28.3002551Z Step 6/6 : ENTRYPOINT [ "/entrypoint.sh" ]
2022-10-16T09:44:28.3349631Z  ---> Running in 7031ae5640cc
2022-10-16T09:44:29.0224103Z Removing intermediate container 7031ae5640cc
2022-10-16T09:44:29.0224696Z  ---> 936df85c513a
2022-10-16T09:44:29.0234245Z Successfully built 936df85c513a
2022-10-16T09:44:29.0330993Z Successfully tagged 8d5581:42abdf6b928c4d52bbf4f787e1b3bee9
2022-10-16T09:44:29.0354416Z ##[endgroup]
2022-10-16T09:44:29.0891408Z ##[group]Run actions/checkout@v3
2022-10-16T09:44:29.0891918Z with:
2022-10-16T09:44:29.0892417Z   repository: AlphaSteam/microprint-generator
2022-10-16T09:44:29.0893038Z   token: ***
2022-10-16T09:44:29.0893297Z   ssh-strict: true
2022-10-16T09:44:29.0893563Z   persist-credentials: true
2022-10-16T09:44:29.0893834Z   clean: true
2022-10-16T09:44:29.0894087Z   fetch-depth: 1
2022-10-16T09:44:29.0894330Z   lfs: false
2022-10-16T09:44:29.0894549Z   submodules: false
2022-10-16T09:44:29.0894821Z   set-safe-directory: true
2022-10-16T09:44:29.0895196Z ##[endgroup]
2022-10-16T09:44:29.5183199Z Syncing repository: AlphaSteam/microprint-generator
2022-10-16T09:44:29.5186050Z ##[group]Getting Git version info
2022-10-16T09:44:29.5186900Z Working directory is '/home/runner/work/microprint-generator/microprint-generator'
2022-10-16T09:44:29.5187576Z [command]/usr/bin/git version
2022-10-16T09:44:29.5342488Z git version 2.37.3
2022-10-16T09:44:29.5383577Z ##[endgroup]
2022-10-16T09:44:29.5411820Z Temporarily overriding HOME='/home/runner/work/_temp/ee2d7764-9508-410f-ba75-eaf259a38293' before making global git config changes
2022-10-16T09:44:29.5412404Z Adding repository directory to the temporary git global config as a safe directory
2022-10-16T09:44:29.5413135Z [command]/usr/bin/git config --global --add safe.directory /home/runner/work/microprint-generator/microprint-generator
2022-10-16T09:44:29.5478549Z Deleting the contents of '/home/runner/work/microprint-generator/microprint-generator'
2022-10-16T09:44:29.5486301Z ##[group]Initializing the repository
2022-10-16T09:44:29.5491548Z [command]/usr/bin/git init /home/runner/work/microprint-generator/microprint-generator
2022-10-16T09:44:29.5611734Z hint: Using 'master' as the name for the initial branch. This default branch name
2022-10-16T09:44:29.5612282Z hint: is subject to change. To configure the initial branch name to use in all
2022-10-16T09:44:29.5612757Z hint: of your new repositories, which will suppress this warning, call:
2022-10-16T09:44:29.5614733Z hint: 
2022-10-16T09:44:29.5616139Z hint: 	git config --global init.defaultBranch <name>
2022-10-16T09:44:29.5616708Z hint: 
2022-10-16T09:44:29.5617351Z hint: Names commonly chosen instead of 'master' are 'main', 'trunk' and
2022-10-16T09:44:29.5617985Z hint: 'development'. The just-created branch can be renamed via this command:
2022-10-16T09:44:29.5618536Z hint: 
2022-10-16T09:44:29.5618955Z hint: 	git branch -m <name>
2022-10-16T09:44:29.5631697Z Initialized empty Git repository in /home/runner/work/microprint-generator/microprint-generator/.git/
2022-10-16T09:44:29.5647411Z [command]/usr/bin/git remote add origin https://github.com/AlphaSteam/microprint-generator
2022-10-16T09:44:29.5717243Z ##[endgroup]
2022-10-16T09:44:29.5717860Z ##[group]Disabling automatic garbage collection
2022-10-16T09:44:29.5733279Z [command]/usr/bin/git config --local gc.auto 0
2022-10-16T09:44:29.5786365Z ##[endgroup]
2022-10-16T09:44:29.5791432Z ##[group]Setting up auth
2022-10-16T09:44:29.5803820Z [command]/usr/bin/git config --local --name-only --get-regexp core\.sshCommand
2022-10-16T09:44:29.5856647Z [command]/usr/bin/git submodule foreach --recursive git config --local --name-only --get-regexp 'core\.sshCommand' && git config --local --unset-all 'core.sshCommand' || :
2022-10-16T09:44:29.6389430Z [command]/usr/bin/git config --local --name-only --get-regexp http\.https\:\/\/github\.com\/\.extraheader
2022-10-16T09:44:29.6437665Z [command]/usr/bin/git submodule foreach --recursive git config --local --name-only --get-regexp 'http\.https\:\/\/github\.com\/\.extraheader' && git config --local --unset-all 'http.https://github.com/.extraheader' || :
2022-10-16T09:44:29.6740446Z [command]/usr/bin/git config --local http.https://github.com/.extraheader AUTHORIZATION: basic ***
2022-10-16T09:44:29.6809104Z ##[endgroup]
2022-10-16T09:44:29.6810933Z ##[group]Fetching the repository
2022-10-16T09:44:29.6823672Z [command]/usr/bin/git -c protocol.version=2 fetch --no-tags --prune --progress --no-recurse-submodules --depth=1 origin +cc5d0719991559d5e4c8f45ec74d5f1fad0708fa:refs/remotes/origin/matrix_actions
2022-10-16T09:44:30.2695584Z remote: Enumerating objects: 61, done.        
2022-10-16T09:44:30.2696244Z remote: Counting objects:   1% (1/61)        
2022-10-16T09:44:30.2696807Z remote: Counting objects:   3% (2/61)        
2022-10-16T09:44:30.2697424Z remote: Counting objects:   4% (3/61)        
2022-10-16T09:44:30.2698421Z remote: Counting objects:   6% (4/61)        
2022-10-16T09:44:30.2700619Z remote: Counting objects:   8% (5/61)        
2022-10-16T09:44:30.2701196Z remote: Counting objects:   9% (6/61)        
2022-10-16T09:44:30.2701662Z remote: Counting objects:  11% (7/61)        
2022-10-16T09:44:30.2701963Z remote: Counting objects:  13% (8/61)        
2022-10-16T09:44:30.2702279Z remote: Counting objects:  14% (9/61)        
2022-10-16T09:44:30.2702579Z remote: Counting objects:  16% (10/61)        
2022-10-16T09:44:30.2702879Z remote: Counting objects:  18% (11/61)        
2022-10-16T09:44:30.2703190Z remote: Counting objects:  19% (12/61)        
2022-10-16T09:44:30.2703477Z remote: Counting objects:  21% (13/61)        
2022-10-16T09:44:30.2703777Z remote: Counting objects:  22% (14/61)        
2022-10-16T09:44:30.2704072Z remote: Counting objects:  24% (15/61)        
2022-10-16T09:44:30.2704369Z remote: Counting objects:  26% (16/61)        
2022-10-16T09:44:30.2704652Z remote: Counting objects:  27% (17/61)        
2022-10-16T09:44:30.2704949Z remote: Counting objects:  29% (18/61)        
2022-10-16T09:44:30.2705242Z remote: Counting objects:  31% (19/61)        
2022-10-16T09:44:30.2705532Z remote: Counting objects:  32% (20/61)        
2022-10-16T09:44:30.2705823Z remote: Counting objects:  34% (21/61)        
2022-10-16T09:44:30.2706099Z remote: Counting objects:  36% (22/61)        
2022-10-16T09:44:30.2706389Z remote: Counting objects:  37% (23/61)        
2022-10-16T09:44:30.2706682Z remote: Counting objects:  39% (24/61)        
2022-10-16T09:44:30.2707052Z remote: Counting objects:  40% (25/61)        
2022-10-16T09:44:30.2707328Z remote: Counting objects:  42% (26/61)        
2022-10-16T09:44:30.2707617Z remote: Counting objects:  44% (27/61)        
2022-10-16T09:44:30.2707907Z remote: Counting objects:  45% (28/61)        
2022-10-16T09:44:30.2708231Z remote: Counting objects:  47% (29/61)        
2022-10-16T09:44:30.2708506Z remote: Counting objects:  49% (30/61)        
2022-10-16T09:44:30.2708801Z remote: Counting objects:  50% (31/61)        
2022-10-16T09:44:30.2709091Z remote: Counting objects:  52% (32/61)        
2022-10-16T09:44:30.2709387Z remote: Counting objects:  54% (33/61)        
2022-10-16T09:44:30.2709837Z remote: Counting objects:  55% (34/61)        
2022-10-16T09:44:30.2710119Z remote: Counting objects:  57% (35/61)        
2022-10-16T09:44:30.2710589Z remote: Counting objects:  59% (36/61)        
2022-10-16T09:44:30.2710880Z remote: Counting objects:  60% (37/61)        
2022-10-16T09:44:30.2711151Z remote: Counting objects:  62% (38/61)        
2022-10-16T09:44:30.2711442Z remote: Counting objects:  63% (39/61)        
2022-10-16T09:44:30.2712351Z remote: Counting objects:  65% (40/61)        
2022-10-16T09:44:30.2717851Z remote: Counting objects:  67% (41/61)        
2022-10-16T09:44:30.2718160Z remote: Counting objects:  68% (42/61)        
2022-10-16T09:44:30.2718472Z remote: Counting objects:  70% (43/61)        
2022-10-16T09:44:30.2719218Z remote: Counting objects:  72% (44/61)        
2022-10-16T09:44:30.2719535Z remote: Counting objects:  73% (45/61)        
2022-10-16T09:44:30.2719832Z remote: Counting objects:  75% (46/61)        
2022-10-16T09:44:30.2720144Z remote: Counting objects:  77% (47/61)        
2022-10-16T09:44:30.2720456Z remote: Counting objects:  78% (48/61)        
2022-10-16T09:44:30.2720769Z remote: Counting objects:  80% (49/61)        
2022-10-16T09:44:30.2721224Z remote: Counting objects:  81% (50/61)        
2022-10-16T09:44:30.2721733Z remote: Counting objects:  83% (51/61)        
2022-10-16T09:44:30.2722317Z remote: Counting objects:  85% (52/61)        
2022-10-16T09:44:30.2722651Z remote: Counting objects:  86% (53/61)        
2022-10-16T09:44:30.2722944Z remote: Counting objects:  88% (54/61)        
2022-10-16T09:44:30.2723256Z remote: Counting objects:  90% (55/61)        
2022-10-16T09:44:30.2723566Z remote: Counting objects:  91% (56/61)        
2022-10-16T09:44:30.2723875Z remote: Counting objects:  93% (57/61)        
2022-10-16T09:44:30.2724176Z remote: Counting objects:  95% (58/61)        
2022-10-16T09:44:30.2724486Z remote: Counting objects:  96% (59/61)        
2022-10-16T09:44:30.2724796Z remote: Counting objects:  98% (60/61)        
2022-10-16T09:44:30.2725106Z remote: Counting objects: 100% (61/61)        
2022-10-16T09:44:30.2725432Z remote: Counting objects: 100% (61/61), done.        
2022-10-16T09:44:30.2725777Z remote: Compressing objects:   2% (1/47)        
2022-10-16T09:44:30.2726118Z remote: Compressing objects:   4% (2/47)        
2022-10-16T09:44:30.2726687Z remote: Compressing objects:   6% (3/47)        
2022-10-16T09:44:30.2727045Z remote: Compressing objects:   8% (4/47)        
2022-10-16T09:44:30.2727382Z remote: Compressing objects:  10% (5/47)        
2022-10-16T09:44:30.2727694Z remote: Compressing objects:  12% (6/47)        
2022-10-16T09:44:30.2731850Z remote: Compressing objects:  14% (7/47)        
2022-10-16T09:44:30.2732618Z remote: Compressing objects:  17% (8/47)        
2022-10-16T09:44:30.2733536Z remote: Compressing objects:  19% (9/47)        
2022-10-16T09:44:30.2733931Z remote: Compressing objects:  21% (10/47)        
2022-10-16T09:44:30.2734261Z remote: Compressing objects:  23% (11/47)        
2022-10-16T09:44:30.3276257Z remote: Compressing objects:  25% (12/47)        
2022-10-16T09:44:30.3276664Z remote: Compressing objects:  27% (13/47)        
2022-10-16T09:44:30.3276978Z remote: Compressing objects:  29% (14/47)        
2022-10-16T09:44:30.3277307Z remote: Compressing objects:  31% (15/47)        
2022-10-16T09:44:30.3277629Z remote: Compressing objects:  34% (16/47)        
2022-10-16T09:44:30.3277974Z remote: Compressing objects:  36% (17/47)        
2022-10-16T09:44:30.3278284Z remote: Compressing objects:  38% (18/47)        
2022-10-16T09:44:30.3278606Z remote: Compressing objects:  40% (19/47)        
2022-10-16T09:44:30.3279112Z remote: Compressing objects:  42% (20/47)        
2022-10-16T09:44:30.3279448Z remote: Compressing objects:  44% (21/47)        
2022-10-16T09:44:30.3279776Z remote: Compressing objects:  46% (22/47)        
2022-10-16T09:44:30.3280264Z remote: Compressing objects:  48% (23/47)        
2022-10-16T09:44:30.3280582Z remote: Compressing objects:  51% (24/47)        
2022-10-16T09:44:30.3281103Z remote: Compressing objects:  53% (25/47)        
2022-10-16T09:44:30.3281413Z remote: Compressing objects:  55% (26/47)        
2022-10-16T09:44:30.3281745Z remote: Compressing objects:  57% (27/47)        
2022-10-16T09:44:30.3282074Z remote: Compressing objects:  59% (28/47)        
2022-10-16T09:44:30.3282401Z remote: Compressing objects:  61% (29/47)        
2022-10-16T09:44:30.3282734Z remote: Compressing objects:  63% (30/47)        
2022-10-16T09:44:30.3283051Z remote: Compressing objects:  65% (31/47)        
2022-10-16T09:44:30.3283377Z remote: Compressing objects:  68% (32/47)        
2022-10-16T09:44:30.3283702Z remote: Compressing objects:  70% (33/47)        
2022-10-16T09:44:30.3284030Z remote: Compressing objects:  72% (34/47)        
2022-10-16T09:44:30.3284776Z remote: Compressing objects:  74% (35/47)        
2022-10-16T09:44:30.3285108Z remote: Compressing objects:  76% (36/47)        
2022-10-16T09:44:30.3285435Z remote: Compressing objects:  78% (37/47)        
2022-10-16T09:44:30.3285769Z remote: Compressing objects:  80% (38/47)        
2022-10-16T09:44:30.3286081Z remote: Compressing objects:  82% (39/47)        
2022-10-16T09:44:30.3286410Z remote: Compressing objects:  85% (40/47)        
2022-10-16T09:44:30.3287013Z remote: Compressing objects:  87% (41/47)        
2022-10-16T09:44:30.3287344Z remote: Compressing objects:  89% (42/47)        
2022-10-16T09:44:30.3287799Z remote: Compressing objects:  91% (43/47)        
2022-10-16T09:44:30.3288149Z remote: Compressing objects:  93% (44/47)        
2022-10-16T09:44:30.3288478Z remote: Compressing objects:  95% (45/47)        
2022-10-16T09:44:30.3288810Z remote: Compressing objects:  97% (46/47)        
2022-10-16T09:44:30.3289123Z remote: Compressing objects: 100% (47/47)        
2022-10-16T09:44:30.3289477Z remote: Compressing objects: 100% (47/47), done.        
2022-10-16T09:44:30.6396157Z remote: Total 61 (delta 9), reused 47 (delta 3), pack-reused 0        
2022-10-16T09:44:30.6677733Z From https://github.com/AlphaSteam/microprint-generator
2022-10-16T09:44:30.6678718Z  * [new ref]         cc5d0719991559d5e4c8f45ec74d5f1fad0708fa -> origin/matrix_actions
2022-10-16T09:44:30.6719230Z ##[endgroup]
2022-10-16T09:44:30.6719980Z ##[group]Determining the checkout info
2022-10-16T09:44:30.6722891Z ##[endgroup]
2022-10-16T09:44:30.6725962Z ##[group]Checking out the ref
2022-10-16T09:44:30.6746130Z [command]/usr/bin/git checkout --progress --force -B matrix_actions refs/remotes/origin/matrix_actions
2022-10-16T09:44:30.7028348Z Switched to a new branch 'matrix_actions'
2022-10-16T09:44:30.7030326Z branch 'matrix_actions' set up to track 'origin/matrix_actions'.
2022-10-16T09:44:30.7040517Z ##[endgroup]
2022-10-16T09:44:30.7099549Z [command]/usr/bin/git log -1 --format='%H'
2022-10-16T09:44:30.7160703Z 'cc5d0719991559d5e4c8f45ec74d5f1fad0708fa'
2022-10-16T09:44:30.7667512Z ##[group]Run ./
2022-10-16T09:44:30.7667793Z with:
2022-10-16T09:44:30.7668041Z   microprint_render_method: raster
2022-10-16T09:44:30.7668311Z   log_path: ./Examples/Mid-job/logs
2022-10-16T09:44:30.7668627Z   microprint_path: ./Examples/Mid-job/microprint
2022-10-16T09:44:30.7668953Z   microprint_config_path: ./Examples/Mid-job/
2022-10-16T09:44:30.7669289Z   repository: AlphaSteam/microprint-generator
2022-10-16T09:44:30.7669848Z   github_token: ***
2022-10-16T09:44:30.7670118Z   job_name: generate_microprint_mid_job_matrix
2022-10-16T09:44:30.7670408Z   ref: refs/heads/matrix_actions
2022-10-16T09:44:30.7670657Z   log_filename: logs
2022-10-16T09:44:30.7670885Z   save_log: true
2022-10-16T09:44:30.7671117Z   microprint_filename: microprint
2022-10-16T09:44:30.7671402Z   microprint_config_filename: config
2022-10-16T09:44:30.7671706Z   generate_microprint_visualizer_link: true
2022-10-16T09:44:30.7672064Z   microprint_visualizer_link_filename: microprint_visualizer
2022-10-16T09:44:30.7672589Z   microprint_visualizer_link_path: ./
2022-10-16T09:44:30.7672901Z   matrix: {
  "os": "ubuntu-latest",
  "version": 1.6
}
2022-10-16T09:44:30.7673145Z ##[endgroup]
2022-10-16T09:44:30.7833567Z ##[group]Building docker image
2022-10-16T09:44:30.7834002Z Dockerfile for action: '/home/runner/work/microprint-generator/microprint-generator/./Dockerfile'.
2022-10-16T09:44:30.7835732Z ##[command]/usr/bin/docker build -t 8d5581:7d818c3497a45ba67a7777cea1100d98 -f "/home/runner/work/microprint-generator/microprint-generator/./Dockerfile" "/home/runner/work/microprint-generator/microprint-generator"
2022-10-16T09:44:30.9019201Z Sending build context to Docker daemon  3.628MB
2022-10-16T09:44:30.9019942Z 
2022-10-16T09:44:30.9056800Z Step 1/6 : FROM python:3
2022-10-16T09:44:32.1945347Z 3: Pulling from library/python
2022-10-16T09:44:32.5296077Z f606d8928ed3: Pulling fs layer
2022-10-16T09:44:32.5296827Z 47db815c6a45: Pulling fs layer
2022-10-16T09:44:32.5297787Z bf4849400000: Pulling fs layer
2022-10-16T09:44:32.5298437Z a572f7a256d3: Pulling fs layer
2022-10-16T09:44:32.5299285Z 8f7d05258955: Pulling fs layer
2022-10-16T09:44:32.5299629Z 7110f04115ae: Pulling fs layer
2022-10-16T09:44:32.5299899Z 967c89122295: Pulling fs layer
2022-10-16T09:44:32.5300171Z 9f28dfdab382: Pulling fs layer
2022-10-16T09:44:32.5300429Z 5e971b2ac572: Pulling fs layer
2022-10-16T09:44:32.5300687Z 7110f04115ae: Waiting
2022-10-16T09:44:32.5300938Z 967c89122295: Waiting
2022-10-16T09:44:32.5301174Z 9f28dfdab382: Waiting
2022-10-16T09:44:32.5301394Z 5e971b2ac572: Waiting
2022-10-16T09:44:32.5301627Z a572f7a256d3: Waiting
2022-10-16T09:44:32.5301856Z 8f7d05258955: Waiting
2022-10-16T09:44:32.8993882Z 47db815c6a45: Verifying Checksum
2022-10-16T09:44:32.8994337Z 47db815c6a45: Download complete
2022-10-16T09:44:32.9658462Z bf4849400000: Verifying Checksum
2022-10-16T09:44:32.9658844Z bf4849400000: Download complete
2022-10-16T09:44:33.3003400Z f606d8928ed3: Verifying Checksum
2022-10-16T09:44:33.3039899Z f606d8928ed3: Download complete
2022-10-16T09:44:33.7118329Z 7110f04115ae: Verifying Checksum
2022-10-16T09:44:33.7118682Z 7110f04115ae: Download complete
2022-10-16T09:44:33.7156042Z a572f7a256d3: Verifying Checksum
2022-10-16T09:44:33.7156370Z a572f7a256d3: Download complete
2022-10-16T09:44:34.0341492Z 9f28dfdab382: Verifying Checksum
2022-10-16T09:44:34.0344208Z 9f28dfdab382: Download complete
2022-10-16T09:44:34.2699376Z 967c89122295: Verifying Checksum
2022-10-16T09:44:34.2700195Z 967c89122295: Download complete
2022-10-16T09:44:34.4244568Z 5e971b2ac572: Verifying Checksum
2022-10-16T09:44:34.4245366Z 5e971b2ac572: Download complete
2022-10-16T09:44:36.0368378Z 8f7d05258955: Verifying Checksum
2022-10-16T09:44:36.0368962Z 8f7d05258955: Download complete
2022-10-16T09:44:36.5231746Z f606d8928ed3: Pull complete
2022-10-16T09:44:39.3105493Z 47db815c6a45: Pull complete
2022-10-16T09:44:39.6650975Z bf4849400000: Pull complete
2022-10-16T09:44:43.1571389Z a572f7a256d3: Pull complete
2022-10-16T09:44:53.1955166Z 8f7d05258955: Pull complete
2022-10-16T09:44:53.6954941Z 7110f04115ae: Pull complete
2022-10-16T09:44:54.5987239Z 967c89122295: Pull complete
2022-10-16T09:44:54.6625717Z 9f28dfdab382: Pull complete
2022-10-16T09:44:54.9654195Z 5e971b2ac572: Pull complete
2022-10-16T09:44:54.9723091Z Digest: sha256:3e15ea73ac5c1f9408d8dc9eeb8297ece8e727f3004129a829519230c7de720c
2022-10-16T09:44:54.9744253Z Status: Downloaded newer image for python:3
2022-10-16T09:44:54.9763367Z  ---> f05c8762fe15
2022-10-16T09:44:54.9764589Z Step 2/6 : COPY requirements.txt /requirements.txt
2022-10-16T09:44:56.3072225Z  ---> 1618b9584d13
2022-10-16T09:44:56.3072614Z Step 3/6 : RUN pip install -r /requirements.txt
2022-10-16T09:44:56.3419613Z  ---> Running in 40f0d383c147
2022-10-16T09:44:58.7489100Z Collecting pillow
2022-10-16T09:44:58.7896702Z   Downloading Pillow-9.2.0-cp310-cp310-manylinux_2_28_x86_64.whl (3.2 MB)
2022-10-16T09:44:58.8575807Z      â”â”â”â”â”â”â”â”â”â”â”â”â”â”â”â”â”â”â”â”â”â”â”â”â”â”â”â”â”â”â”â”â”â”â”â”â”â”â”â” 3.2/3.2 MB 49.7 MB/s eta 0:00:00
2022-10-16T09:44:58.9310183Z Collecting requests
2022-10-16T09:44:58.9362397Z   Downloading requests-2.28.1-py3-none-any.whl (62 kB)
2022-10-16T09:44:58.9438551Z      â”â”â”â”â”â”â”â”â”â”â”â”â”â”â”â”â”â”â”â”â”â”â”â”â”â”â”â”â”â”â”â”â”â”â”â”â”â”â”â” 62.8/62.8 kB 15.2 MB/s eta 0:00:00
2022-10-16T09:44:58.9714932Z Collecting svgwrite
2022-10-16T09:44:58.9797502Z   Downloading svgwrite-1.4.3-py3-none-any.whl (67 kB)
2022-10-16T09:44:58.9890168Z      â”â”â”â”â”â”â”â”â”â”â”â”â”â”â”â”â”â”â”â”â”â”â”â”â”â”â”â”â”â”â”â”â”â”â”â”â”â”â”â” 67.1/67.1 kB 11.7 MB/s eta 0:00:00
2022-10-16T09:44:59.0367785Z Collecting markdown-it-py[plugins]
2022-10-16T09:44:59.0437238Z   Downloading markdown_it_py-2.1.0-py3-none-any.whl (84 kB)
2022-10-16T09:44:59.0506034Z      â”â”â”â”â”â”â”â”â”â”â”â”â”â”â”â”â”â”â”â”â”â”â”â”â”â”â”â”â”â”â”â”â”â”â”â”â”â”â”â” 84.5/84.5 kB 20.3 MB/s eta 0:00:00
2022-10-16T09:44:59.1362246Z Collecting charset-normalizer<3,>=2
2022-10-16T09:44:59.1408895Z   Downloading charset_normalizer-2.1.1-py3-none-any.whl (39 kB)
2022-10-16T09:44:59.1772218Z Collecting certifi>=2017.4.17
2022-10-16T09:44:59.1821244Z   Downloading certifi-2022.9.24-py3-none-any.whl (161 kB)
2022-10-16T09:44:59.1904895Z      â”â”â”â”â”â”â”â”â”â”â”â”â”â”â”â”â”â”â”â”â”â”â”â”â”â”â”â”â”â”â”â”â”â”â”â”â”â” 161.1/161.1 kB 35.2 MB/s eta 0:00:00
2022-10-16T09:44:59.2180199Z Collecting idna<4,>=2.5
2022-10-16T09:44:59.2231300Z   Downloading idna-3.4-py3-none-any.whl (61 kB)
2022-10-16T09:44:59.2291829Z      â”â”â”â”â”â”â”â”â”â”â”â”â”â”â”â”â”â”â”â”â”â”â”â”â”â”â”â”â”â”â”â”â”â”â”â”â”â”â”â” 61.5/61.5 kB 18.6 MB/s eta 0:00:00
2022-10-16T09:44:59.2870508Z Collecting urllib3<1.27,>=1.21.1
2022-10-16T09:44:59.2914235Z   Downloading urllib3-1.26.12-py2.py3-none-any.whl (140 kB)
2022-10-16T09:44:59.2988886Z      â”â”â”â”â”â”â”â”â”â”â”â”â”â”â”â”â”â”â”â”â”â”â”â”â”â”â”â”â”â”â”â”â”â”â”â”â”â” 140.4/140.4 kB 33.6 MB/s eta 0:00:00
2022-10-16T09:44:59.3530005Z Collecting mdurl~=0.1
2022-10-16T09:44:59.3571094Z   Downloading mdurl-0.1.2-py3-none-any.whl (10.0 kB)
2022-10-16T09:44:59.3817452Z Collecting mdit-py-plugins
2022-10-16T09:44:59.3863259Z   Downloading mdit_py_plugins-0.3.1-py3-none-any.whl (46 kB)
2022-10-16T09:44:59.3935183Z      â”â”â”â”â”â”â”â”â”â”â”â”â”â”â”â”â”â”â”â”â”â”â”â”â”â”â”â”â”â”â”â”â”â”â”â”â”â”â”â” 46.5/46.5 kB 9.0 MB/s eta 0:00:00
2022-10-16T09:44:59.5954767Z Installing collected packages: urllib3, svgwrite, pillow, mdurl, idna, charset-normalizer, certifi, requests, markdown-it-py, mdit-py-plugins
2022-10-16T09:45:00.4176511Z Successfully installed certifi-2022.9.24 charset-normalizer-2.1.1 idna-3.4 markdown-it-py-2.1.0 mdit-py-plugins-0.3.1 mdurl-0.1.2 pillow-9.2.0 requests-2.28.1 svgwrite-1.4.3 urllib3-1.26.12
2022-10-16T09:45:00.4177616Z [91mWARNING: Running pip as the 'root' user can result in broken permissions and conflicting behaviour with the system package manager. It is recommended to use a virtual environment instead: https://pip.pypa.io/warnings/venv
2022-10-16T09:45:00.5124604Z [0m[91m
2022-10-16T09:45:00.5124963Z [notice] A new release of pip available: 22.2.2 -> 22.3
2022-10-16T09:45:00.5125318Z [notice] To update, run: pip install --upgrade pip
2022-10-16T09:45:02.7487680Z [0mRemoving intermediate container 40f0d383c147
2022-10-16T09:45:02.7500134Z  ---> 883f396f6a7b
2022-10-16T09:45:02.7500506Z Step 4/6 : COPY script.py /script.py
2022-10-16T09:45:04.1471691Z  ---> 5ec24b996b50
2022-10-16T09:45:04.1472166Z Step 5/6 : COPY microprint_generator.py /microprint_generator.py
2022-10-16T09:45:05.5659107Z  ---> 688e5d8887cd
2022-10-16T09:45:05.5659564Z Step 6/6 : CMD ["python", "/script.py"]
2022-10-16T09:45:05.5956865Z  ---> Running in 8a8da29c3bfe
2022-10-16T09:45:06.9165917Z Removing intermediate container 8a8da29c3bfe
2022-10-16T09:45:06.9166283Z  ---> e9423fd4a821
2022-10-16T09:45:06.9287258Z Successfully built e9423fd4a821
2022-10-16T09:45:06.9331451Z Successfully tagged 8d5581:7d818c3497a45ba67a7777cea1100d98
2022-10-16T09:45:06.9366993Z ##[endgroup]
2022-10-16T09:45:06.9546486Z ##[command]/usr/bin/docker run --name d55817d818c3497a45ba67a7777cea1100d98_5243f4 --label 8d5581 --workdir /github/workspace --rm -e "INPUT_MICROPRINT_RENDER_METHOD" -e "INPUT_LOG_PATH" -e "INPUT_MICROPRINT_PATH" -e "INPUT_MICROPRINT_CONFIG_PATH" -e "INPUT_REPOSITORY" -e "INPUT_GITHUB_TOKEN" -e "INPUT_JOB_ID" -e "INPUT_JOB_NAME" -e "INPUT_REF" -e "INPUT_LOG_FILENAME" -e "INPUT_SAVE_LOG" -e "INPUT_MICROPRINT_FILENAME" -e "INPUT_MICROPRINT_CONFIG_FILENAME" -e "INPUT_GENERATE_MICROPRINT_VISUALIZER_LINK" -e "INPUT_MICROPRINT_VISUALIZER_LINK_FILENAME" -e "INPUT_MICROPRINT_VISUALIZER_LINK_PATH" -e "INPUT_MATRIX" -e "HOME" -e "GITHUB_JOB" -e "GITHUB_REF" -e "GITHUB_SHA" -e "GITHUB_REPOSITORY" -e "GITHUB_REPOSITORY_OWNER" -e "GITHUB_RUN_ID" -e "GITHUB_RUN_NUMBER" -e "GITHUB_RETENTION_DAYS" -e "GITHUB_RUN_ATTEMPT" -e "GITHUB_ACTOR" -e "GITHUB_TRIGGERING_ACTOR" -e "GITHUB_WORKFLOW" -e "GITHUB_HEAD_REF" -e "GITHUB_BASE_REF" -e "GITHUB_EVENT_NAME" -e "GITHUB_SERVER_URL" -e "GITHUB_API_URL" -e "GITHUB_GRAPHQL_URL" -e "GITHUB_REF_NAME" -e "GITHUB_REF_PROTECTED" -e "GITHUB_REF_TYPE" -e "GITHUB_WORKSPACE" -e "GITHUB_ACTION" -e "GITHUB_EVENT_PATH" -e "GITHUB_ACTION_REPOSITORY" -e "GITHUB_ACTION_REF" -e "GITHUB_PATH" -e "GITHUB_ENV" -e "GITHUB_STEP_SUMMARY" -e "GITHUB_STATE" -e "GITHUB_OUTPUT" -e "RUNNER_OS" -e "RUNNER_ARCH" -e "RUNNER_NAME" -e "RUNNER_TOOL_CACHE" -e "RUNNER_TEMP" -e "RUNNER_WORKSPACE" -e "ACTIONS_RUNTIME_URL" -e "ACTIONS_RUNTIME_TOKEN" -e "ACTIONS_CACHE_URL" -e GITHUB_ACTIONS=true -e CI=true -v "/var/run/docker.sock":"/var/run/docker.sock" -v "/home/runner/work/_temp/_github_home":"/github/home" -v "/home/runner/work/_temp/_github_workflow":"/github/workflow" -v "/home/runner/work/_temp/_runner_file_commands":"/github/file_commands" -v "/home/runner/work/microprint-generator/microprint-generator":"/github/workspace" 8d5581:7d818c3497a45ba67a7777cea1100d98
2022-10-16T09:45:07.4808961Z DEBUG:urllib3.connectionpool:Starting new HTTPS connection (1): api.github.com:443
2022-10-16T09:45:07.8775576Z DEBUG:urllib3.connectionpool:https://api.github.com:443 "GET /repos/AlphaSteam/microprint-generator HTTP/1.1" 200 None
2022-10-16T09:45:07.8808576Z DEBUG:urllib3.connectionpool:Starting new HTTPS connection (1): api.github.com:443
2022-10-16T09:45:08.3907699Z DEBUG:urllib3.connectionpool:https://api.github.com:443 "GET /repos/AlphaSteam/microprint-generator/actions/runs/3259021670/jobs HTTP/1.1" 200 None
2022-10-16T09:45:08.3936918Z DEBUG:urllib3.connectionpool:Starting new HTTPS connection (1): api.github.com:443
2022-10-16T09:45:08.8611149Z DEBUG:urllib3.connectionpool:https://api.github.com:443 "GET /repos/AlphaSteam/microprint-generator/actions/jobs/8915534472/logs HTTP/1.1" 302 0
2022-10-16T09:45:08.8625400Z DEBUG:urllib3.connectionpool:Starting new HTTPS connection (1): pipelines.actions.githubusercontent.com:443
2022-10-16T09:45:08.9701784Z DEBUG:urllib3.connectionpool:https://pipelines.actions.githubusercontent.com:443 "GET /serviceHosts/871f7675-65c0-436d-aa94-5c5a4536b9ce/_apis/pipelines/1/runs/204/signedlogcontent/12?urlExpires=2022-10-16T09%3A46%3A08.7345000Z&urlSigningMethod=HMACV1&urlSignature=B9gx5BVj7NQyEZrG7HXXetOPsYhlZGi0SaqaEFg6Dr8%3D HTTP/1.1" 200 None
2022-10-16T09:45:08.9748335Z INFO:root:Generating raster microprint
2022-10-16T09:45:09.2202296Z ##[group]Run git pull
2022-10-16T09:45:09.2202655Z [36;1mgit pull[0m
2022-10-16T09:45:09.2267611Z shell: /usr/bin/bash -e {0}
2022-10-16T09:45:09.2267862Z ##[endgroup]
2022-10-16T09:45:11.0476193Z From https://github.com/AlphaSteam/microprint-generator
2022-10-16T09:45:11.0477252Z    cc5d071..e2601ba  matrix_actions          -> origin/matrix_actions
2022-10-16T09:45:11.0478877Z  * [new branch]      add_custom_rules        -> origin/add_custom_rules
2022-10-16T09:45:11.0479736Z  * [new branch]      add_microprint_analysis -> origin/add_microprint_analysis
2022-10-16T09:45:11.0480454Z  * [new branch]      add_multiple_columns    -> origin/add_multiple_columns
2022-10-16T09:45:11.0483624Z  * [new branch]      create-pull-request/patch -> origin/create-pull-request/patch
2022-10-16T09:45:11.0484908Z  * [new branch]      custom_fonts            -> origin/custom_fonts
2022-10-16T09:45:11.0486310Z  * [new branch]      develop                 -> origin/develop
2022-10-16T09:45:11.0488652Z  * [new branch]      main                    -> origin/main
2022-10-16T09:45:11.0490157Z  * [new branch]      microprint_visualizer_integration -> origin/microprint_visualizer_integration
2022-10-16T09:45:11.0491484Z  * [new branch]      reduce_code_duplication -> origin/reduce_code_duplication
2022-10-16T09:45:11.0493593Z  * [new branch]      release/v1              -> origin/release/v1
2022-10-16T09:45:11.0495093Z  * [new branch]      release/v2              -> origin/release/v2
2022-10-16T09:45:11.0496489Z  * [new branch]      test_workflow           -> origin/test_workflow
2022-10-16T09:45:11.0663518Z  * [new tag]         v1                      -> v1
2022-10-16T09:45:11.0666841Z  * [new tag]         v1.0.0                  -> v1.0.0
2022-10-16T09:45:11.0668065Z  * [new tag]         v2                      -> v2
2022-10-16T09:45:11.0668855Z  * [new tag]         v2.0.0                  -> v2.0.0
2022-10-16T09:45:11.0669347Z  * [new tag]         v3                      -> v3
2022-10-16T09:45:11.0669836Z  * [new tag]         v3.0.0                  -> v3.0.0
2022-10-16T09:45:11.0894848Z Updating cc5d071..e2601ba
2022-10-16T09:45:11.0896171Z Fast-forward
2022-10-16T09:45:11.0922386Z  Examples/Mid-job/logs (macos-latest, 1.6)/logs.txt    |  10 +++++-----
2022-10-16T09:45:11.0923147Z  Examples/Mid-job/logs (windows-latest, 1.6)/logs.txt  |  10 +++++-----
2022-10-16T09:45:11.0923745Z  Examples/Mid-job/logs/logs.txt                        |  10 +++++-----
2022-10-16T09:45:11.0924381Z  .../microprint (macos-latest, 1.6)/microprint.png     | Bin 1195 -> 1229 bytes
2022-10-16T09:45:11.0925039Z  .../microprint (windows-latest, 1.6)/microprint.png   | Bin 1266 -> 1235 bytes
2022-10-16T09:45:11.0925677Z  Examples/Mid-job/microprint/microprint.png            | Bin 1205 -> 1254 bytes
2022-10-16T09:45:11.0926358Z  6 files changed, 15 insertions(+), 15 deletions(-)
2022-10-16T09:45:11.1076749Z ##[group]Run stefanzweifel/git-auto-commit-action@v4
2022-10-16T09:45:11.1077121Z with:
2022-10-16T09:45:11.1077406Z   commit_message: Updated mid-job microprint
2022-10-16T09:45:11.1077685Z   file_pattern: .
2022-10-16T09:45:11.1077948Z   repository: .
2022-10-16T09:45:11.1078225Z   commit_user_name: github-actions[bot]
2022-10-16T09:45:11.1078610Z   commit_user_email: github-actions[bot]@users.noreply.github.com
2022-10-16T09:45:11.1079389Z   commit_author: AlphaSteam <AlphaSteam@users.noreply.github.com>
2022-10-16T09:45:11.1079740Z   skip_dirty_check: false
2022-10-16T09:45:11.1079994Z   skip_fetch: false
2022-10-16T09:45:11.1080246Z   skip_checkout: false
2022-10-16T09:45:11.1080492Z   disable_globbing: false
2022-10-16T09:45:11.1080754Z   create_branch: false
2022-10-16T09:45:11.1080995Z ##[endgroup]
2022-10-16T09:45:11.1546269Z Started: bash /home/runner/work/_actions/stefanzweifel/git-auto-commit-action/v4/entrypoint.sh
2022-10-16T09:45:11.1605619Z INPUT_REPOSITORY value: .
2022-10-16T09:45:11.1606125Z INPUT_STATUS_OPTIONS: 
2022-10-16T09:45:11.1607184Z INPUT_FILE_PATTERN: .
2022-10-16T09:45:11.1664166Z ##[warning]The `set-output` command is deprecated and will be disabled soon. Please upgrade to using Environment Files. For more information see: https://github.blog/changelog/2022-10-11-github-actions-deprecating-save-state-and-set-output-commands/
2022-10-16T09:45:11.1677694Z INPUT_BRANCH value: 
2022-10-16T09:45:12.3245009Z M	Examples/Mid-job/logs (ubuntu-latest, 1.6)/logs.txt
2022-10-16T09:45:12.3245770Z M	Examples/Mid-job/microprint (ubuntu-latest, 1.6)/microprint.png
2022-10-16T09:45:12.3247081Z Your branch is up to date with 'origin/matrix_actions'.
2022-10-16T09:45:12.3247853Z INPUT_ADD_OPTIONS: 
2022-10-16T09:45:12.3248698Z INPUT_FILE_PATTERN: .
2022-10-16T09:45:12.3281795Z INPUT_COMMIT_OPTIONS: 
2022-10-16T09:45:12.3283045Z INPUT_COMMIT_USER_NAME: github-actions[bot]
2022-10-16T09:45:12.3284264Z INPUT_COMMIT_USER_EMAIL: github-actions[bot]@users.noreply.github.com
2022-10-16T09:45:12.3284817Z INPUT_COMMIT_MESSAGE: Updated mid-job microprint
2022-10-16T09:45:12.3285248Z INPUT_COMMIT_AUTHOR: AlphaSteam <AlphaSteam@users.noreply.github.com>
2022-10-16T09:45:12.3352787Z [matrix_actions 332b65e] Updated mid-job microprint
2022-10-16T09:45:12.3353530Z  Author: AlphaSteam <AlphaSteam@users.noreply.github.com>
2022-10-16T09:45:12.3354067Z  2 files changed, 5 insertions(+), 5 deletions(-)
2022-10-16T09:45:12.3380157Z ##[warning]The `set-output` command is deprecated and will be disabled soon. Please upgrade to using Environment Files. For more information see: https://github.blog/changelog/2022-10-11-github-actions-deprecating-save-state-and-set-output-commands/
2022-10-16T09:45:12.3382008Z INPUT_TAGGING_MESSAGE: 
2022-10-16T09:45:12.3382570Z No tagging message supplied. No tag will be added.
2022-10-16T09:45:12.3385273Z INPUT_PUSH_OPTIONS: 
2022-10-16T09:45:13.3633439Z To https://github.com/AlphaSteam/microprint-generator
2022-10-16T09:45:13.3634136Z    e2601ba..332b65e  matrix_actions -> matrix_actions
2022-10-16T09:45:13.3817931Z Post job cleanup.
2022-10-16T09:45:13.5565073Z [command]/usr/bin/git version
2022-10-16T09:45:13.5628955Z git version 2.37.3
2022-10-16T09:45:13.5703301Z Temporarily overriding HOME='/home/runner/work/_temp/20884b7e-281b-465d-a8a8-5b8703a6516d' before making global git config changes
2022-10-16T09:45:13.5708923Z Adding repository directory to the temporary git global config as a safe directory
2022-10-16T09:45:13.5717924Z [command]/usr/bin/git config --global --add safe.directory /home/runner/work/microprint-generator/microprint-generator
2022-10-16T09:45:13.5790427Z [command]/usr/bin/git config --local --name-only --get-regexp core\.sshCommand
2022-10-16T09:45:13.5848354Z [command]/usr/bin/git submodule foreach --recursive git config --local --name-only --get-regexp 'core\.sshCommand' && git config --local --unset-all 'core.sshCommand' || :
2022-10-16T09:45:13.6151965Z [command]/usr/bin/git config --local --name-only --get-regexp http\.https\:\/\/github\.com\/\.extraheader
2022-10-16T09:45:13.6176453Z http.https://github.com/.extraheader
2022-10-16T09:45:13.6191468Z [command]/usr/bin/git config --local --unset-all http.https://github.com/.extraheader
2022-10-16T09:45:13.6236740Z [command]/usr/bin/git submodule foreach --recursive git config --local --name-only --get-regexp 'http\.https\:\/\/github\.com\/\.extraheader' && git config --local --unset-all 'http.https://github.com/.extraheader' || :
2022-10-16T09:45:13.6835205Z Cleaning up orphan processes
