2022-10-17T05:20:32.5928954Z Requested labels: ubuntu-latest
2022-10-17T05:20:32.5928990Z Job defined at: AlphaSteam/microprint-generator/.github/workflows/generate_examples.yaml@refs/heads/matrix_actions
2022-10-17T05:20:32.5929006Z Waiting for a runner to pick up this job...
2022-10-17T05:20:32.8155062Z Job is waiting for a hosted runner to come online.
2022-10-17T05:20:35.0407440Z Job is about to start running on the hosted runner: GitHub Actions 2 (hosted)
2022-10-17T05:20:37.2727800Z Current runner version: '2.298.2'
2022-10-17T05:20:37.2753243Z ##[group]Operating System
2022-10-17T05:20:37.2753887Z Ubuntu
2022-10-17T05:20:37.2754143Z 20.04.5
2022-10-17T05:20:37.2754430Z LTS
2022-10-17T05:20:37.2754732Z ##[endgroup]
2022-10-17T05:20:37.2755073Z ##[group]Runner Image
2022-10-17T05:20:37.2755415Z Image: ubuntu-20.04
2022-10-17T05:20:37.2755745Z Version: 20221002.2
2022-10-17T05:20:37.2756266Z Included Software: https://github.com/actions/runner-images/blob/ubuntu20/20221002.2/images/linux/Ubuntu2004-Readme.md
2022-10-17T05:20:37.2756922Z Image Release: https://github.com/actions/runner-images/releases/tag/ubuntu20%2F20221002.2
2022-10-17T05:20:37.2757346Z ##[endgroup]
2022-10-17T05:20:37.2757776Z ##[group]Runner Image Provisioner
2022-10-17T05:20:37.2758124Z 2.0.78.1
2022-10-17T05:20:37.2758424Z ##[endgroup]
2022-10-17T05:20:37.2759409Z ##[group]GITHUB_TOKEN Permissions
2022-10-17T05:20:37.2760327Z Actions: write
2022-10-17T05:20:37.2760609Z Checks: write
2022-10-17T05:20:37.2761115Z Contents: write
2022-10-17T05:20:37.2761530Z Deployments: write
2022-10-17T05:20:37.2761825Z Discussions: write
2022-10-17T05:20:37.2762147Z Issues: write
2022-10-17T05:20:37.2762471Z Metadata: read
2022-10-17T05:20:37.2762750Z Packages: write
2022-10-17T05:20:37.2763100Z Pages: write
2022-10-17T05:20:37.2763430Z PullRequests: write
2022-10-17T05:20:37.2763806Z RepositoryProjects: write
2022-10-17T05:20:37.2764135Z SecurityEvents: write
2022-10-17T05:20:37.2764498Z Statuses: write
2022-10-17T05:20:37.2764823Z ##[endgroup]
2022-10-17T05:20:37.2768333Z Secret source: Actions
2022-10-17T05:20:37.2768781Z Prepare workflow directory
2022-10-17T05:20:37.3578692Z Prepare all required actions
2022-10-17T05:20:37.3758096Z Getting action download info
2022-10-17T05:20:37.5801849Z Download action repository 'actions/checkout@v3' (SHA:93ea575cb5d8a053eaa0ac8fa3b40d7e05a33cc8)
2022-10-17T05:20:38.1823586Z Download action repository 'stefanzweifel/git-auto-commit-action@v4' (SHA:fd157da78fa13d9383e5580d1fd1184d89554b51)
2022-10-17T05:20:38.5127617Z Download action repository 'CasperWA/push-protected@v2' (SHA:6b25de805895da731062c43da647425fbb383128)
2022-10-17T05:20:39.0518267Z ##[group]Build container for action use: '/home/runner/work/_actions/CasperWA/push-protected/v2/Dockerfile'.
2022-10-17T05:20:39.0590922Z ##[command]/usr/bin/docker build -t 8d5581:de911ad2113d4af9b93599e183f4a019 -f "/home/runner/work/_actions/CasperWA/push-protected/v2/Dockerfile" "/home/runner/work/_actions/CasperWA/push-protected/v2"
2022-10-17T05:20:39.1528050Z Sending build context to Docker daemon  113.2kB
2022-10-17T05:20:39.1531348Z 
2022-10-17T05:20:39.1930435Z Step 1/6 : FROM python:alpine
2022-10-17T05:20:39.9796742Z alpine: Pulling from library/python
2022-10-17T05:20:40.1893178Z 213ec9aee27d: Already exists
2022-10-17T05:20:40.1920090Z 47858aee13bf: Pulling fs layer
2022-10-17T05:20:40.1920381Z cfe0d6c6d05c: Pulling fs layer
2022-10-17T05:20:40.1920625Z 2df617b3dcd9: Pulling fs layer
2022-10-17T05:20:40.1920866Z 38da16a6ebe8: Pulling fs layer
2022-10-17T05:20:40.1921111Z 38da16a6ebe8: Waiting
2022-10-17T05:20:40.4249642Z 2df617b3dcd9: Verifying Checksum
2022-10-17T05:20:40.4250130Z 2df617b3dcd9: Download complete
2022-10-17T05:20:40.4960737Z 47858aee13bf: Verifying Checksum
2022-10-17T05:20:40.4975500Z 47858aee13bf: Download complete
2022-10-17T05:20:40.6209217Z cfe0d6c6d05c: Verifying Checksum
2022-10-17T05:20:40.6211652Z cfe0d6c6d05c: Download complete
2022-10-17T05:20:40.7573189Z 38da16a6ebe8: Verifying Checksum
2022-10-17T05:20:40.7573684Z 38da16a6ebe8: Download complete
2022-10-17T05:20:40.7789022Z 47858aee13bf: Pull complete
2022-10-17T05:20:41.4670368Z cfe0d6c6d05c: Pull complete
2022-10-17T05:20:41.5195279Z 2df617b3dcd9: Pull complete
2022-10-17T05:20:41.9136894Z 38da16a6ebe8: Pull complete
2022-10-17T05:20:41.9181089Z Digest: sha256:3bfac1caa31cc6c0e796b65ba936f320d1e549d80f5ac02c2e4f83a0f04af3aa
2022-10-17T05:20:41.9196819Z Status: Downloaded newer image for python:alpine
2022-10-17T05:20:41.9208699Z  ---> 880fc229346e
2022-10-17T05:20:41.9209434Z Step 2/6 : COPY README.md setup.py requirements*.txt ./
2022-10-17T05:20:43.0147472Z  ---> 53b1d50d40bc
2022-10-17T05:20:43.0147843Z Step 3/6 : COPY push_action ./push_action
2022-10-17T05:20:44.0151321Z  ---> 72493a181109
2022-10-17T05:20:44.0152251Z Step 4/6 : RUN apk update     && apk add --no-cache git git-lfs bash     && pip install -U -e .
2022-10-17T05:20:44.0396346Z  ---> Running in f1c96e76c64b
2022-10-17T05:20:44.3163721Z fetch https://dl-cdn.alpinelinux.org/alpine/v3.16/main/x86_64/APKINDEX.tar.gz
2022-10-17T05:20:44.5051778Z fetch https://dl-cdn.alpinelinux.org/alpine/v3.16/community/x86_64/APKINDEX.tar.gz
2022-10-17T05:20:44.7480287Z v3.16.2-301-g3f9d0a65f8 [https://dl-cdn.alpinelinux.org/alpine/v3.16/main]
2022-10-17T05:20:44.7480823Z v3.16.2-302-g26bb45e677 [https://dl-cdn.alpinelinux.org/alpine/v3.16/community]
2022-10-17T05:20:44.7481204Z OK: 17037 distinct packages available
2022-10-17T05:20:44.7842803Z fetch https://dl-cdn.alpinelinux.org/alpine/v3.16/main/x86_64/APKINDEX.tar.gz
2022-10-17T05:20:44.9416126Z fetch https://dl-cdn.alpinelinux.org/alpine/v3.16/community/x86_64/APKINDEX.tar.gz
2022-10-17T05:20:45.1571174Z (1/7) Installing bash (5.1.16-r2)
2022-10-17T05:20:45.1848510Z Executing bash-5.1.16-r2.post-install
2022-10-17T05:20:45.1873083Z (2/7) Installing brotli-libs (1.0.9-r6)
2022-10-17T05:20:45.2091782Z (3/7) Installing nghttp2-libs (1.47.0-r0)
2022-10-17T05:20:45.2251593Z (4/7) Installing libcurl (7.83.1-r3)
2022-10-17T05:20:45.2454203Z (5/7) Installing pcre2 (10.40-r0)
2022-10-17T05:20:45.2813618Z (6/7) Installing git (2.36.2-r0)
2022-10-17T05:20:45.4132737Z (7/7) Installing git-lfs (3.1.4-r5)
2022-10-17T05:20:45.5172607Z Executing git-lfs-3.1.4-r5.post-install
2022-10-17T05:20:45.5297077Z Git LFS initialized.
2022-10-17T05:20:45.5310137Z Executing busybox-1.35.0-r17.trigger
2022-10-17T05:20:45.5359586Z OK: 39 MiB in 43 packages
2022-10-17T05:20:47.5001341Z Obtaining file:///
2022-10-17T05:20:47.5007979Z   Preparing metadata (setup.py): started
2022-10-17T05:20:48.0375110Z   Preparing metadata (setup.py): finished with status 'done'
2022-10-17T05:20:48.1434352Z Collecting requests~=2.28
2022-10-17T05:20:48.2156351Z   Downloading requests-2.28.1-py3-none-any.whl (62 kB)
2022-10-17T05:20:48.2352686Z      â”â”â”â”â”â”â”â”â”â”â”â”â”â”â”â”â”â”â”â”â”â”â”â”â”â”â”â”â”â”â”â”â”â”â”â”â”â”â”â” 62.8/62.8 kB 3.3 MB/s eta 0:00:00
2022-10-17T05:20:48.2914036Z Collecting charset-normalizer<3,>=2
2022-10-17T05:20:48.3066509Z   Downloading charset_normalizer-2.1.1-py3-none-any.whl (39 kB)
2022-10-17T05:20:48.3379613Z Collecting idna<4,>=2.5
2022-10-17T05:20:48.3534762Z   Downloading idna-3.4-py3-none-any.whl (61 kB)
2022-10-17T05:20:48.3589526Z      â”â”â”â”â”â”â”â”â”â”â”â”â”â”â”â”â”â”â”â”â”â”â”â”â”â”â”â”â”â”â”â”â”â”â”â”â”â”â”â” 61.5/61.5 kB 16.9 MB/s eta 0:00:00
2022-10-17T05:20:48.3916642Z Collecting certifi>=2017.4.17
2022-10-17T05:20:48.4077235Z   Downloading certifi-2022.9.24-py3-none-any.whl (161 kB)
2022-10-17T05:20:48.4248443Z      â”â”â”â”â”â”â”â”â”â”â”â”â”â”â”â”â”â”â”â”â”â”â”â”â”â”â”â”â”â”â”â”â”â”â”â”â”â” 161.1/161.1 kB 10.5 MB/s eta 0:00:00
2022-10-17T05:20:48.4752638Z Collecting urllib3<1.27,>=1.21.1
2022-10-17T05:20:48.4907045Z   Downloading urllib3-1.26.12-py2.py3-none-any.whl (140 kB)
2022-10-17T05:20:48.4969907Z      â”â”â”â”â”â”â”â”â”â”â”â”â”â”â”â”â”â”â”â”â”â”â”â”â”â”â”â”â”â”â”â”â”â”â”â”â”â” 140.4/140.4 kB 34.8 MB/s eta 0:00:00
2022-10-17T05:20:48.5821162Z Installing collected packages: urllib3, idna, charset-normalizer, certifi, requests, push-action
2022-10-17T05:20:48.8914860Z   Running setup.py develop for push-action
2022-10-17T05:20:49.2542043Z Successfully installed certifi-2022.9.24 charset-normalizer-2.1.1 idna-3.4 push-action-2.14.0 requests-2.28.1 urllib3-1.26.12
2022-10-17T05:20:49.2545587Z [91mWARNING: Running pip as the 'root' user can result in broken permissions and conflicting behaviour with the system package manager. It is recommended to use a virtual environment instead: https://pip.pypa.io/warnings/venv
2022-10-17T05:20:49.3596812Z [0m[91m
2022-10-17T05:20:49.3597170Z [notice] A new release of pip available: 22.2.2 -> 22.3
2022-10-17T05:20:49.3597510Z [notice] To update, run: pip install --upgrade pip
2022-10-17T05:20:50.6027727Z [0mRemoving intermediate container f1c96e76c64b
2022-10-17T05:20:50.6028273Z  ---> d724ede4d420
2022-10-17T05:20:50.6028691Z Step 5/6 : COPY entrypoint.sh ./
2022-10-17T05:20:51.0165081Z  ---> 49e4dbeb9c13
2022-10-17T05:20:51.0165537Z Step 6/6 : ENTRYPOINT [ "/entrypoint.sh" ]
2022-10-17T05:20:51.0377255Z  ---> Running in 2e22f0b850fd
2022-10-17T05:20:52.0191942Z Removing intermediate container 2e22f0b850fd
2022-10-17T05:20:52.0192239Z  ---> cb4b7f8c9fc1
2022-10-17T05:20:52.0200585Z Successfully built cb4b7f8c9fc1
2022-10-17T05:20:52.0220935Z Successfully tagged 8d5581:de911ad2113d4af9b93599e183f4a019
2022-10-17T05:20:52.0259663Z ##[endgroup]
2022-10-17T05:20:52.0651136Z ##[group]Run actions/checkout@v3
2022-10-17T05:20:52.0651403Z with:
2022-10-17T05:20:52.0651663Z   repository: AlphaSteam/microprint-generator
2022-10-17T05:20:52.0652157Z   token: ***
2022-10-17T05:20:52.0652348Z   ssh-strict: true
2022-10-17T05:20:52.0652578Z   persist-credentials: true
2022-10-17T05:20:52.0652804Z   clean: true
2022-10-17T05:20:52.0653017Z   fetch-depth: 1
2022-10-17T05:20:52.0653200Z   lfs: false
2022-10-17T05:20:52.0653397Z   submodules: false
2022-10-17T05:20:52.0653622Z   set-safe-directory: true
2022-10-17T05:20:52.0653844Z ##[endgroup]
2022-10-17T05:20:52.3061693Z Syncing repository: AlphaSteam/microprint-generator
2022-10-17T05:20:52.3063630Z ##[group]Getting Git version info
2022-10-17T05:20:52.3064243Z Working directory is '/home/runner/work/microprint-generator/microprint-generator'
2022-10-17T05:20:52.3064805Z [command]/usr/bin/git version
2022-10-17T05:20:52.3147457Z git version 2.37.3
2022-10-17T05:20:52.3173674Z ##[endgroup]
2022-10-17T05:20:52.3190415Z Temporarily overriding HOME='/home/runner/work/_temp/d3879572-e4aa-4538-a9b9-a6ae29b57dad' before making global git config changes
2022-10-17T05:20:52.3191231Z Adding repository directory to the temporary git global config as a safe directory
2022-10-17T05:20:52.3196372Z [command]/usr/bin/git config --global --add safe.directory /home/runner/work/microprint-generator/microprint-generator
2022-10-17T05:20:52.3246383Z Deleting the contents of '/home/runner/work/microprint-generator/microprint-generator'
2022-10-17T05:20:52.3252236Z ##[group]Initializing the repository
2022-10-17T05:20:52.3255995Z [command]/usr/bin/git init /home/runner/work/microprint-generator/microprint-generator
2022-10-17T05:20:52.3309660Z hint: Using 'master' as the name for the initial branch. This default branch name
2022-10-17T05:20:52.3310323Z hint: is subject to change. To configure the initial branch name to use in all
2022-10-17T05:20:52.3310907Z hint: of your new repositories, which will suppress this warning, call:
2022-10-17T05:20:52.3311462Z hint: 
2022-10-17T05:20:52.3312312Z hint: 	git config --global init.defaultBranch <name>
2022-10-17T05:20:52.3312609Z hint: 
2022-10-17T05:20:52.3312985Z hint: Names commonly chosen instead of 'master' are 'main', 'trunk' and
2022-10-17T05:20:52.3313463Z hint: 'development'. The just-created branch can be renamed via this command:
2022-10-17T05:20:52.3313774Z hint: 
2022-10-17T05:20:52.3314030Z hint: 	git branch -m <name>
2022-10-17T05:20:52.3343239Z Initialized empty Git repository in /home/runner/work/microprint-generator/microprint-generator/.git/
2022-10-17T05:20:52.3350586Z [command]/usr/bin/git remote add origin https://github.com/AlphaSteam/microprint-generator
2022-10-17T05:20:52.3405216Z ##[endgroup]
2022-10-17T05:20:52.3405664Z ##[group]Disabling automatic garbage collection
2022-10-17T05:20:52.3406119Z [command]/usr/bin/git config --local gc.auto 0
2022-10-17T05:20:52.3430269Z ##[endgroup]
2022-10-17T05:20:52.3430681Z ##[group]Setting up auth
2022-10-17T05:20:52.3436165Z [command]/usr/bin/git config --local --name-only --get-regexp core\.sshCommand
2022-10-17T05:20:52.3470618Z [command]/usr/bin/git submodule foreach --recursive git config --local --name-only --get-regexp 'core\.sshCommand' && git config --local --unset-all 'core.sshCommand' || :
2022-10-17T05:20:52.3788844Z [command]/usr/bin/git config --local --name-only --get-regexp http\.https\:\/\/github\.com\/\.extraheader
2022-10-17T05:20:52.3814122Z [command]/usr/bin/git submodule foreach --recursive git config --local --name-only --get-regexp 'http\.https\:\/\/github\.com\/\.extraheader' && git config --local --unset-all 'http.https://github.com/.extraheader' || :
2022-10-17T05:20:52.4041297Z [command]/usr/bin/git config --local http.https://github.com/.extraheader AUTHORIZATION: basic ***
2022-10-17T05:20:52.4080720Z ##[endgroup]
2022-10-17T05:20:52.4081455Z ##[group]Fetching the repository
2022-10-17T05:20:52.4084981Z [command]/usr/bin/git -c protocol.version=2 fetch --no-tags --prune --progress --no-recurse-submodules --depth=1 origin +a8e80c65497ce8553d16f37caa5a620738290907:refs/remotes/origin/matrix_actions
2022-10-17T05:20:52.6770187Z remote: Enumerating objects: 32, done.        
2022-10-17T05:20:52.6770789Z remote: Counting objects:   3% (1/32)        
2022-10-17T05:20:52.6771244Z remote: Counting objects:   6% (2/32)        
2022-10-17T05:20:52.6771690Z remote: Counting objects:   9% (3/32)        
2022-10-17T05:20:52.6772649Z remote: Counting objects:  12% (4/32)        
2022-10-17T05:20:52.6772992Z remote: Counting objects:  15% (5/32)        
2022-10-17T05:20:52.6773463Z remote: Counting objects:  18% (6/32)        
2022-10-17T05:20:52.6773765Z remote: Counting objects:  21% (7/32)        
2022-10-17T05:20:52.6774077Z remote: Counting objects:  25% (8/32)        
2022-10-17T05:20:52.6774360Z remote: Counting objects:  28% (9/32)        
2022-10-17T05:20:52.6774673Z remote: Counting objects:  31% (10/32)        
2022-10-17T05:20:52.6774983Z remote: Counting objects:  34% (11/32)        
2022-10-17T05:20:52.6775307Z remote: Counting objects:  37% (12/32)        
2022-10-17T05:20:52.6775597Z remote: Counting objects:  40% (13/32)        
2022-10-17T05:20:52.6775893Z remote: Counting objects:  43% (14/32)        
2022-10-17T05:20:52.6776194Z remote: Counting objects:  46% (15/32)        
2022-10-17T05:20:52.6776979Z remote: Counting objects:  50% (16/32)        
2022-10-17T05:20:52.6777348Z remote: Counting objects:  53% (17/32)        
2022-10-17T05:20:52.6777644Z remote: Counting objects:  56% (18/32)        
2022-10-17T05:20:52.6777945Z remote: Counting objects:  59% (19/32)        
2022-10-17T05:20:52.6778247Z remote: Counting objects:  62% (20/32)        
2022-10-17T05:20:52.6778557Z remote: Counting objects:  65% (21/32)        
2022-10-17T05:20:52.6778839Z remote: Counting objects:  68% (22/32)        
2022-10-17T05:20:52.6779137Z remote: Counting objects:  71% (23/32)        
2022-10-17T05:20:52.6779434Z remote: Counting objects:  75% (24/32)        
2022-10-17T05:20:52.6779737Z remote: Counting objects:  78% (25/32)        
2022-10-17T05:20:52.6780019Z remote: Counting objects:  81% (26/32)        
2022-10-17T05:20:52.6780316Z remote: Counting objects:  84% (27/32)        
2022-10-17T05:20:52.6780609Z remote: Counting objects:  87% (28/32)        
2022-10-17T05:20:52.6780913Z remote: Counting objects:  90% (29/32)        
2022-10-17T05:20:52.6781194Z remote: Counting objects:  93% (30/32)        
2022-10-17T05:20:52.6781494Z remote: Counting objects:  96% (31/32)        
2022-10-17T05:20:52.6781788Z remote: Counting objects: 100% (32/32)        
2022-10-17T05:20:52.6782101Z remote: Counting objects: 100% (32/32), done.        
2022-10-17T05:20:52.6782423Z remote: Compressing objects:   3% (1/26)        
2022-10-17T05:20:52.6782744Z remote: Compressing objects:   7% (2/26)        
2022-10-17T05:20:52.6783063Z remote: Compressing objects:  11% (3/26)        
2022-10-17T05:20:52.6783377Z remote: Compressing objects:  15% (4/26)        
2022-10-17T05:20:52.6783681Z remote: Compressing objects:  19% (5/26)        
2022-10-17T05:20:52.6783991Z remote: Compressing objects:  23% (6/26)        
2022-10-17T05:20:52.6784302Z remote: Compressing objects:  26% (7/26)        
2022-10-17T05:20:52.6784613Z remote: Compressing objects:  30% (8/26)        
2022-10-17T05:20:52.6784910Z remote: Compressing objects:  34% (9/26)        
2022-10-17T05:20:52.6785225Z remote: Compressing objects:  38% (10/26)        
2022-10-17T05:20:52.6785774Z remote: Compressing objects:  42% (11/26)        
2022-10-17T05:20:52.6786092Z remote: Compressing objects:  46% (12/26)        
2022-10-17T05:20:52.6786391Z remote: Compressing objects:  50% (13/26)        
2022-10-17T05:20:52.6786708Z remote: Compressing objects:  53% (14/26)        
2022-10-17T05:20:52.6787019Z remote: Compressing objects:  57% (15/26)        
2022-10-17T05:20:52.6787356Z remote: Compressing objects:  61% (16/26)        
2022-10-17T05:20:52.6787668Z remote: Compressing objects:  65% (17/26)        
2022-10-17T05:20:52.6787963Z remote: Compressing objects:  69% (18/26)        
2022-10-17T05:20:52.6788356Z remote: Compressing objects:  73% (19/26)        
2022-10-17T05:20:52.6788668Z remote: Compressing objects:  76% (20/26)        
2022-10-17T05:20:52.6788976Z remote: Compressing objects:  80% (21/26)        
2022-10-17T05:20:52.6789273Z remote: Compressing objects:  84% (22/26)        
2022-10-17T05:20:52.6789582Z remote: Compressing objects:  88% (23/26)        
2022-10-17T05:20:52.6789893Z remote: Compressing objects:  92% (24/26)        
2022-10-17T05:20:52.6790204Z remote: Compressing objects:  96% (25/26)        
2022-10-17T05:20:52.6790499Z remote: Compressing objects: 100% (26/26)        
2022-10-17T05:20:52.6790830Z remote: Compressing objects: 100% (26/26), done.        
2022-10-17T05:20:52.7911357Z remote: Total 32 (delta 0), reused 23 (delta 0), pack-reused 0        
2022-10-17T05:20:52.8145635Z From https://github.com/AlphaSteam/microprint-generator
2022-10-17T05:20:52.8146385Z  * [new ref]         a8e80c65497ce8553d16f37caa5a620738290907 -> origin/matrix_actions
2022-10-17T05:20:52.8172918Z ##[endgroup]
2022-10-17T05:20:52.8173523Z ##[group]Determining the checkout info
2022-10-17T05:20:52.8175480Z ##[endgroup]
2022-10-17T05:20:52.8176035Z ##[group]Checking out the ref
2022-10-17T05:20:52.8182796Z [command]/usr/bin/git checkout --progress --force -B matrix_actions refs/remotes/origin/matrix_actions
2022-10-17T05:20:52.8290687Z Switched to a new branch 'matrix_actions'
2022-10-17T05:20:52.8291293Z branch 'matrix_actions' set up to track 'origin/matrix_actions'.
2022-10-17T05:20:52.8303762Z ##[endgroup]
2022-10-17T05:20:52.8349851Z [command]/usr/bin/git log -1 --format='%H'
2022-10-17T05:20:52.8380722Z 'a8e80c65497ce8553d16f37caa5a620738290907'
2022-10-17T05:20:52.8779971Z ##[group]Run ./
2022-10-17T05:20:52.8780193Z with:
2022-10-17T05:20:52.8780412Z   microprint_render_method: raster
2022-10-17T05:20:52.8780657Z   log_path: ./Examples/Mid-job/logs
2022-10-17T05:20:52.8780941Z   microprint_path: ./Examples/Mid-job/microprint
2022-10-17T05:20:52.8781234Z   microprint_config_path: ./Examples/Mid-job/
2022-10-17T05:20:52.8781533Z   repository: AlphaSteam/microprint-generator
2022-10-17T05:20:52.8782025Z   github_token: ***
2022-10-17T05:20:52.8782262Z   job_name: generate_microprint_mid_job_matrix
2022-10-17T05:20:52.8782532Z   ref: refs/heads/matrix_actions
2022-10-17T05:20:52.8782764Z   log_filename: logs
2022-10-17T05:20:52.8782985Z   save_log: true
2022-10-17T05:20:52.8783198Z   microprint_filename: microprint
2022-10-17T05:20:52.8783459Z   microprint_config_filename: config
2022-10-17T05:20:52.8783735Z   generate_microprint_visualizer_link: true
2022-10-17T05:20:52.8784047Z   microprint_visualizer_link_filename: microprint_visualizer
2022-10-17T05:20:52.8784368Z   microprint_visualizer_link_path: ./
2022-10-17T05:20:52.8784655Z   matrix: {
  "os": "windows-latest",
  "version": 1.6
}
2022-10-17T05:20:52.8784888Z ##[endgroup]
2022-10-17T05:20:52.8908845Z ##[group]Building docker image
2022-10-17T05:20:52.8909234Z Dockerfile for action: '/home/runner/work/microprint-generator/microprint-generator/./Dockerfile'.
2022-10-17T05:20:52.8910603Z ##[command]/usr/bin/docker build -t 8d5581:eeca10b298c95b71e224185cdb20a8b7 -f "/home/runner/work/microprint-generator/microprint-generator/./Dockerfile" "/home/runner/work/microprint-generator/microprint-generator"
2022-10-17T05:20:52.9573526Z Sending build context to Docker daemon  1.067MB
2022-10-17T05:20:52.9574276Z 
2022-10-17T05:20:52.9601748Z Step 1/6 : FROM python:3
2022-10-17T05:20:53.7389658Z 3: Pulling from library/python
2022-10-17T05:20:53.9525205Z f606d8928ed3: Pulling fs layer
2022-10-17T05:20:53.9525633Z 47db815c6a45: Pulling fs layer
2022-10-17T05:20:53.9525991Z bf4849400000: Pulling fs layer
2022-10-17T05:20:53.9526482Z a572f7a256d3: Pulling fs layer
2022-10-17T05:20:53.9526822Z 8f7d05258955: Pulling fs layer
2022-10-17T05:20:53.9527165Z 7110f04115ae: Pulling fs layer
2022-10-17T05:20:53.9527500Z 967c89122295: Pulling fs layer
2022-10-17T05:20:53.9527786Z 9f28dfdab382: Pulling fs layer
2022-10-17T05:20:53.9528174Z 5e971b2ac572: Pulling fs layer
2022-10-17T05:20:53.9528510Z a572f7a256d3: Waiting
2022-10-17T05:20:53.9528826Z 8f7d05258955: Waiting
2022-10-17T05:20:53.9529079Z 7110f04115ae: Waiting
2022-10-17T05:20:53.9529434Z 9f28dfdab382: Waiting
2022-10-17T05:20:53.9529738Z 5e971b2ac572: Waiting
2022-10-17T05:20:53.9530039Z 967c89122295: Waiting
2022-10-17T05:20:54.2983676Z 47db815c6a45: Verifying Checksum
2022-10-17T05:20:54.2984435Z 47db815c6a45: Download complete
2022-10-17T05:20:54.3384644Z bf4849400000: Verifying Checksum
2022-10-17T05:20:54.3385030Z bf4849400000: Download complete
2022-10-17T05:20:54.6770995Z f606d8928ed3: Verifying Checksum
2022-10-17T05:20:54.6771455Z f606d8928ed3: Download complete
2022-10-17T05:20:55.1088562Z 7110f04115ae: Verifying Checksum
2022-10-17T05:20:55.1091866Z 7110f04115ae: Download complete
2022-10-17T05:20:55.1095229Z a572f7a256d3: Verifying Checksum
2022-10-17T05:20:55.1098106Z a572f7a256d3: Download complete
2022-10-17T05:20:55.3439650Z 9f28dfdab382: Verifying Checksum
2022-10-17T05:20:55.3440136Z 9f28dfdab382: Download complete
2022-10-17T05:20:55.6617728Z 967c89122295: Verifying Checksum
2022-10-17T05:20:55.6618069Z 967c89122295: Download complete
2022-10-17T05:20:55.7175443Z 5e971b2ac572: Verifying Checksum
2022-10-17T05:20:55.7176017Z 5e971b2ac572: Download complete
2022-10-17T05:20:56.0079855Z 8f7d05258955: Verifying Checksum
2022-10-17T05:20:56.0080278Z 8f7d05258955: Download complete
2022-10-17T05:20:56.8532616Z f606d8928ed3: Pull complete
2022-10-17T05:20:59.0833544Z 47db815c6a45: Pull complete
2022-10-17T05:20:59.4138457Z bf4849400000: Pull complete
2022-10-17T05:21:02.3133470Z a572f7a256d3: Pull complete
2022-10-17T05:21:10.7746875Z 8f7d05258955: Pull complete
2022-10-17T05:21:11.1206442Z 7110f04115ae: Pull complete
2022-10-17T05:21:11.8087515Z 967c89122295: Pull complete
2022-10-17T05:21:11.8597022Z 9f28dfdab382: Pull complete
2022-10-17T05:21:12.1005714Z 5e971b2ac572: Pull complete
2022-10-17T05:21:12.1045450Z Digest: sha256:3e15ea73ac5c1f9408d8dc9eeb8297ece8e727f3004129a829519230c7de720c
2022-10-17T05:21:12.1070225Z Status: Downloaded newer image for python:3
2022-10-17T05:21:12.1084281Z  ---> f05c8762fe15
2022-10-17T05:21:12.1084664Z Step 2/6 : COPY requirements.txt /requirements.txt
2022-10-17T05:21:13.1215805Z  ---> 45e2e9e39868
2022-10-17T05:21:13.1244593Z Step 3/6 : RUN pip install -r /requirements.txt
2022-10-17T05:21:13.1402931Z  ---> Running in cb58ebcfe61c
2022-10-17T05:21:15.0347998Z Collecting pillow
2022-10-17T05:21:15.1226185Z   Downloading Pillow-9.2.0-cp310-cp310-manylinux_2_28_x86_64.whl (3.2 MB)
2022-10-17T05:21:15.2202852Z      â”â”â”â”â”â”â”â”â”â”â”â”â”â”â”â”â”â”â”â”â”â”â”â”â”â”â”â”â”â”â”â”â”â”â”â”â”â”â”â” 3.2/3.2 MB 33.4 MB/s eta 0:00:00
2022-10-17T05:21:15.2873705Z Collecting requests
2022-10-17T05:21:15.3031779Z   Downloading requests-2.28.1-py3-none-any.whl (62 kB)
2022-10-17T05:21:15.3074689Z      â”â”â”â”â”â”â”â”â”â”â”â”â”â”â”â”â”â”â”â”â”â”â”â”â”â”â”â”â”â”â”â”â”â”â”â”â”â”â”â” 62.8/62.8 kB 25.0 MB/s eta 0:00:00
2022-10-17T05:21:15.3430541Z Collecting svgwrite
2022-10-17T05:21:15.3591037Z   Downloading svgwrite-1.4.3-py3-none-any.whl (67 kB)
2022-10-17T05:21:15.3632770Z      â”â”â”â”â”â”â”â”â”â”â”â”â”â”â”â”â”â”â”â”â”â”â”â”â”â”â”â”â”â”â”â”â”â”â”â”â”â”â”â” 67.1/67.1 kB 27.4 MB/s eta 0:00:00
2022-10-17T05:21:15.4032867Z Collecting markdown-it-py[plugins]
2022-10-17T05:21:15.4183830Z   Downloading markdown_it_py-2.1.0-py3-none-any.whl (84 kB)
2022-10-17T05:21:15.4231030Z      â”â”â”â”â”â”â”â”â”â”â”â”â”â”â”â”â”â”â”â”â”â”â”â”â”â”â”â”â”â”â”â”â”â”â”â”â”â”â”â” 84.5/84.5 kB 32.3 MB/s eta 0:00:00
2022-10-17T05:21:15.4725359Z Collecting idna<4,>=2.5
2022-10-17T05:21:15.4897928Z   Downloading idna-3.4-py3-none-any.whl (61 kB)
2022-10-17T05:21:15.4944873Z      â”â”â”â”â”â”â”â”â”â”â”â”â”â”â”â”â”â”â”â”â”â”â”â”â”â”â”â”â”â”â”â”â”â”â”â”â”â”â”â” 61.5/61.5 kB 23.5 MB/s eta 0:00:00
2022-10-17T05:21:15.5493761Z Collecting urllib3<1.27,>=1.21.1
2022-10-17T05:21:15.5650506Z   Downloading urllib3-1.26.12-py2.py3-none-any.whl (140 kB)
2022-10-17T05:21:15.5701174Z      â”â”â”â”â”â”â”â”â”â”â”â”â”â”â”â”â”â”â”â”â”â”â”â”â”â”â”â”â”â”â”â”â”â”â”â”â”â” 140.4/140.4 kB 50.9 MB/s eta 0:00:00
2022-10-17T05:21:15.6238444Z Collecting charset-normalizer<3,>=2
2022-10-17T05:21:15.6408209Z   Downloading charset_normalizer-2.1.1-py3-none-any.whl (39 kB)
2022-10-17T05:21:15.6793527Z Collecting certifi>=2017.4.17
2022-10-17T05:21:15.6950962Z   Downloading certifi-2022.9.24-py3-none-any.whl (161 kB)
2022-10-17T05:21:15.7002177Z      â”â”â”â”â”â”â”â”â”â”â”â”â”â”â”â”â”â”â”â”â”â”â”â”â”â”â”â”â”â”â”â”â”â”â”â”â”â” 161.1/161.1 kB 56.8 MB/s eta 0:00:00
2022-10-17T05:21:15.7488549Z Collecting mdurl~=0.1
2022-10-17T05:21:15.7649308Z   Downloading mdurl-0.1.2-py3-none-any.whl (10.0 kB)
2022-10-17T05:21:15.7964826Z Collecting mdit-py-plugins
2022-10-17T05:21:15.8133600Z   Downloading mdit_py_plugins-0.3.1-py3-none-any.whl (46 kB)
2022-10-17T05:21:15.8175810Z      â”â”â”â”â”â”â”â”â”â”â”â”â”â”â”â”â”â”â”â”â”â”â”â”â”â”â”â”â”â”â”â”â”â”â”â”â”â”â”â” 46.5/46.5 kB 18.5 MB/s eta 0:00:00
2022-10-17T05:21:15.9674963Z Installing collected packages: urllib3, svgwrite, pillow, mdurl, idna, charset-normalizer, certifi, requests, markdown-it-py, mdit-py-plugins
2022-10-17T05:21:16.5656393Z Successfully installed certifi-2022.9.24 charset-normalizer-2.1.1 idna-3.4 markdown-it-py-2.1.0 mdit-py-plugins-0.3.1 mdurl-0.1.2 pillow-9.2.0 requests-2.28.1 svgwrite-1.4.3 urllib3-1.26.12
2022-10-17T05:21:16.5664245Z [91mWARNING: Running pip as the 'root' user can result in broken permissions and conflicting behaviour with the system package manager. It is recommended to use a virtual environment instead: https://pip.pypa.io/warnings/venv
2022-10-17T05:21:16.6742366Z [0m[91m
2022-10-17T05:21:16.6742760Z [notice] A new release of pip available: 22.2.2 -> 22.3
2022-10-17T05:21:16.6743363Z [notice] To update, run: pip install --upgrade pip
2022-10-17T05:21:18.2412260Z [0mRemoving intermediate container cb58ebcfe61c
2022-10-17T05:21:18.2412770Z  ---> 9db6614961cc
2022-10-17T05:21:18.2413302Z Step 4/6 : COPY script.py /script.py
2022-10-17T05:21:19.2871823Z  ---> 73a853f42315
2022-10-17T05:21:19.2872256Z Step 5/6 : COPY microprint_generator.py /microprint_generator.py
2022-10-17T05:21:20.3214856Z  ---> dc3afb3d45d7
2022-10-17T05:21:20.3215263Z Step 6/6 : CMD ["python", "/script.py"]
2022-10-17T05:21:20.3425665Z  ---> Running in d57b818a510a
2022-10-17T05:21:21.3855740Z Removing intermediate container d57b818a510a
2022-10-17T05:21:21.3856465Z  ---> 0f765d1a1f95
2022-10-17T05:21:21.3885697Z Successfully built 0f765d1a1f95
2022-10-17T05:21:21.3911645Z Successfully tagged 8d5581:eeca10b298c95b71e224185cdb20a8b7
2022-10-17T05:21:21.3941417Z ##[endgroup]
2022-10-17T05:21:21.4073758Z ##[command]/usr/bin/docker run --name d5581eeca10b298c95b71e224185cdb20a8b7_0e7930 --label 8d5581 --workdir /github/workspace --rm -e "INPUT_MICROPRINT_RENDER_METHOD" -e "INPUT_LOG_PATH" -e "INPUT_MICROPRINT_PATH" -e "INPUT_MICROPRINT_CONFIG_PATH" -e "INPUT_REPOSITORY" -e "INPUT_GITHUB_TOKEN" -e "INPUT_JOB_ID" -e "INPUT_JOB_NAME" -e "INPUT_REF" -e "INPUT_LOG_FILENAME" -e "INPUT_SAVE_LOG" -e "INPUT_MICROPRINT_FILENAME" -e "INPUT_MICROPRINT_CONFIG_FILENAME" -e "INPUT_GENERATE_MICROPRINT_VISUALIZER_LINK" -e "INPUT_MICROPRINT_VISUALIZER_LINK_FILENAME" -e "INPUT_MICROPRINT_VISUALIZER_LINK_PATH" -e "INPUT_MATRIX" -e "HOME" -e "GITHUB_JOB" -e "GITHUB_REF" -e "GITHUB_SHA" -e "GITHUB_REPOSITORY" -e "GITHUB_REPOSITORY_OWNER" -e "GITHUB_RUN_ID" -e "GITHUB_RUN_NUMBER" -e "GITHUB_RETENTION_DAYS" -e "GITHUB_RUN_ATTEMPT" -e "GITHUB_ACTOR" -e "GITHUB_TRIGGERING_ACTOR" -e "GITHUB_WORKFLOW" -e "GITHUB_HEAD_REF" -e "GITHUB_BASE_REF" -e "GITHUB_EVENT_NAME" -e "GITHUB_SERVER_URL" -e "GITHUB_API_URL" -e "GITHUB_GRAPHQL_URL" -e "GITHUB_REF_NAME" -e "GITHUB_REF_PROTECTED" -e "GITHUB_REF_TYPE" -e "GITHUB_WORKSPACE" -e "GITHUB_ACTION" -e "GITHUB_EVENT_PATH" -e "GITHUB_ACTION_REPOSITORY" -e "GITHUB_ACTION_REF" -e "GITHUB_PATH" -e "GITHUB_ENV" -e "GITHUB_STEP_SUMMARY" -e "GITHUB_STATE" -e "GITHUB_OUTPUT" -e "RUNNER_OS" -e "RUNNER_ARCH" -e "RUNNER_NAME" -e "RUNNER_TOOL_CACHE" -e "RUNNER_TEMP" -e "RUNNER_WORKSPACE" -e "ACTIONS_RUNTIME_URL" -e "ACTIONS_RUNTIME_TOKEN" -e "ACTIONS_CACHE_URL" -e GITHUB_ACTIONS=true -e CI=true -v "/var/run/docker.sock":"/var/run/docker.sock" -v "/home/runner/work/_temp/_github_home":"/github/home" -v "/home/runner/work/_temp/_github_workflow":"/github/workflow" -v "/home/runner/work/_temp/_runner_file_commands":"/github/file_commands" -v "/home/runner/work/microprint-generator/microprint-generator":"/github/workspace" 8d5581:eeca10b298c95b71e224185cdb20a8b7
2022-10-17T05:21:21.8165574Z DEBUG:urllib3.connectionpool:Starting new HTTPS connection (1): api.github.com:443
2022-10-17T05:21:22.0327103Z DEBUG:urllib3.connectionpool:https://api.github.com:443 "GET /repos/AlphaSteam/microprint-generator HTTP/1.1" 200 None
2022-10-17T05:21:22.0353185Z DEBUG:urllib3.connectionpool:Starting new HTTPS connection (1): api.github.com:443
2022-10-17T05:21:22.4204146Z DEBUG:urllib3.connectionpool:https://api.github.com:443 "GET /repos/AlphaSteam/microprint-generator/actions/runs/3262572275/jobs HTTP/1.1" 200 None
2022-10-17T05:21:22.4233499Z DEBUG:urllib3.connectionpool:Starting new HTTPS connection (1): api.github.com:443
2022-10-17T05:21:22.8298717Z DEBUG:urllib3.connectionpool:https://api.github.com:443 "GET /repos/AlphaSteam/microprint-generator/actions/jobs/8925181639/logs HTTP/1.1" 302 0
2022-10-17T05:21:22.8313147Z DEBUG:urllib3.connectionpool:Starting new HTTPS connection (1): pipelines.actions.githubusercontent.com:443
2022-10-17T05:21:22.9790541Z DEBUG:urllib3.connectionpool:https://pipelines.actions.githubusercontent.com:443 "GET /serviceHosts/871f7675-65c0-436d-aa94-5c5a4536b9ce/_apis/pipelines/1/runs/226/signedlogcontent/14?urlExpires=2022-10-17T05%3A22%3A22.7998262Z&urlSigningMethod=HMACV1&urlSignature=%2FvXGhd6D6Md8FVLMl79W79U36oNHgfU8Tf0F400hzeE%3D HTTP/1.1" 200 None
2022-10-17T05:21:22.9833635Z INFO:root:Generating raster microprint
2022-10-17T05:21:23.0298950Z Without spaces
2022-10-17T05:21:23.0299599Z string before:  ./Examples/Mid-job/logs (windows-latest, 1.6)
2022-10-17T05:21:23.0300396Z string after:  ./Examples/Mid-job/logs(windows-latest,1.6)
2022-10-17T05:21:23.0300917Z Without spaces
2022-10-17T05:21:23.0301460Z string before:  ./Examples/Mid-job/microprint (windows-latest, 1.6)
2022-10-17T05:21:23.0301998Z string after:  ./Examples/Mid-job/microprint(windows-latest,1.6)
2022-10-17T05:21:23.1934544Z ##[group]Run git pull
2022-10-17T05:21:23.1934933Z [36;1mgit pull[0m
2022-10-17T05:21:23.1990142Z shell: /usr/bin/bash -e {0}
2022-10-17T05:21:23.1990597Z ##[endgroup]
2022-10-17T05:21:23.9441052Z From https://github.com/AlphaSteam/microprint-generator
2022-10-17T05:21:23.9441890Z    a8e80c6..42465d7  matrix_actions          -> origin/matrix_actions
2022-10-17T05:21:23.9442966Z  * [new branch]      add_custom_rules        -> origin/add_custom_rules
2022-10-17T05:21:23.9443698Z  * [new branch]      add_microprint_analysis -> origin/add_microprint_analysis
2022-10-17T05:21:23.9444366Z  * [new branch]      add_multiple_columns    -> origin/add_multiple_columns
2022-10-17T05:21:23.9445081Z  * [new branch]      create-pull-request/patch -> origin/create-pull-request/patch
2022-10-17T05:21:23.9446488Z  * [new branch]      custom_fonts            -> origin/custom_fonts
2022-10-17T05:21:23.9447031Z  * [new branch]      develop                 -> origin/develop
2022-10-17T05:21:23.9496310Z  * [new branch]      main                    -> origin/main
2022-10-17T05:21:23.9496805Z  * [new branch]      microprint_visualizer_integration -> origin/microprint_visualizer_integration
2022-10-17T05:21:23.9497288Z  * [new branch]      reduce_code_duplication -> origin/reduce_code_duplication
2022-10-17T05:21:23.9497713Z  * [new branch]      release/v1              -> origin/release/v1
2022-10-17T05:21:23.9498304Z  * [new branch]      release/v2              -> origin/release/v2
2022-10-17T05:21:23.9498695Z  * [new branch]      test_workflow           -> origin/test_workflow
2022-10-17T05:21:23.9585380Z  * [new tag]         v1                      -> v1
2022-10-17T05:21:23.9586092Z  * [new tag]         v1.0.0                  -> v1.0.0
2022-10-17T05:21:23.9586633Z  * [new tag]         v2                      -> v2
2022-10-17T05:21:23.9587150Z  * [new tag]         v2.0.0                  -> v2.0.0
2022-10-17T05:21:23.9587706Z  * [new tag]         v3                      -> v3
2022-10-17T05:21:23.9588217Z  * [new tag]         v3.0.0                  -> v3.0.0
2022-10-17T05:21:23.9669813Z Updating a8e80c6..42465d7
2022-10-17T05:21:23.9670419Z Fast-forward
2022-10-17T05:21:23.9688956Z  Examples/Mid-job/logs(ubuntu-latest,1.6)/logs.txt         |   5 +++++
2022-10-17T05:21:23.9689723Z  Examples/Mid-job/logs/logs.txt                            |  10 +++++-----
2022-10-17T05:21:23.9690406Z  .../Mid-job/microprint(ubuntu-latest,1.6)/microprint.png  | Bin 0 -> 247 bytes
2022-10-17T05:21:23.9690948Z  3 files changed, 10 insertions(+), 5 deletions(-)
2022-10-17T05:21:23.9691461Z  create mode 100644 Examples/Mid-job/logs(ubuntu-latest,1.6)/logs.txt
2022-10-17T05:21:23.9692053Z  create mode 100644 Examples/Mid-job/microprint(ubuntu-latest,1.6)/microprint.png
2022-10-17T05:21:23.9805023Z ##[group]Run stefanzweifel/git-auto-commit-action@v4
2022-10-17T05:21:23.9805282Z with:
2022-10-17T05:21:23.9805517Z   commit_message: Updated mid-job microprint
2022-10-17T05:21:23.9805767Z   file_pattern: .
2022-10-17T05:21:23.9805971Z   repository: .
2022-10-17T05:21:23.9806190Z   commit_user_name: github-actions[bot]
2022-10-17T05:21:23.9806507Z   commit_user_email: github-actions[bot]@users.noreply.github.com
2022-10-17T05:21:23.9806871Z   commit_author: AlphaSteam <AlphaSteam@users.noreply.github.com>
2022-10-17T05:21:23.9807168Z   skip_dirty_check: false
2022-10-17T05:21:23.9807374Z   skip_fetch: false
2022-10-17T05:21:23.9807597Z   skip_checkout: false
2022-10-17T05:21:23.9807819Z   disable_globbing: false
2022-10-17T05:21:23.9808036Z   create_branch: false
2022-10-17T05:21:23.9808230Z ##[endgroup]
2022-10-17T05:21:24.0164570Z Started: bash /home/runner/work/_actions/stefanzweifel/git-auto-commit-action/v4/entrypoint.sh
2022-10-17T05:21:24.0215263Z INPUT_REPOSITORY value: .
2022-10-17T05:21:24.0217025Z INPUT_STATUS_OPTIONS: 
2022-10-17T05:21:24.0218841Z INPUT_FILE_PATTERN: .
2022-10-17T05:21:24.0264563Z ##[warning]The `set-output` command is deprecated and will be disabled soon. Please upgrade to using Environment Files. For more information see: https://github.blog/changelog/2022-10-11-github-actions-deprecating-save-state-and-set-output-commands/
2022-10-17T05:21:24.0274454Z INPUT_BRANCH value: 
2022-10-17T05:21:24.4392133Z Your branch is up to date with 'origin/matrix_actions'.
2022-10-17T05:21:24.4396259Z INPUT_ADD_OPTIONS: 
2022-10-17T05:21:24.4397090Z INPUT_FILE_PATTERN: .
2022-10-17T05:21:24.4420919Z INPUT_COMMIT_OPTIONS: 
2022-10-17T05:21:24.4422202Z INPUT_COMMIT_USER_NAME: github-actions[bot]
2022-10-17T05:21:24.4423806Z INPUT_COMMIT_USER_EMAIL: github-actions[bot]@users.noreply.github.com
2022-10-17T05:21:24.4424273Z INPUT_COMMIT_MESSAGE: Updated mid-job microprint
2022-10-17T05:21:24.4424627Z INPUT_COMMIT_AUTHOR: AlphaSteam <AlphaSteam@users.noreply.github.com>
2022-10-17T05:21:24.4475331Z [matrix_actions 5c33229] Updated mid-job microprint
2022-10-17T05:21:24.4475929Z  Author: AlphaSteam <AlphaSteam@users.noreply.github.com>
2022-10-17T05:21:24.4478119Z  2 files changed, 5 insertions(+)
2022-10-17T05:21:24.4478897Z  create mode 100644 Examples/Mid-job/logs(windows-latest,1.6)/logs.txt
2022-10-17T05:21:24.4479410Z  create mode 100644 Examples/Mid-job/microprint(windows-latest,1.6)/microprint.png
2022-10-17T05:21:24.4526096Z ##[warning]The `set-output` command is deprecated and will be disabled soon. Please upgrade to using Environment Files. For more information see: https://github.blog/changelog/2022-10-11-github-actions-deprecating-save-state-and-set-output-commands/
2022-10-17T05:21:24.4527521Z INPUT_TAGGING_MESSAGE: 
2022-10-17T05:21:24.4527959Z No tagging message supplied. No tag will be added.
2022-10-17T05:21:24.4528424Z INPUT_PUSH_OPTIONS: 
2022-10-17T05:21:25.1207703Z To https://github.com/AlphaSteam/microprint-generator
2022-10-17T05:21:25.1208241Z    42465d7..5c33229  matrix_actions -> matrix_actions
2022-10-17T05:21:25.1355071Z Post job cleanup.
2022-10-17T05:21:25.2593866Z [command]/usr/bin/git version
2022-10-17T05:21:25.2643635Z git version 2.37.3
2022-10-17T05:21:25.2688657Z Temporarily overriding HOME='/home/runner/work/_temp/cd4181f0-6cff-4e63-9b2f-96900fa308bb' before making global git config changes
2022-10-17T05:21:25.2690217Z Adding repository directory to the temporary git global config as a safe directory
2022-10-17T05:21:25.2695718Z [command]/usr/bin/git config --global --add safe.directory /home/runner/work/microprint-generator/microprint-generator
2022-10-17T05:21:25.2737854Z [command]/usr/bin/git config --local --name-only --get-regexp core\.sshCommand
2022-10-17T05:21:25.2775988Z [command]/usr/bin/git submodule foreach --recursive git config --local --name-only --get-regexp 'core\.sshCommand' && git config --local --unset-all 'core.sshCommand' || :
2022-10-17T05:21:25.3009384Z [command]/usr/bin/git config --local --name-only --get-regexp http\.https\:\/\/github\.com\/\.extraheader
2022-10-17T05:21:25.3034828Z http.https://github.com/.extraheader
2022-10-17T05:21:25.3045683Z [command]/usr/bin/git config --local --unset-all http.https://github.com/.extraheader
2022-10-17T05:21:25.3080026Z [command]/usr/bin/git submodule foreach --recursive git config --local --name-only --get-regexp 'http\.https\:\/\/github\.com\/\.extraheader' && git config --local --unset-all 'http.https://github.com/.extraheader' || :
2022-10-17T05:21:25.3524288Z Cleaning up orphan processes
