2022-10-16T21:52:01.7822572Z Requested labels: ubuntu-latest
2022-10-16T21:52:01.7822619Z Job defined at: AlphaSteam/microprint-generator/.github/workflows/generate_examples.yaml@refs/heads/matrix_actions
2022-10-16T21:52:01.7822640Z Waiting for a runner to pick up this job...
2022-10-16T21:52:01.9077405Z Job is waiting for a hosted runner to come online.
2022-10-16T21:52:07.9675686Z Job is about to start running on the hosted runner: Hosted Agent (hosted)
2022-10-16T21:52:10.5182216Z Current runner version: '2.298.2'
2022-10-16T21:52:10.5212612Z ##[group]Operating System
2022-10-16T21:52:10.5213005Z Ubuntu
2022-10-16T21:52:10.5213197Z 20.04.5
2022-10-16T21:52:10.5213379Z LTS
2022-10-16T21:52:10.5213557Z ##[endgroup]
2022-10-16T21:52:10.5213837Z ##[group]Runner Image
2022-10-16T21:52:10.5214071Z Image: ubuntu-20.04
2022-10-16T21:52:10.5214282Z Version: 20221002.2
2022-10-16T21:52:10.5214632Z Included Software: https://github.com/actions/runner-images/blob/ubuntu20/20221002.2/images/linux/Ubuntu2004-Readme.md
2022-10-16T21:52:10.5215055Z Image Release: https://github.com/actions/runner-images/releases/tag/ubuntu20%2F20221002.2
2022-10-16T21:52:10.5215353Z ##[endgroup]
2022-10-16T21:52:10.5215578Z ##[group]Runner Image Provisioner
2022-10-16T21:52:10.5215800Z 2.0.78.1
2022-10-16T21:52:10.5215957Z ##[endgroup]
2022-10-16T21:52:10.5216617Z ##[group]GITHUB_TOKEN Permissions
2022-10-16T21:52:10.5217036Z Actions: write
2022-10-16T21:52:10.5217242Z Checks: write
2022-10-16T21:52:10.5217569Z Contents: write
2022-10-16T21:52:10.5217789Z Deployments: write
2022-10-16T21:52:10.5218005Z Discussions: write
2022-10-16T21:52:10.5218237Z Issues: write
2022-10-16T21:52:10.5218424Z Metadata: read
2022-10-16T21:52:10.5218638Z Packages: write
2022-10-16T21:52:10.5218838Z Pages: write
2022-10-16T21:52:10.5219053Z PullRequests: write
2022-10-16T21:52:10.5219259Z RepositoryProjects: write
2022-10-16T21:52:10.5219504Z SecurityEvents: write
2022-10-16T21:52:10.5219724Z Statuses: write
2022-10-16T21:52:10.5219926Z ##[endgroup]
2022-10-16T21:52:10.5222639Z Secret source: Actions
2022-10-16T21:52:10.5223026Z Prepare workflow directory
2022-10-16T21:52:10.5950207Z Prepare all required actions
2022-10-16T21:52:10.6083281Z Getting action download info
2022-10-16T21:52:10.7895810Z Download action repository 'actions/checkout@v3' (SHA:93ea575cb5d8a053eaa0ac8fa3b40d7e05a33cc8)
2022-10-16T21:52:12.0821510Z Download action repository 'stefanzweifel/git-auto-commit-action@v4' (SHA:fd157da78fa13d9383e5580d1fd1184d89554b51)
2022-10-16T21:52:12.3968542Z Download action repository 'CasperWA/push-protected@v2' (SHA:6b25de805895da731062c43da647425fbb383128)
2022-10-16T21:52:12.9983210Z ##[group]Build container for action use: '/home/runner/work/_actions/CasperWA/push-protected/v2/Dockerfile'.
2022-10-16T21:52:13.0030259Z ##[command]/usr/bin/docker build -t 8d5581:a57d18bb2b534c6a9cd6387bc04767c5 -f "/home/runner/work/_actions/CasperWA/push-protected/v2/Dockerfile" "/home/runner/work/_actions/CasperWA/push-protected/v2"
2022-10-16T21:52:15.7916805Z Sending build context to Docker daemon  113.2kB
2022-10-16T21:52:15.7917123Z 
2022-10-16T21:52:15.8428682Z Step 1/6 : FROM python:alpine
2022-10-16T21:52:16.7880884Z alpine: Pulling from library/python
2022-10-16T21:52:17.0420043Z 213ec9aee27d: Already exists
2022-10-16T21:52:17.0648420Z 47858aee13bf: Pulling fs layer
2022-10-16T21:52:17.0654943Z cfe0d6c6d05c: Pulling fs layer
2022-10-16T21:52:17.0661311Z 2df617b3dcd9: Pulling fs layer
2022-10-16T21:52:17.0661577Z 38da16a6ebe8: Pulling fs layer
2022-10-16T21:52:17.1055456Z 38da16a6ebe8: Waiting
2022-10-16T21:52:17.3450215Z 2df617b3dcd9: Verifying Checksum
2022-10-16T21:52:17.3456916Z 2df617b3dcd9: Download complete
2022-10-16T21:52:17.3909146Z 47858aee13bf: Verifying Checksum
2022-10-16T21:52:17.3909372Z 47858aee13bf: Download complete
2022-10-16T21:52:17.4455118Z cfe0d6c6d05c: Verifying Checksum
2022-10-16T21:52:17.4455510Z cfe0d6c6d05c: Download complete
2022-10-16T21:52:17.6751151Z 38da16a6ebe8: Verifying Checksum
2022-10-16T21:52:17.6751501Z 38da16a6ebe8: Download complete
2022-10-16T21:52:18.0371283Z 47858aee13bf: Pull complete
2022-10-16T21:52:18.8327584Z cfe0d6c6d05c: Pull complete
2022-10-16T21:52:18.9482585Z 2df617b3dcd9: Pull complete
2022-10-16T21:52:19.3860179Z 38da16a6ebe8: Pull complete
2022-10-16T21:52:19.4230753Z Digest: sha256:3bfac1caa31cc6c0e796b65ba936f320d1e549d80f5ac02c2e4f83a0f04af3aa
2022-10-16T21:52:19.4351417Z Status: Downloaded newer image for python:alpine
2022-10-16T21:52:19.4421450Z  ---> 880fc229346e
2022-10-16T21:52:19.4422061Z Step 2/6 : COPY README.md setup.py requirements*.txt ./
2022-10-16T21:52:20.0366904Z  ---> d61052b12cfd
2022-10-16T21:52:20.0409239Z Step 3/6 : COPY push_action ./push_action
2022-10-16T21:52:21.0399374Z  ---> d8fe8d157ffb
2022-10-16T21:52:21.0399940Z Step 4/6 : RUN apk update     && apk add --no-cache git git-lfs bash     && pip install -U -e .
2022-10-16T21:52:21.1165879Z  ---> Running in d9cda3f50fcf
2022-10-16T21:52:22.5231658Z fetch https://dl-cdn.alpinelinux.org/alpine/v3.16/main/x86_64/APKINDEX.tar.gz
2022-10-16T21:52:22.7848969Z fetch https://dl-cdn.alpinelinux.org/alpine/v3.16/community/x86_64/APKINDEX.tar.gz
2022-10-16T21:52:23.1094972Z v3.16.2-301-g3f9d0a65f8 [https://dl-cdn.alpinelinux.org/alpine/v3.16/main]
2022-10-16T21:52:23.1095581Z v3.16.2-302-g26bb45e677 [https://dl-cdn.alpinelinux.org/alpine/v3.16/community]
2022-10-16T21:52:23.1096076Z OK: 17037 distinct packages available
2022-10-16T21:52:23.1312600Z fetch https://dl-cdn.alpinelinux.org/alpine/v3.16/main/x86_64/APKINDEX.tar.gz
2022-10-16T21:52:23.2764613Z fetch https://dl-cdn.alpinelinux.org/alpine/v3.16/community/x86_64/APKINDEX.tar.gz
2022-10-16T21:52:23.4356094Z (1/7) Installing bash (5.1.16-r2)
2022-10-16T21:52:23.4603754Z Executing bash-5.1.16-r2.post-install
2022-10-16T21:52:23.4622493Z (2/7) Installing brotli-libs (1.0.9-r6)
2022-10-16T21:52:23.4824237Z (3/7) Installing nghttp2-libs (1.47.0-r0)
2022-10-16T21:52:23.5006924Z (4/7) Installing libcurl (7.83.1-r3)
2022-10-16T21:52:23.5200459Z (5/7) Installing pcre2 (10.40-r0)
2022-10-16T21:52:23.5395025Z (6/7) Installing git (2.36.2-r0)
2022-10-16T21:52:23.6364952Z (7/7) Installing git-lfs (3.1.4-r5)
2022-10-16T21:52:23.7123340Z Executing git-lfs-3.1.4-r5.post-install
2022-10-16T21:52:23.7213865Z Git LFS initialized.
2022-10-16T21:52:23.7234166Z Executing busybox-1.35.0-r17.trigger
2022-10-16T21:52:23.7370517Z OK: 39 MiB in 43 packages
2022-10-16T21:52:25.1181429Z Obtaining file:///
2022-10-16T21:52:25.1188012Z   Preparing metadata (setup.py): started
2022-10-16T21:52:25.4990224Z   Preparing metadata (setup.py): finished with status 'done'
2022-10-16T21:52:25.5999416Z Collecting requests~=2.28
2022-10-16T21:52:25.6717932Z   Downloading requests-2.28.1-py3-none-any.whl (62 kB)
2022-10-16T21:52:25.6962020Z      â”â”â”â”â”â”â”â”â”â”â”â”â”â”â”â”â”â”â”â”â”â”â”â”â”â”â”â”â”â”â”â”â”â”â”â”â”â”â”â” 62.8/62.8 kB 2.5 MB/s eta 0:00:00
2022-10-16T21:52:25.7329388Z Collecting idna<4,>=2.5
2022-10-16T21:52:25.7492036Z   Downloading idna-3.4-py3-none-any.whl (61 kB)
2022-10-16T21:52:25.7637411Z      â”â”â”â”â”â”â”â”â”â”â”â”â”â”â”â”â”â”â”â”â”â”â”â”â”â”â”â”â”â”â”â”â”â”â”â”â”â”â”â” 61.5/61.5 kB 4.2 MB/s eta 0:00:00
2022-10-16T21:52:25.7971132Z Collecting certifi>=2017.4.17
2022-10-16T21:52:25.8189257Z   Downloading certifi-2022.9.24-py3-none-any.whl (161 kB)
2022-10-16T21:52:25.8426244Z      â”â”â”â”â”â”â”â”â”â”â”â”â”â”â”â”â”â”â”â”â”â”â”â”â”â”â”â”â”â”â”â”â”â”â”â”â”â”â” 161.1/161.1 kB 7.0 MB/s eta 0:00:00
2022-10-16T21:52:25.8858068Z Collecting charset-normalizer<3,>=2
2022-10-16T21:52:25.9019863Z   Downloading charset_normalizer-2.1.1-py3-none-any.whl (39 kB)
2022-10-16T21:52:25.9556070Z Collecting urllib3<1.27,>=1.21.1
2022-10-16T21:52:25.9706226Z   Downloading urllib3-1.26.12-py2.py3-none-any.whl (140 kB)
2022-10-16T21:52:25.9827553Z      â”â”â”â”â”â”â”â”â”â”â”â”â”â”â”â”â”â”â”â”â”â”â”â”â”â”â”â”â”â”â”â”â”â”â”â”â”â” 140.4/140.4 kB 13.6 MB/s eta 0:00:00
2022-10-16T21:52:26.0439148Z Installing collected packages: urllib3, idna, charset-normalizer, certifi, requests, push-action
2022-10-16T21:52:26.3222625Z   Running setup.py develop for push-action
2022-10-16T21:52:26.5744080Z Successfully installed certifi-2022.9.24 charset-normalizer-2.1.1 idna-3.4 push-action-2.14.0 requests-2.28.1 urllib3-1.26.12
2022-10-16T21:52:26.5749229Z [91mWARNING: Running pip as the 'root' user can result in broken permissions and conflicting behaviour with the system package manager. It is recommended to use a virtual environment instead: https://pip.pypa.io/warnings/venv
2022-10-16T21:52:26.6752754Z [0m[91m
2022-10-16T21:52:26.6753118Z [notice] A new release of pip available: 22.2.2 -> 22.3
2022-10-16T21:52:26.6753518Z [notice] To update, run: pip install --upgrade pip
2022-10-16T21:52:28.5652204Z [0mRemoving intermediate container d9cda3f50fcf
2022-10-16T21:52:28.5652550Z  ---> 1a590f9cbe2c
2022-10-16T21:52:28.5652862Z Step 5/6 : COPY entrypoint.sh ./
2022-10-16T21:52:29.0480604Z  ---> c38a78f4570c
2022-10-16T21:52:29.0481100Z Step 6/6 : ENTRYPOINT [ "/entrypoint.sh" ]
2022-10-16T21:52:29.1368660Z  ---> Running in 6ea2fc2962d1
2022-10-16T21:52:30.0434264Z Removing intermediate container 6ea2fc2962d1
2022-10-16T21:52:30.0434900Z  ---> bf27d0ce9667
2022-10-16T21:52:30.0439963Z Successfully built bf27d0ce9667
2022-10-16T21:52:30.0610728Z Successfully tagged 8d5581:a57d18bb2b534c6a9cd6387bc04767c5
2022-10-16T21:52:30.0627722Z ##[endgroup]
2022-10-16T21:52:30.0898842Z ##[group]Run actions/checkout@v3
2022-10-16T21:52:30.0899029Z with:
2022-10-16T21:52:30.0899209Z   repository: AlphaSteam/microprint-generator
2022-10-16T21:52:30.0899541Z   token: ***
2022-10-16T21:52:30.0899688Z   ssh-strict: true
2022-10-16T21:52:30.0899846Z   persist-credentials: true
2022-10-16T21:52:30.0899999Z   clean: true
2022-10-16T21:52:30.0900132Z   fetch-depth: 1
2022-10-16T21:52:30.0900267Z   lfs: false
2022-10-16T21:52:30.0900400Z   submodules: false
2022-10-16T21:52:30.0900552Z   set-safe-directory: true
2022-10-16T21:52:30.0900694Z ##[endgroup]
2022-10-16T21:52:32.6181038Z Syncing repository: AlphaSteam/microprint-generator
2022-10-16T21:52:32.6438489Z ##[group]Getting Git version info
2022-10-16T21:52:32.6439290Z Working directory is '/home/runner/work/microprint-generator/microprint-generator'
2022-10-16T21:52:32.6475744Z [command]/usr/bin/git version
2022-10-16T21:52:32.8436054Z git version 2.37.3
2022-10-16T21:52:32.8457837Z ##[endgroup]
2022-10-16T21:52:32.8476658Z Temporarily overriding HOME='/home/runner/work/_temp/294812c8-62a9-40f0-a49b-a77649d8a790' before making global git config changes
2022-10-16T21:52:32.8477879Z Adding repository directory to the temporary git global config as a safe directory
2022-10-16T21:52:32.8483338Z [command]/usr/bin/git config --global --add safe.directory /home/runner/work/microprint-generator/microprint-generator
2022-10-16T21:52:32.8608432Z Deleting the contents of '/home/runner/work/microprint-generator/microprint-generator'
2022-10-16T21:52:32.8612988Z ##[group]Initializing the repository
2022-10-16T21:52:32.8616351Z [command]/usr/bin/git init /home/runner/work/microprint-generator/microprint-generator
2022-10-16T21:52:32.9055066Z hint: Using 'master' as the name for the initial branch. This default branch name
2022-10-16T21:52:32.9055968Z hint: is subject to change. To configure the initial branch name to use in all
2022-10-16T21:52:32.9056639Z hint: of your new repositories, which will suppress this warning, call:
2022-10-16T21:52:32.9057161Z hint: 
2022-10-16T21:52:32.9057705Z hint: 	git config --global init.defaultBranch <name>
2022-10-16T21:52:32.9058195Z hint: 
2022-10-16T21:52:32.9058807Z hint: Names commonly chosen instead of 'master' are 'main', 'trunk' and
2022-10-16T21:52:32.9059802Z hint: 'development'. The just-created branch can be renamed via this command:
2022-10-16T21:52:32.9060351Z hint: 
2022-10-16T21:52:32.9060792Z hint: 	git branch -m <name>
2022-10-16T21:52:32.9067933Z Initialized empty Git repository in /home/runner/work/microprint-generator/microprint-generator/.git/
2022-10-16T21:52:32.9077295Z [command]/usr/bin/git remote add origin https://github.com/AlphaSteam/microprint-generator
2022-10-16T21:52:32.9211104Z ##[endgroup]
2022-10-16T21:52:32.9212055Z ##[group]Disabling automatic garbage collection
2022-10-16T21:52:32.9217603Z [command]/usr/bin/git config --local gc.auto 0
2022-10-16T21:52:32.9246269Z ##[endgroup]
2022-10-16T21:52:32.9246891Z ##[group]Setting up auth
2022-10-16T21:52:32.9253494Z [command]/usr/bin/git config --local --name-only --get-regexp core\.sshCommand
2022-10-16T21:52:32.9278781Z [command]/usr/bin/git submodule foreach --recursive git config --local --name-only --get-regexp 'core\.sshCommand' && git config --local --unset-all 'core.sshCommand' || :
2022-10-16T21:52:33.1752066Z [command]/usr/bin/git config --local --name-only --get-regexp http\.https\:\/\/github\.com\/\.extraheader
2022-10-16T21:52:33.1782796Z [command]/usr/bin/git submodule foreach --recursive git config --local --name-only --get-regexp 'http\.https\:\/\/github\.com\/\.extraheader' && git config --local --unset-all 'http.https://github.com/.extraheader' || :
2022-10-16T21:52:33.1943857Z [command]/usr/bin/git config --local http.https://github.com/.extraheader AUTHORIZATION: basic ***
2022-10-16T21:52:33.1969862Z ##[endgroup]
2022-10-16T21:52:33.1990742Z ##[group]Fetching the repository
2022-10-16T21:52:33.1992054Z [command]/usr/bin/git -c protocol.version=2 fetch --no-tags --prune --progress --no-recurse-submodules --depth=1 origin +5256ab5e224aecb6f98cc1462e0dcc1123a1bc6c:refs/remotes/origin/matrix_actions
2022-10-16T21:52:33.6531607Z remote: Enumerating objects: 73, done.        
2022-10-16T21:52:33.6532440Z remote: Counting objects:   1% (1/73)        
2022-10-16T21:52:33.6533386Z remote: Counting objects:   2% (2/73)        
2022-10-16T21:52:33.6533947Z remote: Counting objects:   4% (3/73)        
2022-10-16T21:52:33.6534326Z remote: Counting objects:   5% (4/73)        
2022-10-16T21:52:33.6534659Z remote: Counting objects:   6% (5/73)        
2022-10-16T21:52:33.6535040Z remote: Counting objects:   8% (6/73)        
2022-10-16T21:52:33.6535377Z remote: Counting objects:   9% (7/73)        
2022-10-16T21:52:33.6535736Z remote: Counting objects:  10% (8/73)        
2022-10-16T21:52:33.6536063Z remote: Counting objects:  12% (9/73)        
2022-10-16T21:52:33.6536422Z remote: Counting objects:  13% (10/73)        
2022-10-16T21:52:33.6536772Z remote: Counting objects:  15% (11/73)        
2022-10-16T21:52:33.6537141Z remote: Counting objects:  16% (12/73)        
2022-10-16T21:52:33.6537467Z remote: Counting objects:  17% (13/73)        
2022-10-16T21:52:33.6537798Z remote: Counting objects:  19% (14/73)        
2022-10-16T21:52:33.6538172Z remote: Counting objects:  20% (15/73)        
2022-10-16T21:52:33.6538818Z remote: Counting objects:  21% (16/73)        
2022-10-16T21:52:33.6539293Z remote: Counting objects:  23% (17/73)        
2022-10-16T21:52:33.6539771Z remote: Counting objects:  24% (18/73)        
2022-10-16T21:52:33.6540113Z remote: Counting objects:  26% (19/73)        
2022-10-16T21:52:33.6540429Z remote: Counting objects:  27% (20/73)        
2022-10-16T21:52:33.6540738Z remote: Counting objects:  28% (21/73)        
2022-10-16T21:52:33.6541123Z remote: Counting objects:  30% (22/73)        
2022-10-16T21:52:33.6541461Z remote: Counting objects:  31% (23/73)        
2022-10-16T21:52:33.6541790Z remote: Counting objects:  32% (24/73)        
2022-10-16T21:52:33.6542115Z remote: Counting objects:  34% (25/73)        
2022-10-16T21:52:33.6542428Z remote: Counting objects:  35% (26/73)        
2022-10-16T21:52:33.6542783Z remote: Counting objects:  36% (27/73)        
2022-10-16T21:52:33.6543170Z remote: Counting objects:  38% (28/73)        
2022-10-16T21:52:33.6543543Z remote: Counting objects:  39% (29/73)        
2022-10-16T21:52:33.6543858Z remote: Counting objects:  41% (30/73)        
2022-10-16T21:52:33.6544224Z remote: Counting objects:  42% (31/73)        
2022-10-16T21:52:33.6544612Z remote: Counting objects:  43% (32/73)        
2022-10-16T21:52:33.6544984Z remote: Counting objects:  45% (33/73)        
2022-10-16T21:52:33.6545349Z remote: Counting objects:  46% (34/73)        
2022-10-16T21:52:33.6545731Z remote: Counting objects:  47% (35/73)        
2022-10-16T21:52:33.6546104Z remote: Counting objects:  49% (36/73)        
2022-10-16T21:52:33.6546471Z remote: Counting objects:  50% (37/73)        
2022-10-16T21:52:33.6546817Z remote: Counting objects:  52% (38/73)        
2022-10-16T21:52:33.6547188Z remote: Counting objects:  53% (39/73)        
2022-10-16T21:52:33.6547571Z remote: Counting objects:  54% (40/73)        
2022-10-16T21:52:33.6547968Z remote: Counting objects:  56% (41/73)        
2022-10-16T21:52:33.6548358Z remote: Counting objects:  57% (42/73)        
2022-10-16T21:52:33.6548759Z remote: Counting objects:  58% (43/73)        
2022-10-16T21:52:33.6549423Z remote: Counting objects:  60% (44/73)        
2022-10-16T21:52:33.6550398Z remote: Counting objects:  61% (45/73)        
2022-10-16T21:52:33.6550796Z remote: Counting objects:  63% (46/73)        
2022-10-16T21:52:33.6551193Z remote: Counting objects:  64% (47/73)        
2022-10-16T21:52:33.6551558Z remote: Counting objects:  65% (48/73)        
2022-10-16T21:52:33.6551951Z remote: Counting objects:  67% (49/73)        
2022-10-16T21:52:33.6552327Z remote: Counting objects:  68% (50/73)        
2022-10-16T21:52:33.6552721Z remote: Counting objects:  69% (51/73)        
2022-10-16T21:52:33.6553288Z remote: Counting objects:  71% (52/73)        
2022-10-16T21:52:33.6553652Z remote: Counting objects:  72% (53/73)        
2022-10-16T21:52:33.6553955Z remote: Counting objects:  73% (54/73)        
2022-10-16T21:52:33.6554282Z remote: Counting objects:  75% (55/73)        
2022-10-16T21:52:33.6554603Z remote: Counting objects:  76% (56/73)        
2022-10-16T21:52:33.6554931Z remote: Counting objects:  78% (57/73)        
2022-10-16T21:52:33.6555260Z remote: Counting objects:  79% (58/73)        
2022-10-16T21:52:33.6555547Z remote: Counting objects:  80% (59/73)        
2022-10-16T21:52:33.6555857Z remote: Counting objects:  82% (60/73)        
2022-10-16T21:52:33.6556155Z remote: Counting objects:  83% (61/73)        
2022-10-16T21:52:33.6556461Z remote: Counting objects:  84% (62/73)        
2022-10-16T21:52:33.6556755Z remote: Counting objects:  86% (63/73)        
2022-10-16T21:52:33.6557069Z remote: Counting objects:  87% (64/73)        
2022-10-16T21:52:33.6557398Z remote: Counting objects:  89% (65/73)        
2022-10-16T21:52:33.6557725Z remote: Counting objects:  90% (66/73)        
2022-10-16T21:52:33.6558026Z remote: Counting objects:  91% (67/73)        
2022-10-16T21:52:33.6558336Z remote: Counting objects:  93% (68/73)        
2022-10-16T21:52:33.6558648Z remote: Counting objects:  94% (69/73)        
2022-10-16T21:52:33.6558940Z remote: Counting objects:  95% (70/73)        
2022-10-16T21:52:33.6559241Z remote: Counting objects:  97% (71/73)        
2022-10-16T21:52:33.6559541Z remote: Counting objects:  98% (72/73)        
2022-10-16T21:52:33.6559845Z remote: Counting objects: 100% (73/73)        
2022-10-16T21:52:33.6560156Z remote: Counting objects: 100% (73/73), done.        
2022-10-16T21:52:33.6560479Z remote: Compressing objects:   1% (1/51)        
2022-10-16T21:52:33.6560767Z remote: Compressing objects:   3% (2/51)        
2022-10-16T21:52:33.6563130Z remote: Compressing objects:   5% (3/51)        
2022-10-16T21:52:33.6563965Z remote: Compressing objects:   7% (4/51)        
2022-10-16T21:52:33.6564312Z remote: Compressing objects:   9% (5/51)        
2022-10-16T21:52:33.6564644Z remote: Compressing objects:  11% (6/51)        
2022-10-16T21:52:33.6564989Z remote: Compressing objects:  13% (7/51)        
2022-10-16T21:52:33.6673557Z remote: Compressing objects:  15% (8/51)        
2022-10-16T21:52:33.6674684Z remote: Compressing objects:  17% (9/51)        
2022-10-16T21:52:33.6674934Z remote: Compressing objects:  19% (10/51)        
2022-10-16T21:52:33.6675173Z remote: Compressing objects:  21% (11/51)        
2022-10-16T21:52:33.6675401Z remote: Compressing objects:  23% (12/51)        
2022-10-16T21:52:33.6675620Z remote: Compressing objects:  25% (13/51)        
2022-10-16T21:52:33.6675841Z remote: Compressing objects:  27% (14/51)        
2022-10-16T21:52:33.6676064Z remote: Compressing objects:  29% (15/51)        
2022-10-16T21:52:33.6676287Z remote: Compressing objects:  31% (16/51)        
2022-10-16T21:52:33.6676501Z remote: Compressing objects:  33% (17/51)        
2022-10-16T21:52:33.6676732Z remote: Compressing objects:  35% (18/51)        
2022-10-16T21:52:33.6676954Z remote: Compressing objects:  37% (19/51)        
2022-10-16T21:52:33.6677174Z remote: Compressing objects:  39% (20/51)        
2022-10-16T21:52:33.6677389Z remote: Compressing objects:  41% (21/51)        
2022-10-16T21:52:33.6728255Z remote: Compressing objects:  43% (22/51)        
2022-10-16T21:52:33.6729279Z remote: Compressing objects:  45% (23/51)        
2022-10-16T21:52:33.6729674Z remote: Compressing objects:  47% (24/51)        
2022-10-16T21:52:33.6730030Z remote: Compressing objects:  49% (25/51)        
2022-10-16T21:52:33.6730389Z remote: Compressing objects:  50% (26/51)        
2022-10-16T21:52:33.6731489Z remote: Compressing objects:  52% (27/51)        
2022-10-16T21:52:33.6731932Z remote: Compressing objects:  54% (28/51)        
2022-10-16T21:52:33.6732629Z remote: Compressing objects:  56% (29/51)        
2022-10-16T21:52:33.6733009Z remote: Compressing objects:  58% (30/51)        
2022-10-16T21:52:33.6734617Z remote: Compressing objects:  60% (31/51)        
2022-10-16T21:52:33.6735034Z remote: Compressing objects:  62% (32/51)        
2022-10-16T21:52:33.6735393Z remote: Compressing objects:  64% (33/51)        
2022-10-16T21:52:33.6735611Z remote: Compressing objects:  66% (34/51)        
2022-10-16T21:52:33.6735833Z remote: Compressing objects:  68% (35/51)        
2022-10-16T21:52:33.6736060Z remote: Compressing objects:  70% (36/51)        
2022-10-16T21:52:33.6736278Z remote: Compressing objects:  72% (37/51)        
2022-10-16T21:52:33.6736490Z remote: Compressing objects:  74% (38/51)        
2022-10-16T21:52:33.6736675Z remote: Compressing objects:  76% (39/51)        
2022-10-16T21:52:33.6736866Z remote: Compressing objects:  78% (40/51)        
2022-10-16T21:52:33.6737041Z remote: Compressing objects:  80% (41/51)        
2022-10-16T21:52:33.6737219Z remote: Compressing objects:  82% (42/51)        
2022-10-16T21:52:33.6737386Z remote: Compressing objects:  84% (43/51)        
2022-10-16T21:52:33.6737562Z remote: Compressing objects:  86% (44/51)        
2022-10-16T21:52:33.6737742Z remote: Compressing objects:  88% (45/51)        
2022-10-16T21:52:33.6737916Z remote: Compressing objects:  90% (46/51)        
2022-10-16T21:52:33.6738084Z remote: Compressing objects:  92% (47/51)        
2022-10-16T21:52:33.6738261Z remote: Compressing objects:  94% (48/51)        
2022-10-16T21:52:33.6738438Z remote: Compressing objects:  96% (49/51)        
2022-10-16T21:52:33.6738613Z remote: Compressing objects:  98% (50/51)        
2022-10-16T21:52:33.6738780Z remote: Compressing objects: 100% (51/51)        
2022-10-16T21:52:33.6738972Z remote: Compressing objects: 100% (51/51), done.        
2022-10-16T21:52:33.8312787Z remote: Total 73 (delta 12), reused 56 (delta 5), pack-reused 0        
2022-10-16T21:52:33.8751725Z From https://github.com/AlphaSteam/microprint-generator
2022-10-16T21:52:33.8752652Z  * [new ref]         5256ab5e224aecb6f98cc1462e0dcc1123a1bc6c -> origin/matrix_actions
2022-10-16T21:52:33.8866152Z ##[endgroup]
2022-10-16T21:52:33.8867188Z ##[group]Determining the checkout info
2022-10-16T21:52:33.8871347Z ##[endgroup]
2022-10-16T21:52:33.8872030Z ##[group]Checking out the ref
2022-10-16T21:52:33.8874708Z [command]/usr/bin/git checkout --progress --force -B matrix_actions refs/remotes/origin/matrix_actions
2022-10-16T21:52:33.9076177Z Switched to a new branch 'matrix_actions'
2022-10-16T21:52:33.9079848Z branch 'matrix_actions' set up to track 'origin/matrix_actions'.
2022-10-16T21:52:33.9082476Z ##[endgroup]
2022-10-16T21:52:33.9155687Z [command]/usr/bin/git log -1 --format='%H'
2022-10-16T21:52:33.9177164Z '5256ab5e224aecb6f98cc1462e0dcc1123a1bc6c'
2022-10-16T21:52:33.9487363Z ##[group]Run ./
2022-10-16T21:52:33.9487513Z with:
2022-10-16T21:52:33.9487661Z   microprint_render_method: raster
2022-10-16T21:52:33.9487833Z   log_path: ./Examples/Mid-job/logs
2022-10-16T21:52:33.9488032Z   microprint_path: ./Examples/Mid-job/microprint
2022-10-16T21:52:33.9488236Z   microprint_config_path: ./Examples/Mid-job/
2022-10-16T21:52:33.9488442Z   repository: AlphaSteam/microprint-generator
2022-10-16T21:52:33.9488774Z   github_token: ***
2022-10-16T21:52:33.9488936Z   job_name: generate_microprint_mid_job_matrix
2022-10-16T21:52:33.9489118Z   ref: refs/heads/matrix_actions
2022-10-16T21:52:33.9489272Z   log_filename: logs
2022-10-16T21:52:33.9489413Z   save_log: true
2022-10-16T21:52:33.9489644Z   microprint_filename: microprint
2022-10-16T21:52:33.9489821Z   microprint_config_filename: config
2022-10-16T21:52:33.9490007Z   generate_microprint_visualizer_link: true
2022-10-16T21:52:33.9490223Z   microprint_visualizer_link_filename: microprint_visualizer
2022-10-16T21:52:33.9490444Z   microprint_visualizer_link_path: ./
2022-10-16T21:52:33.9490643Z   matrix: {
  "os": "windows-latest",
  "version": 1.6
}
2022-10-16T21:52:33.9490820Z ##[endgroup]
2022-10-16T21:52:33.9580728Z ##[group]Building docker image
2022-10-16T21:52:33.9581006Z Dockerfile for action: '/home/runner/work/microprint-generator/microprint-generator/./Dockerfile'.
2022-10-16T21:52:33.9582007Z ##[command]/usr/bin/docker build -t 8d5581:eeca10b298c95b71e224185cdb20a8b7 -f "/home/runner/work/microprint-generator/microprint-generator/./Dockerfile" "/home/runner/work/microprint-generator/microprint-generator"
2022-10-16T21:52:34.0352778Z Sending build context to Docker daemon  3.664MB
2022-10-16T21:52:34.0353033Z 
2022-10-16T21:52:34.0394545Z Step 1/6 : FROM python:3
2022-10-16T21:52:34.8582315Z 3: Pulling from library/python
2022-10-16T21:52:35.0811008Z f606d8928ed3: Pulling fs layer
2022-10-16T21:52:35.0811343Z 47db815c6a45: Pulling fs layer
2022-10-16T21:52:35.0811688Z bf4849400000: Pulling fs layer
2022-10-16T21:52:35.0812013Z a572f7a256d3: Pulling fs layer
2022-10-16T21:52:35.0812350Z 8f7d05258955: Pulling fs layer
2022-10-16T21:52:35.0812704Z 7110f04115ae: Pulling fs layer
2022-10-16T21:52:35.0812998Z 967c89122295: Pulling fs layer
2022-10-16T21:52:35.0813303Z 9f28dfdab382: Pulling fs layer
2022-10-16T21:52:35.0813592Z 5e971b2ac572: Pulling fs layer
2022-10-16T21:52:35.0813889Z 8f7d05258955: Waiting
2022-10-16T21:52:35.0814196Z 7110f04115ae: Waiting
2022-10-16T21:52:35.0814495Z 967c89122295: Waiting
2022-10-16T21:52:35.0814776Z 9f28dfdab382: Waiting
2022-10-16T21:52:35.0815082Z 5e971b2ac572: Waiting
2022-10-16T21:52:35.0815383Z a572f7a256d3: Waiting
2022-10-16T21:52:35.4094184Z 47db815c6a45: Verifying Checksum
2022-10-16T21:52:35.4094558Z 47db815c6a45: Download complete
2022-10-16T21:52:35.5017817Z bf4849400000: Verifying Checksum
2022-10-16T21:52:35.5019227Z bf4849400000: Download complete
2022-10-16T21:52:36.0308415Z f606d8928ed3: Verifying Checksum
2022-10-16T21:52:36.0309178Z f606d8928ed3: Download complete
2022-10-16T21:52:36.3439188Z a572f7a256d3: Verifying Checksum
2022-10-16T21:52:36.3441999Z a572f7a256d3: Download complete
2022-10-16T21:52:36.5603518Z 7110f04115ae: Verifying Checksum
2022-10-16T21:52:36.5603867Z 7110f04115ae: Download complete
2022-10-16T21:52:36.8929696Z 967c89122295: Verifying Checksum
2022-10-16T21:52:36.8931751Z 967c89122295: Download complete
2022-10-16T21:52:36.8944652Z 9f28dfdab382: Verifying Checksum
2022-10-16T21:52:36.8944975Z 9f28dfdab382: Download complete
2022-10-16T21:52:37.2600551Z 5e971b2ac572: Verifying Checksum
2022-10-16T21:52:37.6391009Z 5e971b2ac572: Download complete
2022-10-16T21:52:37.6391216Z 8f7d05258955: Verifying Checksum
2022-10-16T21:52:37.6391382Z 8f7d05258955: Download complete
2022-10-16T21:52:38.2834422Z f606d8928ed3: Pull complete
2022-10-16T21:52:43.4002768Z 47db815c6a45: Pull complete
2022-10-16T21:52:43.7847170Z bf4849400000: Pull complete
2022-10-16T21:52:47.9915136Z a572f7a256d3: Pull complete
2022-10-16T21:52:59.0416183Z 8f7d05258955: Pull complete
2022-10-16T21:52:59.4951593Z 7110f04115ae: Pull complete
2022-10-16T21:53:00.7227060Z 967c89122295: Pull complete
2022-10-16T21:53:00.8505387Z 9f28dfdab382: Pull complete
2022-10-16T21:53:01.3214473Z 5e971b2ac572: Pull complete
2022-10-16T21:53:01.3627146Z Digest: sha256:3e15ea73ac5c1f9408d8dc9eeb8297ece8e727f3004129a829519230c7de720c
2022-10-16T21:53:01.3746860Z Status: Downloaded newer image for python:3
2022-10-16T21:53:01.3843440Z  ---> f05c8762fe15
2022-10-16T21:53:01.3843842Z Step 2/6 : COPY requirements.txt /requirements.txt
2022-10-16T21:53:02.1985662Z  ---> 7e4ad5e17187
2022-10-16T21:53:02.1986216Z Step 3/6 : RUN pip install -r /requirements.txt
2022-10-16T21:53:02.2809613Z  ---> Running in 61b8530bfa17
2022-10-16T21:53:03.9246951Z Collecting pillow
2022-10-16T21:53:03.9978279Z   Downloading Pillow-9.2.0-cp310-cp310-manylinux_2_28_x86_64.whl (3.2 MB)
2022-10-16T21:53:04.1104534Z      â”â”â”â”â”â”â”â”â”â”â”â”â”â”â”â”â”â”â”â”â”â”â”â”â”â”â”â”â”â”â”â”â”â”â”â”â”â”â”â” 3.2/3.2 MB 28.7 MB/s eta 0:00:00
2022-10-16T21:53:04.1664206Z Collecting requests
2022-10-16T21:53:04.1881320Z   Downloading requests-2.28.1-py3-none-any.whl (62 kB)
2022-10-16T21:53:04.1994851Z      â”â”â”â”â”â”â”â”â”â”â”â”â”â”â”â”â”â”â”â”â”â”â”â”â”â”â”â”â”â”â”â”â”â”â”â”â”â”â”â” 62.8/62.8 kB 5.8 MB/s eta 0:00:00
2022-10-16T21:53:04.2329444Z Collecting svgwrite
2022-10-16T21:53:04.2697476Z   Downloading svgwrite-1.4.3-py3-none-any.whl (67 kB)
2022-10-16T21:53:04.2844556Z      â”â”â”â”â”â”â”â”â”â”â”â”â”â”â”â”â”â”â”â”â”â”â”â”â”â”â”â”â”â”â”â”â”â”â”â”â”â”â”â” 67.1/67.1 kB 4.7 MB/s eta 0:00:00
2022-10-16T21:53:04.3281871Z Collecting markdown-it-py[plugins]
2022-10-16T21:53:04.3443211Z   Downloading markdown_it_py-2.1.0-py3-none-any.whl (84 kB)
2022-10-16T21:53:04.3549203Z      â”â”â”â”â”â”â”â”â”â”â”â”â”â”â”â”â”â”â”â”â”â”â”â”â”â”â”â”â”â”â”â”â”â”â”â”â”â”â”â” 84.5/84.5 kB 8.7 MB/s eta 0:00:00
2022-10-16T21:53:04.4183953Z Collecting urllib3<1.27,>=1.21.1
2022-10-16T21:53:04.4345144Z   Downloading urllib3-1.26.12-py2.py3-none-any.whl (140 kB)
2022-10-16T21:53:04.4463312Z      â”â”â”â”â”â”â”â”â”â”â”â”â”â”â”â”â”â”â”â”â”â”â”â”â”â”â”â”â”â”â”â”â”â”â”â”â”â” 140.4/140.4 kB 13.9 MB/s eta 0:00:00
2022-10-16T21:53:04.4834926Z Collecting certifi>=2017.4.17
2022-10-16T21:53:04.4983028Z   Downloading certifi-2022.9.24-py3-none-any.whl (161 kB)
2022-10-16T21:53:04.5102530Z      â”â”â”â”â”â”â”â”â”â”â”â”â”â”â”â”â”â”â”â”â”â”â”â”â”â”â”â”â”â”â”â”â”â”â”â”â”â” 161.1/161.1 kB 15.7 MB/s eta 0:00:00
2022-10-16T21:53:04.5589246Z Collecting charset-normalizer<3,>=2
2022-10-16T21:53:04.5737113Z   Downloading charset_normalizer-2.1.1-py3-none-any.whl (39 kB)
2022-10-16T21:53:04.6165583Z Collecting idna<4,>=2.5
2022-10-16T21:53:04.6318530Z   Downloading idna-3.4-py3-none-any.whl (61 kB)
2022-10-16T21:53:04.6412379Z      â”â”â”â”â”â”â”â”â”â”â”â”â”â”â”â”â”â”â”â”â”â”â”â”â”â”â”â”â”â”â”â”â”â”â”â”â”â”â”â” 61.5/61.5 kB 7.2 MB/s eta 0:00:00
2022-10-16T21:53:04.6867077Z Collecting mdurl~=0.1
2022-10-16T21:53:04.7036805Z   Downloading mdurl-0.1.2-py3-none-any.whl (10.0 kB)
2022-10-16T21:53:04.7424103Z Collecting mdit-py-plugins
2022-10-16T21:53:04.7616772Z   Downloading mdit_py_plugins-0.3.1-py3-none-any.whl (46 kB)
2022-10-16T21:53:04.7709951Z      â”â”â”â”â”â”â”â”â”â”â”â”â”â”â”â”â”â”â”â”â”â”â”â”â”â”â”â”â”â”â”â”â”â”â”â”â”â”â”â” 46.5/46.5 kB 5.1 MB/s eta 0:00:00
2022-10-16T21:53:04.8777358Z Installing collected packages: urllib3, svgwrite, pillow, mdurl, idna, charset-normalizer, certifi, requests, markdown-it-py, mdit-py-plugins
2022-10-16T21:53:05.4444674Z Successfully installed certifi-2022.9.24 charset-normalizer-2.1.1 idna-3.4 markdown-it-py-2.1.0 mdit-py-plugins-0.3.1 mdurl-0.1.2 pillow-9.2.0 requests-2.28.1 svgwrite-1.4.3 urllib3-1.26.12
2022-10-16T21:53:05.4445547Z [91mWARNING: Running pip as the 'root' user can result in broken permissions and conflicting behaviour with the system package manager. It is recommended to use a virtual environment instead: https://pip.pypa.io/warnings/venv
2022-10-16T21:53:05.5471461Z [0m[91m
2022-10-16T21:53:05.5471887Z [notice] A new release of pip available: 22.2.2 -> 22.3
2022-10-16T21:53:05.5472378Z [notice] To update, run: pip install --upgrade pip
2022-10-16T21:53:07.9364246Z [0mRemoving intermediate container 61b8530bfa17
2022-10-16T21:53:07.9364783Z  ---> acc1fe78311f
2022-10-16T21:53:07.9365153Z Step 4/6 : COPY script.py /script.py
2022-10-16T21:53:08.7925679Z  ---> 632f1f18f003
2022-10-16T21:53:08.7926234Z Step 5/6 : COPY microprint_generator.py /microprint_generator.py
2022-10-16T21:53:09.6660261Z  ---> ea13a7015fb3
2022-10-16T21:53:09.6660855Z Step 6/6 : CMD ["python", "/script.py"]
2022-10-16T21:53:09.7399831Z  ---> Running in 34444a85ef56
2022-10-16T21:53:10.5635333Z Removing intermediate container 34444a85ef56
2022-10-16T21:53:10.5635716Z  ---> 7ce1da17b8d0
2022-10-16T21:53:10.5674947Z Successfully built 7ce1da17b8d0
2022-10-16T21:53:10.5859235Z Successfully tagged 8d5581:eeca10b298c95b71e224185cdb20a8b7
2022-10-16T21:53:10.5864825Z ##[endgroup]
2022-10-16T21:53:10.5961946Z ##[command]/usr/bin/docker run --name d5581eeca10b298c95b71e224185cdb20a8b7_39a350 --label 8d5581 --workdir /github/workspace --rm -e "INPUT_MICROPRINT_RENDER_METHOD" -e "INPUT_LOG_PATH" -e "INPUT_MICROPRINT_PATH" -e "INPUT_MICROPRINT_CONFIG_PATH" -e "INPUT_REPOSITORY" -e "INPUT_GITHUB_TOKEN" -e "INPUT_JOB_ID" -e "INPUT_JOB_NAME" -e "INPUT_REF" -e "INPUT_LOG_FILENAME" -e "INPUT_SAVE_LOG" -e "INPUT_MICROPRINT_FILENAME" -e "INPUT_MICROPRINT_CONFIG_FILENAME" -e "INPUT_GENERATE_MICROPRINT_VISUALIZER_LINK" -e "INPUT_MICROPRINT_VISUALIZER_LINK_FILENAME" -e "INPUT_MICROPRINT_VISUALIZER_LINK_PATH" -e "INPUT_MATRIX" -e "HOME" -e "GITHUB_JOB" -e "GITHUB_REF" -e "GITHUB_SHA" -e "GITHUB_REPOSITORY" -e "GITHUB_REPOSITORY_OWNER" -e "GITHUB_RUN_ID" -e "GITHUB_RUN_NUMBER" -e "GITHUB_RETENTION_DAYS" -e "GITHUB_RUN_ATTEMPT" -e "GITHUB_ACTOR" -e "GITHUB_TRIGGERING_ACTOR" -e "GITHUB_WORKFLOW" -e "GITHUB_HEAD_REF" -e "GITHUB_BASE_REF" -e "GITHUB_EVENT_NAME" -e "GITHUB_SERVER_URL" -e "GITHUB_API_URL" -e "GITHUB_GRAPHQL_URL" -e "GITHUB_REF_NAME" -e "GITHUB_REF_PROTECTED" -e "GITHUB_REF_TYPE" -e "GITHUB_WORKSPACE" -e "GITHUB_ACTION" -e "GITHUB_EVENT_PATH" -e "GITHUB_ACTION_REPOSITORY" -e "GITHUB_ACTION_REF" -e "GITHUB_PATH" -e "GITHUB_ENV" -e "GITHUB_STEP_SUMMARY" -e "GITHUB_STATE" -e "GITHUB_OUTPUT" -e "RUNNER_OS" -e "RUNNER_ARCH" -e "RUNNER_NAME" -e "RUNNER_TOOL_CACHE" -e "RUNNER_TEMP" -e "RUNNER_WORKSPACE" -e "ACTIONS_RUNTIME_URL" -e "ACTIONS_RUNTIME_TOKEN" -e "ACTIONS_CACHE_URL" -e GITHUB_ACTIONS=true -e CI=true -v "/var/run/docker.sock":"/var/run/docker.sock" -v "/home/runner/work/_temp/_github_home":"/github/home" -v "/home/runner/work/_temp/_github_workflow":"/github/workflow" -v "/home/runner/work/_temp/_runner_file_commands":"/github/file_commands" -v "/home/runner/work/microprint-generator/microprint-generator":"/github/workspace" 8d5581:eeca10b298c95b71e224185cdb20a8b7
2022-10-16T21:53:11.1339719Z DEBUG:urllib3.connectionpool:Starting new HTTPS connection (1): api.github.com:443
2022-10-16T21:53:11.3445694Z DEBUG:urllib3.connectionpool:https://api.github.com:443 "GET /repos/AlphaSteam/microprint-generator HTTP/1.1" 200 None
2022-10-16T21:53:11.3466182Z DEBUG:urllib3.connectionpool:Starting new HTTPS connection (1): api.github.com:443
2022-10-16T21:53:11.7027191Z DEBUG:urllib3.connectionpool:https://api.github.com:443 "GET /repos/AlphaSteam/microprint-generator/actions/runs/3261047309/jobs HTTP/1.1" 200 None
2022-10-16T21:53:11.7049476Z DEBUG:urllib3.connectionpool:Starting new HTTPS connection (1): api.github.com:443
2022-10-16T21:53:11.9968890Z DEBUG:urllib3.connectionpool:https://api.github.com:443 "GET /repos/AlphaSteam/microprint-generator/actions/jobs/8919857318/logs HTTP/1.1" 302 0
2022-10-16T21:53:11.9980988Z DEBUG:urllib3.connectionpool:Starting new HTTPS connection (1): pipelines.actions.githubusercontent.com:443
2022-10-16T21:53:12.0636307Z DEBUG:urllib3.connectionpool:https://pipelines.actions.githubusercontent.com:443 "GET /serviceHosts/871f7675-65c0-436d-aa94-5c5a4536b9ce/_apis/pipelines/1/runs/213/signedlogcontent/14?urlExpires=2022-10-16T21%3A54%3A11.9607067Z&urlSigningMethod=HMACV1&urlSignature=pF6mHN9asrNrazeF6PskDKf42WmXg%2BMuJ%2BtxvvfsF0g%3D HTTP/1.1" 200 None
2022-10-16T21:53:12.0670109Z INFO:root:Generating raster microprint
2022-10-16T21:53:12.1058357Z Without spaces
2022-10-16T21:53:12.1059040Z string before:  ./Examples/Mid-job/logs (windows-latest, 1.6)
2022-10-16T21:53:12.1059720Z string after:  ./Examples/Mid-job/logs(windows-latest,1.6)
2022-10-16T21:53:12.1060134Z Without spaces
2022-10-16T21:53:12.1060754Z string before:  ./Examples/Mid-job/microprint (windows-latest, 1.6)
2022-10-16T21:53:12.1061483Z string after:  ./Examples/Mid-job/microprint(windows-latest,1.6)
2022-10-16T21:53:12.3567337Z ##[group]Run git pull
2022-10-16T21:53:12.3567531Z [36;1mgit pull[0m
2022-10-16T21:53:12.3602817Z shell: /usr/bin/bash -e {0}
2022-10-16T21:53:12.3602992Z ##[endgroup]
2022-10-16T21:53:13.1973973Z From https://github.com/AlphaSteam/microprint-generator
2022-10-16T21:53:13.1974956Z    5256ab5..06c669b  matrix_actions          -> origin/matrix_actions
2022-10-16T21:53:13.1976902Z  * [new branch]      add_custom_rules        -> origin/add_custom_rules
2022-10-16T21:53:13.1977729Z  * [new branch]      add_microprint_analysis -> origin/add_microprint_analysis
2022-10-16T21:53:13.2022488Z  * [new branch]      add_multiple_columns    -> origin/add_multiple_columns
2022-10-16T21:53:13.2023106Z  * [new branch]      create-pull-request/patch -> origin/create-pull-request/patch
2022-10-16T21:53:13.2023997Z  * [new branch]      custom_fonts            -> origin/custom_fonts
2022-10-16T21:53:13.2024448Z  * [new branch]      develop                 -> origin/develop
2022-10-16T21:53:13.2025008Z  * [new branch]      main                    -> origin/main
2022-10-16T21:53:13.2025680Z  * [new branch]      microprint_visualizer_integration -> origin/microprint_visualizer_integration
2022-10-16T21:53:13.2026266Z  * [new branch]      reduce_code_duplication -> origin/reduce_code_duplication
2022-10-16T21:53:13.2026762Z  * [new branch]      release/v1              -> origin/release/v1
2022-10-16T21:53:13.2027207Z  * [new branch]      release/v2              -> origin/release/v2
2022-10-16T21:53:13.2027692Z  * [new branch]      test_workflow           -> origin/test_workflow
2022-10-16T21:53:13.2073246Z  * [new tag]         v1                      -> v1
2022-10-16T21:53:13.2078891Z  * [new tag]         v1.0.0                  -> v1.0.0
2022-10-16T21:53:13.2081463Z  * [new tag]         v2                      -> v2
2022-10-16T21:53:13.2081856Z  * [new tag]         v2.0.0                  -> v2.0.0
2022-10-16T21:53:13.2082237Z  * [new tag]         v3                      -> v3
2022-10-16T21:53:13.2082624Z  * [new tag]         v3.0.0                  -> v3.0.0
2022-10-16T21:53:13.2190985Z Updating 5256ab5..06c669b
2022-10-16T21:53:13.2191511Z Fast-forward
2022-10-16T21:53:13.2204727Z  Examples/Mid-job/logs(macos-latest,1.6)/logs.txt      |   5 +++++
2022-10-16T21:53:13.2205428Z  Examples/Mid-job/logs(ubuntu-latest,1.6)/logs.txt     |   5 +++++
2022-10-16T21:53:13.2206056Z  Examples/Mid-job/logs/logs.txt                        |  10 +++++-----
2022-10-16T21:53:13.2206720Z  .../microprint(macos-latest,1.6)/microprint.png       | Bin 0 -> 1192 bytes
2022-10-16T21:53:13.2207394Z  .../microprint(ubuntu-latest,1.6)/microprint.png      | Bin 0 -> 1255 bytes
2022-10-16T21:53:13.2208050Z  Examples/Mid-job/microprint/microprint.png            | Bin 1243 -> 1300 bytes
2022-10-16T21:53:13.2208606Z  6 files changed, 15 insertions(+), 5 deletions(-)
2022-10-16T21:53:13.2209104Z  create mode 100644 Examples/Mid-job/logs(macos-latest,1.6)/logs.txt
2022-10-16T21:53:13.2209637Z  create mode 100644 Examples/Mid-job/logs(ubuntu-latest,1.6)/logs.txt
2022-10-16T21:53:13.2210194Z  create mode 100644 Examples/Mid-job/microprint(macos-latest,1.6)/microprint.png
2022-10-16T21:53:13.2210747Z  create mode 100644 Examples/Mid-job/microprint(ubuntu-latest,1.6)/microprint.png
2022-10-16T21:53:13.2298165Z ##[group]Run stefanzweifel/git-auto-commit-action@v4
2022-10-16T21:53:13.2298355Z with:
2022-10-16T21:53:13.2298515Z   commit_message: Updated mid-job microprint
2022-10-16T21:53:13.2298683Z   file_pattern: .
2022-10-16T21:53:13.2298828Z   repository: .
2022-10-16T21:53:13.2298988Z   commit_user_name: github-actions[bot]
2022-10-16T21:53:13.2299205Z   commit_user_email: github-actions[bot]@users.noreply.github.com
2022-10-16T21:53:13.2299451Z   commit_author: AlphaSteam <AlphaSteam@users.noreply.github.com>
2022-10-16T21:53:13.2299655Z   skip_dirty_check: false
2022-10-16T21:53:13.2299808Z   skip_fetch: false
2022-10-16T21:53:13.2299956Z   skip_checkout: false
2022-10-16T21:53:13.2300097Z   disable_globbing: false
2022-10-16T21:53:13.2300246Z   create_branch: false
2022-10-16T21:53:13.2300385Z ##[endgroup]
2022-10-16T21:53:13.2566278Z Started: bash /home/runner/work/_actions/stefanzweifel/git-auto-commit-action/v4/entrypoint.sh
2022-10-16T21:53:13.2601700Z INPUT_REPOSITORY value: .
2022-10-16T21:53:13.2602000Z INPUT_STATUS_OPTIONS: 
2022-10-16T21:53:13.2603399Z INPUT_FILE_PATTERN: .
2022-10-16T21:53:13.2642197Z ##[warning]The `set-output` command is deprecated and will be disabled soon. Please upgrade to using Environment Files. For more information see: https://github.blog/changelog/2022-10-11-github-actions-deprecating-save-state-and-set-output-commands/
2022-10-16T21:53:13.2653423Z INPUT_BRANCH value: 
2022-10-16T21:53:13.6716193Z Your branch is up to date with 'origin/matrix_actions'.
2022-10-16T21:53:13.6720398Z INPUT_ADD_OPTIONS: 
2022-10-16T21:53:13.6721347Z INPUT_FILE_PATTERN: .
2022-10-16T21:53:13.6746577Z INPUT_COMMIT_OPTIONS: 
2022-10-16T21:53:13.6747956Z INPUT_COMMIT_USER_NAME: github-actions[bot]
2022-10-16T21:53:13.6748560Z INPUT_COMMIT_USER_EMAIL: github-actions[bot]@users.noreply.github.com
2022-10-16T21:53:13.6749135Z INPUT_COMMIT_MESSAGE: Updated mid-job microprint
2022-10-16T21:53:13.6749637Z INPUT_COMMIT_AUTHOR: AlphaSteam <AlphaSteam@users.noreply.github.com>
2022-10-16T21:53:13.6788621Z [matrix_actions 26d6aeb] Updated mid-job microprint
2022-10-16T21:53:13.6789168Z  Author: AlphaSteam <AlphaSteam@users.noreply.github.com>
2022-10-16T21:53:13.6789596Z  2 files changed, 5 insertions(+)
2022-10-16T21:53:13.6790369Z  create mode 100644 Examples/Mid-job/logs(windows-latest,1.6)/logs.txt
2022-10-16T21:53:13.6791077Z  create mode 100644 Examples/Mid-job/microprint(windows-latest,1.6)/microprint.png
2022-10-16T21:53:13.6808254Z ##[warning]The `set-output` command is deprecated and will be disabled soon. Please upgrade to using Environment Files. For more information see: https://github.blog/changelog/2022-10-11-github-actions-deprecating-save-state-and-set-output-commands/
2022-10-16T21:53:13.6810663Z INPUT_TAGGING_MESSAGE: 
2022-10-16T21:53:13.6811060Z No tagging message supplied. No tag will be added.
2022-10-16T21:53:13.6811448Z INPUT_PUSH_OPTIONS: 
2022-10-16T21:53:14.3255810Z To https://github.com/AlphaSteam/microprint-generator
2022-10-16T21:53:14.3256465Z    06c669b..26d6aeb  matrix_actions -> matrix_actions
2022-10-16T21:53:14.3357326Z Post job cleanup.
2022-10-16T21:53:14.4316632Z [command]/usr/bin/git version
2022-10-16T21:53:14.4356293Z git version 2.37.3
2022-10-16T21:53:14.4392828Z Temporarily overriding HOME='/home/runner/work/_temp/a1986c00-74cd-4863-b354-a56d74c2b5da' before making global git config changes
2022-10-16T21:53:14.4393881Z Adding repository directory to the temporary git global config as a safe directory
2022-10-16T21:53:14.4398504Z [command]/usr/bin/git config --global --add safe.directory /home/runner/work/microprint-generator/microprint-generator
2022-10-16T21:53:14.4428815Z [command]/usr/bin/git config --local --name-only --get-regexp core\.sshCommand
2022-10-16T21:53:14.4456195Z [command]/usr/bin/git submodule foreach --recursive git config --local --name-only --get-regexp 'core\.sshCommand' && git config --local --unset-all 'core.sshCommand' || :
2022-10-16T21:53:14.4610064Z [command]/usr/bin/git config --local --name-only --get-regexp http\.https\:\/\/github\.com\/\.extraheader
2022-10-16T21:53:14.4629415Z http.https://github.com/.extraheader
2022-10-16T21:53:14.4638522Z [command]/usr/bin/git config --local --unset-all http.https://github.com/.extraheader
2022-10-16T21:53:14.4664771Z [command]/usr/bin/git submodule foreach --recursive git config --local --name-only --get-regexp 'http\.https\:\/\/github\.com\/\.extraheader' && git config --local --unset-all 'http.https://github.com/.extraheader' || :
2022-10-16T21:53:14.4969939Z Cleaning up orphan processes
