2022-09-12T09:32:26.5644394Z Requested labels: ubuntu-latest
2022-09-12T09:32:26.5644425Z Job defined at: AlphaSteam/microprint-generator/.github/workflows/generate_examples.yaml@refs/heads/test_workflow
2022-09-12T09:32:26.5644442Z Waiting for a runner to pick up this job...
2022-09-12T09:32:27.2042762Z Job is waiting for a hosted runner to come online.
2022-09-12T09:32:30.7373445Z Job is about to start running on the hosted runner: Hosted Agent (hosted)
2022-09-12T09:32:33.0630069Z Current runner version: '2.296.1'
2022-09-12T09:32:33.0664509Z ##[group]Operating System
2022-09-12T09:32:33.0665284Z Ubuntu
2022-09-12T09:32:33.0665589Z 20.04.5
2022-09-12T09:32:33.0665934Z LTS
2022-09-12T09:32:33.0666288Z ##[endgroup]
2022-09-12T09:32:33.0666689Z ##[group]Runner Image
2022-09-12T09:32:33.0667096Z Image: ubuntu-20.04
2022-09-12T09:32:33.0667493Z Version: 20220905.1
2022-09-12T09:32:33.0668108Z Included Software: https://github.com/actions/runner-images/blob/ubuntu20/20220905.1/images/linux/Ubuntu2004-Readme.md
2022-09-12T09:32:33.0668883Z Image Release: https://github.com/actions/runner-images/releases/tag/ubuntu20%2F20220905.1
2022-09-12T09:32:33.0669493Z ##[endgroup]
2022-09-12T09:32:33.0669857Z ##[group]Runner Image Provisioner
2022-09-12T09:32:33.0670287Z 1.0.0.0-main-20220825-1
2022-09-12T09:32:33.0670667Z ##[endgroup]
2022-09-12T09:32:33.0671815Z ##[group]GITHUB_TOKEN Permissions
2022-09-12T09:32:33.0672615Z Actions: write
2022-09-12T09:32:33.0673136Z Checks: write
2022-09-12T09:32:33.0673548Z Contents: write
2022-09-12T09:32:33.0674021Z Deployments: write
2022-09-12T09:32:33.0674373Z Discussions: write
2022-09-12T09:32:33.0674758Z Issues: write
2022-09-12T09:32:33.0675148Z Metadata: read
2022-09-12T09:32:33.0675567Z Packages: write
2022-09-12T09:32:33.0675894Z Pages: write
2022-09-12T09:32:33.0676283Z PullRequests: write
2022-09-12T09:32:33.0676725Z RepositoryProjects: write
2022-09-12T09:32:33.0677187Z SecurityEvents: write
2022-09-12T09:32:33.0677566Z Statuses: write
2022-09-12T09:32:33.0677950Z ##[endgroup]
2022-09-12T09:32:33.0682293Z Secret source: Actions
2022-09-12T09:32:33.0682839Z Prepare workflow directory
2022-09-12T09:32:33.1666914Z Prepare all required actions
2022-09-12T09:32:33.1884750Z Getting action download info
2022-09-12T09:32:33.4159292Z Download action repository 'actions/checkout@v3' (SHA:2541b1294d2704b0964813337f33b291d3f8596b)
2022-09-12T09:32:34.1030095Z Download action repository 'AlphaSteam/microprint-generator@v2' (SHA:458314c0a387853416d58e4cd6e6ac25bef1fffb)
2022-09-12T09:32:34.7203294Z Download action repository 'stefanzweifel/git-auto-commit-action@v4' (SHA:49620cd3ed21ee620a48530e81dba0d139c9cb80)
2022-09-12T09:32:35.1125050Z Download action repository 'CasperWA/push-protected@v2' (SHA:957b8795065b8319e9e9ad91678227e0774a746e)
2022-09-12T09:32:35.7781655Z ##[group]Build container for action use: '/home/runner/work/_actions/AlphaSteam/microprint-generator/v2/Dockerfile'.
2022-09-12T09:32:35.7865399Z ##[command]/usr/bin/docker build -t 786a9b:8ae6126fcaf2405f96ff0ff8dfc2c58a -f "/home/runner/work/_actions/AlphaSteam/microprint-generator/v2/Dockerfile" "/home/runner/work/_actions/AlphaSteam/microprint-generator/v2"
2022-09-12T09:32:36.0757348Z Sending build context to Docker daemon  1.783MB
2022-09-12T09:32:36.0758366Z 
2022-09-12T09:32:36.0789216Z Step 1/6 : FROM python:3
2022-09-12T09:32:36.8550721Z 3: Pulling from library/python
2022-09-12T09:32:37.0486173Z 1671565cc8df: Already exists
2022-09-12T09:32:37.0669975Z 3e94d13e55e7: Already exists
2022-09-12T09:32:37.0762554Z fa9c7528c685: Already exists
2022-09-12T09:32:37.0842984Z 53ad072f9cd1: Already exists
2022-09-12T09:32:37.0929467Z d6b983117533: Already exists
2022-09-12T09:32:37.0955274Z d8092d56ded5: Pulling fs layer
2022-09-12T09:32:37.0955848Z 102b77c1d556: Pulling fs layer
2022-09-12T09:32:37.0957304Z c65fe89c654d: Pulling fs layer
2022-09-12T09:32:37.0957790Z 18db97afaa16: Pulling fs layer
2022-09-12T09:32:37.0958828Z 18db97afaa16: Waiting
2022-09-12T09:32:37.3274898Z c65fe89c654d: Verifying Checksum
2022-09-12T09:32:37.3275328Z c65fe89c654d: Download complete
2022-09-12T09:32:37.3698192Z d8092d56ded5: Verifying Checksum
2022-09-12T09:32:37.3704150Z d8092d56ded5: Download complete
2022-09-12T09:32:37.4838545Z 102b77c1d556: Verifying Checksum
2022-09-12T09:32:37.4839101Z 102b77c1d556: Download complete
2022-09-12T09:32:37.6420697Z 18db97afaa16: Verifying Checksum
2022-09-12T09:32:37.6421030Z 18db97afaa16: Download complete
2022-09-12T09:32:38.8016482Z d8092d56ded5: Pull complete
2022-09-12T09:32:39.7968080Z 102b77c1d556: Pull complete
2022-09-12T09:32:39.8631720Z c65fe89c654d: Pull complete
2022-09-12T09:32:40.3480027Z 18db97afaa16: Pull complete
2022-09-12T09:32:40.3532107Z Digest: sha256:5bbf8c1d6f7c0946e405587c502f316239916caba98b2dd55a31f0fd465103dc
2022-09-12T09:32:40.3554470Z Status: Downloaded newer image for python:3
2022-09-12T09:32:40.3563805Z  ---> 4f9baf941f8e
2022-09-12T09:32:40.3564990Z Step 2/6 : COPY requirements.txt /requirements.txt
2022-09-12T09:32:49.1734854Z  ---> fa8f606ff24e
2022-09-12T09:32:49.1735235Z Step 3/6 : RUN pip install -r /requirements.txt
2022-09-12T09:32:49.2049349Z  ---> Running in a98df71b6e80
2022-09-12T09:32:52.7538802Z Collecting pillow
2022-09-12T09:32:52.8090575Z   Downloading Pillow-9.2.0-cp310-cp310-manylinux_2_28_x86_64.whl (3.2 MB)
2022-09-12T09:32:52.8819823Z      â”â”â”â”â”â”â”â”â”â”â”â”â”â”â”â”â”â”â”â”â”â”â”â”â”â”â”â”â”â”â”â”â”â”â”â”â”â”â”â” 3.2/3.2 MB 45.4 MB/s eta 0:00:00
2022-09-12T09:32:52.9554859Z Collecting requests
2022-09-12T09:32:52.9667998Z   Downloading requests-2.28.1-py3-none-any.whl (62 kB)
2022-09-12T09:32:52.9722579Z      â”â”â”â”â”â”â”â”â”â”â”â”â”â”â”â”â”â”â”â”â”â”â”â”â”â”â”â”â”â”â”â”â”â”â”â”â”â”â”â” 62.8/62.8 kB 18.8 MB/s eta 0:00:00
2022-09-12T09:32:53.0040993Z Collecting svgwrite
2022-09-12T09:32:53.0155406Z   Downloading svgwrite-1.4.3-py3-none-any.whl (67 kB)
2022-09-12T09:32:53.0214026Z      â”â”â”â”â”â”â”â”â”â”â”â”â”â”â”â”â”â”â”â”â”â”â”â”â”â”â”â”â”â”â”â”â”â”â”â”â”â”â”â” 67.1/67.1 kB 20.2 MB/s eta 0:00:00
2022-09-12T09:32:53.1006901Z Collecting urllib3<1.27,>=1.21.1
2022-09-12T09:32:53.1278730Z   Downloading urllib3-1.26.12-py2.py3-none-any.whl (140 kB)
2022-09-12T09:32:53.1345897Z      â”â”â”â”â”â”â”â”â”â”â”â”â”â”â”â”â”â”â”â”â”â”â”â”â”â”â”â”â”â”â”â”â”â”â”â”â”â” 140.4/140.4 kB 34.0 MB/s eta 0:00:00
2022-09-12T09:32:53.1674985Z Collecting idna<4,>=2.5
2022-09-12T09:32:53.1778442Z   Downloading idna-3.3-py3-none-any.whl (61 kB)
2022-09-12T09:32:53.1831090Z      â”â”â”â”â”â”â”â”â”â”â”â”â”â”â”â”â”â”â”â”â”â”â”â”â”â”â”â”â”â”â”â”â”â”â”â”â”â”â”â” 61.2/61.2 kB 19.4 MB/s eta 0:00:00
2022-09-12T09:32:53.2397007Z Collecting charset-normalizer<3,>=2
2022-09-12T09:32:53.2508223Z   Downloading charset_normalizer-2.1.1-py3-none-any.whl (39 kB)
2022-09-12T09:32:53.2907461Z Collecting certifi>=2017.4.17
2022-09-12T09:32:53.3015396Z   Downloading certifi-2022.6.15.1-py3-none-any.whl (160 kB)
2022-09-12T09:32:53.3086500Z      â”â”â”â”â”â”â”â”â”â”â”â”â”â”â”â”â”â”â”â”â”â”â”â”â”â”â”â”â”â”â”â”â”â”â”â”â”â” 160.4/160.4 kB 35.9 MB/s eta 0:00:00
2022-09-12T09:32:53.4224556Z Installing collected packages: urllib3, svgwrite, pillow, idna, charset-normalizer, certifi, requests
2022-09-12T09:32:54.0361687Z Successfully installed certifi-2022.6.15.1 charset-normalizer-2.1.1 idna-3.3 pillow-9.2.0 requests-2.28.1 svgwrite-1.4.3 urllib3-1.26.12
2022-09-12T09:32:54.0367140Z [91mWARNING: Running pip as the 'root' user can result in broken permissions and conflicting behaviour with the system package manager. It is recommended to use a virtual environment instead: https://pip.pypa.io/warnings/venv
2022-09-12T09:32:56.3682761Z [0mRemoving intermediate container a98df71b6e80
2022-09-12T09:32:56.3683305Z  ---> 30f1a80e34a4
2022-09-12T09:32:56.3683728Z Step 4/6 : COPY script.py /script.py
2022-09-12T09:32:57.5619960Z  ---> 9c0b75df8f5c
2022-09-12T09:32:57.5620401Z Step 5/6 : COPY microprint_generator.py /microprint_generator.py
2022-09-12T09:32:58.7568764Z  ---> 84e702d953b2
2022-09-12T09:32:58.7569135Z Step 6/6 : CMD ["python", "/script.py"]
2022-09-12T09:32:58.7830045Z  ---> Running in fe068c22756b
2022-09-12T09:32:59.9419339Z Removing intermediate container fe068c22756b
2022-09-12T09:32:59.9419676Z  ---> 90ee9cde8f4d
2022-09-12T09:32:59.9436107Z Successfully built 90ee9cde8f4d
2022-09-12T09:32:59.9503512Z Successfully tagged 786a9b:8ae6126fcaf2405f96ff0ff8dfc2c58a
2022-09-12T09:32:59.9518731Z ##[endgroup]
2022-09-12T09:32:59.9548018Z ##[group]Build container for action use: '/home/runner/work/_actions/CasperWA/push-protected/v2/Dockerfile'.
2022-09-12T09:32:59.9548948Z ##[command]/usr/bin/docker build -t 786a9b:28438c3dd432403dbb40029926df1e7f -f "/home/runner/work/_actions/CasperWA/push-protected/v2/Dockerfile" "/home/runner/work/_actions/CasperWA/push-protected/v2"
2022-09-12T09:32:59.9880749Z Sending build context to Docker daemon  113.2kB
2022-09-12T09:32:59.9881545Z 
2022-09-12T09:33:00.0426841Z Step 1/6 : FROM python:alpine
2022-09-12T09:33:00.8284800Z alpine: Pulling from library/python
2022-09-12T09:33:01.0431945Z 213ec9aee27d: Already exists
2022-09-12T09:33:01.0455999Z 6b2a141cd227: Pulling fs layer
2022-09-12T09:33:01.0456336Z 20e8f1c91cae: Pulling fs layer
2022-09-12T09:33:01.0456637Z 20828db47e2e: Pulling fs layer
2022-09-12T09:33:01.0456942Z dfb6e0c037c9: Pulling fs layer
2022-09-12T09:33:01.0457230Z dfb6e0c037c9: Waiting
2022-09-12T09:33:01.2707496Z 20828db47e2e: Verifying Checksum
2022-09-12T09:33:01.2708332Z 20828db47e2e: Download complete
2022-09-12T09:33:01.2936483Z 6b2a141cd227: Verifying Checksum
2022-09-12T09:33:01.2936862Z 6b2a141cd227: Download complete
2022-09-12T09:33:01.5547413Z dfb6e0c037c9: Verifying Checksum
2022-09-12T09:33:01.5547782Z dfb6e0c037c9: Download complete
2022-09-12T09:33:01.7466964Z 6b2a141cd227: Pull complete
2022-09-12T09:33:02.3320666Z 20e8f1c91cae: Verifying Checksum
2022-09-12T09:33:02.3321031Z 20e8f1c91cae: Download complete
2022-09-12T09:33:03.0512032Z 20e8f1c91cae: Pull complete
2022-09-12T09:33:03.1193855Z 20828db47e2e: Pull complete
2022-09-12T09:33:03.5519258Z dfb6e0c037c9: Pull complete
2022-09-12T09:33:03.5566532Z Digest: sha256:6015c8fd6d6c1acf529f8165c51e35172a2a8aa1a8fa72d7d2e0e3ce1700739a
2022-09-12T09:33:03.5587904Z Status: Downloaded newer image for python:alpine
2022-09-12T09:33:03.5602477Z  ---> 4da4c1dc8c72
2022-09-12T09:33:03.5602942Z Step 2/6 : COPY README.md setup.py requirements*.txt ./
2022-09-12T09:33:04.0156032Z  ---> c1d85f0fa1c1
2022-09-12T09:33:04.0156642Z Step 3/6 : COPY push_action ./push_action
2022-09-12T09:33:05.0162975Z  ---> 25919b01a814
2022-09-12T09:33:05.0163611Z Step 4/6 : RUN apk update     && apk add --no-cache git git-lfs bash     && pip install -U -e .
2022-09-12T09:33:05.0467434Z  ---> Running in 137254ee1f6b
2022-09-12T09:33:05.6197542Z fetch https://dl-cdn.alpinelinux.org/alpine/v3.16/main/x86_64/APKINDEX.tar.gz
2022-09-12T09:33:05.8057539Z fetch https://dl-cdn.alpinelinux.org/alpine/v3.16/community/x86_64/APKINDEX.tar.gz
2022-09-12T09:33:06.1897087Z v3.16.2-153-g348653a9ba [https://dl-cdn.alpinelinux.org/alpine/v3.16/main]
2022-09-12T09:33:06.1897629Z v3.16.2-152-gc6274c3ddd [https://dl-cdn.alpinelinux.org/alpine/v3.16/community]
2022-09-12T09:33:06.1898033Z OK: 17030 distinct packages available
2022-09-12T09:33:06.2335233Z fetch https://dl-cdn.alpinelinux.org/alpine/v3.16/main/x86_64/APKINDEX.tar.gz
2022-09-12T09:33:06.3577124Z fetch https://dl-cdn.alpinelinux.org/alpine/v3.16/community/x86_64/APKINDEX.tar.gz
2022-09-12T09:33:06.6174373Z (1/7) Installing bash (5.1.16-r2)
2022-09-12T09:33:06.6423017Z Executing bash-5.1.16-r2.post-install
2022-09-12T09:33:06.6527596Z (2/7) Installing brotli-libs (1.0.9-r6)
2022-09-12T09:33:06.6724212Z (3/7) Installing nghttp2-libs (1.47.0-r0)
2022-09-12T09:33:06.6832069Z (4/7) Installing libcurl (7.83.1-r3)
2022-09-12T09:33:06.7003187Z (5/7) Installing pcre2 (10.40-r0)
2022-09-12T09:33:06.7180184Z (6/7) Installing git (2.36.2-r0)
2022-09-12T09:33:06.8657430Z (7/7) Installing git-lfs (3.1.4-r4)
2022-09-12T09:33:06.9765223Z Executing git-lfs-3.1.4-r4.post-install
2022-09-12T09:33:06.9911322Z Git LFS initialized.
2022-09-12T09:33:06.9925273Z Executing busybox-1.35.0-r17.trigger
2022-09-12T09:33:07.0061114Z OK: 39 MiB in 43 packages
2022-09-12T09:33:09.3774994Z Obtaining file:///
2022-09-12T09:33:09.3785990Z   Preparing metadata (setup.py): started
2022-09-12T09:33:10.0182230Z   Preparing metadata (setup.py): finished with status 'done'
2022-09-12T09:33:10.1205904Z Collecting requests~=2.28
2022-09-12T09:33:10.1739279Z   Downloading requests-2.28.1-py3-none-any.whl (62 kB)
2022-09-12T09:33:10.1883340Z      â”â”â”â”â”â”â”â”â”â”â”â”â”â”â”â”â”â”â”â”â”â”â”â”â”â”â”â”â”â”â”â”â”â”â”â”â”â”â”â” 62.8/62.8 kB 4.9 MB/s eta 0:00:00
2022-09-12T09:33:10.2256598Z Collecting idna<4,>=2.5
2022-09-12T09:33:10.2364592Z   Downloading idna-3.3-py3-none-any.whl (61 kB)
2022-09-12T09:33:10.2426827Z      â”â”â”â”â”â”â”â”â”â”â”â”â”â”â”â”â”â”â”â”â”â”â”â”â”â”â”â”â”â”â”â”â”â”â”â”â”â”â”â” 61.2/61.2 kB 15.3 MB/s eta 0:00:00
2022-09-12T09:33:10.2919892Z Collecting charset-normalizer<3,>=2
2022-09-12T09:33:10.3031206Z   Downloading charset_normalizer-2.1.1-py3-none-any.whl (39 kB)
2022-09-12T09:33:10.3580659Z Collecting urllib3<1.27,>=1.21.1
2022-09-12T09:33:10.3692434Z   Downloading urllib3-1.26.12-py2.py3-none-any.whl (140 kB)
2022-09-12T09:33:10.3821253Z      â”â”â”â”â”â”â”â”â”â”â”â”â”â”â”â”â”â”â”â”â”â”â”â”â”â”â”â”â”â”â”â”â”â”â”â”â”â” 140.4/140.4 kB 13.5 MB/s eta 0:00:00
2022-09-12T09:33:10.4161529Z Collecting certifi>=2017.4.17
2022-09-12T09:33:10.4272311Z   Downloading certifi-2022.6.15.1-py3-none-any.whl (160 kB)
2022-09-12T09:33:10.4347625Z      â”â”â”â”â”â”â”â”â”â”â”â”â”â”â”â”â”â”â”â”â”â”â”â”â”â”â”â”â”â”â”â”â”â”â”â”â”â” 160.4/160.4 kB 34.5 MB/s eta 0:00:00
2022-09-12T09:33:10.5366755Z Installing collected packages: urllib3, idna, charset-normalizer, certifi, requests, push-action
2022-09-12T09:33:10.9140974Z   Running setup.py develop for push-action
2022-09-12T09:33:11.3342019Z Successfully installed certifi-2022.6.15.1 charset-normalizer-2.1.1 idna-3.3 push-action-2.13.0 requests-2.28.1 urllib3-1.26.12
2022-09-12T09:33:11.3345708Z [91mWARNING: Running pip as the 'root' user can result in broken permissions and conflicting behaviour with the system package manager. It is recommended to use a virtual environment instead: https://pip.pypa.io/warnings/venv
2022-09-12T09:33:12.9006333Z [0mRemoving intermediate container 137254ee1f6b
2022-09-12T09:33:12.9006688Z  ---> da1eb4132c19
2022-09-12T09:33:12.9006981Z Step 5/6 : COPY entrypoint.sh ./
2022-09-12T09:33:13.2241334Z  ---> 04076bbad0eb
2022-09-12T09:33:13.2242394Z Step 6/6 : ENTRYPOINT [ "/entrypoint.sh" ]
2022-09-12T09:33:13.2500757Z  ---> Running in ad24ec142515
2022-09-12T09:33:14.0202363Z Removing intermediate container ad24ec142515
2022-09-12T09:33:14.0202693Z  ---> 76614d8ce7ae
2022-09-12T09:33:14.0250633Z Successfully built 76614d8ce7ae
2022-09-12T09:33:14.0286975Z Successfully tagged 786a9b:28438c3dd432403dbb40029926df1e7f
2022-09-12T09:33:14.0301603Z ##[endgroup]
2022-09-12T09:33:14.0727619Z ##[group]Run actions/checkout@v3
2022-09-12T09:33:14.0727986Z with:
2022-09-12T09:33:14.0728302Z   repository: AlphaSteam/microprint-generator
2022-09-12T09:33:14.0728923Z   token: ***
2022-09-12T09:33:14.0729154Z   ssh-strict: true
2022-09-12T09:33:14.0729429Z   persist-credentials: true
2022-09-12T09:33:14.0729699Z   clean: true
2022-09-12T09:33:14.0729954Z   fetch-depth: 1
2022-09-12T09:33:14.0730180Z   lfs: false
2022-09-12T09:33:14.0730419Z   submodules: false
2022-09-12T09:33:14.0730840Z   set-safe-directory: true
2022-09-12T09:33:14.0731106Z ##[endgroup]
2022-09-12T09:33:14.3991590Z Syncing repository: AlphaSteam/microprint-generator
2022-09-12T09:33:14.3993950Z ##[group]Getting Git version info
2022-09-12T09:33:14.3994884Z Working directory is '/home/runner/work/microprint-generator/microprint-generator'
2022-09-12T09:33:14.3995674Z [command]/usr/bin/git version
2022-09-12T09:33:14.4161836Z git version 2.37.3
2022-09-12T09:33:14.4198447Z ##[endgroup]
2022-09-12T09:33:14.4219339Z Temporarily overriding HOME='/home/runner/work/_temp/3c72cab1-9512-4089-a831-1f1b4472bab6' before making global git config changes
2022-09-12T09:33:14.4220095Z Adding repository directory to the temporary git global config as a safe directory
2022-09-12T09:33:14.4225758Z [command]/usr/bin/git config --global --add safe.directory /home/runner/work/microprint-generator/microprint-generator
2022-09-12T09:33:14.4282724Z Deleting the contents of '/home/runner/work/microprint-generator/microprint-generator'
2022-09-12T09:33:14.4287622Z ##[group]Initializing the repository
2022-09-12T09:33:14.4292145Z [command]/usr/bin/git init /home/runner/work/microprint-generator/microprint-generator
2022-09-12T09:33:14.4371553Z hint: Using 'master' as the name for the initial branch. This default branch name
2022-09-12T09:33:14.4372643Z hint: is subject to change. To configure the initial branch name to use in all
2022-09-12T09:33:14.4373130Z hint: of your new repositories, which will suppress this warning, call:
2022-09-12T09:33:14.4373476Z hint: 
2022-09-12T09:33:14.4374029Z hint: 	git config --global init.defaultBranch <name>
2022-09-12T09:33:14.4374630Z hint: 
2022-09-12T09:33:14.4375048Z hint: Names commonly chosen instead of 'master' are 'main', 'trunk' and
2022-09-12T09:33:14.4375847Z hint: 'development'. The just-created branch can be renamed via this command:
2022-09-12T09:33:14.4376227Z hint: 
2022-09-12T09:33:14.4376535Z hint: 	git branch -m <name>
2022-09-12T09:33:14.4383902Z Initialized empty Git repository in /home/runner/work/microprint-generator/microprint-generator/.git/
2022-09-12T09:33:14.4394941Z [command]/usr/bin/git remote add origin https://github.com/AlphaSteam/microprint-generator
2022-09-12T09:33:14.4448008Z ##[endgroup]
2022-09-12T09:33:14.4449164Z ##[group]Disabling automatic garbage collection
2022-09-12T09:33:14.4456727Z [command]/usr/bin/git config --local gc.auto 0
2022-09-12T09:33:14.4497856Z ##[endgroup]
2022-09-12T09:33:14.4498463Z ##[group]Setting up auth
2022-09-12T09:33:14.4511931Z [command]/usr/bin/git config --local --name-only --get-regexp core\.sshCommand
2022-09-12T09:33:14.4553822Z [command]/usr/bin/git submodule foreach --recursive git config --local --name-only --get-regexp 'core\.sshCommand' && git config --local --unset-all 'core.sshCommand' || :
2022-09-12T09:33:14.5012653Z [command]/usr/bin/git config --local --name-only --get-regexp http\.https\:\/\/github\.com\/\.extraheader
2022-09-12T09:33:14.5055435Z [command]/usr/bin/git submodule foreach --recursive git config --local --name-only --get-regexp 'http\.https\:\/\/github\.com\/\.extraheader' && git config --local --unset-all 'http.https://github.com/.extraheader' || :
2022-09-12T09:33:14.5357012Z [command]/usr/bin/git config --local http.https://github.com/.extraheader AUTHORIZATION: basic ***
2022-09-12T09:33:14.5411560Z ##[endgroup]
2022-09-12T09:33:14.5412956Z ##[group]Fetching the repository
2022-09-12T09:33:14.5423285Z [command]/usr/bin/git -c protocol.version=2 fetch --no-tags --prune --progress --no-recurse-submodules --depth=1 origin +e15aded459cba4debf0c89b41c0197266095dbf6:refs/remotes/origin/test_workflow
2022-09-12T09:33:14.8338221Z remote: Enumerating objects: 46, done.        
2022-09-12T09:33:14.8338775Z remote: Counting objects:   2% (1/46)        
2022-09-12T09:33:14.8339197Z remote: Counting objects:   4% (2/46)        
2022-09-12T09:33:14.8339621Z remote: Counting objects:   6% (3/46)        
2022-09-12T09:33:14.8340025Z remote: Counting objects:   8% (4/46)        
2022-09-12T09:33:14.8340419Z remote: Counting objects:  10% (5/46)        
2022-09-12T09:33:14.8340815Z remote: Counting objects:  13% (6/46)        
2022-09-12T09:33:14.8341301Z remote: Counting objects:  15% (7/46)        
2022-09-12T09:33:14.8341798Z remote: Counting objects:  17% (8/46)        
2022-09-12T09:33:14.8342284Z remote: Counting objects:  19% (9/46)        
2022-09-12T09:33:14.8342770Z remote: Counting objects:  21% (10/46)        
2022-09-12T09:33:14.8343397Z remote: Counting objects:  23% (11/46)        
2022-09-12T09:33:14.8343918Z remote: Counting objects:  26% (12/46)        
2022-09-12T09:33:14.8344357Z remote: Counting objects:  28% (13/46)        
2022-09-12T09:33:14.8344836Z remote: Counting objects:  30% (14/46)        
2022-09-12T09:33:14.8345353Z remote: Counting objects:  32% (15/46)        
2022-09-12T09:33:14.8345998Z remote: Counting objects:  34% (16/46)        
2022-09-12T09:33:14.8346488Z remote: Counting objects:  36% (17/46)        
2022-09-12T09:33:14.8346914Z remote: Counting objects:  39% (18/46)        
2022-09-12T09:33:14.8347409Z remote: Counting objects:  41% (19/46)        
2022-09-12T09:33:14.8347928Z remote: Counting objects:  43% (20/46)        
2022-09-12T09:33:14.8348407Z remote: Counting objects:  45% (21/46)        
2022-09-12T09:33:14.8348826Z remote: Counting objects:  47% (22/46)        
2022-09-12T09:33:14.8349457Z remote: Counting objects:  50% (23/46)        
2022-09-12T09:33:14.8349973Z remote: Counting objects:  52% (24/46)        
2022-09-12T09:33:14.8350463Z remote: Counting objects:  54% (25/46)        
2022-09-12T09:33:14.8350988Z remote: Counting objects:  56% (26/46)        
2022-09-12T09:33:14.8352096Z remote: Counting objects:  58% (27/46)        
2022-09-12T09:33:14.8352621Z remote: Counting objects:  60% (28/46)        
2022-09-12T09:33:14.8353173Z remote: Counting objects:  63% (29/46)        
2022-09-12T09:33:14.8353655Z remote: Counting objects:  65% (30/46)        
2022-09-12T09:33:14.8354176Z remote: Counting objects:  67% (31/46)        
2022-09-12T09:33:14.8354591Z remote: Counting objects:  69% (32/46)        
2022-09-12T09:33:14.8355105Z remote: Counting objects:  71% (33/46)        
2022-09-12T09:33:14.8355651Z remote: Counting objects:  73% (34/46)        
2022-09-12T09:33:14.8356144Z remote: Counting objects:  76% (35/46)        
2022-09-12T09:33:14.8356621Z remote: Counting objects:  78% (36/46)        
2022-09-12T09:33:14.8357074Z remote: Counting objects:  80% (37/46)        
2022-09-12T09:33:14.8357549Z remote: Counting objects:  82% (38/46)        
2022-09-12T09:33:14.8358046Z remote: Counting objects:  84% (39/46)        
2022-09-12T09:33:14.8358521Z remote: Counting objects:  86% (40/46)        
2022-09-12T09:33:14.8359033Z remote: Counting objects:  89% (41/46)        
2022-09-12T09:33:14.8359452Z remote: Counting objects:  91% (42/46)        
2022-09-12T09:33:14.8359917Z remote: Counting objects:  93% (43/46)        
2022-09-12T09:33:14.8360404Z remote: Counting objects:  95% (44/46)        
2022-09-12T09:33:14.8360874Z remote: Counting objects:  97% (45/46)        
2022-09-12T09:33:14.8361384Z remote: Counting objects: 100% (46/46)        
2022-09-12T09:33:14.8361823Z remote: Counting objects: 100% (46/46), done.        
2022-09-12T09:33:14.8362426Z remote: Compressing objects:   2% (1/41)        
2022-09-12T09:33:14.8362949Z remote: Compressing objects:   4% (2/41)        
2022-09-12T09:33:14.8364242Z remote: Compressing objects:   7% (3/41)        
2022-09-12T09:33:14.8368953Z remote: Compressing objects:   9% (4/41)        
2022-09-12T09:33:14.8372641Z remote: Compressing objects:  12% (5/41)        
2022-09-12T09:33:14.8373187Z remote: Compressing objects:  14% (6/41)        
2022-09-12T09:33:14.8374107Z remote: Compressing objects:  17% (7/41)        
2022-09-12T09:33:14.8374937Z remote: Compressing objects:  19% (8/41)        
2022-09-12T09:33:14.8377055Z remote: Compressing objects:  21% (9/41)        
2022-09-12T09:33:14.8378173Z remote: Compressing objects:  24% (10/41)        
2022-09-12T09:33:14.8379045Z remote: Compressing objects:  26% (11/41)        
2022-09-12T09:33:14.8379923Z remote: Compressing objects:  29% (12/41)        
2022-09-12T09:33:14.8381785Z remote: Compressing objects:  31% (13/41)        
2022-09-12T09:33:14.8382689Z remote: Compressing objects:  34% (14/41)        
2022-09-12T09:33:14.8383543Z remote: Compressing objects:  36% (15/41)        
2022-09-12T09:33:14.8384498Z remote: Compressing objects:  39% (16/41)        
2022-09-12T09:33:14.8540248Z remote: Compressing objects:  41% (17/41)        
2022-09-12T09:33:14.8540933Z remote: Compressing objects:  43% (18/41)        
2022-09-12T09:33:14.8541811Z remote: Compressing objects:  46% (19/41)        
2022-09-12T09:33:14.8542503Z remote: Compressing objects:  48% (20/41)        
2022-09-12T09:33:14.8543553Z remote: Compressing objects:  51% (21/41)        
2022-09-12T09:33:14.8543982Z remote: Compressing objects:  53% (22/41)        
2022-09-12T09:33:14.8544810Z remote: Compressing objects:  56% (23/41)        
2022-09-12T09:33:14.8545551Z remote: Compressing objects:  58% (24/41)        
2022-09-12T09:33:14.8545960Z remote: Compressing objects:  60% (25/41)        
2022-09-12T09:33:14.8546376Z remote: Compressing objects:  63% (26/41)        
2022-09-12T09:33:14.8546792Z remote: Compressing objects:  65% (27/41)        
2022-09-12T09:33:14.8547217Z remote: Compressing objects:  68% (28/41)        
2022-09-12T09:33:14.8547943Z remote: Compressing objects:  70% (29/41)        
2022-09-12T09:33:14.8548695Z remote: Compressing objects:  73% (30/41)        
2022-09-12T09:33:14.8549114Z remote: Compressing objects:  75% (31/41)        
2022-09-12T09:33:14.8549526Z remote: Compressing objects:  78% (32/41)        
2022-09-12T09:33:14.8550169Z remote: Compressing objects:  80% (33/41)        
2022-09-12T09:33:14.8550627Z remote: Compressing objects:  82% (34/41)        
2022-09-12T09:33:14.8551039Z remote: Compressing objects:  85% (35/41)        
2022-09-12T09:33:14.8551619Z remote: Compressing objects:  87% (36/41)        
2022-09-12T09:33:14.8552067Z remote: Compressing objects:  90% (37/41)        
2022-09-12T09:33:14.8552523Z remote: Compressing objects:  92% (38/41)        
2022-09-12T09:33:14.8553071Z remote: Compressing objects:  95% (39/41)        
2022-09-12T09:33:14.8553601Z remote: Compressing objects:  97% (40/41)        
2022-09-12T09:33:14.8554115Z remote: Compressing objects: 100% (41/41)        
2022-09-12T09:33:14.8554636Z remote: Compressing objects: 100% (41/41), done.        
2022-09-12T09:33:15.1486934Z remote: Total 46 (delta 5), reused 30 (delta 0), pack-reused 0        
2022-09-12T09:33:15.1776695Z From https://github.com/AlphaSteam/microprint-generator
2022-09-12T09:33:15.1777673Z  * [new ref]         e15aded459cba4debf0c89b41c0197266095dbf6 -> origin/test_workflow
2022-09-12T09:33:15.1815088Z ##[endgroup]
2022-09-12T09:33:15.1816011Z ##[group]Determining the checkout info
2022-09-12T09:33:15.1816738Z ##[endgroup]
2022-09-12T09:33:15.1818192Z ##[group]Checking out the ref
2022-09-12T09:33:15.1823385Z [command]/usr/bin/git checkout --progress --force -B test_workflow refs/remotes/origin/test_workflow
2022-09-12T09:33:15.2129103Z Switched to a new branch 'test_workflow'
2022-09-12T09:33:15.2130334Z branch 'test_workflow' set up to track 'origin/test_workflow'.
2022-09-12T09:33:15.2154057Z ##[endgroup]
2022-09-12T09:33:15.2190816Z [command]/usr/bin/git log -1 --format='%H'
2022-09-12T09:33:15.2228240Z 'e15aded459cba4debf0c89b41c0197266095dbf6'
2022-09-12T09:33:15.2584095Z ##[group]Run AlphaSteam/microprint-generator@v2
2022-09-12T09:33:15.2584523Z with:
2022-09-12T09:33:15.2584943Z   microprint_render_method: raster
2022-09-12T09:33:15.2585277Z   log_path: ./Examples/Mid-job/logs
2022-09-12T09:33:15.2585709Z   microprint_path: ./Examples/Mid-job/microprint
2022-09-12T09:33:15.2586147Z   microprint_config_path: ./Examples/Mid-job/
2022-09-12T09:33:15.2586637Z   repository: AlphaSteam/microprint-generator
2022-09-12T09:33:15.2587229Z   github_token: ***
2022-09-12T09:33:15.2587600Z   job_name: generate_microprint_mid_job
2022-09-12T09:33:15.2587975Z   log_filename: logs
2022-09-12T09:33:15.2588323Z   save_log: true
2022-09-12T09:33:15.2588658Z   microprint_filename: microprint
2022-09-12T09:33:15.2589046Z   microprint_config_filename: config
2022-09-12T09:33:15.2589406Z ##[endgroup]
2022-09-12T09:33:15.2825217Z ##[command]/usr/bin/docker run --name a9b8ae6126fcaf2405f96ff0ff8dfc2c58a_c9a5b4 --label 786a9b --workdir /github/workspace --rm -e "INPUT_MICROPRINT_RENDER_METHOD" -e "INPUT_LOG_PATH" -e "INPUT_MICROPRINT_PATH" -e "INPUT_MICROPRINT_CONFIG_PATH" -e "INPUT_REPOSITORY" -e "INPUT_GITHUB_TOKEN" -e "INPUT_JOB_NAME" -e "INPUT_LOG_FILENAME" -e "INPUT_SAVE_LOG" -e "INPUT_MICROPRINT_FILENAME" -e "INPUT_MICROPRINT_CONFIG_FILENAME" -e "HOME" -e "GITHUB_JOB" -e "GITHUB_REF" -e "GITHUB_SHA" -e "GITHUB_REPOSITORY" -e "GITHUB_REPOSITORY_OWNER" -e "GITHUB_RUN_ID" -e "GITHUB_RUN_NUMBER" -e "GITHUB_RETENTION_DAYS" -e "GITHUB_RUN_ATTEMPT" -e "GITHUB_ACTOR" -e "GITHUB_TRIGGERING_ACTOR" -e "GITHUB_WORKFLOW" -e "GITHUB_HEAD_REF" -e "GITHUB_BASE_REF" -e "GITHUB_EVENT_NAME" -e "GITHUB_SERVER_URL" -e "GITHUB_API_URL" -e "GITHUB_GRAPHQL_URL" -e "GITHUB_REF_NAME" -e "GITHUB_REF_PROTECTED" -e "GITHUB_REF_TYPE" -e "GITHUB_WORKSPACE" -e "GITHUB_ACTION" -e "GITHUB_EVENT_PATH" -e "GITHUB_ACTION_REPOSITORY" -e "GITHUB_ACTION_REF" -e "GITHUB_PATH" -e "GITHUB_ENV" -e "GITHUB_STEP_SUMMARY" -e "RUNNER_OS" -e "RUNNER_ARCH" -e "RUNNER_NAME" -e "RUNNER_TOOL_CACHE" -e "RUNNER_TEMP" -e "RUNNER_WORKSPACE" -e "ACTIONS_RUNTIME_URL" -e "ACTIONS_RUNTIME_TOKEN" -e "ACTIONS_CACHE_URL" -e GITHUB_ACTIONS=true -e CI=true -v "/var/run/docker.sock":"/var/run/docker.sock" -v "/home/runner/work/_temp/_github_home":"/github/home" -v "/home/runner/work/_temp/_github_workflow":"/github/workflow" -v "/home/runner/work/_temp/_runner_file_commands":"/github/file_commands" -v "/home/runner/work/microprint-generator/microprint-generator":"/github/workspace" 786a9b:8ae6126fcaf2405f96ff0ff8dfc2c58a
2022-09-12T09:33:15.8407103Z DEBUG:urllib3.connectionpool:Starting new HTTPS connection (1): api.github.com:443
2022-09-12T09:33:16.1776932Z DEBUG:urllib3.connectionpool:https://api.github.com:443 "GET /repos/AlphaSteam/microprint-generator/actions/runs/3036159374/jobs HTTP/1.1" 200 None
2022-09-12T09:33:16.1780735Z DEBUG:urllib3.connectionpool:Starting new HTTPS connection (1): api.github.com:443
2022-09-12T09:33:16.4331834Z DEBUG:urllib3.connectionpool:https://api.github.com:443 "GET /repos/AlphaSteam/microprint-generator/actions/jobs/8302389179/logs HTTP/1.1" 302 0
2022-09-12T09:33:16.4347545Z DEBUG:urllib3.connectionpool:Starting new HTTPS connection (1): pipelines.actions.githubusercontent.com:443
2022-09-12T09:33:16.6934000Z DEBUG:urllib3.connectionpool:https://pipelines.actions.githubusercontent.com:443 "GET /serviceHosts/871f7675-65c0-436d-aa94-5c5a4536b9ce/_apis/pipelines/1/runs/133/signedlogcontent/2?urlExpires=2022-09-12T09%3A34%3A16.4030888Z&urlSigningMethod=HMACV1&urlSignature=D5GihB%2FMmvYZGo0MU%2Fgm8j4tdWt1Sr2rUNcz7buyOso%3D HTTP/1.1" 200 None
2022-09-12T09:33:16.6934901Z INFO:root:Generating raster microprint
2022-09-12T09:33:16.9181962Z ##[group]Run git pull
2022-09-12T09:33:16.9182317Z [36;1mgit pull[0m
2022-09-12T09:33:16.9249725Z shell: /usr/bin/bash -e {0}
2022-09-12T09:33:16.9250034Z ##[endgroup]
2022-09-12T09:33:17.7546276Z From https://github.com/AlphaSteam/microprint-generator
2022-09-12T09:33:17.7547077Z  * [new branch]      add_custom_rules        -> origin/add_custom_rules
2022-09-12T09:33:17.7547782Z  * [new branch]      add_multiple_columns    -> origin/add_multiple_columns
2022-09-12T09:33:17.7548489Z  * [new branch]      create-pull-request/patch -> origin/create-pull-request/patch
2022-09-12T09:33:17.7560956Z  * [new branch]      custom_fonts            -> origin/custom_fonts
2022-09-12T09:33:17.7561635Z  * [new branch]      main                    -> origin/main
2022-09-12T09:33:17.7562258Z  * [new branch]      reduce_code_duplication -> origin/reduce_code_duplication
2022-09-12T09:33:17.7562876Z  * [new branch]      release/v1              -> origin/release/v1
2022-09-12T09:33:17.7563488Z  * [new branch]      release/v2              -> origin/release/v2
2022-09-12T09:33:17.7564011Z  * [new tag]         v2.0.0                  -> v2.0.0
2022-09-12T09:33:17.7676219Z  * [new tag]         v1                      -> v1
2022-09-12T09:33:17.7677250Z  * [new tag]         v1.0.0                  -> v1.0.0
2022-09-12T09:33:17.7677917Z  * [new tag]         v2                      -> v2
2022-09-12T09:33:17.7731809Z Already up to date.
2022-09-12T09:33:17.7909184Z ##[group]Run stefanzweifel/git-auto-commit-action@v4
2022-09-12T09:33:17.7909516Z with:
2022-09-12T09:33:17.7909785Z   commit_message: Updated mid-job microprint
2022-09-12T09:33:17.7910090Z   file_pattern: .
2022-09-12T09:33:17.7910332Z   repository: .
2022-09-12T09:33:17.7910610Z   commit_user_name: github-actions[bot]
2022-09-12T09:33:17.7910971Z   commit_user_email: github-actions[bot]@users.noreply.github.com
2022-09-12T09:33:17.7911404Z   commit_author: AlphaSteam <AlphaSteam@users.noreply.github.com>
2022-09-12T09:33:17.7911759Z   skip_dirty_check: false
2022-09-12T09:33:17.7912017Z   skip_fetch: false
2022-09-12T09:33:17.7912257Z   skip_checkout: false
2022-09-12T09:33:17.7912521Z   disable_globbing: false
2022-09-12T09:33:17.7912782Z   create_branch: false
2022-09-12T09:33:17.7913024Z ##[endgroup]
2022-09-12T09:33:17.9511256Z Started: bash /home/runner/work/_actions/stefanzweifel/git-auto-commit-action/v4/entrypoint.sh
2022-09-12T09:33:17.9578811Z INPUT_REPOSITORY value: .
2022-09-12T09:33:17.9579508Z INPUT_STATUS_OPTIONS: 
2022-09-12T09:33:17.9738398Z INPUT_BRANCH value: 
2022-09-12T09:33:18.4100951Z M	Examples/Mid-job/logs/logs.txt
2022-09-12T09:33:18.4102483Z M	Examples/Mid-job/microprint/microprint.png
2022-09-12T09:33:18.4103296Z Your branch is up to date with 'origin/test_workflow'.
2022-09-12T09:33:18.4103820Z INPUT_ADD_OPTIONS: 
2022-09-12T09:33:18.4104633Z INPUT_FILE_PATTERN: .
2022-09-12T09:33:18.4133151Z INPUT_COMMIT_OPTIONS: 
2022-09-12T09:33:18.4134472Z INPUT_COMMIT_USER_NAME: github-actions[bot]
2022-09-12T09:33:18.4135105Z INPUT_COMMIT_USER_EMAIL: github-actions[bot]@users.noreply.github.com
2022-09-12T09:33:18.4136157Z INPUT_COMMIT_MESSAGE: Updated mid-job microprint
2022-09-12T09:33:18.4136611Z INPUT_COMMIT_AUTHOR: AlphaSteam <AlphaSteam@users.noreply.github.com>
2022-09-12T09:33:18.4210378Z [test_workflow 4cac261] Updated mid-job microprint
2022-09-12T09:33:18.4211234Z  Author: AlphaSteam <AlphaSteam@users.noreply.github.com>
2022-09-12T09:33:18.4212166Z  2 files changed, 5 insertions(+), 5 deletions(-)
2022-09-12T09:33:18.4235090Z INPUT_TAGGING_MESSAGE: 
2022-09-12T09:33:18.4235546Z No tagging message supplied. No tag will be added.
2022-09-12T09:33:18.4235961Z INPUT_PUSH_OPTIONS: 
2022-09-12T09:33:19.1193622Z To https://github.com/AlphaSteam/microprint-generator
2022-09-12T09:33:19.1194165Z    e15aded..4cac261  test_workflow -> test_workflow
2022-09-12T09:33:19.1348462Z Post job cleanup.
2022-09-12T09:33:19.2810889Z [command]/usr/bin/git version
2022-09-12T09:33:19.2870924Z git version 2.37.3
2022-09-12T09:33:19.2932726Z Temporarily overriding HOME='/home/runner/work/_temp/5b6297b7-7426-435f-8aa9-c1fdaabceccb' before making global git config changes
2022-09-12T09:33:19.2936705Z Adding repository directory to the temporary git global config as a safe directory
2022-09-12T09:33:19.2944134Z [command]/usr/bin/git config --global --add safe.directory /home/runner/work/microprint-generator/microprint-generator
2022-09-12T09:33:19.2995433Z [command]/usr/bin/git config --local --name-only --get-regexp core\.sshCommand
2022-09-12T09:33:19.3040757Z [command]/usr/bin/git submodule foreach --recursive git config --local --name-only --get-regexp 'core\.sshCommand' && git config --local --unset-all 'core.sshCommand' || :
2022-09-12T09:33:19.3330430Z [command]/usr/bin/git config --local --name-only --get-regexp http\.https\:\/\/github\.com\/\.extraheader
2022-09-12T09:33:19.3370422Z http.https://github.com/.extraheader
2022-09-12T09:33:19.3382804Z [command]/usr/bin/git config --local --unset-all http.https://github.com/.extraheader
2022-09-12T09:33:19.3432582Z [command]/usr/bin/git submodule foreach --recursive git config --local --name-only --get-regexp 'http\.https\:\/\/github\.com\/\.extraheader' && git config --local --unset-all 'http.https://github.com/.extraheader' || :
2022-09-12T09:33:19.4082508Z Cleaning up orphan processes
