2022-09-26T05:06:43.5273767Z Requested labels: ubuntu-latest
2022-09-26T05:06:43.5273803Z Job defined at: AlphaSteam/microprint-generator/.github/workflows/generate_examples.yaml@refs/heads/develop
2022-09-26T05:06:43.5273819Z Waiting for a runner to pick up this job...
2022-09-26T05:06:44.2472780Z Job is waiting for a hosted runner to come online.
2022-09-26T05:06:47.0773830Z Job is about to start running on the hosted runner: Hosted Agent (hosted)
2022-09-26T05:06:49.7629650Z Current runner version: '2.296.2'
2022-09-26T05:06:49.7668828Z ##[group]Operating System
2022-09-26T05:06:49.7669512Z Ubuntu
2022-09-26T05:06:49.7669800Z 20.04.5
2022-09-26T05:06:49.7670142Z LTS
2022-09-26T05:06:49.7670620Z ##[endgroup]
2022-09-26T05:06:49.7671015Z ##[group]Runner Image
2022-09-26T05:06:49.7671376Z Image: ubuntu-20.04
2022-09-26T05:06:49.7671750Z Version: 20220922.2
2022-09-26T05:06:49.7672440Z Included Software: https://github.com/actions/runner-images/blob/ubuntu20/20220922.2/images/linux/Ubuntu2004-Readme.md
2022-09-26T05:06:49.7673254Z Image Release: https://github.com/actions/runner-images/releases/tag/ubuntu20%2F20220922.2
2022-09-26T05:06:49.7673721Z ##[endgroup]
2022-09-26T05:06:49.7674122Z ##[group]Runner Image Provisioner
2022-09-26T05:06:49.7674556Z 1.0.0.0-main-20220916-1
2022-09-26T05:06:49.7675484Z ##[endgroup]
2022-09-26T05:06:49.7676637Z ##[group]GITHUB_TOKEN Permissions
2022-09-26T05:06:49.7677695Z Actions: write
2022-09-26T05:06:49.7678198Z Checks: write
2022-09-26T05:06:49.7678760Z Contents: write
2022-09-26T05:06:49.7679090Z Deployments: write
2022-09-26T05:06:49.7679490Z Discussions: write
2022-09-26T05:06:49.7679865Z Issues: write
2022-09-26T05:06:49.7680272Z Metadata: read
2022-09-26T05:06:49.7680591Z Packages: write
2022-09-26T05:06:49.7680969Z Pages: write
2022-09-26T05:06:49.7681398Z PullRequests: write
2022-09-26T05:06:49.7681851Z RepositoryProjects: write
2022-09-26T05:06:49.7682231Z SecurityEvents: write
2022-09-26T05:06:49.7682635Z Statuses: write
2022-09-26T05:06:49.7683013Z ##[endgroup]
2022-09-26T05:06:49.7688235Z Secret source: Actions
2022-09-26T05:06:49.7688903Z Prepare workflow directory
2022-09-26T05:06:49.8805342Z Prepare all required actions
2022-09-26T05:06:49.9051084Z Getting action download info
2022-09-26T05:06:50.1632921Z Download action repository 'actions/checkout@v3' (SHA:2541b1294d2704b0964813337f33b291d3f8596b)
2022-09-26T05:06:51.5371920Z Download action repository 'stefanzweifel/git-auto-commit-action@v4' (SHA:6c32682a4040e023c054b2fc60a7cf65cc77f7ad)
2022-09-26T05:06:52.3251024Z Download action repository 'CasperWA/push-protected@v2' (SHA:957b8795065b8319e9e9ad91678227e0774a746e)
2022-09-26T05:06:53.4490808Z ##[group]Build container for action use: '/home/runner/work/_actions/CasperWA/push-protected/v2/Dockerfile'.
2022-09-26T05:06:53.4578694Z ##[command]/usr/bin/docker build -t 817f70:e065ae8370e54ff4aae0358410265e75 -f "/home/runner/work/_actions/CasperWA/push-protected/v2/Dockerfile" "/home/runner/work/_actions/CasperWA/push-protected/v2"
2022-09-26T05:06:53.6892444Z Sending build context to Docker daemon  113.2kB
2022-09-26T05:06:53.6961201Z 
2022-09-26T05:06:53.7307289Z Step 1/6 : FROM python:alpine
2022-09-26T05:06:55.1385275Z alpine: Pulling from library/python
2022-09-26T05:06:55.5077009Z 213ec9aee27d: Already exists
2022-09-26T05:06:55.5124591Z 6b2a141cd227: Pulling fs layer
2022-09-26T05:06:55.5124958Z 20e8f1c91cae: Pulling fs layer
2022-09-26T05:06:55.5125541Z 20828db47e2e: Pulling fs layer
2022-09-26T05:06:55.5126645Z dfb6e0c037c9: Pulling fs layer
2022-09-26T05:06:55.5128040Z dfb6e0c037c9: Waiting
2022-09-26T05:06:55.8741868Z 6b2a141cd227: Verifying Checksum
2022-09-26T05:06:55.8743295Z 6b2a141cd227: Download complete
2022-09-26T05:06:55.8772754Z 20828db47e2e: Verifying Checksum
2022-09-26T05:06:55.8774124Z 20828db47e2e: Download complete
2022-09-26T05:06:55.9948466Z 20e8f1c91cae: Verifying Checksum
2022-09-26T05:06:55.9949162Z 20e8f1c91cae: Download complete
2022-09-26T05:06:56.2652528Z dfb6e0c037c9: Verifying Checksum
2022-09-26T05:06:56.2658596Z dfb6e0c037c9: Download complete
2022-09-26T05:06:56.4659508Z 6b2a141cd227: Pull complete
2022-09-26T05:06:57.0805550Z 20e8f1c91cae: Pull complete
2022-09-26T05:06:57.1548787Z 20828db47e2e: Pull complete
2022-09-26T05:06:57.4829235Z dfb6e0c037c9: Pull complete
2022-09-26T05:06:57.4905018Z Digest: sha256:6015c8fd6d6c1acf529f8165c51e35172a2a8aa1a8fa72d7d2e0e3ce1700739a
2022-09-26T05:06:57.4928490Z Status: Downloaded newer image for python:alpine
2022-09-26T05:06:57.4946074Z  ---> 4da4c1dc8c72
2022-09-26T05:06:57.4947465Z Step 2/6 : COPY README.md setup.py requirements*.txt ./
2022-09-26T05:06:58.0179181Z  ---> 41f19857ea81
2022-09-26T05:06:58.0184490Z Step 3/6 : COPY push_action ./push_action
2022-09-26T05:06:59.0197513Z  ---> 5b1f9b2ccbbd
2022-09-26T05:06:59.0198916Z Step 4/6 : RUN apk update     && apk add --no-cache git git-lfs bash     && pip install -U -e .
2022-09-26T05:06:59.0564131Z  ---> Running in 7eb889ec6152
2022-09-26T05:06:59.4236890Z fetch https://dl-cdn.alpinelinux.org/alpine/v3.16/main/x86_64/APKINDEX.tar.gz
2022-09-26T05:06:59.5333482Z fetch https://dl-cdn.alpinelinux.org/alpine/v3.16/community/x86_64/APKINDEX.tar.gz
2022-09-26T05:06:59.8442901Z v3.16.2-198-gf20eefe253 [https://dl-cdn.alpinelinux.org/alpine/v3.16/main]
2022-09-26T05:06:59.8443514Z v3.16.2-202-ge26245aea1 [https://dl-cdn.alpinelinux.org/alpine/v3.16/community]
2022-09-26T05:06:59.8444222Z OK: 17031 distinct packages available
2022-09-26T05:06:59.8931436Z fetch https://dl-cdn.alpinelinux.org/alpine/v3.16/main/x86_64/APKINDEX.tar.gz
2022-09-26T05:06:59.9780010Z fetch https://dl-cdn.alpinelinux.org/alpine/v3.16/community/x86_64/APKINDEX.tar.gz
2022-09-26T05:07:00.2796903Z (1/7) Installing bash (5.1.16-r2)
2022-09-26T05:07:00.3022538Z Executing bash-5.1.16-r2.post-install
2022-09-26T05:07:00.3056879Z (2/7) Installing brotli-libs (1.0.9-r6)
2022-09-26T05:07:00.3192348Z (3/7) Installing nghttp2-libs (1.47.0-r0)
2022-09-26T05:07:00.3256208Z (4/7) Installing libcurl (7.83.1-r3)
2022-09-26T05:07:00.3356838Z (5/7) Installing pcre2 (10.40-r0)
2022-09-26T05:07:00.3476132Z (6/7) Installing git (2.36.2-r0)
2022-09-26T05:07:00.4862991Z (7/7) Installing git-lfs (3.1.4-r4)
2022-09-26T05:07:00.5927435Z Executing git-lfs-3.1.4-r4.post-install
2022-09-26T05:07:00.6096386Z Git LFS initialized.
2022-09-26T05:07:00.6109647Z Executing busybox-1.35.0-r17.trigger
2022-09-26T05:07:00.6176443Z OK: 39 MiB in 43 packages
2022-09-26T05:07:03.4303866Z Obtaining file:///
2022-09-26T05:07:03.4318861Z   Preparing metadata (setup.py): started
2022-09-26T05:07:04.1648471Z   Preparing metadata (setup.py): finished with status 'done'
2022-09-26T05:07:04.2754692Z Collecting requests~=2.28
2022-09-26T05:07:04.3188993Z   Downloading requests-2.28.1-py3-none-any.whl (62 kB)
2022-09-26T05:07:04.3296062Z      ━━━━━━━━━━━━━━━━━━━━━━━━━━━━━━━━━━━━━━━━ 62.8/62.8 kB 8.6 MB/s eta 0:00:00
2022-09-26T05:07:04.3863788Z Collecting charset-normalizer<3,>=2
2022-09-26T05:07:04.3954748Z   Downloading charset_normalizer-2.1.1-py3-none-any.whl (39 kB)
2022-09-26T05:07:04.4416674Z Collecting certifi>=2017.4.17
2022-09-26T05:07:04.4488079Z   Downloading certifi-2022.9.24-py3-none-any.whl (161 kB)
2022-09-26T05:07:04.4590111Z      ━━━━━━━━━━━━━━━━━━━━━━━━━━━━━━━━━━━━━━ 161.1/161.1 kB 24.1 MB/s eta 0:00:00
2022-09-26T05:07:04.4881160Z Collecting idna<4,>=2.5
2022-09-26T05:07:04.4933037Z   Downloading idna-3.4-py3-none-any.whl (61 kB)
2022-09-26T05:07:04.5006962Z      ━━━━━━━━━━━━━━━━━━━━━━━━━━━━━━━━━━━━━━━━ 61.5/61.5 kB 13.7 MB/s eta 0:00:00
2022-09-26T05:07:04.5718103Z Collecting urllib3<1.27,>=1.21.1
2022-09-26T05:07:04.5772207Z   Downloading urllib3-1.26.12-py2.py3-none-any.whl (140 kB)
2022-09-26T05:07:04.5863411Z      ━━━━━━━━━━━━━━━━━━━━━━━━━━━━━━━━━━━━━━ 140.4/140.4 kB 24.1 MB/s eta 0:00:00
2022-09-26T05:07:04.7192793Z Installing collected packages: urllib3, idna, charset-normalizer, certifi, requests, push-action
2022-09-26T05:07:05.1612204Z   Running setup.py develop for push-action
2022-09-26T05:07:05.6400332Z Successfully installed certifi-2022.9.24 charset-normalizer-2.1.1 idna-3.4 push-action-2.13.0 requests-2.28.1 urllib3-1.26.12
2022-09-26T05:07:05.6409081Z [91mWARNING: Running pip as the 'root' user can result in broken permissions and conflicting behaviour with the system package manager. It is recommended to use a virtual environment instead: https://pip.pypa.io/warnings/venv
2022-09-26T05:07:07.0955132Z [0mRemoving intermediate container 7eb889ec6152
2022-09-26T05:07:07.0955684Z  ---> 25e0e55f5777
2022-09-26T05:07:07.1266710Z Step 5/6 : COPY entrypoint.sh ./
2022-09-26T05:07:08.0235695Z  ---> 1dcb8e314c63
2022-09-26T05:07:08.0236145Z Step 6/6 : ENTRYPOINT [ "/entrypoint.sh" ]
2022-09-26T05:07:08.0579119Z  ---> Running in 33e6f16e4bdd
2022-09-26T05:07:09.0236918Z Removing intermediate container 33e6f16e4bdd
2022-09-26T05:07:09.0237259Z  ---> a7d329839294
2022-09-26T05:07:09.0240303Z Successfully built a7d329839294
2022-09-26T05:07:09.0314264Z Successfully tagged 817f70:e065ae8370e54ff4aae0358410265e75
2022-09-26T05:07:09.0330136Z ##[endgroup]
2022-09-26T05:07:09.0897772Z ##[group]Run actions/checkout@v3
2022-09-26T05:07:09.0898121Z with:
2022-09-26T05:07:09.0898436Z   repository: AlphaSteam/microprint-generator
2022-09-26T05:07:09.0898972Z   token: ***
2022-09-26T05:07:09.0899226Z   ssh-strict: true
2022-09-26T05:07:09.0899488Z   persist-credentials: true
2022-09-26T05:07:09.0899762Z   clean: true
2022-09-26T05:07:09.0900004Z   fetch-depth: 1
2022-09-26T05:07:09.0900226Z   lfs: false
2022-09-26T05:07:09.0900464Z   submodules: false
2022-09-26T05:07:09.0900734Z   set-safe-directory: true
2022-09-26T05:07:09.0901018Z ##[endgroup]
2022-09-26T05:07:09.4871250Z Syncing repository: AlphaSteam/microprint-generator
2022-09-26T05:07:09.4873457Z ##[group]Getting Git version info
2022-09-26T05:07:09.4874102Z Working directory is '/home/runner/work/microprint-generator/microprint-generator'
2022-09-26T05:07:09.4874780Z [command]/usr/bin/git version
2022-09-26T05:07:09.5089407Z git version 2.37.3
2022-09-26T05:07:09.5096704Z ##[endgroup]
2022-09-26T05:07:09.5121797Z Temporarily overriding HOME='/home/runner/work/_temp/5066b9b0-0868-4d12-b5e7-da0bf28b19ad' before making global git config changes
2022-09-26T05:07:09.5122795Z Adding repository directory to the temporary git global config as a safe directory
2022-09-26T05:07:09.5123823Z [command]/usr/bin/git config --global --add safe.directory /home/runner/work/microprint-generator/microprint-generator
2022-09-26T05:07:09.5191964Z Deleting the contents of '/home/runner/work/microprint-generator/microprint-generator'
2022-09-26T05:07:09.5197393Z ##[group]Initializing the repository
2022-09-26T05:07:09.5202072Z [command]/usr/bin/git init /home/runner/work/microprint-generator/microprint-generator
2022-09-26T05:07:09.5301856Z hint: Using 'master' as the name for the initial branch. This default branch name
2022-09-26T05:07:09.5302619Z hint: is subject to change. To configure the initial branch name to use in all
2022-09-26T05:07:09.5303449Z hint: of your new repositories, which will suppress this warning, call:
2022-09-26T05:07:09.5304650Z hint: 
2022-09-26T05:07:09.5305171Z hint: 	git config --global init.defaultBranch <name>
2022-09-26T05:07:09.5305495Z hint: 
2022-09-26T05:07:09.5306033Z hint: Names commonly chosen instead of 'master' are 'main', 'trunk' and
2022-09-26T05:07:09.5306585Z hint: 'development'. The just-created branch can be renamed via this command:
2022-09-26T05:07:09.5307624Z hint: 
2022-09-26T05:07:09.5307972Z hint: 	git branch -m <name>
2022-09-26T05:07:09.5323771Z Initialized empty Git repository in /home/runner/work/microprint-generator/microprint-generator/.git/
2022-09-26T05:07:09.5337857Z [command]/usr/bin/git remote add origin https://github.com/AlphaSteam/microprint-generator
2022-09-26T05:07:09.5413417Z ##[endgroup]
2022-09-26T05:07:09.5414320Z ##[group]Disabling automatic garbage collection
2022-09-26T05:07:09.5421662Z [command]/usr/bin/git config --local gc.auto 0
2022-09-26T05:07:09.5467336Z ##[endgroup]
2022-09-26T05:07:09.5468255Z ##[group]Setting up auth
2022-09-26T05:07:09.5482744Z [command]/usr/bin/git config --local --name-only --get-regexp core\.sshCommand
2022-09-26T05:07:09.5541157Z [command]/usr/bin/git submodule foreach --recursive git config --local --name-only --get-regexp 'core\.sshCommand' && git config --local --unset-all 'core.sshCommand' || :
2022-09-26T05:07:09.6072346Z [command]/usr/bin/git config --local --name-only --get-regexp http\.https\:\/\/github\.com\/\.extraheader
2022-09-26T05:07:09.6124632Z [command]/usr/bin/git submodule foreach --recursive git config --local --name-only --get-regexp 'http\.https\:\/\/github\.com\/\.extraheader' && git config --local --unset-all 'http.https://github.com/.extraheader' || :
2022-09-26T05:07:09.6460344Z [command]/usr/bin/git config --local http.https://github.com/.extraheader AUTHORIZATION: basic ***
2022-09-26T05:07:09.6528837Z ##[endgroup]
2022-09-26T05:07:09.6529778Z ##[group]Fetching the repository
2022-09-26T05:07:09.6544559Z [command]/usr/bin/git -c protocol.version=2 fetch --no-tags --prune --progress --no-recurse-submodules --depth=1 origin +47e6aff71019f8abb0863a346f742ee2658660f3:refs/remotes/origin/develop
2022-09-26T05:07:10.3125214Z remote: Enumerating objects: 46, done.        
2022-09-26T05:07:10.3125877Z remote: Counting objects:   2% (1/46)        
2022-09-26T05:07:10.3126301Z remote: Counting objects:   4% (2/46)        
2022-09-26T05:07:10.3127228Z remote: Counting objects:   6% (3/46)        
2022-09-26T05:07:10.3127739Z remote: Counting objects:   8% (4/46)        
2022-09-26T05:07:10.3128136Z remote: Counting objects:  10% (5/46)        
2022-09-26T05:07:10.3128780Z remote: Counting objects:  13% (6/46)        
2022-09-26T05:07:10.3129205Z remote: Counting objects:  15% (7/46)        
2022-09-26T05:07:10.3129610Z remote: Counting objects:  17% (8/46)        
2022-09-26T05:07:10.3130015Z remote: Counting objects:  19% (9/46)        
2022-09-26T05:07:10.3130487Z remote: Counting objects:  21% (10/46)        
2022-09-26T05:07:10.3130923Z remote: Counting objects:  23% (11/46)        
2022-09-26T05:07:10.3131339Z remote: Counting objects:  26% (12/46)        
2022-09-26T05:07:10.3131746Z remote: Counting objects:  28% (13/46)        
2022-09-26T05:07:10.3132150Z remote: Counting objects:  30% (14/46)        
2022-09-26T05:07:10.3132536Z remote: Counting objects:  32% (15/46)        
2022-09-26T05:07:10.3132935Z remote: Counting objects:  34% (16/46)        
2022-09-26T05:07:10.3133337Z remote: Counting objects:  36% (17/46)        
2022-09-26T05:07:10.3134413Z remote: Counting objects:  39% (18/46)        
2022-09-26T05:07:10.3134835Z remote: Counting objects:  41% (19/46)        
2022-09-26T05:07:10.3135391Z remote: Counting objects:  43% (20/46)        
2022-09-26T05:07:10.3135957Z remote: Counting objects:  45% (21/46)        
2022-09-26T05:07:10.3136608Z remote: Counting objects:  47% (22/46)        
2022-09-26T05:07:10.3137017Z remote: Counting objects:  50% (23/46)        
2022-09-26T05:07:10.3137413Z remote: Counting objects:  52% (24/46)        
2022-09-26T05:07:10.3137800Z remote: Counting objects:  54% (25/46)        
2022-09-26T05:07:10.3138197Z remote: Counting objects:  56% (26/46)        
2022-09-26T05:07:10.3138624Z remote: Counting objects:  58% (27/46)        
2022-09-26T05:07:10.3139026Z remote: Counting objects:  60% (28/46)        
2022-09-26T05:07:10.3139408Z remote: Counting objects:  63% (29/46)        
2022-09-26T05:07:10.3139956Z remote: Counting objects:  65% (30/46)        
2022-09-26T05:07:10.3140343Z remote: Counting objects:  67% (31/46)        
2022-09-26T05:07:10.3140790Z remote: Counting objects:  69% (32/46)        
2022-09-26T05:07:10.3141187Z remote: Counting objects:  71% (33/46)        
2022-09-26T05:07:10.3141963Z remote: Counting objects:  73% (34/46)        
2022-09-26T05:07:10.3142352Z remote: Counting objects:  76% (35/46)        
2022-09-26T05:07:10.3142928Z remote: Counting objects:  78% (36/46)        
2022-09-26T05:07:10.3143330Z remote: Counting objects:  80% (37/46)        
2022-09-26T05:07:10.3143733Z remote: Counting objects:  82% (38/46)        
2022-09-26T05:07:10.3144232Z remote: Counting objects:  84% (39/46)        
2022-09-26T05:07:10.3145287Z remote: Counting objects:  86% (40/46)        
2022-09-26T05:07:10.3146236Z remote: Counting objects:  89% (41/46)        
2022-09-26T05:07:10.3146559Z remote: Counting objects:  91% (42/46)        
2022-09-26T05:07:10.3146876Z remote: Counting objects:  93% (43/46)        
2022-09-26T05:07:10.3147175Z remote: Counting objects:  95% (44/46)        
2022-09-26T05:07:10.3147484Z remote: Counting objects:  97% (45/46)        
2022-09-26T05:07:10.3147795Z remote: Counting objects: 100% (46/46)        
2022-09-26T05:07:10.3148412Z remote: Counting objects: 100% (46/46), done.        
2022-09-26T05:07:10.3148750Z remote: Compressing objects:   2% (1/40)        
2022-09-26T05:07:10.3149167Z remote: Compressing objects:   5% (2/40)        
2022-09-26T05:07:10.3149551Z remote: Compressing objects:   7% (3/40)        
2022-09-26T05:07:10.3154456Z remote: Compressing objects:  10% (4/40)        
2022-09-26T05:07:10.3155006Z remote: Compressing objects:  12% (5/40)        
2022-09-26T05:07:10.3155374Z remote: Compressing objects:  15% (6/40)        
2022-09-26T05:07:10.3155707Z remote: Compressing objects:  17% (7/40)        
2022-09-26T05:07:10.3156210Z remote: Compressing objects:  20% (8/40)        
2022-09-26T05:07:10.3156513Z remote: Compressing objects:  22% (9/40)        
2022-09-26T05:07:10.3156834Z remote: Compressing objects:  25% (10/40)        
2022-09-26T05:07:10.3157160Z remote: Compressing objects:  27% (11/40)        
2022-09-26T05:07:10.3157482Z remote: Compressing objects:  30% (12/40)        
2022-09-26T05:07:10.3157792Z remote: Compressing objects:  32% (13/40)        
2022-09-26T05:07:10.3158114Z remote: Compressing objects:  35% (14/40)        
2022-09-26T05:07:10.3158433Z remote: Compressing objects:  37% (15/40)        
2022-09-26T05:07:10.3158925Z remote: Compressing objects:  40% (16/40)        
2022-09-26T05:07:10.3816123Z remote: Compressing objects:  42% (17/40)        
2022-09-26T05:07:10.3816863Z remote: Compressing objects:  45% (18/40)        
2022-09-26T05:07:10.3817317Z remote: Compressing objects:  47% (19/40)        
2022-09-26T05:07:10.3817766Z remote: Compressing objects:  50% (20/40)        
2022-09-26T05:07:10.3818263Z remote: Compressing objects:  52% (21/40)        
2022-09-26T05:07:10.3818696Z remote: Compressing objects:  55% (22/40)        
2022-09-26T05:07:10.3819130Z remote: Compressing objects:  57% (23/40)        
2022-09-26T05:07:10.3819617Z remote: Compressing objects:  60% (24/40)        
2022-09-26T05:07:10.3820043Z remote: Compressing objects:  62% (25/40)        
2022-09-26T05:07:10.3820495Z remote: Compressing objects:  65% (26/40)        
2022-09-26T05:07:10.3820841Z remote: Compressing objects:  67% (27/40)        
2022-09-26T05:07:10.3821270Z remote: Compressing objects:  70% (28/40)        
2022-09-26T05:07:10.3821687Z remote: Compressing objects:  72% (29/40)        
2022-09-26T05:07:10.3822122Z remote: Compressing objects:  75% (30/40)        
2022-09-26T05:07:10.3822556Z remote: Compressing objects:  77% (31/40)        
2022-09-26T05:07:10.3822987Z remote: Compressing objects:  80% (32/40)        
2022-09-26T05:07:10.3823454Z remote: Compressing objects:  82% (33/40)        
2022-09-26T05:07:10.3823949Z remote: Compressing objects:  85% (34/40)        
2022-09-26T05:07:10.3824366Z remote: Compressing objects:  87% (35/40)        
2022-09-26T05:07:10.3824943Z remote: Compressing objects:  90% (36/40)        
2022-09-26T05:07:10.3825365Z remote: Compressing objects:  92% (37/40)        
2022-09-26T05:07:10.3825780Z remote: Compressing objects:  95% (38/40)        
2022-09-26T05:07:10.3826209Z remote: Compressing objects:  97% (39/40)        
2022-09-26T05:07:10.3826609Z remote: Compressing objects: 100% (40/40)        
2022-09-26T05:07:10.3827053Z remote: Compressing objects: 100% (40/40), done.        
2022-09-26T05:07:10.7892211Z remote: Total 46 (delta 5), reused 33 (delta 1), pack-reused 0        
2022-09-26T05:07:10.8168307Z From https://github.com/AlphaSteam/microprint-generator
2022-09-26T05:07:10.8169463Z  * [new ref]         47e6aff71019f8abb0863a346f742ee2658660f3 -> origin/develop
2022-09-26T05:07:10.8214133Z ##[endgroup]
2022-09-26T05:07:10.8216199Z ##[group]Determining the checkout info
2022-09-26T05:07:10.8232750Z ##[endgroup]
2022-09-26T05:07:10.8236807Z ##[group]Checking out the ref
2022-09-26T05:07:10.8237880Z [command]/usr/bin/git checkout --progress --force -B develop refs/remotes/origin/develop
2022-09-26T05:07:10.8570336Z Switched to a new branch 'develop'
2022-09-26T05:07:10.8573431Z branch 'develop' set up to track 'origin/develop'.
2022-09-26T05:07:10.8576970Z ##[endgroup]
2022-09-26T05:07:10.8642091Z [command]/usr/bin/git log -1 --format='%H'
2022-09-26T05:07:10.8678307Z '47e6aff71019f8abb0863a346f742ee2658660f3'
2022-09-26T05:07:10.9100875Z ##[group]Run ./
2022-09-26T05:07:10.9101170Z with:
2022-09-26T05:07:10.9101433Z   microprint_render_method: raster
2022-09-26T05:07:10.9101724Z   log_path: ./Examples/Mid-job/logs
2022-09-26T05:07:10.9102056Z   microprint_path: ./Examples/Mid-job/microprint
2022-09-26T05:07:10.9102560Z   microprint_config_path: ./Examples/Mid-job/
2022-09-26T05:07:10.9102905Z   repository: AlphaSteam/microprint-generator
2022-09-26T05:07:10.9103769Z   github_token: ***
2022-09-26T05:07:10.9104034Z   job_name: generate_microprint_mid_job
2022-09-26T05:07:10.9104313Z   log_filename: logs
2022-09-26T05:07:10.9104816Z   save_log: true
2022-09-26T05:07:10.9105084Z   microprint_filename: microprint
2022-09-26T05:07:10.9105369Z   microprint_config_filename: config
2022-09-26T05:07:10.9105639Z ##[endgroup]
2022-09-26T05:07:10.9273370Z ##[group]Building docker image
2022-09-26T05:07:10.9273841Z Dockerfile for action: '/home/runner/work/microprint-generator/microprint-generator/./Dockerfile'.
2022-09-26T05:07:10.9275811Z ##[command]/usr/bin/docker build -t 817f70:ad9cd4fcbd7f5811b11201f18ccb01ec -f "/home/runner/work/microprint-generator/microprint-generator/./Dockerfile" "/home/runner/work/microprint-generator/microprint-generator"
2022-09-26T05:07:11.0521492Z Sending build context to Docker daemon  4.055MB
2022-09-26T05:07:11.0521758Z 
2022-09-26T05:07:11.0576071Z Step 1/6 : FROM python:3
2022-09-26T05:07:12.4927382Z 3: Pulling from library/python
2022-09-26T05:07:12.8630225Z 23858da423a6: Already exists
2022-09-26T05:07:12.8667021Z 326f452ade5c: Already exists
2022-09-26T05:07:12.8701112Z a42821cd14fb: Already exists
2022-09-26T05:07:12.8729160Z 8471b75885ef: Already exists
2022-09-26T05:07:12.8764558Z 8ffa7aaef404: Already exists
2022-09-26T05:07:12.8816608Z 15132af73342: Pulling fs layer
2022-09-26T05:07:12.8817518Z aaf3b07565c2: Pulling fs layer
2022-09-26T05:07:12.8817782Z 736f7bc16867: Pulling fs layer
2022-09-26T05:07:12.8818062Z 94da21e53a5b: Pulling fs layer
2022-09-26T05:07:12.8818334Z 94da21e53a5b: Waiting
2022-09-26T05:07:13.2368847Z 736f7bc16867: Verifying Checksum
2022-09-26T05:07:13.2372126Z 736f7bc16867: Download complete
2022-09-26T05:07:13.2971290Z 15132af73342: Verifying Checksum
2022-09-26T05:07:13.2975246Z 15132af73342: Download complete
2022-09-26T05:07:13.4290280Z aaf3b07565c2: Verifying Checksum
2022-09-26T05:07:13.4290618Z aaf3b07565c2: Download complete
2022-09-26T05:07:13.6329214Z 94da21e53a5b: Verifying Checksum
2022-09-26T05:07:13.6342849Z 94da21e53a5b: Download complete
2022-09-26T05:07:13.9381675Z 15132af73342: Pull complete
2022-09-26T05:07:15.0666481Z aaf3b07565c2: Pull complete
2022-09-26T05:07:15.1498843Z 736f7bc16867: Pull complete
2022-09-26T05:07:15.6128222Z 94da21e53a5b: Pull complete
2022-09-26T05:07:15.6247123Z Digest: sha256:e9c35537103a2801a30b15a77d4a56b35532c964489b125ec1ff24f3d5b53409
2022-09-26T05:07:15.6267839Z Status: Downloaded newer image for python:3
2022-09-26T05:07:15.6288247Z  ---> e285995a3494
2022-09-26T05:07:15.6288937Z Step 2/6 : COPY requirements.txt /requirements.txt
2022-09-26T05:07:17.9344867Z  ---> 7a0d89bb8a38
2022-09-26T05:07:17.9345878Z Step 3/6 : RUN pip install -r /requirements.txt
2022-09-26T05:07:17.9634150Z  ---> Running in abda71b32a18
2022-09-26T05:07:20.5373496Z Collecting pillow
2022-09-26T05:07:20.5678493Z   Downloading Pillow-9.2.0-cp310-cp310-manylinux_2_28_x86_64.whl (3.2 MB)
2022-09-26T05:07:20.6226155Z      ━━━━━━━━━━━━━━━━━━━━━━━━━━━━━━━━━━━━━━━━ 3.2/3.2 MB 62.9 MB/s eta 0:00:00
2022-09-26T05:07:20.6970134Z Collecting requests
2022-09-26T05:07:20.7017790Z   Downloading requests-2.28.1-py3-none-any.whl (62 kB)
2022-09-26T05:07:20.7109307Z      ━━━━━━━━━━━━━━━━━━━━━━━━━━━━━━━━━━━━━━━━ 62.8/62.8 kB 8.5 MB/s eta 0:00:00
2022-09-26T05:07:20.7377063Z Collecting svgwrite
2022-09-26T05:07:20.7431726Z   Downloading svgwrite-1.4.3-py3-none-any.whl (67 kB)
2022-09-26T05:07:20.7490078Z      ━━━━━━━━━━━━━━━━━━━━━━━━━━━━━━━━━━━━━━━━ 67.1/67.1 kB 20.6 MB/s eta 0:00:00
2022-09-26T05:07:20.8361039Z Collecting urllib3<1.27,>=1.21.1
2022-09-26T05:07:20.8461922Z   Downloading urllib3-1.26.12-py2.py3-none-any.whl (140 kB)
2022-09-26T05:07:20.8549960Z      ━━━━━━━━━━━━━━━━━━━━━━━━━━━━━━━━━━━━━━ 140.4/140.4 kB 31.9 MB/s eta 0:00:00
2022-09-26T05:07:20.9166658Z Collecting charset-normalizer<3,>=2
2022-09-26T05:07:20.9226098Z   Downloading charset_normalizer-2.1.1-py3-none-any.whl (39 kB)
2022-09-26T05:07:20.9528936Z Collecting idna<4,>=2.5
2022-09-26T05:07:20.9612035Z   Downloading idna-3.4-py3-none-any.whl (61 kB)
2022-09-26T05:07:20.9673123Z      ━━━━━━━━━━━━━━━━━━━━━━━━━━━━━━━━━━━━━━━━ 61.5/61.5 kB 17.5 MB/s eta 0:00:00
2022-09-26T05:07:21.0034529Z Collecting certifi>=2017.4.17
2022-09-26T05:07:21.0078699Z   Downloading certifi-2022.9.24-py3-none-any.whl (161 kB)
2022-09-26T05:07:21.0176254Z      ━━━━━━━━━━━━━━━━━━━━━━━━━━━━━━━━━━━━━━ 161.1/161.1 kB 39.5 MB/s eta 0:00:00
2022-09-26T05:07:21.1563375Z Installing collected packages: urllib3, svgwrite, pillow, idna, charset-normalizer, certifi, requests
2022-09-26T05:07:21.8634347Z Successfully installed certifi-2022.9.24 charset-normalizer-2.1.1 idna-3.4 pillow-9.2.0 requests-2.28.1 svgwrite-1.4.3 urllib3-1.26.12
2022-09-26T05:07:21.8639786Z [91mWARNING: Running pip as the 'root' user can result in broken permissions and conflicting behaviour with the system package manager. It is recommended to use a virtual environment instead: https://pip.pypa.io/warnings/venv
2022-09-26T05:07:24.4448661Z [0mRemoving intermediate container abda71b32a18
2022-09-26T05:07:24.4449061Z  ---> fefa0e3f901d
2022-09-26T05:07:24.4449359Z Step 4/6 : COPY script.py /script.py
2022-09-26T05:07:25.8944398Z  ---> f50c4afecc8e
2022-09-26T05:07:25.8945248Z Step 5/6 : COPY microprint_generator.py /microprint_generator.py
2022-09-26T05:07:27.3300475Z  ---> e36522c67742
2022-09-26T05:07:27.3305133Z Step 6/6 : CMD ["python", "/script.py"]
2022-09-26T05:07:27.3656075Z  ---> Running in 53cbd0c56c4c
2022-09-26T05:07:28.7664776Z Removing intermediate container 53cbd0c56c4c
2022-09-26T05:07:28.7665441Z  ---> bceaf1aa1a4c
2022-09-26T05:07:28.7755884Z Successfully built bceaf1aa1a4c
2022-09-26T05:07:28.7807746Z Successfully tagged 817f70:ad9cd4fcbd7f5811b11201f18ccb01ec
2022-09-26T05:07:28.7837949Z ##[endgroup]
2022-09-26T05:07:28.7991086Z ##[command]/usr/bin/docker run --name f70ad9cd4fcbd7f5811b11201f18ccb01ec_05c34e --label 817f70 --workdir /github/workspace --rm -e "INPUT_MICROPRINT_RENDER_METHOD" -e "INPUT_LOG_PATH" -e "INPUT_MICROPRINT_PATH" -e "INPUT_MICROPRINT_CONFIG_PATH" -e "INPUT_REPOSITORY" -e "INPUT_GITHUB_TOKEN" -e "INPUT_JOB_NAME" -e "INPUT_LOG_FILENAME" -e "INPUT_SAVE_LOG" -e "INPUT_MICROPRINT_FILENAME" -e "INPUT_MICROPRINT_CONFIG_FILENAME" -e "HOME" -e "GITHUB_JOB" -e "GITHUB_REF" -e "GITHUB_SHA" -e "GITHUB_REPOSITORY" -e "GITHUB_REPOSITORY_OWNER" -e "GITHUB_RUN_ID" -e "GITHUB_RUN_NUMBER" -e "GITHUB_RETENTION_DAYS" -e "GITHUB_RUN_ATTEMPT" -e "GITHUB_ACTOR" -e "GITHUB_TRIGGERING_ACTOR" -e "GITHUB_WORKFLOW" -e "GITHUB_HEAD_REF" -e "GITHUB_BASE_REF" -e "GITHUB_EVENT_NAME" -e "GITHUB_SERVER_URL" -e "GITHUB_API_URL" -e "GITHUB_GRAPHQL_URL" -e "GITHUB_REF_NAME" -e "GITHUB_REF_PROTECTED" -e "GITHUB_REF_TYPE" -e "GITHUB_WORKSPACE" -e "GITHUB_ACTION" -e "GITHUB_EVENT_PATH" -e "GITHUB_ACTION_REPOSITORY" -e "GITHUB_ACTION_REF" -e "GITHUB_PATH" -e "GITHUB_ENV" -e "GITHUB_STEP_SUMMARY" -e "RUNNER_OS" -e "RUNNER_ARCH" -e "RUNNER_NAME" -e "RUNNER_TOOL_CACHE" -e "RUNNER_TEMP" -e "RUNNER_WORKSPACE" -e "ACTIONS_RUNTIME_URL" -e "ACTIONS_RUNTIME_TOKEN" -e "ACTIONS_CACHE_URL" -e GITHUB_ACTIONS=true -e CI=true -v "/var/run/docker.sock":"/var/run/docker.sock" -v "/home/runner/work/_temp/_github_home":"/github/home" -v "/home/runner/work/_temp/_github_workflow":"/github/workflow" -v "/home/runner/work/_temp/_runner_file_commands":"/github/file_commands" -v "/home/runner/work/microprint-generator/microprint-generator":"/github/workspace" 817f70:ad9cd4fcbd7f5811b11201f18ccb01ec
2022-09-26T05:07:29.3497353Z DEBUG:urllib3.connectionpool:Starting new HTTPS connection (1): api.github.com:443
2022-09-26T05:07:29.9191471Z DEBUG:urllib3.connectionpool:https://api.github.com:443 "GET /repos/AlphaSteam/microprint-generator/actions/runs/3125211482/jobs HTTP/1.1" 200 None
2022-09-26T05:07:29.9224410Z DEBUG:urllib3.connectionpool:Starting new HTTPS connection (1): api.github.com:443
2022-09-26T05:07:30.3660473Z DEBUG:urllib3.connectionpool:https://api.github.com:443 "GET /repos/AlphaSteam/microprint-generator/actions/jobs/8543028931/logs HTTP/1.1" 302 0
2022-09-26T05:07:30.3682026Z DEBUG:urllib3.connectionpool:Starting new HTTPS connection (1): pipelines.actions.githubusercontent.com:443
2022-09-26T05:07:30.6473370Z DEBUG:urllib3.connectionpool:https://pipelines.actions.githubusercontent.com:443 "GET /serviceHosts/871f7675-65c0-436d-aa94-5c5a4536b9ce/_apis/pipelines/1/runs/151/signedlogcontent/2?urlExpires=2022-09-26T05%3A08%3A30.2530405Z&urlSigningMethod=HMACV1&urlSignature=u2RfU4Sij9n84v5imDsRjKCQjMT0Cv6TKUiODgk12xE%3D HTTP/1.1" 200 None
2022-09-26T05:07:30.6523732Z INFO:root:Generating raster microprint
2022-09-26T05:07:30.8936327Z ##[group]Run git pull
2022-09-26T05:07:30.8936693Z [36;1mgit pull[0m
2022-09-26T05:07:30.9004111Z shell: /usr/bin/bash -e {0}
2022-09-26T05:07:30.9004575Z ##[endgroup]
2022-09-26T05:07:32.8330420Z From https://github.com/AlphaSteam/microprint-generator
2022-09-26T05:07:32.8331520Z  * [new branch]      add_custom_rules        -> origin/add_custom_rules
2022-09-26T05:07:32.8332848Z  * [new branch]      add_microprint_analysis -> origin/add_microprint_analysis
2022-09-26T05:07:32.8333870Z  * [new branch]      add_multiple_columns    -> origin/add_multiple_columns
2022-09-26T05:07:32.8334651Z  * [new branch]      create-pull-request/patch -> origin/create-pull-request/patch
2022-09-26T05:07:32.8336184Z  * [new branch]      custom_fonts            -> origin/custom_fonts
2022-09-26T05:07:32.8338941Z  * [new branch]      main                    -> origin/main
2022-09-26T05:07:32.8341067Z  * [new branch]      microprint_visualizer_integration -> origin/microprint_visualizer_integration
2022-09-26T05:07:32.8343141Z  * [new branch]      reduce_code_duplication -> origin/reduce_code_duplication
2022-09-26T05:07:32.8345421Z  * [new branch]      release/v1              -> origin/release/v1
2022-09-26T05:07:32.8347035Z  * [new branch]      release/v2              -> origin/release/v2
2022-09-26T05:07:32.8348577Z  * [new branch]      test_workflow           -> origin/test_workflow
2022-09-26T05:07:32.8502545Z  * [new tag]         v1                      -> v1
2022-09-26T05:07:32.8509704Z  * [new tag]         v1.0.0                  -> v1.0.0
2022-09-26T05:07:32.8510587Z  * [new tag]         v2                      -> v2
2022-09-26T05:07:32.8578906Z Already up to date.
2022-09-26T05:07:32.8763346Z ##[group]Run stefanzweifel/git-auto-commit-action@v4
2022-09-26T05:07:32.8763697Z with:
2022-09-26T05:07:32.8763978Z   commit_message: Updated mid-job microprint
2022-09-26T05:07:32.8764278Z   file_pattern: .
2022-09-26T05:07:32.8764520Z   repository: .
2022-09-26T05:07:32.8764798Z   commit_user_name: github-actions[bot]
2022-09-26T05:07:32.8765172Z   commit_user_email: github-actions[bot]@users.noreply.github.com
2022-09-26T05:07:32.8765587Z   commit_author: AlphaSteam <AlphaSteam@users.noreply.github.com>
2022-09-26T05:07:32.8765938Z   skip_dirty_check: false
2022-09-26T05:07:32.8766195Z   skip_fetch: false
2022-09-26T05:07:32.8766445Z   skip_checkout: false
2022-09-26T05:07:32.8766887Z   disable_globbing: false
2022-09-26T05:07:32.8767167Z   create_branch: false
2022-09-26T05:07:32.8767411Z ##[endgroup]
2022-09-26T05:07:33.0940470Z Started: bash /home/runner/work/_actions/stefanzweifel/git-auto-commit-action/v4/entrypoint.sh
2022-09-26T05:07:33.1021853Z INPUT_REPOSITORY value: .
2022-09-26T05:07:33.1023898Z INPUT_STATUS_OPTIONS: 
2022-09-26T05:07:33.1025951Z INPUT_FILE_PATTERN: .
2022-09-26T05:07:33.1198627Z INPUT_BRANCH value: 
2022-09-26T05:07:34.3947096Z M	Examples/Mid-job/logs/logs.txt
2022-09-26T05:07:34.3949337Z M	Examples/Mid-job/microprint/microprint.png
2022-09-26T05:07:34.3949888Z Your branch is up to date with 'origin/develop'.
2022-09-26T05:07:34.3950336Z INPUT_ADD_OPTIONS: 
2022-09-26T05:07:34.3951870Z INPUT_FILE_PATTERN: .
2022-09-26T05:07:34.4001585Z INPUT_COMMIT_OPTIONS: 
2022-09-26T05:07:34.4004629Z INPUT_COMMIT_USER_NAME: github-actions[bot]
2022-09-26T05:07:34.4006080Z INPUT_COMMIT_USER_EMAIL: github-actions[bot]@users.noreply.github.com
2022-09-26T05:07:34.4007605Z INPUT_COMMIT_MESSAGE: Updated mid-job microprint
2022-09-26T05:07:34.4008328Z INPUT_COMMIT_AUTHOR: AlphaSteam <AlphaSteam@users.noreply.github.com>
2022-09-26T05:07:34.4098628Z [develop 16dbac1] Updated mid-job microprint
2022-09-26T05:07:34.4099405Z  Author: AlphaSteam <AlphaSteam@users.noreply.github.com>
2022-09-26T05:07:34.4102850Z  2 files changed, 5 insertions(+), 5 deletions(-)
2022-09-26T05:07:34.4131911Z INPUT_TAGGING_MESSAGE: 
2022-09-26T05:07:34.4133444Z No tagging message supplied. No tag will be added.
2022-09-26T05:07:34.4135093Z INPUT_PUSH_OPTIONS: 
2022-09-26T05:07:35.5082038Z To https://github.com/AlphaSteam/microprint-generator
2022-09-26T05:07:35.5082968Z    47e6aff..16dbac1  develop -> develop
2022-09-26T05:07:35.5269664Z Post job cleanup.
2022-09-26T05:07:35.6972306Z [command]/usr/bin/git version
2022-09-26T05:07:35.7042065Z git version 2.37.3
2022-09-26T05:07:35.7117803Z Temporarily overriding HOME='/home/runner/work/_temp/517dd1b8-7fd4-4e6a-9141-61b8c29a8034' before making global git config changes
2022-09-26T05:07:35.7122454Z Adding repository directory to the temporary git global config as a safe directory
2022-09-26T05:07:35.7131968Z [command]/usr/bin/git config --global --add safe.directory /home/runner/work/microprint-generator/microprint-generator
2022-09-26T05:07:35.7186332Z [command]/usr/bin/git config --local --name-only --get-regexp core\.sshCommand
2022-09-26T05:07:35.7275774Z [command]/usr/bin/git submodule foreach --recursive git config --local --name-only --get-regexp 'core\.sshCommand' && git config --local --unset-all 'core.sshCommand' || :
2022-09-26T05:07:35.7605262Z [command]/usr/bin/git config --local --name-only --get-regexp http\.https\:\/\/github\.com\/\.extraheader
2022-09-26T05:07:35.7640350Z http.https://github.com/.extraheader
2022-09-26T05:07:35.7654408Z [command]/usr/bin/git config --local --unset-all http.https://github.com/.extraheader
2022-09-26T05:07:35.7715568Z [command]/usr/bin/git submodule foreach --recursive git config --local --name-only --get-regexp 'http\.https\:\/\/github\.com\/\.extraheader' && git config --local --unset-all 'http.https://github.com/.extraheader' || :
2022-09-26T05:07:35.8367780Z Cleaning up orphan processes
