2022-09-03T11:44:48.1464471Z Requested labels: ubuntu-latest
2022-09-03T11:44:48.1464508Z Job defined at: AlphaSteam/microprint/.github/workflows/test.yaml@refs/heads/add_custom_rules
2022-09-03T11:44:48.1464531Z Waiting for a runner to pick up this job...
2022-09-03T11:44:48.7110865Z Job is waiting for a hosted runner to come online.
2022-09-03T11:44:52.7032477Z Job is about to start running on the hosted runner: Hosted Agent (hosted)
2022-09-03T11:44:54.9872161Z Current runner version: '2.296.1'
2022-09-03T11:44:54.9899171Z ##[group]Operating System
2022-09-03T11:44:54.9899751Z Ubuntu
2022-09-03T11:44:54.9900017Z 20.04.4
2022-09-03T11:44:54.9900412Z LTS
2022-09-03T11:44:54.9900738Z ##[endgroup]
2022-09-03T11:44:54.9901039Z ##[group]Runner Image
2022-09-03T11:44:54.9901412Z Image: ubuntu-20.04
2022-09-03T11:44:54.9902061Z Version: 20220828.1
2022-09-03T11:44:54.9902629Z Included Software: https://github.com/actions/runner-images/blob/ubuntu20/20220828.1/images/linux/Ubuntu2004-Readme.md
2022-09-03T11:44:54.9903335Z Image Release: https://github.com/actions/runner-images/releases/tag/ubuntu20%2F20220828.1
2022-09-03T11:44:54.9903819Z ##[endgroup]
2022-09-03T11:44:54.9904148Z ##[group]Runner Image Provisioner
2022-09-03T11:44:54.9904539Z 1.0.0.0-main-20220825-1
2022-09-03T11:44:54.9904937Z ##[endgroup]
2022-09-03T11:44:54.9905960Z ##[group]GITHUB_TOKEN Permissions
2022-09-03T11:44:54.9906749Z Actions: write
2022-09-03T11:44:54.9907283Z Checks: write
2022-09-03T11:44:54.9907639Z Contents: write
2022-09-03T11:44:54.9907993Z Deployments: write
2022-09-03T11:44:54.9908372Z Discussions: write
2022-09-03T11:44:54.9908729Z Issues: write
2022-09-03T11:44:54.9909017Z Metadata: read
2022-09-03T11:44:54.9909361Z Packages: write
2022-09-03T11:44:54.9909712Z Pages: write
2022-09-03T11:44:54.9910027Z PullRequests: write
2022-09-03T11:44:54.9910440Z RepositoryProjects: write
2022-09-03T11:44:54.9910841Z SecurityEvents: write
2022-09-03T11:44:54.9911151Z Statuses: write
2022-09-03T11:44:54.9911500Z ##[endgroup]
2022-09-03T11:44:54.9915065Z Secret source: Actions
2022-09-03T11:44:54.9915618Z Prepare workflow directory
2022-09-03T11:44:55.0734128Z Prepare all required actions
2022-09-03T11:44:55.0913882Z Getting action download info
2022-09-03T11:44:55.3121937Z Download action repository 'actions/checkout@v2' (SHA:7884fcad6b5d53d10323aee724dc68d8b9096a2e)
2022-09-03T11:44:56.0760987Z Download action repository 'stefanzweifel/git-auto-commit-action@v4' (SHA:49620cd3ed21ee620a48530e81dba0d139c9cb80)
2022-09-03T11:44:56.6358333Z ##[group]Run actions/checkout@v2
2022-09-03T11:44:56.6358630Z with:
2022-09-03T11:44:56.6358854Z   repository: AlphaSteam/microprint
2022-09-03T11:44:56.6359317Z   token: ***
2022-09-03T11:44:56.6359527Z   ssh-strict: true
2022-09-03T11:44:56.6359763Z   persist-credentials: true
2022-09-03T11:44:56.6359987Z   clean: true
2022-09-03T11:44:56.6360187Z   fetch-depth: 1
2022-09-03T11:44:56.6360386Z   lfs: false
2022-09-03T11:44:56.6360569Z   submodules: false
2022-09-03T11:44:56.6360800Z   set-safe-directory: true
2022-09-03T11:44:56.6361030Z ##[endgroup]
2022-09-03T11:44:56.9311179Z Syncing repository: AlphaSteam/microprint
2022-09-03T11:44:56.9312828Z ##[group]Getting Git version info
2022-09-03T11:44:56.9313336Z Working directory is '/home/runner/work/microprint/microprint'
2022-09-03T11:44:56.9327928Z [command]/usr/bin/git version
2022-09-03T11:44:56.9478377Z git version 2.37.2
2022-09-03T11:44:56.9502746Z ##[endgroup]
2022-09-03T11:44:56.9522390Z Temporarily overriding HOME='/home/runner/work/_temp/454a3787-eb27-439f-9195-92e19fafef68' before making global git config changes
2022-09-03T11:44:56.9523199Z Adding repository directory to the temporary git global config as a safe directory
2022-09-03T11:44:56.9527686Z [command]/usr/bin/git config --global --add safe.directory /home/runner/work/microprint/microprint
2022-09-03T11:44:56.9572363Z Deleting the contents of '/home/runner/work/microprint/microprint'
2022-09-03T11:44:56.9576558Z ##[group]Initializing the repository
2022-09-03T11:44:56.9580046Z [command]/usr/bin/git init /home/runner/work/microprint/microprint
2022-09-03T11:44:56.9650296Z hint: Using 'master' as the name for the initial branch. This default branch name
2022-09-03T11:44:56.9651044Z hint: is subject to change. To configure the initial branch name to use in all
2022-09-03T11:44:56.9651922Z hint: of your new repositories, which will suppress this warning, call:
2022-09-03T11:44:56.9652297Z hint: 
2022-09-03T11:44:56.9652833Z hint: 	git config --global init.defaultBranch <name>
2022-09-03T11:44:56.9653339Z hint: 
2022-09-03T11:44:56.9653718Z hint: Names commonly chosen instead of 'master' are 'main', 'trunk' and
2022-09-03T11:44:56.9654175Z hint: 'development'. The just-created branch can be renamed via this command:
2022-09-03T11:44:56.9654461Z hint: 
2022-09-03T11:44:56.9654731Z hint: 	git branch -m <name>
2022-09-03T11:44:56.9667638Z Initialized empty Git repository in /home/runner/work/microprint/microprint/.git/
2022-09-03T11:44:56.9713030Z [command]/usr/bin/git remote add origin https://github.com/AlphaSteam/microprint
2022-09-03T11:44:56.9755323Z ##[endgroup]
2022-09-03T11:44:56.9756086Z ##[group]Disabling automatic garbage collection
2022-09-03T11:44:56.9761154Z [command]/usr/bin/git config --local gc.auto 0
2022-09-03T11:44:56.9791688Z ##[endgroup]
2022-09-03T11:44:56.9792455Z ##[group]Setting up auth
2022-09-03T11:44:56.9822827Z [command]/usr/bin/git config --local --name-only --get-regexp core\.sshCommand
2022-09-03T11:44:56.9879212Z [command]/usr/bin/git submodule foreach --recursive git config --local --name-only --get-regexp 'core\.sshCommand' && git config --local --unset-all 'core.sshCommand' || :
2022-09-03T11:44:57.0252819Z [command]/usr/bin/git config --local --name-only --get-regexp http\.https\:\/\/github\.com\/\.extraheader
2022-09-03T11:44:57.0277042Z [command]/usr/bin/git submodule foreach --recursive git config --local --name-only --get-regexp 'http\.https\:\/\/github\.com\/\.extraheader' && git config --local --unset-all 'http.https://github.com/.extraheader' || :
2022-09-03T11:44:57.0500090Z [command]/usr/bin/git config --local http.https://github.com/.extraheader AUTHORIZATION: basic ***
2022-09-03T11:44:57.0536748Z ##[endgroup]
2022-09-03T11:44:57.0537236Z ##[group]Fetching the repository
2022-09-03T11:44:57.0543984Z [command]/usr/bin/git -c protocol.version=2 fetch --no-tags --prune --progress --no-recurse-submodules --depth=1 origin +7044adca48351b87faa7ab4ee19c54aa1e2e3fef:refs/remotes/origin/add_custom_rules
2022-09-03T11:44:57.4590720Z remote: Enumerating objects: 33, done.        
2022-09-03T11:44:57.4594416Z remote: Counting objects:   3% (1/33)        
2022-09-03T11:44:57.4595106Z remote: Counting objects:   6% (2/33)        
2022-09-03T11:44:57.4596225Z remote: Counting objects:   9% (3/33)        
2022-09-03T11:44:57.4597579Z remote: Counting objects:  12% (4/33)        
2022-09-03T11:44:57.4598029Z remote: Counting objects:  15% (5/33)        
2022-09-03T11:44:57.4598741Z remote: Counting objects:  18% (6/33)        
2022-09-03T11:44:57.4599253Z remote: Counting objects:  21% (7/33)        
2022-09-03T11:44:57.4599849Z remote: Counting objects:  24% (8/33)        
2022-09-03T11:44:57.4600503Z remote: Counting objects:  27% (9/33)        
2022-09-03T11:44:57.4600897Z remote: Counting objects:  30% (10/33)        
2022-09-03T11:44:57.4601251Z remote: Counting objects:  33% (11/33)        
2022-09-03T11:44:57.4601605Z remote: Counting objects:  36% (12/33)        
2022-09-03T11:44:57.4601957Z remote: Counting objects:  39% (13/33)        
2022-09-03T11:44:57.4602315Z remote: Counting objects:  42% (14/33)        
2022-09-03T11:44:57.4603029Z remote: Counting objects:  45% (15/33)        
2022-09-03T11:44:57.4603390Z remote: Counting objects:  48% (16/33)        
2022-09-03T11:44:57.4603738Z remote: Counting objects:  51% (17/33)        
2022-09-03T11:44:57.4604074Z remote: Counting objects:  54% (18/33)        
2022-09-03T11:44:57.4604430Z remote: Counting objects:  57% (19/33)        
2022-09-03T11:44:57.4604782Z remote: Counting objects:  60% (20/33)        
2022-09-03T11:44:57.4605132Z remote: Counting objects:  63% (21/33)        
2022-09-03T11:44:57.4605466Z remote: Counting objects:  66% (22/33)        
2022-09-03T11:44:57.4605824Z remote: Counting objects:  69% (23/33)        
2022-09-03T11:44:57.4606182Z remote: Counting objects:  72% (24/33)        
2022-09-03T11:44:57.4606467Z remote: Counting objects:  75% (25/33)        
2022-09-03T11:44:57.4606802Z remote: Counting objects:  78% (26/33)        
2022-09-03T11:44:57.4607156Z remote: Counting objects:  81% (27/33)        
2022-09-03T11:44:57.4607710Z remote: Counting objects:  84% (28/33)        
2022-09-03T11:44:57.4608116Z remote: Counting objects:  87% (29/33)        
2022-09-03T11:44:57.4608455Z remote: Counting objects:  90% (30/33)        
2022-09-03T11:44:57.4608842Z remote: Counting objects:  93% (31/33)        
2022-09-03T11:44:57.4609192Z remote: Counting objects:  96% (32/33)        
2022-09-03T11:44:57.4609540Z remote: Counting objects: 100% (33/33)        
2022-09-03T11:44:57.4609888Z remote: Counting objects: 100% (33/33), done.        
2022-09-03T11:44:57.4610276Z remote: Compressing objects:   4% (1/23)        
2022-09-03T11:44:57.4610650Z remote: Compressing objects:   8% (2/23)        
2022-09-03T11:44:57.4611015Z remote: Compressing objects:  13% (3/23)        
2022-09-03T11:44:57.4611363Z remote: Compressing objects:  17% (4/23)        
2022-09-03T11:44:57.4611728Z remote: Compressing objects:  21% (5/23)        
2022-09-03T11:44:57.4612092Z remote: Compressing objects:  26% (6/23)        
2022-09-03T11:44:57.4612443Z remote: Compressing objects:  30% (7/23)        
2022-09-03T11:44:57.4612807Z remote: Compressing objects:  34% (8/23)        
2022-09-03T11:44:57.4613170Z remote: Compressing objects:  39% (9/23)        
2022-09-03T11:44:57.4613538Z remote: Compressing objects:  43% (10/23)        
2022-09-03T11:44:57.4613897Z remote: Compressing objects:  47% (11/23)        
2022-09-03T11:44:57.4614263Z remote: Compressing objects:  52% (12/23)        
2022-09-03T11:44:57.4614630Z remote: Compressing objects:  56% (13/23)        
2022-09-03T11:44:57.4656483Z remote: Compressing objects:  60% (14/23)        
2022-09-03T11:44:57.4658106Z remote: Compressing objects:  65% (15/23)        
2022-09-03T11:44:57.4660299Z remote: Compressing objects:  69% (16/23)        
2022-09-03T11:44:57.4660787Z remote: Compressing objects:  73% (17/23)        
2022-09-03T11:44:57.4661656Z remote: Compressing objects:  78% (18/23)        
2022-09-03T11:44:57.4662303Z remote: Compressing objects:  82% (19/23)        
2022-09-03T11:44:57.4663378Z remote: Compressing objects:  86% (20/23)        
2022-09-03T11:44:57.4663699Z remote: Compressing objects:  91% (21/23)        
2022-09-03T11:44:57.4664218Z remote: Compressing objects:  95% (22/23)        
2022-09-03T11:44:57.4665197Z remote: Compressing objects: 100% (23/23)        
2022-09-03T11:44:57.4665659Z remote: Compressing objects: 100% (23/23), done.        
2022-09-03T11:44:57.6295960Z remote: Total 33 (delta 1), reused 27 (delta 1), pack-reused 0        
2022-09-03T11:44:57.6498932Z From https://github.com/AlphaSteam/microprint
2022-09-03T11:44:57.6499843Z  * [new ref]         7044adca48351b87faa7ab4ee19c54aa1e2e3fef -> origin/add_custom_rules
2022-09-03T11:44:57.6545649Z ##[endgroup]
2022-09-03T11:44:57.6546375Z ##[group]Determining the checkout info
2022-09-03T11:44:57.6547196Z ##[endgroup]
2022-09-03T11:44:57.6547799Z ##[group]Checking out the ref
2022-09-03T11:44:57.6548935Z [command]/usr/bin/git checkout --progress --force -B add_custom_rules refs/remotes/origin/add_custom_rules
2022-09-03T11:44:57.6665921Z Switched to a new branch 'add_custom_rules'
2022-09-03T11:44:57.6670361Z branch 'add_custom_rules' set up to track 'origin/add_custom_rules'.
2022-09-03T11:44:57.6689273Z ##[endgroup]
2022-09-03T11:44:57.6732635Z [command]/usr/bin/git log -1 --format='%H'
2022-09-03T11:44:57.6760363Z '7044adca48351b87faa7ab4ee19c54aa1e2e3fef'
2022-09-03T11:44:57.7118241Z ##[group]Run ./
2022-09-03T11:44:57.7118489Z with:
2022-09-03T11:44:57.7118722Z   microprint_render_method: raster
2022-09-03T11:44:57.7118959Z   log_path: ./logs
2022-09-03T11:44:57.7119187Z   microprint_path: ./microprints
2022-09-03T11:44:57.7119408Z   microprint_scale: 3
2022-09-03T11:44:57.7119913Z   repository: AlphaSteam/microprint
2022-09-03T11:44:57.7120416Z   github_token: ***
2022-09-03T11:44:57.7120658Z   job_name: generate_microprint_mid_job
2022-09-03T11:44:57.7120889Z   log_filename: logs
2022-09-03T11:44:57.7121096Z   save_log: true
2022-09-03T11:44:57.7121324Z   microprint_filename: microprint
2022-09-03T11:44:57.7121689Z ##[endgroup]
2022-09-03T11:44:57.7300006Z ##[group]Building docker image
2022-09-03T11:44:57.7300362Z Dockerfile for action: '/home/runner/work/microprint/microprint/./Dockerfile'.
2022-09-03T11:44:57.7315549Z ##[command]/usr/bin/docker build -t 786a9b:ad9cd4fcbd7f5811b11201f18ccb01ec -f "/home/runner/work/microprint/microprint/./Dockerfile" "/home/runner/work/microprint/microprint"
2022-09-03T11:44:58.0107897Z Sending build context to Docker daemon   1.22MB
2022-09-03T11:44:58.0158185Z 
2022-09-03T11:44:58.0158779Z Step 1/6 : FROM python:3
2022-09-03T11:44:58.8618374Z 3: Pulling from library/python
2022-09-03T11:44:59.0983049Z 1671565cc8df: Already exists
2022-09-03T11:44:59.1303541Z 3e94d13e55e7: Already exists
2022-09-03T11:44:59.1325353Z fa9c7528c685: Already exists
2022-09-03T11:44:59.1346483Z 53ad072f9cd1: Already exists
2022-09-03T11:44:59.1412149Z d6b983117533: Already exists
2022-09-03T11:44:59.1477484Z d8092d56ded5: Pulling fs layer
2022-09-03T11:44:59.1477765Z c71afc637d59: Pulling fs layer
2022-09-03T11:44:59.1477991Z 864a10b3c704: Pulling fs layer
2022-09-03T11:44:59.1478213Z 4334b2fe8293: Pulling fs layer
2022-09-03T11:44:59.1478408Z 4334b2fe8293: Waiting
2022-09-03T11:44:59.4105044Z 864a10b3c704: Verifying Checksum
2022-09-03T11:44:59.4105342Z 864a10b3c704: Download complete
2022-09-03T11:44:59.4922382Z d8092d56ded5: Verifying Checksum
2022-09-03T11:44:59.4922680Z d8092d56ded5: Download complete
2022-09-03T11:44:59.7087522Z 4334b2fe8293: Verifying Checksum
2022-09-03T11:44:59.7087825Z 4334b2fe8293: Download complete
2022-09-03T11:44:59.7635669Z c71afc637d59: Verifying Checksum
2022-09-03T11:44:59.7636010Z c71afc637d59: Download complete
2022-09-03T11:45:00.2372992Z d8092d56ded5: Pull complete
2022-09-03T11:45:01.1209366Z c71afc637d59: Pull complete
2022-09-03T11:45:01.1786392Z 864a10b3c704: Pull complete
2022-09-03T11:45:01.5927906Z 4334b2fe8293: Pull complete
2022-09-03T11:45:01.5967416Z Digest: sha256:745efdfb7e4aac9a8422bd8c62d8bc35a693e8979a240d29677cb03e6aa91052
2022-09-03T11:45:01.5981400Z Status: Downloaded newer image for python:3
2022-09-03T11:45:01.5995479Z  ---> d25a66380b10
2022-09-03T11:45:01.5995935Z Step 2/6 : COPY requirements.txt /requirements.txt
2022-09-03T11:45:02.9718721Z  ---> b9709a1dcf95
2022-09-03T11:45:02.9719274Z Step 3/6 : RUN pip install -r /requirements.txt
2022-09-03T11:45:02.9956202Z  ---> Running in ab3a2899a58b
2022-09-03T11:45:05.5714234Z Collecting pillow
2022-09-03T11:45:05.6397323Z   Downloading Pillow-9.2.0-cp310-cp310-manylinux_2_28_x86_64.whl (3.2 MB)
2022-09-03T11:45:05.7202466Z      â”â”â”â”â”â”â”â”â”â”â”â”â”â”â”â”â”â”â”â”â”â”â”â”â”â”â”â”â”â”â”â”â”â”â”â”â”â”â”â” 3.2/3.2 MB 40.8 MB/s eta 0:00:00
2022-09-03T11:45:05.7827215Z Collecting requests
2022-09-03T11:45:05.7948348Z   Downloading requests-2.28.1-py3-none-any.whl (62 kB)
2022-09-03T11:45:05.7994568Z      â”â”â”â”â”â”â”â”â”â”â”â”â”â”â”â”â”â”â”â”â”â”â”â”â”â”â”â”â”â”â”â”â”â”â”â”â”â”â”â” 62.8/62.8 kB 24.1 MB/s eta 0:00:00
2022-09-03T11:45:05.8268470Z Collecting svgwrite
2022-09-03T11:45:05.8396363Z   Downloading svgwrite-1.4.3-py3-none-any.whl (67 kB)
2022-09-03T11:45:05.8442669Z      â”â”â”â”â”â”â”â”â”â”â”â”â”â”â”â”â”â”â”â”â”â”â”â”â”â”â”â”â”â”â”â”â”â”â”â”â”â”â”â” 67.1/67.1 kB 23.6 MB/s eta 0:00:00
2022-09-03T11:45:05.9106309Z Collecting charset-normalizer<3,>=2
2022-09-03T11:45:05.9228594Z   Downloading charset_normalizer-2.1.1-py3-none-any.whl (39 kB)
2022-09-03T11:45:05.9516116Z Collecting idna<4,>=2.5
2022-09-03T11:45:05.9631838Z   Downloading idna-3.3-py3-none-any.whl (61 kB)
2022-09-03T11:45:05.9674788Z      â”â”â”â”â”â”â”â”â”â”â”â”â”â”â”â”â”â”â”â”â”â”â”â”â”â”â”â”â”â”â”â”â”â”â”â”â”â”â”â” 61.2/61.2 kB 25.8 MB/s eta 0:00:00
2022-09-03T11:45:05.9994282Z Collecting certifi>=2017.4.17
2022-09-03T11:45:06.0110488Z   Downloading certifi-2022.6.15-py3-none-any.whl (160 kB)
2022-09-03T11:45:06.0187179Z      â”â”â”â”â”â”â”â”â”â”â”â”â”â”â”â”â”â”â”â”â”â”â”â”â”â”â”â”â”â”â”â”â”â”â”â”â”â” 160.2/160.2 kB 48.2 MB/s eta 0:00:00
2022-09-03T11:45:06.0832668Z Collecting urllib3<1.27,>=1.21.1
2022-09-03T11:45:06.0952793Z   Downloading urllib3-1.26.12-py2.py3-none-any.whl (140 kB)
2022-09-03T11:45:06.1003505Z      â”â”â”â”â”â”â”â”â”â”â”â”â”â”â”â”â”â”â”â”â”â”â”â”â”â”â”â”â”â”â”â”â”â”â”â”â”â” 140.4/140.4 kB 48.3 MB/s eta 0:00:00
2022-09-03T11:45:06.1911499Z Installing collected packages: urllib3, svgwrite, pillow, idna, charset-normalizer, certifi, requests
2022-09-03T11:45:06.7088424Z Successfully installed certifi-2022.6.15 charset-normalizer-2.1.1 idna-3.3 pillow-9.2.0 requests-2.28.1 svgwrite-1.4.3 urllib3-1.26.12
2022-09-03T11:45:06.7089258Z [91mWARNING: Running pip as the 'root' user can result in broken permissions and conflicting behaviour with the system package manager. It is recommended to use a virtual environment instead: https://pip.pypa.io/warnings/venv
2022-09-03T11:45:06.8011856Z [0m[91m
2022-09-03T11:45:06.8012207Z [notice] A new release of pip available: 22.2.1 -> 22.2.2
2022-09-03T11:45:06.8012516Z [notice] To update, run: pip install --upgrade pip
2022-09-03T11:45:08.7288917Z [0mRemoving intermediate container ab3a2899a58b
2022-09-03T11:45:08.7289242Z  ---> 591741666746
2022-09-03T11:45:08.7289515Z Step 4/6 : COPY script.py /script.py
2022-09-03T11:45:09.7715701Z  ---> a7b2261934dc
2022-09-03T11:45:09.7716149Z Step 5/6 : COPY microprint_generator.py /microprint_generator.py
2022-09-03T11:45:10.8012947Z  ---> ff83048e2713
2022-09-03T11:45:10.8013300Z Step 6/6 : CMD ["python", "/script.py"]
2022-09-03T11:45:10.8185316Z  ---> Running in 08029fcf88ad
2022-09-03T11:45:11.8127919Z Removing intermediate container 08029fcf88ad
2022-09-03T11:45:11.8128231Z  ---> 880a78428c1d
2022-09-03T11:45:11.8170661Z Successfully built 880a78428c1d
2022-09-03T11:45:11.8191819Z Successfully tagged 786a9b:ad9cd4fcbd7f5811b11201f18ccb01ec
2022-09-03T11:45:11.8224214Z ##[endgroup]
2022-09-03T11:45:11.8306875Z ##[command]/usr/bin/docker run --name a9bad9cd4fcbd7f5811b11201f18ccb01ec_9a3924 --label 786a9b --workdir /github/workspace --rm -e "INPUT_MICROPRINT_RENDER_METHOD" -e "INPUT_LOG_PATH" -e "INPUT_MICROPRINT_PATH" -e "INPUT_MICROPRINT_SCALE" -e "INPUT_REPOSITORY" -e "INPUT_GITHUB_TOKEN" -e "INPUT_JOB_NAME" -e "INPUT_LOG_FILENAME" -e "INPUT_SAVE_LOG" -e "INPUT_MICROPRINT_FILENAME" -e "HOME" -e "GITHUB_JOB" -e "GITHUB_REF" -e "GITHUB_SHA" -e "GITHUB_REPOSITORY" -e "GITHUB_REPOSITORY_OWNER" -e "GITHUB_RUN_ID" -e "GITHUB_RUN_NUMBER" -e "GITHUB_RETENTION_DAYS" -e "GITHUB_RUN_ATTEMPT" -e "GITHUB_ACTOR" -e "GITHUB_TRIGGERING_ACTOR" -e "GITHUB_WORKFLOW" -e "GITHUB_HEAD_REF" -e "GITHUB_BASE_REF" -e "GITHUB_EVENT_NAME" -e "GITHUB_SERVER_URL" -e "GITHUB_API_URL" -e "GITHUB_GRAPHQL_URL" -e "GITHUB_REF_NAME" -e "GITHUB_REF_PROTECTED" -e "GITHUB_REF_TYPE" -e "GITHUB_WORKSPACE" -e "GITHUB_ACTION" -e "GITHUB_EVENT_PATH" -e "GITHUB_ACTION_REPOSITORY" -e "GITHUB_ACTION_REF" -e "GITHUB_PATH" -e "GITHUB_ENV" -e "GITHUB_STEP_SUMMARY" -e "RUNNER_OS" -e "RUNNER_ARCH" -e "RUNNER_NAME" -e "RUNNER_TOOL_CACHE" -e "RUNNER_TEMP" -e "RUNNER_WORKSPACE" -e "ACTIONS_RUNTIME_URL" -e "ACTIONS_RUNTIME_TOKEN" -e "ACTIONS_CACHE_URL" -e GITHUB_ACTIONS=true -e CI=true -v "/var/run/docker.sock":"/var/run/docker.sock" -v "/home/runner/work/_temp/_github_home":"/github/home" -v "/home/runner/work/_temp/_github_workflow":"/github/workflow" -v "/home/runner/work/_temp/_runner_file_commands":"/github/file_commands" -v "/home/runner/work/microprint/microprint":"/github/workspace" 786a9b:ad9cd4fcbd7f5811b11201f18ccb01ec
2022-09-03T11:45:12.3059127Z DEBUG:urllib3.connectionpool:Starting new HTTPS connection (1): api.github.com:443
2022-09-03T11:45:12.5802945Z DEBUG:urllib3.connectionpool:https://api.github.com:443 "GET /repos/AlphaSteam/microprint/actions/runs/2984267740/jobs HTTP/1.1" 200 None
2022-09-03T11:45:12.5833086Z DEBUG:urllib3.connectionpool:Starting new HTTPS connection (1): api.github.com:443
2022-09-03T11:45:13.0433675Z DEBUG:urllib3.connectionpool:https://api.github.com:443 "GET /repos/AlphaSteam/microprint/actions/jobs/8169212378/logs HTTP/1.1" 302 0
2022-09-03T11:45:13.0450947Z DEBUG:urllib3.connectionpool:Starting new HTTPS connection (1): pipelines.actions.githubusercontent.com:443
2022-09-03T11:45:13.3257069Z DEBUG:urllib3.connectionpool:https://pipelines.actions.githubusercontent.com:443 "GET /serviceHosts/871f7675-65c0-436d-aa94-5c5a4536b9ce/_apis/pipelines/1/runs/74/signedlogcontent/2?urlExpires=2022-09-03T11%3A46%3A13.0116539Z&urlSigningMethod=HMACV1&urlSignature=m1L2rGs7%2FNecA0fK8qk7A%2FOD2L8lYC3NB6bx64KWRjY%3D HTTP/1.1" 200 None
2022-09-03T11:45:13.3290780Z INFO:root:Generating raster microprint
2022-09-03T11:45:13.5268484Z ##[group]Run git pull
2022-09-03T11:45:13.5268748Z [36;1mgit pull[0m
2022-09-03T11:45:13.5326130Z shell: /usr/bin/bash -e {0}
2022-09-03T11:45:13.5326361Z ##[endgroup]
2022-09-03T11:45:14.3422202Z From https://github.com/AlphaSteam/microprint
2022-09-03T11:45:14.3423185Z  * [new branch]      main       -> origin/main
2022-09-03T11:45:14.3463225Z Already up to date.
2022-09-03T11:45:14.3578085Z ##[group]Run stefanzweifel/git-auto-commit-action@v4
2022-09-03T11:45:14.3578443Z with:
2022-09-03T11:45:14.3578694Z   commit_message: Updated mid job microprint
2022-09-03T11:45:14.3579009Z   file_pattern: .
2022-09-03T11:45:14.3579311Z   repository: .
2022-09-03T11:45:14.3579615Z   commit_user_name: github-actions[bot]
2022-09-03T11:45:14.3579953Z   commit_user_email: github-actions[bot]@users.noreply.github.com
2022-09-03T11:45:14.3580364Z   commit_author: AlphaSteam <AlphaSteam@users.noreply.github.com>
2022-09-03T11:45:14.3580710Z   skip_dirty_check: false
2022-09-03T11:45:14.3580966Z   skip_fetch: false
2022-09-03T11:45:14.3581249Z   skip_checkout: false
2022-09-03T11:45:14.3581761Z   disable_globbing: false
2022-09-03T11:45:14.3581998Z   create_branch: false
2022-09-03T11:45:14.3582267Z ##[endgroup]
2022-09-03T11:45:14.3916994Z Started: bash /home/runner/work/_actions/stefanzweifel/git-auto-commit-action/v4/entrypoint.sh
2022-09-03T11:45:14.3969740Z INPUT_REPOSITORY value: .
2022-09-03T11:45:14.3970403Z INPUT_STATUS_OPTIONS: 
2022-09-03T11:45:14.4026973Z INPUT_BRANCH value: 
2022-09-03T11:45:14.7571106Z M	logs/logs.txt
2022-09-03T11:45:14.7571589Z M	microprints/microprint.png
2022-09-03T11:45:14.7572306Z Your branch is up to date with 'origin/add_custom_rules'.
2022-09-03T11:45:14.7572799Z INPUT_ADD_OPTIONS: 
2022-09-03T11:45:14.7573638Z INPUT_FILE_PATTERN: .
2022-09-03T11:45:14.7597022Z INPUT_COMMIT_OPTIONS: 
2022-09-03T11:45:14.7598023Z INPUT_COMMIT_USER_NAME: github-actions[bot]
2022-09-03T11:45:14.7598645Z INPUT_COMMIT_USER_EMAIL: github-actions[bot]@users.noreply.github.com
2022-09-03T11:45:14.7599180Z INPUT_COMMIT_MESSAGE: Updated mid job microprint
2022-09-03T11:45:14.7599663Z INPUT_COMMIT_AUTHOR: AlphaSteam <AlphaSteam@users.noreply.github.com>
2022-09-03T11:45:14.7649945Z [add_custom_rules f9638df] Updated mid job microprint
2022-09-03T11:45:14.7650428Z  Author: AlphaSteam <AlphaSteam@users.noreply.github.com>
2022-09-03T11:45:14.7652737Z  2 files changed, 5 insertions(+), 5 deletions(-)
2022-09-03T11:45:14.7671407Z INPUT_TAGGING_MESSAGE: 
2022-09-03T11:45:14.7671794Z No tagging message supplied. No tag will be added.
2022-09-03T11:45:14.7672211Z INPUT_PUSH_OPTIONS: 
2022-09-03T11:45:15.4154226Z To https://github.com/AlphaSteam/microprint
2022-09-03T11:45:15.4155445Z    7044adc..f9638df  add_custom_rules -> add_custom_rules
2022-09-03T11:45:15.4301889Z Post job cleanup.
2022-09-03T11:45:15.5526410Z [command]/usr/bin/git version
2022-09-03T11:45:15.5574352Z git version 2.37.2
2022-09-03T11:45:15.5612190Z Temporarily overriding HOME='/home/runner/work/_temp/74bd2fcc-896a-4bc6-ba5e-072743cea680' before making global git config changes
2022-09-03T11:45:15.5613203Z Adding repository directory to the temporary git global config as a safe directory
2022-09-03T11:45:15.5619017Z [command]/usr/bin/git config --global --add safe.directory /home/runner/work/microprint/microprint
2022-09-03T11:45:15.5661143Z [command]/usr/bin/git config --local --name-only --get-regexp core\.sshCommand
2022-09-03T11:45:15.5695595Z [command]/usr/bin/git submodule foreach --recursive git config --local --name-only --get-regexp 'core\.sshCommand' && git config --local --unset-all 'core.sshCommand' || :
2022-09-03T11:45:15.5958061Z [command]/usr/bin/git config --local --name-only --get-regexp http\.https\:\/\/github\.com\/\.extraheader
2022-09-03T11:45:15.5984552Z http.https://github.com/.extraheader
2022-09-03T11:45:15.5994614Z [command]/usr/bin/git config --local --unset-all http.https://github.com/.extraheader
2022-09-03T11:45:15.6028647Z [command]/usr/bin/git submodule foreach --recursive git config --local --name-only --get-regexp 'http\.https\:\/\/github\.com\/\.extraheader' && git config --local --unset-all 'http.https://github.com/.extraheader' || :
2022-09-03T11:45:15.6478217Z Cleaning up orphan processes
