2022-09-03T11:59:16.4914622Z Requested labels: ubuntu-latest
2022-09-03T11:59:16.4914666Z Job defined at: AlphaSteam/microprint/.github/workflows/test.yaml@refs/heads/add_custom_rules
2022-09-03T11:59:16.4914686Z Waiting for a runner to pick up this job...
2022-09-03T11:59:17.1712657Z Job is waiting for a hosted runner to come online.
2022-09-03T11:59:20.1956659Z Job is about to start running on the hosted runner: Hosted Agent (hosted)
2022-09-03T11:59:22.2558855Z Current runner version: '2.296.1'
2022-09-03T11:59:22.2583286Z ##[group]Operating System
2022-09-03T11:59:22.2583805Z Ubuntu
2022-09-03T11:59:22.2584026Z 20.04.4
2022-09-03T11:59:22.2584351Z LTS
2022-09-03T11:59:22.2584626Z ##[endgroup]
2022-09-03T11:59:22.2584883Z ##[group]Runner Image
2022-09-03T11:59:22.2585238Z Image: ubuntu-20.04
2022-09-03T11:59:22.2585539Z Version: 20220828.1
2022-09-03T11:59:22.2586007Z Included Software: https://github.com/actions/runner-images/blob/ubuntu20/20220828.1/images/linux/Ubuntu2004-Readme.md
2022-09-03T11:59:22.2586604Z Image Release: https://github.com/actions/runner-images/releases/tag/ubuntu20%2F20220828.1
2022-09-03T11:59:22.2587024Z ##[endgroup]
2022-09-03T11:59:22.2587297Z ##[group]Runner Image Provisioner
2022-09-03T11:59:22.2587625Z 1.0.0.0-main-20220825-1
2022-09-03T11:59:22.2587946Z ##[endgroup]
2022-09-03T11:59:22.2588783Z ##[group]GITHUB_TOKEN Permissions
2022-09-03T11:59:22.2589399Z Actions: write
2022-09-03T11:59:22.2589825Z Checks: write
2022-09-03T11:59:22.2590132Z Contents: write
2022-09-03T11:59:22.2590450Z Deployments: write
2022-09-03T11:59:22.2590760Z Discussions: write
2022-09-03T11:59:22.2591061Z Issues: write
2022-09-03T11:59:22.2591304Z Metadata: read
2022-09-03T11:59:22.2591606Z Packages: write
2022-09-03T11:59:22.2591910Z Pages: write
2022-09-03T11:59:22.2592158Z PullRequests: write
2022-09-03T11:59:22.2592507Z RepositoryProjects: write
2022-09-03T11:59:22.2592853Z SecurityEvents: write
2022-09-03T11:59:22.2593115Z Statuses: write
2022-09-03T11:59:22.2593397Z ##[endgroup]
2022-09-03T11:59:22.2596900Z Secret source: Actions
2022-09-03T11:59:22.2597366Z Prepare workflow directory
2022-09-03T11:59:22.3438125Z Prepare all required actions
2022-09-03T11:59:22.3619787Z Getting action download info
2022-09-03T11:59:22.5474872Z Download action repository 'actions/checkout@v2' (SHA:7884fcad6b5d53d10323aee724dc68d8b9096a2e)
2022-09-03T11:59:23.1629110Z Download action repository 'stefanzweifel/git-auto-commit-action@v4' (SHA:49620cd3ed21ee620a48530e81dba0d139c9cb80)
2022-09-03T11:59:23.6985311Z ##[group]Run actions/checkout@v2
2022-09-03T11:59:23.6985808Z with:
2022-09-03T11:59:23.6986170Z   repository: AlphaSteam/microprint
2022-09-03T11:59:23.6986770Z   token: ***
2022-09-03T11:59:23.6987051Z   ssh-strict: true
2022-09-03T11:59:23.6987443Z   persist-credentials: true
2022-09-03T11:59:23.6987834Z   clean: true
2022-09-03T11:59:23.6988108Z   fetch-depth: 1
2022-09-03T11:59:23.6988421Z   lfs: false
2022-09-03T11:59:23.6988747Z   submodules: false
2022-09-03T11:59:23.6989064Z   set-safe-directory: true
2022-09-03T11:59:23.6989437Z ##[endgroup]
2022-09-03T11:59:23.9489061Z Syncing repository: AlphaSteam/microprint
2022-09-03T11:59:23.9491117Z ##[group]Getting Git version info
2022-09-03T11:59:23.9491813Z Working directory is '/home/runner/work/microprint/microprint'
2022-09-03T11:59:23.9492501Z [command]/usr/bin/git version
2022-09-03T11:59:23.9591985Z git version 2.37.2
2022-09-03T11:59:23.9593187Z ##[endgroup]
2022-09-03T11:59:23.9609290Z Temporarily overriding HOME='/home/runner/work/_temp/adc0b125-6413-4525-bea3-1c45f63d6a41' before making global git config changes
2022-09-03T11:59:23.9609927Z Adding repository directory to the temporary git global config as a safe directory
2022-09-03T11:59:23.9610648Z [command]/usr/bin/git config --global --add safe.directory /home/runner/work/microprint/microprint
2022-09-03T11:59:23.9644473Z Deleting the contents of '/home/runner/work/microprint/microprint'
2022-09-03T11:59:23.9650127Z ##[group]Initializing the repository
2022-09-03T11:59:23.9654277Z [command]/usr/bin/git init /home/runner/work/microprint/microprint
2022-09-03T11:59:23.9729169Z hint: Using 'master' as the name for the initial branch. This default branch name
2022-09-03T11:59:23.9730024Z hint: is subject to change. To configure the initial branch name to use in all
2022-09-03T11:59:23.9731497Z hint: of your new repositories, which will suppress this warning, call:
2022-09-03T11:59:23.9732288Z hint: 
2022-09-03T11:59:23.9733609Z hint: 	git config --global init.defaultBranch <name>
2022-09-03T11:59:23.9734328Z hint: 
2022-09-03T11:59:23.9734944Z hint: Names commonly chosen instead of 'master' are 'main', 'trunk' and
2022-09-03T11:59:23.9735573Z hint: 'development'. The just-created branch can be renamed via this command:
2022-09-03T11:59:23.9736182Z hint: 
2022-09-03T11:59:23.9736892Z hint: 	git branch -m <name>
2022-09-03T11:59:23.9740848Z Initialized empty Git repository in /home/runner/work/microprint/microprint/.git/
2022-09-03T11:59:23.9750775Z [command]/usr/bin/git remote add origin https://github.com/AlphaSteam/microprint
2022-09-03T11:59:23.9786278Z ##[endgroup]
2022-09-03T11:59:23.9787233Z ##[group]Disabling automatic garbage collection
2022-09-03T11:59:23.9836269Z [command]/usr/bin/git config --local gc.auto 0
2022-09-03T11:59:23.9856145Z ##[endgroup]
2022-09-03T11:59:23.9857133Z ##[group]Setting up auth
2022-09-03T11:59:23.9863774Z [command]/usr/bin/git config --local --name-only --get-regexp core\.sshCommand
2022-09-03T11:59:23.9894529Z [command]/usr/bin/git submodule foreach --recursive git config --local --name-only --get-regexp 'core\.sshCommand' && git config --local --unset-all 'core.sshCommand' || :
2022-09-03T11:59:24.0235510Z [command]/usr/bin/git config --local --name-only --get-regexp http\.https\:\/\/github\.com\/\.extraheader
2022-09-03T11:59:24.0259587Z [command]/usr/bin/git submodule foreach --recursive git config --local --name-only --get-regexp 'http\.https\:\/\/github\.com\/\.extraheader' && git config --local --unset-all 'http.https://github.com/.extraheader' || :
2022-09-03T11:59:24.0473346Z [command]/usr/bin/git config --local http.https://github.com/.extraheader AUTHORIZATION: basic ***
2022-09-03T11:59:24.0501834Z ##[endgroup]
2022-09-03T11:59:24.0502546Z ##[group]Fetching the repository
2022-09-03T11:59:24.0512262Z [command]/usr/bin/git -c protocol.version=2 fetch --no-tags --prune --progress --no-recurse-submodules --depth=1 origin +70c70ec5ebad6e2e4c32034a798065c782fd30e2:refs/remotes/origin/add_custom_rules
2022-09-03T11:59:24.3345935Z remote: Enumerating objects: 33, done.        
2022-09-03T11:59:24.3585735Z remote: Counting objects:   3% (1/33)        
2022-09-03T11:59:24.3586096Z remote: Counting objects:   6% (2/33)        
2022-09-03T11:59:24.3586822Z remote: Counting objects:   9% (3/33)        
2022-09-03T11:59:24.3587394Z remote: Counting objects:  12% (4/33)        
2022-09-03T11:59:24.3588334Z remote: Counting objects:  15% (5/33)        
2022-09-03T11:59:24.3589400Z remote: Counting objects:  18% (6/33)        
2022-09-03T11:59:24.3589789Z remote: Counting objects:  21% (7/33)        
2022-09-03T11:59:24.3590442Z remote: Counting objects:  24% (8/33)        
2022-09-03T11:59:24.3590721Z remote: Counting objects:  27% (9/33)        
2022-09-03T11:59:24.3591260Z remote: Counting objects:  30% (10/33)        
2022-09-03T11:59:24.3592158Z remote: Counting objects:  33% (11/33)        
2022-09-03T11:59:24.3592526Z remote: Counting objects:  36% (12/33)        
2022-09-03T11:59:24.3593350Z remote: Counting objects:  39% (13/33)        
2022-09-03T11:59:24.3594289Z remote: Counting objects:  42% (14/33)        
2022-09-03T11:59:24.3594652Z remote: Counting objects:  45% (15/33)        
2022-09-03T11:59:24.3595189Z remote: Counting objects:  48% (16/33)        
2022-09-03T11:59:24.3595843Z remote: Counting objects:  51% (17/33)        
2022-09-03T11:59:24.3596714Z remote: Counting objects:  54% (18/33)        
2022-09-03T11:59:24.3597167Z remote: Counting objects:  57% (19/33)        
2022-09-03T11:59:24.3597844Z remote: Counting objects:  60% (20/33)        
2022-09-03T11:59:24.3598732Z remote: Counting objects:  63% (21/33)        
2022-09-03T11:59:24.3599196Z remote: Counting objects:  66% (22/33)        
2022-09-03T11:59:24.3599823Z remote: Counting objects:  69% (23/33)        
2022-09-03T11:59:24.3600734Z remote: Counting objects:  72% (24/33)        
2022-09-03T11:59:24.3601178Z remote: Counting objects:  75% (25/33)        
2022-09-03T11:59:24.3601796Z remote: Counting objects:  78% (26/33)        
2022-09-03T11:59:24.3602081Z remote: Counting objects:  81% (27/33)        
2022-09-03T11:59:24.3602567Z remote: Counting objects:  84% (28/33)        
2022-09-03T11:59:24.3602872Z remote: Counting objects:  87% (29/33)        
2022-09-03T11:59:24.3603107Z remote: Counting objects:  90% (30/33)        
2022-09-03T11:59:24.3603424Z remote: Counting objects:  93% (31/33)        
2022-09-03T11:59:24.3605670Z remote: Counting objects:  96% (32/33)        
2022-09-03T11:59:24.3606103Z remote: Counting objects: 100% (33/33)        
2022-09-03T11:59:24.3606810Z remote: Counting objects: 100% (33/33), done.        
2022-09-03T11:59:24.3607334Z remote: Compressing objects:   4% (1/24)        
2022-09-03T11:59:24.3607852Z remote: Compressing objects:   8% (2/24)        
2022-09-03T11:59:24.3608602Z remote: Compressing objects:  12% (3/24)        
2022-09-03T11:59:24.3609276Z remote: Compressing objects:  16% (4/24)        
2022-09-03T11:59:24.3609830Z remote: Compressing objects:  20% (5/24)        
2022-09-03T11:59:24.3610556Z remote: Compressing objects:  25% (6/24)        
2022-09-03T11:59:24.3611091Z remote: Compressing objects:  29% (7/24)        
2022-09-03T11:59:24.3611715Z remote: Compressing objects:  33% (8/24)        
2022-09-03T11:59:24.3612340Z remote: Compressing objects:  37% (9/24)        
2022-09-03T11:59:24.3612967Z remote: Compressing objects:  41% (10/24)        
2022-09-03T11:59:24.3613529Z remote: Compressing objects:  45% (11/24)        
2022-09-03T11:59:24.3614094Z remote: Compressing objects:  50% (12/24)        
2022-09-03T11:59:24.3614690Z remote: Compressing objects:  54% (13/24)        
2022-09-03T11:59:24.3615232Z remote: Compressing objects:  58% (14/24)        
2022-09-03T11:59:24.3615864Z remote: Compressing objects:  62% (15/24)        
2022-09-03T11:59:24.3616486Z remote: Compressing objects:  66% (16/24)        
2022-09-03T11:59:24.3617076Z remote: Compressing objects:  70% (17/24)        
2022-09-03T11:59:24.3618791Z remote: Compressing objects:  75% (18/24)        
2022-09-03T11:59:24.3619811Z remote: Compressing objects:  79% (19/24)        
2022-09-03T11:59:24.3620075Z remote: Compressing objects:  83% (20/24)        
2022-09-03T11:59:24.3620308Z remote: Compressing objects:  87% (21/24)        
2022-09-03T11:59:24.3620541Z remote: Compressing objects:  91% (22/24)        
2022-09-03T11:59:24.3620781Z remote: Compressing objects:  95% (23/24)        
2022-09-03T11:59:24.3621010Z remote: Compressing objects: 100% (24/24)        
2022-09-03T11:59:24.3621262Z remote: Compressing objects: 100% (24/24), done.        
2022-09-03T11:59:24.4548724Z remote: Total 33 (delta 0), reused 21 (delta 0), pack-reused 0        
2022-09-03T11:59:24.4756941Z From https://github.com/AlphaSteam/microprint
2022-09-03T11:59:24.4757801Z  * [new ref]         70c70ec5ebad6e2e4c32034a798065c782fd30e2 -> origin/add_custom_rules
2022-09-03T11:59:24.4782131Z ##[endgroup]
2022-09-03T11:59:24.4782538Z ##[group]Determining the checkout info
2022-09-03T11:59:24.4784361Z ##[endgroup]
2022-09-03T11:59:24.4784741Z ##[group]Checking out the ref
2022-09-03T11:59:24.4789055Z [command]/usr/bin/git checkout --progress --force -B add_custom_rules refs/remotes/origin/add_custom_rules
2022-09-03T11:59:24.4897266Z Switched to a new branch 'add_custom_rules'
2022-09-03T11:59:24.4898231Z branch 'add_custom_rules' set up to track 'origin/add_custom_rules'.
2022-09-03T11:59:24.4903729Z ##[endgroup]
2022-09-03T11:59:24.4943260Z [command]/usr/bin/git log -1 --format='%H'
2022-09-03T11:59:24.4969056Z '70c70ec5ebad6e2e4c32034a798065c782fd30e2'
2022-09-03T11:59:24.5299722Z ##[group]Run ./
2022-09-03T11:59:24.5299931Z with:
2022-09-03T11:59:24.5300132Z   microprint_render_method: raster
2022-09-03T11:59:24.5300345Z   log_path: ./logs
2022-09-03T11:59:24.5300557Z   microprint_path: ./microprints
2022-09-03T11:59:24.5300775Z   microprint_scale: 3
2022-09-03T11:59:24.5300985Z   repository: AlphaSteam/microprint
2022-09-03T11:59:24.5301383Z   github_token: ***
2022-09-03T11:59:24.5301603Z   job_name: generate_microprint_mid_job
2022-09-03T11:59:24.5301814Z   log_filename: logs
2022-09-03T11:59:24.5302118Z   save_log: true
2022-09-03T11:59:24.5302323Z   microprint_filename: microprint
2022-09-03T11:59:24.5302520Z ##[endgroup]
2022-09-03T11:59:24.5480276Z ##[group]Building docker image
2022-09-03T11:59:24.5480618Z Dockerfile for action: '/home/runner/work/microprint/microprint/./Dockerfile'.
2022-09-03T11:59:24.5496073Z ##[command]/usr/bin/docker build -t 786a9b:ad9cd4fcbd7f5811b11201f18ccb01ec -f "/home/runner/work/microprint/microprint/./Dockerfile" "/home/runner/work/microprint/microprint"
2022-09-03T11:59:24.7187240Z Sending build context to Docker daemon  1.149MB
2022-09-03T11:59:24.7187645Z 
2022-09-03T11:59:24.7225910Z Step 1/6 : FROM python:3
2022-09-03T11:59:25.5806222Z 3: Pulling from library/python
2022-09-03T11:59:25.8048738Z 1671565cc8df: Already exists
2022-09-03T11:59:25.8065171Z 3e94d13e55e7: Already exists
2022-09-03T11:59:25.8081007Z fa9c7528c685: Already exists
2022-09-03T11:59:25.8100873Z 53ad072f9cd1: Already exists
2022-09-03T11:59:25.8120751Z d6b983117533: Already exists
2022-09-03T11:59:25.8139157Z d8092d56ded5: Pulling fs layer
2022-09-03T11:59:25.8139399Z c71afc637d59: Pulling fs layer
2022-09-03T11:59:25.8139602Z 864a10b3c704: Pulling fs layer
2022-09-03T11:59:25.8139807Z 4334b2fe8293: Pulling fs layer
2022-09-03T11:59:25.8139999Z 4334b2fe8293: Waiting
2022-09-03T11:59:26.0436590Z 864a10b3c704: Verifying Checksum
2022-09-03T11:59:26.0438055Z 864a10b3c704: Download complete
2022-09-03T11:59:26.1704076Z d8092d56ded5: Verifying Checksum
2022-09-03T11:59:26.1707494Z d8092d56ded5: Download complete
2022-09-03T11:59:26.2653682Z c71afc637d59: Verifying Checksum
2022-09-03T11:59:26.2654269Z c71afc637d59: Download complete
2022-09-03T11:59:26.4648500Z 4334b2fe8293: Verifying Checksum
2022-09-03T11:59:26.4649348Z 4334b2fe8293: Download complete
2022-09-03T11:59:26.6373531Z d8092d56ded5: Pull complete
2022-09-03T11:59:27.4945213Z c71afc637d59: Pull complete
2022-09-03T11:59:27.5497879Z 864a10b3c704: Pull complete
2022-09-03T11:59:27.9816122Z 4334b2fe8293: Pull complete
2022-09-03T11:59:27.9855615Z Digest: sha256:745efdfb7e4aac9a8422bd8c62d8bc35a693e8979a240d29677cb03e6aa91052
2022-09-03T11:59:27.9865762Z Status: Downloaded newer image for python:3
2022-09-03T11:59:27.9878634Z  ---> d25a66380b10
2022-09-03T11:59:27.9879350Z Step 2/6 : COPY requirements.txt /requirements.txt
2022-09-03T11:59:29.3647202Z  ---> c9f4435d739d
2022-09-03T11:59:29.3678271Z Step 3/6 : RUN pip install -r /requirements.txt
2022-09-03T11:59:29.3914918Z  ---> Running in e4902e09bed5
2022-09-03T11:59:31.4173229Z Collecting pillow
2022-09-03T11:59:31.5042326Z   Downloading Pillow-9.2.0-cp310-cp310-manylinux_2_28_x86_64.whl (3.2 MB)
2022-09-03T11:59:31.6000788Z      ━━━━━━━━━━━━━━━━━━━━━━━━━━━━━━━━━━━━━━━━ 3.2/3.2 MB 34.3 MB/s eta 0:00:00
2022-09-03T11:59:31.6682029Z Collecting requests
2022-09-03T11:59:31.6835966Z   Downloading requests-2.28.1-py3-none-any.whl (62 kB)
2022-09-03T11:59:31.6879056Z      ━━━━━━━━━━━━━━━━━━━━━━━━━━━━━━━━━━━━━━━━ 62.8/62.8 kB 26.7 MB/s eta 0:00:00
2022-09-03T11:59:31.7194491Z Collecting svgwrite
2022-09-03T11:59:31.7354105Z   Downloading svgwrite-1.4.3-py3-none-any.whl (67 kB)
2022-09-03T11:59:31.7396436Z      ━━━━━━━━━━━━━━━━━━━━━━━━━━━━━━━━━━━━━━━━ 67.1/67.1 kB 29.9 MB/s eta 0:00:00
2022-09-03T11:59:31.7890969Z Collecting idna<4,>=2.5
2022-09-03T11:59:31.8043073Z   Downloading idna-3.3-py3-none-any.whl (61 kB)
2022-09-03T11:59:31.8086375Z      ━━━━━━━━━━━━━━━━━━━━━━━━━━━━━━━━━━━━━━━━ 61.2/61.2 kB 27.5 MB/s eta 0:00:00
2022-09-03T11:59:31.8633528Z Collecting charset-normalizer<3,>=2
2022-09-03T11:59:31.8782573Z   Downloading charset_normalizer-2.1.1-py3-none-any.whl (39 kB)
2022-09-03T11:59:31.9337420Z Collecting urllib3<1.27,>=1.21.1
2022-09-03T11:59:31.9489722Z   Downloading urllib3-1.26.12-py2.py3-none-any.whl (140 kB)
2022-09-03T11:59:31.9539983Z      ━━━━━━━━━━━━━━━━━━━━━━━━━━━━━━━━━━━━━━ 140.4/140.4 kB 51.3 MB/s eta 0:00:00
2022-09-03T11:59:31.9903814Z Collecting certifi>=2017.4.17
2022-09-03T11:59:32.0056126Z   Downloading certifi-2022.6.15-py3-none-any.whl (160 kB)
2022-09-03T11:59:32.0104350Z      ━━━━━━━━━━━━━━━━━━━━━━━━━━━━━━━━━━━━━━ 160.2/160.2 kB 60.7 MB/s eta 0:00:00
2022-09-03T11:59:32.1033319Z Installing collected packages: urllib3, svgwrite, pillow, idna, charset-normalizer, certifi, requests
2022-09-03T11:59:32.6249493Z Successfully installed certifi-2022.6.15 charset-normalizer-2.1.1 idna-3.3 pillow-9.2.0 requests-2.28.1 svgwrite-1.4.3 urllib3-1.26.12
2022-09-03T11:59:32.6251399Z [91mWARNING: Running pip as the 'root' user can result in broken permissions and conflicting behaviour with the system package manager. It is recommended to use a virtual environment instead: https://pip.pypa.io/warnings/venv
2022-09-03T11:59:32.7355966Z [0m[91m
2022-09-03T11:59:32.7356561Z [notice] A new release of pip available: 22.2.1 -> 22.2.2
2022-09-03T11:59:32.7357226Z [notice] To update, run: pip install --upgrade pip
2022-09-03T11:59:34.5655414Z [0mRemoving intermediate container e4902e09bed5
2022-09-03T11:59:34.5655745Z  ---> eecfdf5461fc
2022-09-03T11:59:34.5655984Z Step 4/6 : COPY script.py /script.py
2022-09-03T11:59:35.5630735Z  ---> aaf800ac1352
2022-09-03T11:59:35.5631068Z Step 5/6 : COPY microprint_generator.py /microprint_generator.py
2022-09-03T11:59:36.5516215Z  ---> 7310201517f7
2022-09-03T11:59:36.5516509Z Step 6/6 : CMD ["python", "/script.py"]
2022-09-03T11:59:36.5762442Z  ---> Running in f1733991f010
2022-09-03T11:59:37.5335066Z Removing intermediate container f1733991f010
2022-09-03T11:59:37.5335342Z  ---> 18be98cca8c3
2022-09-03T11:59:37.5359751Z Successfully built 18be98cca8c3
2022-09-03T11:59:37.5381051Z Successfully tagged 786a9b:ad9cd4fcbd7f5811b11201f18ccb01ec
2022-09-03T11:59:37.5405945Z ##[endgroup]
2022-09-03T11:59:37.5547382Z ##[command]/usr/bin/docker run --name a9bad9cd4fcbd7f5811b11201f18ccb01ec_903204 --label 786a9b --workdir /github/workspace --rm -e "INPUT_MICROPRINT_RENDER_METHOD" -e "INPUT_LOG_PATH" -e "INPUT_MICROPRINT_PATH" -e "INPUT_MICROPRINT_SCALE" -e "INPUT_REPOSITORY" -e "INPUT_GITHUB_TOKEN" -e "INPUT_JOB_NAME" -e "INPUT_LOG_FILENAME" -e "INPUT_SAVE_LOG" -e "INPUT_MICROPRINT_FILENAME" -e "HOME" -e "GITHUB_JOB" -e "GITHUB_REF" -e "GITHUB_SHA" -e "GITHUB_REPOSITORY" -e "GITHUB_REPOSITORY_OWNER" -e "GITHUB_RUN_ID" -e "GITHUB_RUN_NUMBER" -e "GITHUB_RETENTION_DAYS" -e "GITHUB_RUN_ATTEMPT" -e "GITHUB_ACTOR" -e "GITHUB_TRIGGERING_ACTOR" -e "GITHUB_WORKFLOW" -e "GITHUB_HEAD_REF" -e "GITHUB_BASE_REF" -e "GITHUB_EVENT_NAME" -e "GITHUB_SERVER_URL" -e "GITHUB_API_URL" -e "GITHUB_GRAPHQL_URL" -e "GITHUB_REF_NAME" -e "GITHUB_REF_PROTECTED" -e "GITHUB_REF_TYPE" -e "GITHUB_WORKSPACE" -e "GITHUB_ACTION" -e "GITHUB_EVENT_PATH" -e "GITHUB_ACTION_REPOSITORY" -e "GITHUB_ACTION_REF" -e "GITHUB_PATH" -e "GITHUB_ENV" -e "GITHUB_STEP_SUMMARY" -e "RUNNER_OS" -e "RUNNER_ARCH" -e "RUNNER_NAME" -e "RUNNER_TOOL_CACHE" -e "RUNNER_TEMP" -e "RUNNER_WORKSPACE" -e "ACTIONS_RUNTIME_URL" -e "ACTIONS_RUNTIME_TOKEN" -e "ACTIONS_CACHE_URL" -e GITHUB_ACTIONS=true -e CI=true -v "/var/run/docker.sock":"/var/run/docker.sock" -v "/home/runner/work/_temp/_github_home":"/github/home" -v "/home/runner/work/_temp/_github_workflow":"/github/workflow" -v "/home/runner/work/_temp/_runner_file_commands":"/github/file_commands" -v "/home/runner/work/microprint/microprint":"/github/workspace" 786a9b:ad9cd4fcbd7f5811b11201f18ccb01ec
2022-09-03T11:59:37.9871411Z DEBUG:urllib3.connectionpool:Starting new HTTPS connection (1): api.github.com:443
2022-09-03T11:59:38.2421067Z DEBUG:urllib3.connectionpool:https://api.github.com:443 "GET /repos/AlphaSteam/microprint/actions/runs/2984301834/jobs HTTP/1.1" 200 None
2022-09-03T11:59:38.2445954Z DEBUG:urllib3.connectionpool:Starting new HTTPS connection (1): api.github.com:443
2022-09-03T11:59:38.4787279Z DEBUG:urllib3.connectionpool:https://api.github.com:443 "GET /repos/AlphaSteam/microprint/actions/jobs/8169276363/logs HTTP/1.1" 302 0
2022-09-03T11:59:38.4801448Z DEBUG:urllib3.connectionpool:Starting new HTTPS connection (1): pipelines.actions.githubusercontent.com:443
2022-09-03T11:59:38.6498501Z DEBUG:urllib3.connectionpool:https://pipelines.actions.githubusercontent.com:443 "GET /serviceHosts/871f7675-65c0-436d-aa94-5c5a4536b9ce/_apis/pipelines/1/runs/75/signedlogcontent/2?urlExpires=2022-09-03T12%3A00%3A38.4427329Z&urlSigningMethod=HMACV1&urlSignature=Kw0OYYGbffv61xH7i1J7W%2BbfsfcuBzgV9QtRSK4AQAk%3D HTTP/1.1" 200 None
2022-09-03T11:59:38.6522490Z INFO:root:Generating raster microprint
2022-09-03T11:59:38.8630492Z ##[group]Run git pull
2022-09-03T11:59:38.8630755Z [36;1mgit pull[0m
2022-09-03T11:59:38.8689374Z shell: /usr/bin/bash -e {0}
2022-09-03T11:59:38.8689619Z ##[endgroup]
2022-09-03T11:59:39.7512479Z From https://github.com/AlphaSteam/microprint
2022-09-03T11:59:39.7513355Z  * [new branch]      main       -> origin/main
2022-09-03T11:59:39.7552077Z Already up to date.
2022-09-03T11:59:39.7661230Z ##[group]Run stefanzweifel/git-auto-commit-action@v4
2022-09-03T11:59:39.7661481Z with:
2022-09-03T11:59:39.7661709Z   commit_message: Updated mid job microprint
2022-09-03T11:59:39.7661932Z   file_pattern: .
2022-09-03T11:59:39.7662122Z   repository: .
2022-09-03T11:59:39.7662343Z   commit_user_name: github-actions[bot]
2022-09-03T11:59:39.7662627Z   commit_user_email: github-actions[bot]@users.noreply.github.com
2022-09-03T11:59:39.7662962Z   commit_author: AlphaSteam <AlphaSteam@users.noreply.github.com>
2022-09-03T11:59:39.7663235Z   skip_dirty_check: false
2022-09-03T11:59:39.7663432Z   skip_fetch: false
2022-09-03T11:59:39.7663615Z   skip_checkout: false
2022-09-03T11:59:39.7663811Z   disable_globbing: false
2022-09-03T11:59:39.7664005Z   create_branch: false
2022-09-03T11:59:39.7664175Z ##[endgroup]
2022-09-03T11:59:39.8013042Z Started: bash /home/runner/work/_actions/stefanzweifel/git-auto-commit-action/v4/entrypoint.sh
2022-09-03T11:59:39.8064769Z INPUT_REPOSITORY value: .
2022-09-03T11:59:39.8065301Z INPUT_STATUS_OPTIONS: 
2022-09-03T11:59:39.8123990Z INPUT_BRANCH value: 
2022-09-03T11:59:40.2380192Z M	logs/logs.txt
2022-09-03T11:59:40.2380509Z M	microprints/microprint.png
2022-09-03T11:59:40.2381039Z Your branch is up to date with 'origin/add_custom_rules'.
2022-09-03T11:59:40.2382545Z INPUT_ADD_OPTIONS: 
2022-09-03T11:59:40.2431739Z INPUT_FILE_PATTERN: .
2022-09-03T11:59:40.2431974Z INPUT_COMMIT_OPTIONS: 
2022-09-03T11:59:40.2432657Z INPUT_COMMIT_USER_NAME: github-actions[bot]
2022-09-03T11:59:40.2433051Z INPUT_COMMIT_USER_EMAIL: github-actions[bot]@users.noreply.github.com
2022-09-03T11:59:40.2433375Z INPUT_COMMIT_MESSAGE: Updated mid job microprint
2022-09-03T11:59:40.2433703Z INPUT_COMMIT_AUTHOR: AlphaSteam <AlphaSteam@users.noreply.github.com>
2022-09-03T11:59:40.2455859Z [add_custom_rules 41180a3] Updated mid job microprint
2022-09-03T11:59:40.2456425Z  Author: AlphaSteam <AlphaSteam@users.noreply.github.com>
2022-09-03T11:59:40.2457043Z  2 files changed, 5 insertions(+), 5 deletions(-)
2022-09-03T11:59:40.2475172Z INPUT_TAGGING_MESSAGE: 
2022-09-03T11:59:40.2475439Z No tagging message supplied. No tag will be added.
2022-09-03T11:59:40.2475685Z INPUT_PUSH_OPTIONS: 
2022-09-03T11:59:40.9014162Z To https://github.com/AlphaSteam/microprint
2022-09-03T11:59:40.9014785Z    70c70ec..41180a3  add_custom_rules -> add_custom_rules
2022-09-03T11:59:40.9126205Z Post job cleanup.
2022-09-03T11:59:41.0344509Z [command]/usr/bin/git version
2022-09-03T11:59:41.0388931Z git version 2.37.2
2022-09-03T11:59:41.0435029Z Temporarily overriding HOME='/home/runner/work/_temp/d5eb6da2-24a4-41fe-bf4f-2eec6cc16b16' before making global git config changes
2022-09-03T11:59:41.0438693Z Adding repository directory to the temporary git global config as a safe directory
2022-09-03T11:59:41.0446470Z [command]/usr/bin/git config --global --add safe.directory /home/runner/work/microprint/microprint
2022-09-03T11:59:41.0485911Z [command]/usr/bin/git config --local --name-only --get-regexp core\.sshCommand
2022-09-03T11:59:41.0519459Z [command]/usr/bin/git submodule foreach --recursive git config --local --name-only --get-regexp 'core\.sshCommand' && git config --local --unset-all 'core.sshCommand' || :
2022-09-03T11:59:41.0755464Z [command]/usr/bin/git config --local --name-only --get-regexp http\.https\:\/\/github\.com\/\.extraheader
2022-09-03T11:59:41.0800970Z http.https://github.com/.extraheader
2022-09-03T11:59:41.0810712Z [command]/usr/bin/git config --local --unset-all http.https://github.com/.extraheader
2022-09-03T11:59:41.0844350Z [command]/usr/bin/git submodule foreach --recursive git config --local --name-only --get-regexp 'http\.https\:\/\/github\.com\/\.extraheader' && git config --local --unset-all 'http.https://github.com/.extraheader' || :
2022-09-03T11:59:41.1335184Z Cleaning up orphan processes
