2022-10-17T06:27:59.9243299Z Requested labels: ubuntu-latest
2022-10-17T06:27:59.9243342Z Job defined at: AlphaSteam/microprint-generator/.github/workflows/generate_examples.yaml@refs/heads/matrix_actions
2022-10-17T06:27:59.9243363Z Waiting for a runner to pick up this job...
2022-10-17T06:28:00.2422991Z Job is waiting for a hosted runner to come online.
2022-10-17T06:28:03.8779450Z Job is about to start running on the hosted runner: GitHub Actions 3 (hosted)
2022-10-17T06:28:06.0995856Z Current runner version: '2.298.2'
2022-10-17T06:28:06.1023105Z ##[group]Operating System
2022-10-17T06:28:06.1023582Z Ubuntu
2022-10-17T06:28:06.1023876Z 20.04.5
2022-10-17T06:28:06.1024138Z LTS
2022-10-17T06:28:06.1024494Z ##[endgroup]
2022-10-17T06:28:06.1024752Z ##[group]Runner Image
2022-10-17T06:28:06.1025093Z Image: ubuntu-20.04
2022-10-17T06:28:06.1025403Z Version: 20221002.2
2022-10-17T06:28:06.1025926Z Included Software: https://github.com/actions/runner-images/blob/ubuntu20/20221002.2/images/linux/Ubuntu2004-Readme.md
2022-10-17T06:28:06.1026484Z Image Release: https://github.com/actions/runner-images/releases/tag/ubuntu20%2F20221002.2
2022-10-17T06:28:06.1026918Z ##[endgroup]
2022-10-17T06:28:06.1027239Z ##[group]Runner Image Provisioner
2022-10-17T06:28:06.1027555Z 2.0.78.1
2022-10-17T06:28:06.1027810Z ##[endgroup]
2022-10-17T06:28:06.1028728Z ##[group]GITHUB_TOKEN Permissions
2022-10-17T06:28:06.1029298Z Actions: write
2022-10-17T06:28:06.1029594Z Checks: write
2022-10-17T06:28:06.1030068Z Contents: write
2022-10-17T06:28:06.1030383Z Deployments: write
2022-10-17T06:28:06.1030709Z Discussions: write
2022-10-17T06:28:06.1031031Z Issues: write
2022-10-17T06:28:06.1031288Z Metadata: read
2022-10-17T06:28:06.1031584Z Packages: write
2022-10-17T06:28:06.1031879Z Pages: write
2022-10-17T06:28:06.1032178Z PullRequests: write
2022-10-17T06:28:06.1032498Z RepositoryProjects: write
2022-10-17T06:28:06.1032833Z SecurityEvents: write
2022-10-17T06:28:06.1033145Z Statuses: write
2022-10-17T06:28:06.1033436Z ##[endgroup]
2022-10-17T06:28:06.1036998Z Secret source: Actions
2022-10-17T06:28:06.1037518Z Prepare workflow directory
2022-10-17T06:28:06.1893040Z Prepare all required actions
2022-10-17T06:28:06.2076402Z Getting action download info
2022-10-17T06:28:06.4123547Z Download action repository 'actions/checkout@v3' (SHA:93ea575cb5d8a053eaa0ac8fa3b40d7e05a33cc8)
2022-10-17T06:28:06.9392317Z Download action repository 'EndBug/add-and-commit@v9' (SHA:61a88be553afe4206585b31aa72387c64295d08b)
2022-10-17T06:28:07.4005337Z Download action repository 'CasperWA/push-protected@v2' (SHA:6b25de805895da731062c43da647425fbb383128)
2022-10-17T06:28:08.0125040Z ##[group]Build container for action use: '/home/runner/work/_actions/CasperWA/push-protected/v2/Dockerfile'.
2022-10-17T06:28:08.0196410Z ##[command]/usr/bin/docker build -t 8d5581:f488acd55eff40da83a1d399867aab4c -f "/home/runner/work/_actions/CasperWA/push-protected/v2/Dockerfile" "/home/runner/work/_actions/CasperWA/push-protected/v2"
2022-10-17T06:28:08.1308667Z Sending build context to Docker daemon  113.2kB
2022-10-17T06:28:08.1311739Z 
2022-10-17T06:28:08.1723209Z Step 1/6 : FROM python:alpine
2022-10-17T06:28:09.0508866Z alpine: Pulling from library/python
2022-10-17T06:28:09.2550613Z 213ec9aee27d: Already exists
2022-10-17T06:28:09.2576233Z 47858aee13bf: Pulling fs layer
2022-10-17T06:28:09.2577529Z cfe0d6c6d05c: Pulling fs layer
2022-10-17T06:28:09.2578041Z 2df617b3dcd9: Pulling fs layer
2022-10-17T06:28:09.2578689Z 38da16a6ebe8: Pulling fs layer
2022-10-17T06:28:09.2579259Z 38da16a6ebe8: Waiting
2022-10-17T06:28:09.4908195Z 2df617b3dcd9: Verifying Checksum
2022-10-17T06:28:09.4908592Z 2df617b3dcd9: Download complete
2022-10-17T06:28:09.5392987Z 47858aee13bf: Download complete
2022-10-17T06:28:09.6279237Z cfe0d6c6d05c: Verifying Checksum
2022-10-17T06:28:09.6279605Z cfe0d6c6d05c: Download complete
2022-10-17T06:28:09.8180477Z 38da16a6ebe8: Verifying Checksum
2022-10-17T06:28:09.8205652Z 38da16a6ebe8: Download complete
2022-10-17T06:28:09.9192858Z 47858aee13bf: Pull complete
2022-10-17T06:28:10.3749629Z cfe0d6c6d05c: Pull complete
2022-10-17T06:28:10.4265221Z 2df617b3dcd9: Pull complete
2022-10-17T06:28:10.7171448Z 38da16a6ebe8: Pull complete
2022-10-17T06:28:10.7206233Z Digest: sha256:3bfac1caa31cc6c0e796b65ba936f320d1e549d80f5ac02c2e4f83a0f04af3aa
2022-10-17T06:28:10.7220984Z Status: Downloaded newer image for python:alpine
2022-10-17T06:28:10.7233271Z  ---> 880fc229346e
2022-10-17T06:28:10.7317896Z Step 2/6 : COPY README.md setup.py requirements*.txt ./
2022-10-17T06:28:11.0457909Z  ---> 0a82de76e468
2022-10-17T06:28:11.0458315Z Step 3/6 : COPY push_action ./push_action
2022-10-17T06:28:12.0143508Z  ---> 57115c8025b3
2022-10-17T06:28:12.0143948Z Step 4/6 : RUN apk update     && apk add --no-cache git git-lfs bash     && pip install -U -e .
2022-10-17T06:28:12.0384097Z  ---> Running in f245a72b8b58
2022-10-17T06:28:12.2971231Z fetch https://dl-cdn.alpinelinux.org/alpine/v3.16/main/x86_64/APKINDEX.tar.gz
2022-10-17T06:28:12.4796339Z fetch https://dl-cdn.alpinelinux.org/alpine/v3.16/community/x86_64/APKINDEX.tar.gz
2022-10-17T06:28:12.7294272Z v3.16.2-301-g3f9d0a65f8 [https://dl-cdn.alpinelinux.org/alpine/v3.16/main]
2022-10-17T06:28:12.7295049Z v3.16.2-302-g26bb45e677 [https://dl-cdn.alpinelinux.org/alpine/v3.16/community]
2022-10-17T06:28:12.7384217Z OK: 17037 distinct packages available
2022-10-17T06:28:12.7622154Z fetch https://dl-cdn.alpinelinux.org/alpine/v3.16/main/x86_64/APKINDEX.tar.gz
2022-10-17T06:28:12.9167269Z fetch https://dl-cdn.alpinelinux.org/alpine/v3.16/community/x86_64/APKINDEX.tar.gz
2022-10-17T06:28:13.1463870Z (1/7) Installing bash (5.1.16-r2)
2022-10-17T06:28:13.1734834Z Executing bash-5.1.16-r2.post-install
2022-10-17T06:28:13.1757251Z (2/7) Installing brotli-libs (1.0.9-r6)
2022-10-17T06:28:13.1971241Z (3/7) Installing nghttp2-libs (1.47.0-r0)
2022-10-17T06:28:13.2126032Z (4/7) Installing libcurl (7.83.1-r3)
2022-10-17T06:28:13.2319740Z (5/7) Installing pcre2 (10.40-r0)
2022-10-17T06:28:13.2521758Z (6/7) Installing git (2.36.2-r0)
2022-10-17T06:28:13.3974674Z (7/7) Installing git-lfs (3.1.4-r5)
2022-10-17T06:28:13.5079875Z Executing git-lfs-3.1.4-r5.post-install
2022-10-17T06:28:13.5194308Z Git LFS initialized.
2022-10-17T06:28:13.5202977Z Executing busybox-1.35.0-r17.trigger
2022-10-17T06:28:13.5249981Z OK: 39 MiB in 43 packages
2022-10-17T06:28:15.5553250Z Obtaining file:///
2022-10-17T06:28:15.5561691Z   Preparing metadata (setup.py): started
2022-10-17T06:28:16.1145549Z   Preparing metadata (setup.py): finished with status 'done'
2022-10-17T06:28:16.2134136Z Collecting requests~=2.28
2022-10-17T06:28:16.2846154Z   Downloading requests-2.28.1-py3-none-any.whl (62 kB)
2022-10-17T06:28:16.3038310Z      â”â”â”â”â”â”â”â”â”â”â”â”â”â”â”â”â”â”â”â”â”â”â”â”â”â”â”â”â”â”â”â”â”â”â”â”â”â”â”â” 62.8/62.8 kB 3.2 MB/s eta 0:00:00
2022-10-17T06:28:16.3600520Z Collecting charset-normalizer<3,>=2
2022-10-17T06:28:16.3754844Z   Downloading charset_normalizer-2.1.1-py3-none-any.whl (39 kB)
2022-10-17T06:28:16.4127870Z Collecting certifi>=2017.4.17
2022-10-17T06:28:16.4282230Z   Downloading certifi-2022.9.24-py3-none-any.whl (161 kB)
2022-10-17T06:28:16.4475340Z      â”â”â”â”â”â”â”â”â”â”â”â”â”â”â”â”â”â”â”â”â”â”â”â”â”â”â”â”â”â”â”â”â”â”â”â”â”â”â” 161.1/161.1 kB 9.1 MB/s eta 0:00:00
2022-10-17T06:28:16.4745776Z Collecting idna<4,>=2.5
2022-10-17T06:28:16.4900934Z   Downloading idna-3.4-py3-none-any.whl (61 kB)
2022-10-17T06:28:16.4951070Z      â”â”â”â”â”â”â”â”â”â”â”â”â”â”â”â”â”â”â”â”â”â”â”â”â”â”â”â”â”â”â”â”â”â”â”â”â”â”â”â” 61.5/61.5 kB 20.4 MB/s eta 0:00:00
2022-10-17T06:28:16.5472739Z Collecting urllib3<1.27,>=1.21.1
2022-10-17T06:28:16.5626954Z   Downloading urllib3-1.26.12-py2.py3-none-any.whl (140 kB)
2022-10-17T06:28:16.5701537Z      â”â”â”â”â”â”â”â”â”â”â”â”â”â”â”â”â”â”â”â”â”â”â”â”â”â”â”â”â”â”â”â”â”â”â”â”â”â” 140.4/140.4 kB 28.0 MB/s eta 0:00:00
2022-10-17T06:28:16.6565387Z Installing collected packages: urllib3, idna, charset-normalizer, certifi, requests, push-action
2022-10-17T06:28:16.9619966Z   Running setup.py develop for push-action
2022-10-17T06:28:17.3184547Z Successfully installed certifi-2022.9.24 charset-normalizer-2.1.1 idna-3.4 push-action-2.14.0 requests-2.28.1 urllib3-1.26.12
2022-10-17T06:28:17.3189391Z [91mWARNING: Running pip as the 'root' user can result in broken permissions and conflicting behaviour with the system package manager. It is recommended to use a virtual environment instead: https://pip.pypa.io/warnings/venv
2022-10-17T06:28:17.4353696Z [0m[91m
2022-10-17T06:28:17.4354001Z [notice] A new release of pip available: 22.2.2 -> 22.3
2022-10-17T06:28:17.4354528Z [notice] To update, run: pip install --upgrade pip
2022-10-17T06:28:18.6045911Z [0mRemoving intermediate container f245a72b8b58
2022-10-17T06:28:18.6046429Z  ---> 7d5a2f241a02
2022-10-17T06:28:18.6046665Z Step 5/6 : COPY entrypoint.sh ./
2022-10-17T06:28:19.0155535Z  ---> 4246bb85f80d
2022-10-17T06:28:19.0155840Z Step 6/6 : ENTRYPOINT [ "/entrypoint.sh" ]
2022-10-17T06:28:19.0419329Z  ---> Running in 77a5747d69a3
2022-10-17T06:28:20.0156336Z Removing intermediate container 77a5747d69a3
2022-10-17T06:28:20.0156614Z  ---> 35c159efe0ec
2022-10-17T06:28:20.0158942Z Successfully built 35c159efe0ec
2022-10-17T06:28:20.0219428Z Successfully tagged 8d5581:f488acd55eff40da83a1d399867aab4c
2022-10-17T06:28:20.0231717Z ##[endgroup]
2022-10-17T06:28:20.0593145Z ##[group]Run actions/checkout@v3
2022-10-17T06:28:20.0593392Z with:
2022-10-17T06:28:20.0593646Z   repository: AlphaSteam/microprint-generator
2022-10-17T06:28:20.0594093Z   token: ***
2022-10-17T06:28:20.0594285Z   ssh-strict: true
2022-10-17T06:28:20.0594499Z   persist-credentials: true
2022-10-17T06:28:20.0594712Z   clean: true
2022-10-17T06:28:20.0594898Z   fetch-depth: 1
2022-10-17T06:28:20.0595096Z   lfs: false
2022-10-17T06:28:20.0595272Z   submodules: false
2022-10-17T06:28:20.0595490Z   set-safe-directory: true
2022-10-17T06:28:20.0595702Z ##[endgroup]
2022-10-17T06:28:20.3086650Z Syncing repository: AlphaSteam/microprint-generator
2022-10-17T06:28:20.3088481Z ##[group]Getting Git version info
2022-10-17T06:28:20.3089024Z Working directory is '/home/runner/work/microprint-generator/microprint-generator'
2022-10-17T06:28:20.3089562Z [command]/usr/bin/git version
2022-10-17T06:28:20.3189837Z git version 2.37.3
2022-10-17T06:28:20.3215489Z ##[endgroup]
2022-10-17T06:28:20.3249616Z Temporarily overriding HOME='/home/runner/work/_temp/dbfc8fb5-df83-400a-b99c-a67bc2845fe5' before making global git config changes
2022-10-17T06:28:20.3254171Z Adding repository directory to the temporary git global config as a safe directory
2022-10-17T06:28:20.3258988Z [command]/usr/bin/git config --global --add safe.directory /home/runner/work/microprint-generator/microprint-generator
2022-10-17T06:28:20.3304923Z Deleting the contents of '/home/runner/work/microprint-generator/microprint-generator'
2022-10-17T06:28:20.3310653Z ##[group]Initializing the repository
2022-10-17T06:28:20.3314332Z [command]/usr/bin/git init /home/runner/work/microprint-generator/microprint-generator
2022-10-17T06:28:20.3373737Z hint: Using 'master' as the name for the initial branch. This default branch name
2022-10-17T06:28:20.3374442Z hint: is subject to change. To configure the initial branch name to use in all
2022-10-17T06:28:20.3374864Z hint: of your new repositories, which will suppress this warning, call:
2022-10-17T06:28:20.3375137Z hint: 
2022-10-17T06:28:20.3375535Z hint: 	git config --global init.defaultBranch <name>
2022-10-17T06:28:20.3375772Z hint: 
2022-10-17T06:28:20.3376105Z hint: Names commonly chosen instead of 'master' are 'main', 'trunk' and
2022-10-17T06:28:20.3376539Z hint: 'development'. The just-created branch can be renamed via this command:
2022-10-17T06:28:20.3376822Z hint: 
2022-10-17T06:28:20.3377058Z hint: 	git branch -m <name>
2022-10-17T06:28:20.3385583Z Initialized empty Git repository in /home/runner/work/microprint-generator/microprint-generator/.git/
2022-10-17T06:28:20.3397491Z [command]/usr/bin/git remote add origin https://github.com/AlphaSteam/microprint-generator
2022-10-17T06:28:20.3438035Z ##[endgroup]
2022-10-17T06:28:20.3438490Z ##[group]Disabling automatic garbage collection
2022-10-17T06:28:20.3444905Z [command]/usr/bin/git config --local gc.auto 0
2022-10-17T06:28:20.3476134Z ##[endgroup]
2022-10-17T06:28:20.3478372Z ##[group]Setting up auth
2022-10-17T06:28:20.3487732Z [command]/usr/bin/git config --local --name-only --get-regexp core\.sshCommand
2022-10-17T06:28:20.3522712Z [command]/usr/bin/git submodule foreach --recursive git config --local --name-only --get-regexp 'core\.sshCommand' && git config --local --unset-all 'core.sshCommand' || :
2022-10-17T06:28:20.3854733Z [command]/usr/bin/git config --local --name-only --get-regexp http\.https\:\/\/github\.com\/\.extraheader
2022-10-17T06:28:20.3887981Z [command]/usr/bin/git submodule foreach --recursive git config --local --name-only --get-regexp 'http\.https\:\/\/github\.com\/\.extraheader' && git config --local --unset-all 'http.https://github.com/.extraheader' || :
2022-10-17T06:28:20.4106935Z [command]/usr/bin/git config --local http.https://github.com/.extraheader AUTHORIZATION: basic ***
2022-10-17T06:28:20.4145064Z ##[endgroup]
2022-10-17T06:28:20.4145791Z ##[group]Fetching the repository
2022-10-17T06:28:20.4155575Z [command]/usr/bin/git -c protocol.version=2 fetch --no-tags --prune --progress --no-recurse-submodules --depth=1 origin +881df6ce0245d45a4da6daac2d53c9f36d3e52c7:refs/remotes/origin/matrix_actions
2022-10-17T06:28:20.7678909Z remote: Enumerating objects: 30, done.        
2022-10-17T06:28:20.7679504Z remote: Counting objects:   3% (1/30)        
2022-10-17T06:28:20.7680709Z remote: Counting objects:   6% (2/30)        
2022-10-17T06:28:20.7681129Z remote: Counting objects:  10% (3/30)        
2022-10-17T06:28:20.7681581Z remote: Counting objects:  13% (4/30)        
2022-10-17T06:28:20.7682251Z remote: Counting objects:  16% (5/30)        
2022-10-17T06:28:20.7682552Z remote: Counting objects:  20% (6/30)        
2022-10-17T06:28:20.7682813Z remote: Counting objects:  23% (7/30)        
2022-10-17T06:28:20.7683067Z remote: Counting objects:  26% (8/30)        
2022-10-17T06:28:20.7683302Z remote: Counting objects:  30% (9/30)        
2022-10-17T06:28:20.7683550Z remote: Counting objects:  33% (10/30)        
2022-10-17T06:28:20.7683796Z remote: Counting objects:  36% (11/30)        
2022-10-17T06:28:20.7684054Z remote: Counting objects:  40% (12/30)        
2022-10-17T06:28:20.7684290Z remote: Counting objects:  43% (13/30)        
2022-10-17T06:28:20.7684537Z remote: Counting objects:  46% (14/30)        
2022-10-17T06:28:20.7684773Z remote: Counting objects:  50% (15/30)        
2022-10-17T06:28:20.7685021Z remote: Counting objects:  53% (16/30)        
2022-10-17T06:28:20.7685245Z remote: Counting objects:  56% (17/30)        
2022-10-17T06:28:20.7685489Z remote: Counting objects:  60% (18/30)        
2022-10-17T06:28:20.7685722Z remote: Counting objects:  63% (19/30)        
2022-10-17T06:28:20.7685958Z remote: Counting objects:  66% (20/30)        
2022-10-17T06:28:20.7686252Z remote: Counting objects:  70% (21/30)        
2022-10-17T06:28:20.7686489Z remote: Counting objects:  73% (22/30)        
2022-10-17T06:28:20.7686969Z remote: Counting objects:  76% (23/30)        
2022-10-17T06:28:20.7687370Z remote: Counting objects:  80% (24/30)        
2022-10-17T06:28:20.7687612Z remote: Counting objects:  83% (25/30)        
2022-10-17T06:28:20.7687843Z remote: Counting objects:  86% (26/30)        
2022-10-17T06:28:20.7688074Z remote: Counting objects:  90% (27/30)        
2022-10-17T06:28:20.7688315Z remote: Counting objects:  93% (28/30)        
2022-10-17T06:28:20.7688578Z remote: Counting objects:  96% (29/30)        
2022-10-17T06:28:20.7688808Z remote: Counting objects: 100% (30/30)        
2022-10-17T06:28:20.7689063Z remote: Counting objects: 100% (30/30), done.        
2022-10-17T06:28:20.7689356Z remote: Compressing objects:   4% (1/24)        
2022-10-17T06:28:20.7689629Z remote: Compressing objects:   8% (2/24)        
2022-10-17T06:28:20.7701889Z remote: Compressing objects:  12% (3/24)        
2022-10-17T06:28:20.7702295Z remote: Compressing objects:  16% (4/24)        
2022-10-17T06:28:20.7702806Z remote: Compressing objects:  20% (5/24)        
2022-10-17T06:28:20.7703298Z remote: Compressing objects:  25% (6/24)        
2022-10-17T06:28:20.7703578Z remote: Compressing objects:  29% (7/24)        
2022-10-17T06:28:20.7703844Z remote: Compressing objects:  33% (8/24)        
2022-10-17T06:28:20.7704109Z remote: Compressing objects:  37% (9/24)        
2022-10-17T06:28:20.7704359Z remote: Compressing objects:  41% (10/24)        
2022-10-17T06:28:20.7704621Z remote: Compressing objects:  45% (11/24)        
2022-10-17T06:28:20.7704878Z remote: Compressing objects:  50% (12/24)        
2022-10-17T06:28:20.7705133Z remote: Compressing objects:  54% (13/24)        
2022-10-17T06:28:20.7705587Z remote: Compressing objects:  58% (14/24)        
2022-10-17T06:28:20.7705840Z remote: Compressing objects:  62% (15/24)        
2022-10-17T06:28:20.7706084Z remote: Compressing objects:  66% (16/24)        
2022-10-17T06:28:20.7787256Z remote: Compressing objects:  70% (17/24)        
2022-10-17T06:28:20.7791021Z remote: Compressing objects:  75% (18/24)        
2022-10-17T06:28:20.7791296Z remote: Compressing objects:  79% (19/24)        
2022-10-17T06:28:20.7791559Z remote: Compressing objects:  83% (20/24)        
2022-10-17T06:28:20.7791966Z remote: Compressing objects:  87% (21/24)        
2022-10-17T06:28:20.7792227Z remote: Compressing objects:  91% (22/24)        
2022-10-17T06:28:20.7792477Z remote: Compressing objects:  95% (23/24)        
2022-10-17T06:28:20.7792721Z remote: Compressing objects: 100% (24/24)        
2022-10-17T06:28:20.7792991Z remote: Compressing objects: 100% (24/24), done.        
2022-10-17T06:28:20.8968623Z remote: Total 30 (delta 0), reused 20 (delta 0), pack-reused 0        
2022-10-17T06:28:20.9200776Z From https://github.com/AlphaSteam/microprint-generator
2022-10-17T06:28:20.9201304Z  * [new ref]         881df6ce0245d45a4da6daac2d53c9f36d3e52c7 -> origin/matrix_actions
2022-10-17T06:28:20.9228312Z ##[endgroup]
2022-10-17T06:28:20.9228728Z ##[group]Determining the checkout info
2022-10-17T06:28:20.9229096Z ##[endgroup]
2022-10-17T06:28:20.9229463Z ##[group]Checking out the ref
2022-10-17T06:28:20.9231030Z [command]/usr/bin/git checkout --progress --force -B matrix_actions refs/remotes/origin/matrix_actions
2022-10-17T06:28:20.9357625Z Switched to a new branch 'matrix_actions'
2022-10-17T06:28:20.9358212Z branch 'matrix_actions' set up to track 'origin/matrix_actions'.
2022-10-17T06:28:20.9358861Z ##[endgroup]
2022-10-17T06:28:20.9396984Z [command]/usr/bin/git log -1 --format='%H'
2022-10-17T06:28:20.9423898Z '881df6ce0245d45a4da6daac2d53c9f36d3e52c7'
2022-10-17T06:28:20.9881954Z ##[group]Run ./
2022-10-17T06:28:20.9882165Z with:
2022-10-17T06:28:20.9882358Z   microprint_render_method: raster
2022-10-17T06:28:20.9882606Z   log_path: ./Examples/Mid-job-matrix/
2022-10-17T06:28:20.9882873Z   microprint_path: ./Examples/Mid-job-matrix/
2022-10-17T06:28:20.9883152Z   microprint_config_path: ./Examples/Mid-job-matrix/
2022-10-17T06:28:20.9883448Z   repository: AlphaSteam/microprint-generator
2022-10-17T06:28:20.9883884Z   github_token: ***
2022-10-17T06:28:20.9884125Z   job_name: generate_microprint_mid_job_matrix
2022-10-17T06:28:20.9884370Z   ref: refs/heads/matrix_actions
2022-10-17T06:28:20.9884572Z   log_filename: logs
2022-10-17T06:28:20.9884763Z   save_log: true
2022-10-17T06:28:20.9884974Z   microprint_filename: microprint
2022-10-17T06:28:20.9885216Z   microprint_config_filename: config
2022-10-17T06:28:20.9885464Z   generate_microprint_visualizer_link: true
2022-10-17T06:28:20.9885762Z   microprint_visualizer_link_filename: microprint_visualizer
2022-10-17T06:28:20.9886067Z   microprint_visualizer_link_path: ./
2022-10-17T06:28:20.9886346Z   matrix: {
  "os": "windows-latest",
  "version": 1.6
}
2022-10-17T06:28:20.9886576Z ##[endgroup]
2022-10-17T06:28:21.0016952Z ##[group]Building docker image
2022-10-17T06:28:21.0017336Z Dockerfile for action: '/home/runner/work/microprint-generator/microprint-generator/./Dockerfile'.
2022-10-17T06:28:21.0018723Z ##[command]/usr/bin/docker build -t 8d5581:eeca10b298c95b71e224185cdb20a8b7 -f "/home/runner/work/microprint-generator/microprint-generator/./Dockerfile" "/home/runner/work/microprint-generator/microprint-generator"
2022-10-17T06:28:21.0663436Z Sending build context to Docker daemon  1.066MB
2022-10-17T06:28:21.0663909Z 
2022-10-17T06:28:21.0689803Z Step 1/6 : FROM python:3
2022-10-17T06:28:21.8425140Z 3: Pulling from library/python
2022-10-17T06:28:22.0421173Z f606d8928ed3: Pulling fs layer
2022-10-17T06:28:22.0421446Z 47db815c6a45: Pulling fs layer
2022-10-17T06:28:22.0422031Z bf4849400000: Pulling fs layer
2022-10-17T06:28:22.0422316Z a572f7a256d3: Pulling fs layer
2022-10-17T06:28:22.0423001Z 8f7d05258955: Pulling fs layer
2022-10-17T06:28:22.0423206Z 7110f04115ae: Pulling fs layer
2022-10-17T06:28:22.0423412Z 967c89122295: Pulling fs layer
2022-10-17T06:28:22.0423624Z 9f28dfdab382: Pulling fs layer
2022-10-17T06:28:22.0423825Z 5e971b2ac572: Pulling fs layer
2022-10-17T06:28:22.0424028Z a572f7a256d3: Waiting
2022-10-17T06:28:22.0424222Z 8f7d05258955: Waiting
2022-10-17T06:28:22.0424404Z 7110f04115ae: Waiting
2022-10-17T06:28:22.0424567Z 967c89122295: Waiting
2022-10-17T06:28:22.0424750Z 9f28dfdab382: Waiting
2022-10-17T06:28:22.0424927Z 5e971b2ac572: Waiting
2022-10-17T06:28:22.3825457Z 47db815c6a45: Verifying Checksum
2022-10-17T06:28:22.3826358Z 47db815c6a45: Download complete
2022-10-17T06:28:22.4490399Z bf4849400000: Verifying Checksum
2022-10-17T06:28:22.4491041Z bf4849400000: Download complete
2022-10-17T06:28:22.8753912Z f606d8928ed3: Verifying Checksum
2022-10-17T06:28:22.8754227Z f606d8928ed3: Download complete
2022-10-17T06:28:23.1018191Z a572f7a256d3: Verifying Checksum
2022-10-17T06:28:23.1018490Z a572f7a256d3: Download complete
2022-10-17T06:28:23.3174787Z 7110f04115ae: Verifying Checksum
2022-10-17T06:28:23.3175126Z 7110f04115ae: Download complete
2022-10-17T06:28:23.5618424Z 967c89122295: Verifying Checksum
2022-10-17T06:28:23.5618712Z 967c89122295: Download complete
2022-10-17T06:28:23.6159360Z 9f28dfdab382: Verifying Checksum
2022-10-17T06:28:23.6159650Z 9f28dfdab382: Download complete
2022-10-17T06:28:23.9111812Z 5e971b2ac572: Verifying Checksum
2022-10-17T06:28:23.9112099Z 5e971b2ac572: Download complete
2022-10-17T06:28:24.2167856Z 8f7d05258955: Verifying Checksum
2022-10-17T06:28:24.2168140Z 8f7d05258955: Download complete
2022-10-17T06:28:25.0939779Z f606d8928ed3: Pull complete
2022-10-17T06:28:27.7232212Z 47db815c6a45: Pull complete
2022-10-17T06:28:28.0819563Z bf4849400000: Pull complete
2022-10-17T06:28:31.1181698Z a572f7a256d3: Pull complete
2022-10-17T06:28:39.5717973Z 8f7d05258955: Pull complete
2022-10-17T06:28:39.8578018Z 7110f04115ae: Pull complete
2022-10-17T06:28:40.5181463Z 967c89122295: Pull complete
2022-10-17T06:28:40.5665121Z 9f28dfdab382: Pull complete
2022-10-17T06:28:40.9636812Z 5e971b2ac572: Pull complete
2022-10-17T06:28:40.9671109Z Digest: sha256:3e15ea73ac5c1f9408d8dc9eeb8297ece8e727f3004129a829519230c7de720c
2022-10-17T06:28:40.9685859Z Status: Downloaded newer image for python:3
2022-10-17T06:28:40.9699484Z  ---> f05c8762fe15
2022-10-17T06:28:40.9699775Z Step 2/6 : COPY requirements.txt /requirements.txt
2022-10-17T06:28:42.0567346Z  ---> dbe861397b34
2022-10-17T06:28:42.0567666Z Step 3/6 : RUN pip install -r /requirements.txt
2022-10-17T06:28:42.0839798Z  ---> Running in 334b541076c2
2022-10-17T06:28:44.0309105Z Collecting pillow
2022-10-17T06:28:44.0969928Z   Downloading Pillow-9.2.0-cp310-cp310-manylinux_2_28_x86_64.whl (3.2 MB)
2022-10-17T06:28:44.1901440Z      â”â”â”â”â”â”â”â”â”â”â”â”â”â”â”â”â”â”â”â”â”â”â”â”â”â”â”â”â”â”â”â”â”â”â”â”â”â”â”â” 3.2/3.2 MB 35.1 MB/s eta 0:00:00
2022-10-17T06:28:44.2584144Z Collecting requests
2022-10-17T06:28:44.2737715Z   Downloading requests-2.28.1-py3-none-any.whl (62 kB)
2022-10-17T06:28:44.2783852Z      â”â”â”â”â”â”â”â”â”â”â”â”â”â”â”â”â”â”â”â”â”â”â”â”â”â”â”â”â”â”â”â”â”â”â”â”â”â”â”â” 62.8/62.8 kB 23.2 MB/s eta 0:00:00
2022-10-17T06:28:44.3092485Z Collecting svgwrite
2022-10-17T06:28:44.3246344Z   Downloading svgwrite-1.4.3-py3-none-any.whl (67 kB)
2022-10-17T06:28:44.3295029Z      â”â”â”â”â”â”â”â”â”â”â”â”â”â”â”â”â”â”â”â”â”â”â”â”â”â”â”â”â”â”â”â”â”â”â”â”â”â”â”â” 67.1/67.1 kB 23.6 MB/s eta 0:00:00
2022-10-17T06:28:44.3680047Z Collecting markdown-it-py[plugins]
2022-10-17T06:28:44.3832327Z   Downloading markdown_it_py-2.1.0-py3-none-any.whl (84 kB)
2022-10-17T06:28:44.3879620Z      â”â”â”â”â”â”â”â”â”â”â”â”â”â”â”â”â”â”â”â”â”â”â”â”â”â”â”â”â”â”â”â”â”â”â”â”â”â”â”â” 84.5/84.5 kB 33.9 MB/s eta 0:00:00
2022-10-17T06:28:44.4374723Z Collecting idna<4,>=2.5
2022-10-17T06:28:44.4597456Z   Downloading idna-3.4-py3-none-any.whl (61 kB)
2022-10-17T06:28:44.4641061Z      â”â”â”â”â”â”â”â”â”â”â”â”â”â”â”â”â”â”â”â”â”â”â”â”â”â”â”â”â”â”â”â”â”â”â”â”â”â”â”â” 61.5/61.5 kB 26.2 MB/s eta 0:00:00
2022-10-17T06:28:44.5182238Z Collecting urllib3<1.27,>=1.21.1
2022-10-17T06:28:44.5335503Z   Downloading urllib3-1.26.12-py2.py3-none-any.whl (140 kB)
2022-10-17T06:28:44.5388827Z      â”â”â”â”â”â”â”â”â”â”â”â”â”â”â”â”â”â”â”â”â”â”â”â”â”â”â”â”â”â”â”â”â”â”â”â”â”â” 140.4/140.4 kB 46.7 MB/s eta 0:00:00
2022-10-17T06:28:44.5766108Z Collecting certifi>=2017.4.17
2022-10-17T06:28:44.5920433Z   Downloading certifi-2022.9.24-py3-none-any.whl (161 kB)
2022-10-17T06:28:44.5974795Z      â”â”â”â”â”â”â”â”â”â”â”â”â”â”â”â”â”â”â”â”â”â”â”â”â”â”â”â”â”â”â”â”â”â”â”â”â”â” 161.1/161.1 kB 55.7 MB/s eta 0:00:00
2022-10-17T06:28:44.6514240Z Collecting charset-normalizer<3,>=2
2022-10-17T06:28:44.6665880Z   Downloading charset_normalizer-2.1.1-py3-none-any.whl (39 kB)
2022-10-17T06:28:44.7169804Z Collecting mdurl~=0.1
2022-10-17T06:28:44.7323103Z   Downloading mdurl-0.1.2-py3-none-any.whl (10.0 kB)
2022-10-17T06:28:44.7630018Z Collecting mdit-py-plugins
2022-10-17T06:28:44.7784186Z   Downloading mdit_py_plugins-0.3.1-py3-none-any.whl (46 kB)
2022-10-17T06:28:44.7829997Z      â”â”â”â”â”â”â”â”â”â”â”â”â”â”â”â”â”â”â”â”â”â”â”â”â”â”â”â”â”â”â”â”â”â”â”â”â”â”â”â” 46.5/46.5 kB 17.1 MB/s eta 0:00:00
2022-10-17T06:28:44.9308445Z Installing collected packages: urllib3, svgwrite, pillow, mdurl, idna, charset-normalizer, certifi, requests, markdown-it-py, mdit-py-plugins
2022-10-17T06:28:45.5494468Z Successfully installed certifi-2022.9.24 charset-normalizer-2.1.1 idna-3.4 markdown-it-py-2.1.0 mdit-py-plugins-0.3.1 mdurl-0.1.2 pillow-9.2.0 requests-2.28.1 svgwrite-1.4.3 urllib3-1.26.12
2022-10-17T06:28:45.5497939Z [91mWARNING: Running pip as the 'root' user can result in broken permissions and conflicting behaviour with the system package manager. It is recommended to use a virtual environment instead: https://pip.pypa.io/warnings/venv
2022-10-17T06:28:45.6549400Z [0m[91m
2022-10-17T06:28:45.6549693Z [notice] A new release of pip available: 22.2.2 -> 22.3
2022-10-17T06:28:45.6550096Z [notice] To update, run: pip install --upgrade pip
2022-10-17T06:28:47.7106280Z [0mRemoving intermediate container 334b541076c2
2022-10-17T06:28:47.7106571Z  ---> 5707e5c2cb47
2022-10-17T06:28:47.7106807Z Step 4/6 : COPY script.py /script.py
2022-10-17T06:28:48.7041353Z  ---> b2eb2b62ab19
2022-10-17T06:28:48.7041715Z Step 5/6 : COPY microprint_generator.py /microprint_generator.py
2022-10-17T06:28:49.7057565Z  ---> ccebc555f98b
2022-10-17T06:28:49.7058165Z Step 6/6 : CMD ["python", "/script.py"]
2022-10-17T06:28:49.7279307Z  ---> Running in 4521d4cef6ae
2022-10-17T06:28:50.6900056Z Removing intermediate container 4521d4cef6ae
2022-10-17T06:28:50.6900362Z  ---> 7f6a088f4da5
2022-10-17T06:28:50.6929185Z Successfully built 7f6a088f4da5
2022-10-17T06:28:50.7004253Z Successfully tagged 8d5581:eeca10b298c95b71e224185cdb20a8b7
2022-10-17T06:28:50.7032519Z ##[endgroup]
2022-10-17T06:28:50.7162862Z ##[command]/usr/bin/docker run --name d5581eeca10b298c95b71e224185cdb20a8b7_162257 --label 8d5581 --workdir /github/workspace --rm -e "INPUT_MICROPRINT_RENDER_METHOD" -e "INPUT_LOG_PATH" -e "INPUT_MICROPRINT_PATH" -e "INPUT_MICROPRINT_CONFIG_PATH" -e "INPUT_REPOSITORY" -e "INPUT_GITHUB_TOKEN" -e "INPUT_JOB_ID" -e "INPUT_JOB_NAME" -e "INPUT_REF" -e "INPUT_LOG_FILENAME" -e "INPUT_SAVE_LOG" -e "INPUT_MICROPRINT_FILENAME" -e "INPUT_MICROPRINT_CONFIG_FILENAME" -e "INPUT_GENERATE_MICROPRINT_VISUALIZER_LINK" -e "INPUT_MICROPRINT_VISUALIZER_LINK_FILENAME" -e "INPUT_MICROPRINT_VISUALIZER_LINK_PATH" -e "INPUT_MATRIX" -e "HOME" -e "GITHUB_JOB" -e "GITHUB_REF" -e "GITHUB_SHA" -e "GITHUB_REPOSITORY" -e "GITHUB_REPOSITORY_OWNER" -e "GITHUB_RUN_ID" -e "GITHUB_RUN_NUMBER" -e "GITHUB_RETENTION_DAYS" -e "GITHUB_RUN_ATTEMPT" -e "GITHUB_ACTOR" -e "GITHUB_TRIGGERING_ACTOR" -e "GITHUB_WORKFLOW" -e "GITHUB_HEAD_REF" -e "GITHUB_BASE_REF" -e "GITHUB_EVENT_NAME" -e "GITHUB_SERVER_URL" -e "GITHUB_API_URL" -e "GITHUB_GRAPHQL_URL" -e "GITHUB_REF_NAME" -e "GITHUB_REF_PROTECTED" -e "GITHUB_REF_TYPE" -e "GITHUB_WORKSPACE" -e "GITHUB_ACTION" -e "GITHUB_EVENT_PATH" -e "GITHUB_ACTION_REPOSITORY" -e "GITHUB_ACTION_REF" -e "GITHUB_PATH" -e "GITHUB_ENV" -e "GITHUB_STEP_SUMMARY" -e "GITHUB_STATE" -e "GITHUB_OUTPUT" -e "RUNNER_OS" -e "RUNNER_ARCH" -e "RUNNER_NAME" -e "RUNNER_TOOL_CACHE" -e "RUNNER_TEMP" -e "RUNNER_WORKSPACE" -e "ACTIONS_RUNTIME_URL" -e "ACTIONS_RUNTIME_TOKEN" -e "ACTIONS_CACHE_URL" -e GITHUB_ACTIONS=true -e CI=true -v "/var/run/docker.sock":"/var/run/docker.sock" -v "/home/runner/work/_temp/_github_home":"/github/home" -v "/home/runner/work/_temp/_github_workflow":"/github/workflow" -v "/home/runner/work/_temp/_runner_file_commands":"/github/file_commands" -v "/home/runner/work/microprint-generator/microprint-generator":"/github/workspace" 8d5581:eeca10b298c95b71e224185cdb20a8b7
2022-10-17T06:28:51.1103057Z DEBUG:urllib3.connectionpool:Starting new HTTPS connection (1): api.github.com:443
2022-10-17T06:28:51.3283986Z DEBUG:urllib3.connectionpool:https://api.github.com:443 "GET /repos/AlphaSteam/microprint-generator HTTP/1.1" 200 None
2022-10-17T06:28:51.3307361Z DEBUG:urllib3.connectionpool:Starting new HTTPS connection (1): api.github.com:443
2022-10-17T06:28:51.7510866Z DEBUG:urllib3.connectionpool:https://api.github.com:443 "GET /repos/AlphaSteam/microprint-generator/actions/runs/3262854528/jobs HTTP/1.1" 200 None
2022-10-17T06:28:51.7531323Z DEBUG:urllib3.connectionpool:Starting new HTTPS connection (1): api.github.com:443
2022-10-17T06:28:52.0149886Z DEBUG:urllib3.connectionpool:https://api.github.com:443 "GET /repos/AlphaSteam/microprint-generator/actions/jobs/8926105119/logs HTTP/1.1" 302 0
2022-10-17T06:28:52.0159958Z DEBUG:urllib3.connectionpool:Starting new HTTPS connection (1): pipelines.actions.githubusercontent.com:443
2022-10-17T06:28:52.1243047Z DEBUG:urllib3.connectionpool:https://pipelines.actions.githubusercontent.com:443 "GET /serviceHosts/871f7675-65c0-436d-aa94-5c5a4536b9ce/_apis/pipelines/1/runs/232/signedlogcontent/14?urlExpires=2022-10-17T06%3A29%3A51.9755727Z&urlSigningMethod=HMACV1&urlSignature=tcoZEF6QXBpdJkIIAIsbI9eUfuaVD1HpL5ChLZtJe1o%3D HTTP/1.1" 200 None
2022-10-17T06:28:52.1275027Z INFO:root:Generating raster microprint
2022-10-17T06:28:52.1769459Z Without spaces
2022-10-17T06:28:52.1770054Z string before:  ./Examples/Mid-job-matrix/ (windows-latest, 1.6)
2022-10-17T06:28:52.1770683Z string after:  ./Examples/Mid-job-matrix/(windows-latest,1.6)
2022-10-17T06:28:52.1770957Z Without spaces
2022-10-17T06:28:52.1771305Z string before:  ./Examples/Mid-job-matrix/ (windows-latest, 1.6)
2022-10-17T06:28:52.1771685Z string after:  ./Examples/Mid-job-matrix/(windows-latest,1.6)
2022-10-17T06:28:52.3269454Z ##[group]Run git pull
2022-10-17T06:28:52.3269722Z [36;1mgit pull[0m
2022-10-17T06:28:52.3327148Z shell: /usr/bin/bash -e {0}
2022-10-17T06:28:52.3327383Z ##[endgroup]
2022-10-17T06:28:53.1795029Z From https://github.com/AlphaSteam/microprint-generator
2022-10-17T06:28:53.1795799Z    881df6c..4c02d2e  matrix_actions          -> origin/matrix_actions
2022-10-17T06:28:53.1840423Z  * [new branch]      add_custom_rules        -> origin/add_custom_rules
2022-10-17T06:28:53.1840864Z  * [new branch]      add_microprint_analysis -> origin/add_microprint_analysis
2022-10-17T06:28:53.1841285Z  * [new branch]      add_multiple_columns    -> origin/add_multiple_columns
2022-10-17T06:28:53.1841756Z  * [new branch]      create-pull-request/patch -> origin/create-pull-request/patch
2022-10-17T06:28:53.1842193Z  * [new branch]      custom_fonts            -> origin/custom_fonts
2022-10-17T06:28:53.1842558Z  * [new branch]      develop                 -> origin/develop
2022-10-17T06:28:53.1842937Z  * [new branch]      main                    -> origin/main
2022-10-17T06:28:53.1843375Z  * [new branch]      microprint_visualizer_integration -> origin/microprint_visualizer_integration
2022-10-17T06:28:53.1843833Z  * [new branch]      reduce_code_duplication -> origin/reduce_code_duplication
2022-10-17T06:28:53.1844229Z  * [new branch]      release/v1              -> origin/release/v1
2022-10-17T06:28:53.1844589Z  * [new branch]      release/v2              -> origin/release/v2
2022-10-17T06:28:53.1844948Z  * [new branch]      test_workflow           -> origin/test_workflow
2022-10-17T06:28:53.1920459Z  * [new tag]         v1                      -> v1
2022-10-17T06:28:53.1920878Z  * [new tag]         v1.0.0                  -> v1.0.0
2022-10-17T06:28:53.1921188Z  * [new tag]         v2                      -> v2
2022-10-17T06:28:53.1921639Z  * [new tag]         v2.0.0                  -> v2.0.0
2022-10-17T06:28:53.1921943Z  * [new tag]         v3                      -> v3
2022-10-17T06:28:53.1922246Z  * [new tag]         v3.0.0                  -> v3.0.0
2022-10-17T06:28:53.1998533Z Updating 881df6c..4c02d2e
2022-10-17T06:28:53.1999098Z Fast-forward
2022-10-17T06:28:53.2015838Z  Examples/Mid-job/logs.txt | 10 +++++-----
2022-10-17T06:28:53.2016347Z  1 file changed, 5 insertions(+), 5 deletions(-)
2022-10-17T06:28:53.2066282Z ##[group]Run EndBug/add-and-commit@v9
2022-10-17T06:28:53.2066497Z with:
2022-10-17T06:28:53.2066691Z   default_author: github_actions
2022-10-17T06:28:53.2066895Z   add: .
2022-10-17T06:28:53.2067060Z   cwd: .
2022-10-17T06:28:53.2067231Z   fetch: --tags --force
2022-10-17T06:28:53.2067457Z   pathspec_error_handling: ignore
2022-10-17T06:28:53.2067670Z   push: true
2022-10-17T06:28:53.2068016Z   github_token: ***
2022-10-17T06:28:53.2068196Z ##[endgroup]
2022-10-17T06:28:53.3357700Z Running in /home/runner/work/microprint-generator/microprint-generator
2022-10-17T06:28:53.3382173Z Add input parsed as single string, running 1 git add command.
2022-10-17T06:28:53.3386441Z > Using 'github-actions <41898282+github-actions[bot]@users.noreply.github.com>' as author.
2022-10-17T06:28:53.3387657Z > Using "Commit from GitHub Actions (Generate examples)" as commit message.
2022-10-17T06:28:53.3394583Z ##[group]Internal logs
2022-10-17T06:28:53.3394981Z > Staging files...
2022-10-17T06:28:53.3395482Z > Adding files...
2022-10-17T06:28:53.4006036Z > No files to remove.
2022-10-17T06:28:53.4008685Z > Checking for uncommitted changes in the git working tree...
2022-10-17T06:28:53.4065266Z > Found 2 changed files.
2022-10-17T06:28:53.7402016Z > Fetching repo...
2022-10-17T06:28:54.0774049Z { raw: '', remote: null, branches: [], tags: [] }
2022-10-17T06:28:54.0774703Z > Not pulling from repo.
2022-10-17T06:28:54.0775756Z > Creating commit...
2022-10-17T06:28:54.0867040Z {
2022-10-17T06:28:54.0867528Z   author: null,
2022-10-17T06:28:54.0868289Z   branch: 'matrix_actions',
2022-10-17T06:28:54.0868815Z   commit: '51f3139670bb0fb390111eb5ec1a9bca2ce7d1dc',
2022-10-17T06:28:54.0869259Z   root: false,
2022-10-17T06:28:54.0870161Z   summary: { changes: 2, insertions: 5, deletions: 0 }
2022-10-17T06:28:54.0870574Z }
2022-10-17T06:28:54.0908620Z > No tag info provided.
2022-10-17T06:28:54.0909039Z > Pushing commit to repo...
2022-10-17T06:28:54.8383823Z {
2022-10-17T06:28:54.8384227Z   pushed: [],
2022-10-17T06:28:54.8385681Z   update: {
2022-10-17T06:28:54.8386007Z     head: {
2022-10-17T06:28:54.8386545Z       local: 'refs/heads/matrix_actions',
2022-10-17T06:28:54.8387066Z       remote: 'refs/heads/matrix_actions'
2022-10-17T06:28:54.8387727Z     },
2022-10-17T06:28:54.8388198Z     hash: { from: '4c02d2e', to: '51f3139' }
2022-10-17T06:28:54.8388413Z   },
2022-10-17T06:28:54.8388777Z   repo: 'https://github.com/AlphaSteam/microprint-generator',
2022-10-17T06:28:54.8389180Z   ref: { local: 'refs/remotes/origin/matrix_actions' },
2022-10-17T06:28:54.8389459Z   remoteMessages: It { all: [] }
2022-10-17T06:28:54.8389661Z }
2022-10-17T06:28:54.8389834Z > No tags to push.
2022-10-17T06:28:54.8390305Z ##[endgroup]
2022-10-17T06:28:54.8390488Z > Task completed.
2022-10-17T06:28:54.8390848Z ##[group]Outputs
2022-10-17T06:28:54.8391038Z committed: true
2022-10-17T06:28:54.8391285Z commit_long_sha: 51f3139670bb0fb390111eb5ec1a9bca2ce7d1dc
2022-10-17T06:28:54.8391594Z commit_sha: 51f3139670bb0fb390111eb5ec1a9bca2ce7d1dc
2022-10-17T06:28:54.8391830Z pushed: true
2022-10-17T06:28:54.8392016Z tagged: false
2022-10-17T06:28:54.8392195Z tag_pushed: false
2022-10-17T06:28:54.8392525Z ##[endgroup]
2022-10-17T06:28:54.8980274Z Post job cleanup.
2022-10-17T06:28:55.0240115Z [command]/usr/bin/git version
2022-10-17T06:28:55.0286199Z git version 2.37.3
2022-10-17T06:28:55.0331160Z Temporarily overriding HOME='/home/runner/work/_temp/f15d36d8-bcae-4025-9022-263d0d4b7ed3' before making global git config changes
2022-10-17T06:28:55.0332321Z Adding repository directory to the temporary git global config as a safe directory
2022-10-17T06:28:55.0337015Z [command]/usr/bin/git config --global --add safe.directory /home/runner/work/microprint-generator/microprint-generator
2022-10-17T06:28:55.0374419Z [command]/usr/bin/git config --local --name-only --get-regexp core\.sshCommand
2022-10-17T06:28:55.0409779Z [command]/usr/bin/git submodule foreach --recursive git config --local --name-only --get-regexp 'core\.sshCommand' && git config --local --unset-all 'core.sshCommand' || :
2022-10-17T06:28:55.0629469Z [command]/usr/bin/git config --local --name-only --get-regexp http\.https\:\/\/github\.com\/\.extraheader
2022-10-17T06:28:55.0654379Z http.https://github.com/.extraheader
2022-10-17T06:28:55.0665776Z [command]/usr/bin/git config --local --unset-all http.https://github.com/.extraheader
2022-10-17T06:28:55.0698530Z [command]/usr/bin/git submodule foreach --recursive git config --local --name-only --get-regexp 'http\.https\:\/\/github\.com\/\.extraheader' && git config --local --unset-all 'http.https://github.com/.extraheader' || :
2022-10-17T06:28:55.1129868Z Cleaning up orphan processes
