2022-10-16T20:42:40.3403074Z Requested labels: ubuntu-latest
2022-10-16T20:42:40.3403116Z Job defined at: AlphaSteam/microprint-generator/.github/workflows/generate_examples.yaml@refs/heads/matrix_actions
2022-10-16T20:42:40.3403137Z Waiting for a runner to pick up this job...
2022-10-16T20:42:40.4979375Z Job is waiting for a hosted runner to come online.
2022-10-16T20:42:43.5914481Z Job is about to start running on the hosted runner: Hosted Agent (hosted)
2022-10-16T20:42:45.9262906Z Current runner version: '2.298.2'
2022-10-16T20:42:45.9297454Z ##[group]Operating System
2022-10-16T20:42:45.9298043Z Ubuntu
2022-10-16T20:42:45.9298396Z 20.04.5
2022-10-16T20:42:45.9298754Z LTS
2022-10-16T20:42:45.9299212Z ##[endgroup]
2022-10-16T20:42:45.9299552Z ##[group]Runner Image
2022-10-16T20:42:45.9299975Z Image: ubuntu-20.04
2022-10-16T20:42:45.9300404Z Version: 20221002.2
2022-10-16T20:42:45.9301101Z Included Software: https://github.com/actions/runner-images/blob/ubuntu20/20221002.2/images/linux/Ubuntu2004-Readme.md
2022-10-16T20:42:45.9301810Z Image Release: https://github.com/actions/runner-images/releases/tag/ubuntu20%2F20221002.2
2022-10-16T20:42:45.9302309Z ##[endgroup]
2022-10-16T20:42:45.9302706Z ##[group]Runner Image Provisioner
2022-10-16T20:42:45.9303086Z 2.0.78.1
2022-10-16T20:42:45.9303366Z ##[endgroup]
2022-10-16T20:42:45.9304506Z ##[group]GITHUB_TOKEN Permissions
2022-10-16T20:42:45.9306254Z Actions: write
2022-10-16T20:42:45.9306739Z Checks: write
2022-10-16T20:42:45.9307347Z Contents: write
2022-10-16T20:42:45.9307748Z Deployments: write
2022-10-16T20:42:45.9308319Z Discussions: write
2022-10-16T20:42:45.9308758Z Issues: write
2022-10-16T20:42:45.9309118Z Metadata: read
2022-10-16T20:42:45.9309520Z Packages: write
2022-10-16T20:42:45.9309917Z Pages: write
2022-10-16T20:42:45.9310307Z PullRequests: write
2022-10-16T20:42:45.9310687Z RepositoryProjects: write
2022-10-16T20:42:45.9311152Z SecurityEvents: write
2022-10-16T20:42:45.9311566Z Statuses: write
2022-10-16T20:42:45.9311946Z ##[endgroup]
2022-10-16T20:42:45.9317145Z Secret source: Actions
2022-10-16T20:42:45.9317818Z Prepare workflow directory
2022-10-16T20:42:46.0303193Z Prepare all required actions
2022-10-16T20:42:46.0515598Z Getting action download info
2022-10-16T20:42:46.2275690Z Download action repository 'actions/checkout@v3' (SHA:93ea575cb5d8a053eaa0ac8fa3b40d7e05a33cc8)
2022-10-16T20:42:46.5995064Z Download action repository 'stefanzweifel/git-auto-commit-action@v4' (SHA:fd157da78fa13d9383e5580d1fd1184d89554b51)
2022-10-16T20:42:46.7329691Z Download action repository 'CasperWA/push-protected@v2' (SHA:6b25de805895da731062c43da647425fbb383128)
2022-10-16T20:42:47.1545958Z ##[group]Build container for action use: '/home/runner/work/_actions/CasperWA/push-protected/v2/Dockerfile'.
2022-10-16T20:42:47.1626563Z ##[command]/usr/bin/docker build -t 8d5581:b8d170d7ce5a48a7a896510132427e6e -f "/home/runner/work/_actions/CasperWA/push-protected/v2/Dockerfile" "/home/runner/work/_actions/CasperWA/push-protected/v2"
2022-10-16T20:42:47.3787769Z Sending build context to Docker daemon  113.2kB
2022-10-16T20:42:47.3789222Z 
2022-10-16T20:42:47.4185726Z Step 1/6 : FROM python:alpine
2022-10-16T20:42:47.6790780Z alpine: Pulling from library/python
2022-10-16T20:42:47.7463126Z 213ec9aee27d: Already exists
2022-10-16T20:42:47.7489369Z 47858aee13bf: Pulling fs layer
2022-10-16T20:42:47.7489802Z cfe0d6c6d05c: Pulling fs layer
2022-10-16T20:42:47.7490155Z 2df617b3dcd9: Pulling fs layer
2022-10-16T20:42:47.7490515Z 38da16a6ebe8: Pulling fs layer
2022-10-16T20:42:47.7490863Z 38da16a6ebe8: Waiting
2022-10-16T20:42:47.8178431Z 2df617b3dcd9: Verifying Checksum
2022-10-16T20:42:47.8179061Z 2df617b3dcd9: Download complete
2022-10-16T20:42:47.8209849Z 47858aee13bf: Verifying Checksum
2022-10-16T20:42:47.8211917Z 47858aee13bf: Download complete
2022-10-16T20:42:47.9276948Z cfe0d6c6d05c: Verifying Checksum
2022-10-16T20:42:47.9277436Z cfe0d6c6d05c: Download complete
2022-10-16T20:42:47.9820479Z 38da16a6ebe8: Verifying Checksum
2022-10-16T20:42:47.9820960Z 38da16a6ebe8: Download complete
2022-10-16T20:42:48.1643832Z 47858aee13bf: Pull complete
2022-10-16T20:42:48.9733544Z cfe0d6c6d05c: Pull complete
2022-10-16T20:42:49.0433413Z 2df617b3dcd9: Pull complete
2022-10-16T20:42:49.5227743Z 38da16a6ebe8: Pull complete
2022-10-16T20:42:49.5287828Z Digest: sha256:3bfac1caa31cc6c0e796b65ba936f320d1e549d80f5ac02c2e4f83a0f04af3aa
2022-10-16T20:42:49.5315047Z Status: Downloaded newer image for python:alpine
2022-10-16T20:42:49.5328138Z  ---> 880fc229346e
2022-10-16T20:42:49.5329186Z Step 2/6 : COPY README.md setup.py requirements*.txt ./
2022-10-16T20:42:50.0194588Z  ---> 47e5fe1d5ad3
2022-10-16T20:42:50.0195546Z Step 3/6 : COPY push_action ./push_action
2022-10-16T20:42:51.0239733Z  ---> ab17cceaa9bc
2022-10-16T20:42:51.0240361Z Step 4/6 : RUN apk update     && apk add --no-cache git git-lfs bash     && pip install -U -e .
2022-10-16T20:42:51.0499510Z  ---> Running in 5d5107397655
2022-10-16T20:42:51.4097972Z fetch https://dl-cdn.alpinelinux.org/alpine/v3.16/main/x86_64/APKINDEX.tar.gz
2022-10-16T20:42:51.5305738Z fetch https://dl-cdn.alpinelinux.org/alpine/v3.16/community/x86_64/APKINDEX.tar.gz
2022-10-16T20:42:51.8225664Z v3.16.2-301-g3f9d0a65f8 [https://dl-cdn.alpinelinux.org/alpine/v3.16/main]
2022-10-16T20:42:51.8226836Z v3.16.2-302-g26bb45e677 [https://dl-cdn.alpinelinux.org/alpine/v3.16/community]
2022-10-16T20:42:51.8229965Z OK: 17037 distinct packages available
2022-10-16T20:42:51.8655134Z fetch https://dl-cdn.alpinelinux.org/alpine/v3.16/main/x86_64/APKINDEX.tar.gz
2022-10-16T20:42:51.9523887Z fetch https://dl-cdn.alpinelinux.org/alpine/v3.16/community/x86_64/APKINDEX.tar.gz
2022-10-16T20:42:52.2088385Z (1/7) Installing bash (5.1.16-r2)
2022-10-16T20:42:52.2295708Z Executing bash-5.1.16-r2.post-install
2022-10-16T20:42:52.2326102Z (2/7) Installing brotli-libs (1.0.9-r6)
2022-10-16T20:42:52.2646667Z (3/7) Installing nghttp2-libs (1.47.0-r0)
2022-10-16T20:42:52.2701006Z (4/7) Installing libcurl (7.83.1-r3)
2022-10-16T20:42:52.2797577Z (5/7) Installing pcre2 (10.40-r0)
2022-10-16T20:42:52.2897045Z (6/7) Installing git (2.36.2-r0)
2022-10-16T20:42:52.4387916Z (7/7) Installing git-lfs (3.1.4-r5)
2022-10-16T20:42:52.5510247Z Executing git-lfs-3.1.4-r5.post-install
2022-10-16T20:42:52.5852632Z Git LFS initialized.
2022-10-16T20:42:52.5893077Z Executing busybox-1.35.0-r17.trigger
2022-10-16T20:42:52.5956718Z OK: 39 MiB in 43 packages
2022-10-16T20:42:54.8927901Z Obtaining file:///
2022-10-16T20:42:54.8944047Z   Preparing metadata (setup.py): started
2022-10-16T20:42:55.5175054Z   Preparing metadata (setup.py): finished with status 'done'
2022-10-16T20:42:55.6023937Z Collecting requests~=2.28
2022-10-16T20:42:55.6342526Z   Downloading requests-2.28.1-py3-none-any.whl (62 kB)
2022-10-16T20:42:55.6445037Z      â”â”â”â”â”â”â”â”â”â”â”â”â”â”â”â”â”â”â”â”â”â”â”â”â”â”â”â”â”â”â”â”â”â”â”â”â”â”â”â” 62.8/62.8 kB 8.1 MB/s eta 0:00:00
2022-10-16T20:42:55.6754779Z Collecting idna<4,>=2.5
2022-10-16T20:42:55.6805634Z   Downloading idna-3.4-py3-none-any.whl (61 kB)
2022-10-16T20:42:55.6871234Z      â”â”â”â”â”â”â”â”â”â”â”â”â”â”â”â”â”â”â”â”â”â”â”â”â”â”â”â”â”â”â”â”â”â”â”â”â”â”â”â” 61.5/61.5 kB 15.1 MB/s eta 0:00:00
2022-10-16T20:42:55.7311156Z Collecting urllib3<1.27,>=1.21.1
2022-10-16T20:42:55.7352764Z   Downloading urllib3-1.26.12-py2.py3-none-any.whl (140 kB)
2022-10-16T20:42:55.7433580Z      â”â”â”â”â”â”â”â”â”â”â”â”â”â”â”â”â”â”â”â”â”â”â”â”â”â”â”â”â”â”â”â”â”â”â”â”â”â” 140.4/140.4 kB 24.6 MB/s eta 0:00:00
2022-10-16T20:42:55.7839649Z Collecting charset-normalizer<3,>=2
2022-10-16T20:42:55.7884023Z   Downloading charset_normalizer-2.1.1-py3-none-any.whl (39 kB)
2022-10-16T20:42:55.8153542Z Collecting certifi>=2017.4.17
2022-10-16T20:42:55.8192154Z   Downloading certifi-2022.9.24-py3-none-any.whl (161 kB)
2022-10-16T20:42:55.8296903Z      â”â”â”â”â”â”â”â”â”â”â”â”â”â”â”â”â”â”â”â”â”â”â”â”â”â”â”â”â”â”â”â”â”â”â”â”â”â” 161.1/161.1 kB 21.4 MB/s eta 0:00:00
2022-10-16T20:42:55.9281918Z Installing collected packages: urllib3, idna, charset-normalizer, certifi, requests, push-action
2022-10-16T20:42:56.2941525Z   Running setup.py develop for push-action
2022-10-16T20:42:56.7085027Z Successfully installed certifi-2022.9.24 charset-normalizer-2.1.1 idna-3.4 push-action-2.14.0 requests-2.28.1 urllib3-1.26.12
2022-10-16T20:42:56.7094034Z [91mWARNING: Running pip as the 'root' user can result in broken permissions and conflicting behaviour with the system package manager. It is recommended to use a virtual environment instead: https://pip.pypa.io/warnings/venv
2022-10-16T20:42:56.7922410Z [0m[91m
2022-10-16T20:42:56.7922887Z [notice] A new release of pip available: 22.2.2 -> 22.3
2022-10-16T20:42:56.7923451Z [notice] To update, run: pip install --upgrade pip
2022-10-16T20:42:58.0622460Z [0mRemoving intermediate container 5d5107397655
2022-10-16T20:42:58.0622890Z  ---> cf1690f96aa8
2022-10-16T20:42:58.0625043Z Step 5/6 : COPY entrypoint.sh ./
2022-10-16T20:42:59.0222285Z  ---> cd95e9776faf
2022-10-16T20:42:59.0223274Z Step 6/6 : ENTRYPOINT [ "/entrypoint.sh" ]
2022-10-16T20:42:59.0513733Z  ---> Running in 10693e94c8e1
2022-10-16T20:43:00.0270754Z Removing intermediate container 10693e94c8e1
2022-10-16T20:43:00.0271223Z  ---> 2b0f0f728df2
2022-10-16T20:43:00.0271569Z Successfully built 2b0f0f728df2
2022-10-16T20:43:00.0293300Z Successfully tagged 8d5581:b8d170d7ce5a48a7a896510132427e6e
2022-10-16T20:43:00.0318482Z ##[endgroup]
2022-10-16T20:43:00.0771305Z ##[group]Run actions/checkout@v3
2022-10-16T20:43:00.0771692Z with:
2022-10-16T20:43:00.0772052Z   repository: AlphaSteam/microprint-generator
2022-10-16T20:43:00.0772713Z   token: ***
2022-10-16T20:43:00.0773021Z   ssh-strict: true
2022-10-16T20:43:00.0773369Z   persist-credentials: true
2022-10-16T20:43:00.0773688Z   clean: true
2022-10-16T20:43:00.0774004Z   fetch-depth: 1
2022-10-16T20:43:00.0774304Z   lfs: false
2022-10-16T20:43:00.0774599Z   submodules: false
2022-10-16T20:43:00.0774914Z   set-safe-directory: true
2022-10-16T20:43:00.0775244Z ##[endgroup]
2022-10-16T20:43:00.4438239Z Syncing repository: AlphaSteam/microprint-generator
2022-10-16T20:43:00.4440406Z ##[group]Getting Git version info
2022-10-16T20:43:00.4441129Z Working directory is '/home/runner/work/microprint-generator/microprint-generator'
2022-10-16T20:43:00.4441894Z [command]/usr/bin/git version
2022-10-16T20:43:00.4609089Z git version 2.37.3
2022-10-16T20:43:00.4619267Z ##[endgroup]
2022-10-16T20:43:00.4640432Z Temporarily overriding HOME='/home/runner/work/_temp/97aa060d-4ae6-489e-ade5-9ad8993a4cf5' before making global git config changes
2022-10-16T20:43:00.4641450Z Adding repository directory to the temporary git global config as a safe directory
2022-10-16T20:43:00.4649379Z [command]/usr/bin/git config --global --add safe.directory /home/runner/work/microprint-generator/microprint-generator
2022-10-16T20:43:00.4707570Z Deleting the contents of '/home/runner/work/microprint-generator/microprint-generator'
2022-10-16T20:43:00.4713313Z ##[group]Initializing the repository
2022-10-16T20:43:00.4717476Z [command]/usr/bin/git init /home/runner/work/microprint-generator/microprint-generator
2022-10-16T20:43:00.4839932Z hint: Using 'master' as the name for the initial branch. This default branch name
2022-10-16T20:43:00.4840723Z hint: is subject to change. To configure the initial branch name to use in all
2022-10-16T20:43:00.4841633Z hint: of your new repositories, which will suppress this warning, call:
2022-10-16T20:43:00.4842069Z hint: 
2022-10-16T20:43:00.4842673Z hint: 	git config --global init.defaultBranch <name>
2022-10-16T20:43:00.4843040Z hint: 
2022-10-16T20:43:00.4843543Z hint: Names commonly chosen instead of 'master' are 'main', 'trunk' and
2022-10-16T20:43:00.4844163Z hint: 'development'. The just-created branch can be renamed via this command:
2022-10-16T20:43:00.4844591Z hint: 
2022-10-16T20:43:00.4845296Z hint: 	git branch -m <name>
2022-10-16T20:43:00.4855258Z Initialized empty Git repository in /home/runner/work/microprint-generator/microprint-generator/.git/
2022-10-16T20:43:00.4869258Z [command]/usr/bin/git remote add origin https://github.com/AlphaSteam/microprint-generator
2022-10-16T20:43:00.4949160Z ##[endgroup]
2022-10-16T20:43:00.4949813Z ##[group]Disabling automatic garbage collection
2022-10-16T20:43:00.4957004Z [command]/usr/bin/git config --local gc.auto 0
2022-10-16T20:43:00.4995998Z ##[endgroup]
2022-10-16T20:43:00.4996897Z ##[group]Setting up auth
2022-10-16T20:43:00.5005855Z [command]/usr/bin/git config --local --name-only --get-regexp core\.sshCommand
2022-10-16T20:43:00.5045698Z [command]/usr/bin/git submodule foreach --recursive git config --local --name-only --get-regexp 'core\.sshCommand' && git config --local --unset-all 'core.sshCommand' || :
2022-10-16T20:43:00.5543833Z [command]/usr/bin/git config --local --name-only --get-regexp http\.https\:\/\/github\.com\/\.extraheader
2022-10-16T20:43:00.5581391Z [command]/usr/bin/git submodule foreach --recursive git config --local --name-only --get-regexp 'http\.https\:\/\/github\.com\/\.extraheader' && git config --local --unset-all 'http.https://github.com/.extraheader' || :
2022-10-16T20:43:00.5854193Z [command]/usr/bin/git config --local http.https://github.com/.extraheader AUTHORIZATION: basic ***
2022-10-16T20:43:00.5909364Z ##[endgroup]
2022-10-16T20:43:00.5910544Z ##[group]Fetching the repository
2022-10-16T20:43:00.5920739Z [command]/usr/bin/git -c protocol.version=2 fetch --no-tags --prune --progress --no-recurse-submodules --depth=1 origin +8808f620c2c1d10054a549e99cd92c11310de27f:refs/remotes/origin/matrix_actions
2022-10-16T20:43:00.7849986Z remote: Enumerating objects: 77, done.        
2022-10-16T20:43:00.7852642Z remote: Counting objects:   1% (1/77)        
2022-10-16T20:43:00.7854430Z remote: Counting objects:   2% (2/77)        
2022-10-16T20:43:00.7855495Z remote: Counting objects:   3% (3/77)        
2022-10-16T20:43:00.7856924Z remote: Counting objects:   5% (4/77)        
2022-10-16T20:43:00.7857891Z remote: Counting objects:   6% (5/77)        
2022-10-16T20:43:00.7859175Z remote: Counting objects:   7% (6/77)        
2022-10-16T20:43:00.7859931Z remote: Counting objects:   9% (7/77)        
2022-10-16T20:43:00.7861019Z remote: Counting objects:  10% (8/77)        
2022-10-16T20:43:00.7861751Z remote: Counting objects:  11% (9/77)        
2022-10-16T20:43:00.7862746Z remote: Counting objects:  12% (10/77)        
2022-10-16T20:43:00.7863507Z remote: Counting objects:  14% (11/77)        
2022-10-16T20:43:00.7864875Z remote: Counting objects:  15% (12/77)        
2022-10-16T20:43:00.7865608Z remote: Counting objects:  16% (13/77)        
2022-10-16T20:43:00.7866618Z remote: Counting objects:  18% (14/77)        
2022-10-16T20:43:00.7868273Z remote: Counting objects:  19% (15/77)        
2022-10-16T20:43:00.7869343Z remote: Counting objects:  20% (16/77)        
2022-10-16T20:43:00.7870088Z remote: Counting objects:  22% (17/77)        
2022-10-16T20:43:00.7870904Z remote: Counting objects:  23% (18/77)        
2022-10-16T20:43:00.7871504Z remote: Counting objects:  24% (19/77)        
2022-10-16T20:43:00.7872286Z remote: Counting objects:  25% (20/77)        
2022-10-16T20:43:00.7872862Z remote: Counting objects:  27% (21/77)        
2022-10-16T20:43:00.7873739Z remote: Counting objects:  28% (22/77)        
2022-10-16T20:43:00.7874255Z remote: Counting objects:  29% (23/77)        
2022-10-16T20:43:00.7874969Z remote: Counting objects:  31% (24/77)        
2022-10-16T20:43:00.7875477Z remote: Counting objects:  32% (25/77)        
2022-10-16T20:43:00.7876360Z remote: Counting objects:  33% (26/77)        
2022-10-16T20:43:00.7876916Z remote: Counting objects:  35% (27/77)        
2022-10-16T20:43:00.7877704Z remote: Counting objects:  36% (28/77)        
2022-10-16T20:43:00.7878262Z remote: Counting objects:  37% (29/77)        
2022-10-16T20:43:00.7879055Z remote: Counting objects:  38% (30/77)        
2022-10-16T20:43:00.7880322Z remote: Counting objects:  40% (31/77)        
2022-10-16T20:43:00.7881120Z remote: Counting objects:  41% (32/77)        
2022-10-16T20:43:00.7882008Z remote: Counting objects:  42% (33/77)        
2022-10-16T20:43:00.7882822Z remote: Counting objects:  44% (34/77)        
2022-10-16T20:43:00.7883367Z remote: Counting objects:  45% (35/77)        
2022-10-16T20:43:00.7884153Z remote: Counting objects:  46% (36/77)        
2022-10-16T20:43:00.7884709Z remote: Counting objects:  48% (37/77)        
2022-10-16T20:43:00.7886084Z remote: Counting objects:  49% (38/77)        
2022-10-16T20:43:00.7886666Z remote: Counting objects:  50% (39/77)        
2022-10-16T20:43:00.7888010Z remote: Counting objects:  51% (40/77)        
2022-10-16T20:43:00.7888801Z remote: Counting objects:  53% (41/77)        
2022-10-16T20:43:00.7889876Z remote: Counting objects:  54% (42/77)        
2022-10-16T20:43:00.7890504Z remote: Counting objects:  55% (43/77)        
2022-10-16T20:43:00.7892153Z remote: Counting objects:  57% (44/77)        
2022-10-16T20:43:00.7893007Z remote: Counting objects:  58% (45/77)        
2022-10-16T20:43:00.7893573Z remote: Counting objects:  59% (46/77)        
2022-10-16T20:43:00.7894353Z remote: Counting objects:  61% (47/77)        
2022-10-16T20:43:00.7894901Z remote: Counting objects:  62% (48/77)        
2022-10-16T20:43:00.7895659Z remote: Counting objects:  63% (49/77)        
2022-10-16T20:43:00.7896265Z remote: Counting objects:  64% (50/77)        
2022-10-16T20:43:00.7898393Z remote: Counting objects:  66% (51/77)        
2022-10-16T20:43:00.7899204Z remote: Counting objects:  67% (52/77)        
2022-10-16T20:43:00.7900020Z remote: Counting objects:  68% (53/77)        
2022-10-16T20:43:00.7900561Z remote: Counting objects:  70% (54/77)        
2022-10-16T20:43:00.7901335Z remote: Counting objects:  71% (55/77)        
2022-10-16T20:43:00.7901884Z remote: Counting objects:  72% (56/77)        
2022-10-16T20:43:00.7902646Z remote: Counting objects:  74% (57/77)        
2022-10-16T20:43:00.7903245Z remote: Counting objects:  75% (58/77)        
2022-10-16T20:43:00.7904522Z remote: Counting objects:  76% (59/77)        
2022-10-16T20:43:00.7904901Z remote: Counting objects:  77% (60/77)        
2022-10-16T20:43:00.7905273Z remote: Counting objects:  79% (61/77)        
2022-10-16T20:43:00.7905655Z remote: Counting objects:  80% (62/77)        
2022-10-16T20:43:00.7906078Z remote: Counting objects:  81% (63/77)        
2022-10-16T20:43:00.7906447Z remote: Counting objects:  83% (64/77)        
2022-10-16T20:43:00.7906803Z remote: Counting objects:  84% (65/77)        
2022-10-16T20:43:00.7907277Z remote: Counting objects:  85% (66/77)        
2022-10-16T20:43:00.7907621Z remote: Counting objects:  87% (67/77)        
2022-10-16T20:43:00.7907961Z remote: Counting objects:  88% (68/77)        
2022-10-16T20:43:00.7908288Z remote: Counting objects:  89% (69/77)        
2022-10-16T20:43:00.7908628Z remote: Counting objects:  90% (70/77)        
2022-10-16T20:43:00.7908970Z remote: Counting objects:  92% (71/77)        
2022-10-16T20:43:00.7909313Z remote: Counting objects:  93% (72/77)        
2022-10-16T20:43:00.7909645Z remote: Counting objects:  94% (73/77)        
2022-10-16T20:43:00.7909984Z remote: Counting objects:  96% (74/77)        
2022-10-16T20:43:00.7910328Z remote: Counting objects:  97% (75/77)        
2022-10-16T20:43:00.7910669Z remote: Counting objects:  98% (76/77)        
2022-10-16T20:43:00.7910998Z remote: Counting objects: 100% (77/77)        
2022-10-16T20:43:00.7911639Z remote: Counting objects: 100% (77/77), done.        
2022-10-16T20:43:00.7912036Z remote: Compressing objects:   1% (1/60)        
2022-10-16T20:43:00.7912412Z remote: Compressing objects:   3% (2/60)        
2022-10-16T20:43:00.7912761Z remote: Compressing objects:   5% (3/60)        
2022-10-16T20:43:00.7913117Z remote: Compressing objects:   6% (4/60)        
2022-10-16T20:43:00.7913480Z remote: Compressing objects:   8% (5/60)        
2022-10-16T20:43:00.7940244Z remote: Compressing objects:  10% (6/60)        
2022-10-16T20:43:00.7940646Z remote: Compressing objects:  11% (7/60)        
2022-10-16T20:43:00.7941036Z remote: Compressing objects:  13% (8/60)        
2022-10-16T20:43:00.7941429Z remote: Compressing objects:  15% (9/60)        
2022-10-16T20:43:00.7941824Z remote: Compressing objects:  16% (10/60)        
2022-10-16T20:43:00.7942205Z remote: Compressing objects:  18% (11/60)        
2022-10-16T20:43:00.7942600Z remote: Compressing objects:  20% (12/60)        
2022-10-16T20:43:00.7942996Z remote: Compressing objects:  21% (13/60)        
2022-10-16T20:43:00.7943392Z remote: Compressing objects:  23% (14/60)        
2022-10-16T20:43:00.7943778Z remote: Compressing objects:  25% (15/60)        
2022-10-16T20:43:00.7944150Z remote: Compressing objects:  26% (16/60)        
2022-10-16T20:43:00.7944529Z remote: Compressing objects:  28% (17/60)        
2022-10-16T20:43:00.7944913Z remote: Compressing objects:  30% (18/60)        
2022-10-16T20:43:00.7945563Z remote: Compressing objects:  31% (19/60)        
2022-10-16T20:43:00.7945935Z remote: Compressing objects:  33% (20/60)        
2022-10-16T20:43:00.7946316Z remote: Compressing objects:  35% (21/60)        
2022-10-16T20:43:00.7946699Z remote: Compressing objects:  36% (22/60)        
2022-10-16T20:43:00.7947083Z remote: Compressing objects:  38% (23/60)        
2022-10-16T20:43:00.8007133Z remote: Compressing objects:  40% (24/60)        
2022-10-16T20:43:00.8021132Z remote: Compressing objects:  41% (25/60)        
2022-10-16T20:43:00.8047108Z remote: Compressing objects:  43% (26/60)        
2022-10-16T20:43:00.8153278Z remote: Compressing objects:  45% (27/60)        
2022-10-16T20:43:00.8153873Z remote: Compressing objects:  46% (28/60)        
2022-10-16T20:43:00.8156940Z remote: Compressing objects:  48% (29/60)        
2022-10-16T20:43:00.8157735Z remote: Compressing objects:  50% (30/60)        
2022-10-16T20:43:00.8158581Z remote: Compressing objects:  51% (31/60)        
2022-10-16T20:43:00.8160021Z remote: Compressing objects:  53% (32/60)        
2022-10-16T20:43:00.8160765Z remote: Compressing objects:  55% (33/60)        
2022-10-16T20:43:00.8161462Z remote: Compressing objects:  56% (34/60)        
2022-10-16T20:43:00.8161966Z remote: Compressing objects:  58% (35/60)        
2022-10-16T20:43:00.8162697Z remote: Compressing objects:  60% (36/60)        
2022-10-16T20:43:00.8163189Z remote: Compressing objects:  61% (37/60)        
2022-10-16T20:43:00.8163673Z remote: Compressing objects:  63% (38/60)        
2022-10-16T20:43:00.8164299Z remote: Compressing objects:  65% (39/60)        
2022-10-16T20:43:00.8164903Z remote: Compressing objects:  66% (40/60)        
2022-10-16T20:43:00.8165630Z remote: Compressing objects:  68% (41/60)        
2022-10-16T20:43:00.8166125Z remote: Compressing objects:  70% (42/60)        
2022-10-16T20:43:00.8166745Z remote: Compressing objects:  71% (43/60)        
2022-10-16T20:43:00.8167187Z remote: Compressing objects:  73% (44/60)        
2022-10-16T20:43:00.8167675Z remote: Compressing objects:  75% (45/60)        
2022-10-16T20:43:00.8168400Z remote: Compressing objects:  76% (46/60)        
2022-10-16T20:43:00.8168877Z remote: Compressing objects:  78% (47/60)        
2022-10-16T20:43:00.8169511Z remote: Compressing objects:  80% (48/60)        
2022-10-16T20:43:00.8170152Z remote: Compressing objects:  81% (49/60)        
2022-10-16T20:43:00.8170777Z remote: Compressing objects:  83% (50/60)        
2022-10-16T20:43:00.8171570Z remote: Compressing objects:  85% (51/60)        
2022-10-16T20:43:00.8172051Z remote: Compressing objects:  86% (52/60)        
2022-10-16T20:43:00.8172697Z remote: Compressing objects:  88% (53/60)        
2022-10-16T20:43:00.8173303Z remote: Compressing objects:  90% (54/60)        
2022-10-16T20:43:00.8173882Z remote: Compressing objects:  91% (55/60)        
2022-10-16T20:43:00.8175145Z remote: Compressing objects:  93% (56/60)        
2022-10-16T20:43:00.8175645Z remote: Compressing objects:  95% (57/60)        
2022-10-16T20:43:00.8177268Z remote: Compressing objects:  96% (58/60)        
2022-10-16T20:43:00.8177670Z remote: Compressing objects:  98% (59/60)        
2022-10-16T20:43:00.8178071Z remote: Compressing objects: 100% (60/60)        
2022-10-16T20:43:00.8178481Z remote: Compressing objects: 100% (60/60), done.        
2022-10-16T20:43:00.9291870Z remote: Total 77 (delta 16), reused 54 (delta 3), pack-reused 0        
2022-10-16T20:43:00.9656263Z From https://github.com/AlphaSteam/microprint-generator
2022-10-16T20:43:00.9656934Z  * [new ref]         8808f620c2c1d10054a549e99cd92c11310de27f -> origin/matrix_actions
2022-10-16T20:43:00.9683798Z ##[endgroup]
2022-10-16T20:43:00.9684413Z ##[group]Determining the checkout info
2022-10-16T20:43:00.9686621Z ##[endgroup]
2022-10-16T20:43:00.9687201Z ##[group]Checking out the ref
2022-10-16T20:43:00.9692644Z [command]/usr/bin/git checkout --progress --force -B matrix_actions refs/remotes/origin/matrix_actions
2022-10-16T20:43:01.0013092Z Switched to a new branch 'matrix_actions'
2022-10-16T20:43:01.0014216Z branch 'matrix_actions' set up to track 'origin/matrix_actions'.
2022-10-16T20:43:01.0021215Z ##[endgroup]
2022-10-16T20:43:01.0103704Z [command]/usr/bin/git log -1 --format='%H'
2022-10-16T20:43:01.0141499Z '8808f620c2c1d10054a549e99cd92c11310de27f'
2022-10-16T20:43:01.0612494Z ##[group]Run ./
2022-10-16T20:43:01.0612824Z with:
2022-10-16T20:43:01.0613272Z   microprint_render_method: raster
2022-10-16T20:43:01.0613714Z   log_path: ./Examples/Mid-job/logs
2022-10-16T20:43:01.0614169Z   microprint_path: ./Examples/Mid-job/microprint
2022-10-16T20:43:01.0614582Z   microprint_config_path: ./Examples/Mid-job/
2022-10-16T20:43:01.0615083Z   repository: AlphaSteam/microprint-generator
2022-10-16T20:43:01.0615781Z   github_token: ***
2022-10-16T20:43:01.0616201Z   job_name: generate_microprint_mid_job_matrix
2022-10-16T20:43:01.0616575Z   ref: refs/heads/matrix_actions
2022-10-16T20:43:01.0616972Z   log_filename: logs
2022-10-16T20:43:01.0617371Z   save_log: true
2022-10-16T20:43:01.0617785Z   microprint_filename: microprint
2022-10-16T20:43:01.0618324Z   microprint_config_filename: config
2022-10-16T20:43:01.0618851Z   generate_microprint_visualizer_link: true
2022-10-16T20:43:01.0619402Z   microprint_visualizer_link_filename: microprint_visualizer
2022-10-16T20:43:01.0620080Z   microprint_visualizer_link_path: ./
2022-10-16T20:43:01.0620486Z   matrix: {
  "os": "ubuntu-latest",
  "version": 1.6
}
2022-10-16T20:43:01.0620898Z ##[endgroup]
2022-10-16T20:43:01.0766943Z ##[group]Building docker image
2022-10-16T20:43:01.0767584Z Dockerfile for action: '/home/runner/work/microprint-generator/microprint-generator/./Dockerfile'.
2022-10-16T20:43:01.0769387Z ##[command]/usr/bin/docker build -t 8d5581:7d818c3497a45ba67a7777cea1100d98 -f "/home/runner/work/microprint-generator/microprint-generator/./Dockerfile" "/home/runner/work/microprint-generator/microprint-generator"
2022-10-16T20:43:01.2015291Z Sending build context to Docker daemon  4.299MB
2022-10-16T20:43:01.2015807Z 
2022-10-16T20:43:01.2055585Z Step 1/6 : FROM python:3
2022-10-16T20:43:02.4279020Z 3: Pulling from library/python
2022-10-16T20:43:02.4813881Z f606d8928ed3: Pulling fs layer
2022-10-16T20:43:02.4814510Z 47db815c6a45: Pulling fs layer
2022-10-16T20:43:02.4815024Z bf4849400000: Pulling fs layer
2022-10-16T20:43:02.4815472Z a572f7a256d3: Pulling fs layer
2022-10-16T20:43:02.4815966Z 8f7d05258955: Pulling fs layer
2022-10-16T20:43:02.4816327Z 7110f04115ae: Pulling fs layer
2022-10-16T20:43:02.4816744Z 967c89122295: Pulling fs layer
2022-10-16T20:43:02.4817176Z 9f28dfdab382: Pulling fs layer
2022-10-16T20:43:02.4817633Z 5e971b2ac572: Pulling fs layer
2022-10-16T20:43:02.4817984Z a572f7a256d3: Waiting
2022-10-16T20:43:02.4818370Z 8f7d05258955: Waiting
2022-10-16T20:43:02.4818870Z 7110f04115ae: Waiting
2022-10-16T20:43:02.4819789Z 967c89122295: Waiting
2022-10-16T20:43:02.4820158Z 9f28dfdab382: Waiting
2022-10-16T20:43:02.4820672Z 5e971b2ac572: Waiting
2022-10-16T20:43:02.5880633Z 47db815c6a45: Verifying Checksum
2022-10-16T20:43:02.5899006Z 47db815c6a45: Download complete
2022-10-16T20:43:02.6668909Z bf4849400000: Verifying Checksum
2022-10-16T20:43:02.6669412Z bf4849400000: Download complete
2022-10-16T20:43:03.0702224Z f606d8928ed3: Verifying Checksum
2022-10-16T20:43:03.0702718Z f606d8928ed3: Download complete
2022-10-16T20:43:03.3246923Z a572f7a256d3: Verifying Checksum
2022-10-16T20:43:03.3247604Z a572f7a256d3: Download complete
2022-10-16T20:43:03.3308434Z 7110f04115ae: Verifying Checksum
2022-10-16T20:43:03.3311964Z 7110f04115ae: Download complete
2022-10-16T20:43:03.4423563Z 9f28dfdab382: Verifying Checksum
2022-10-16T20:43:03.4424074Z 9f28dfdab382: Download complete
2022-10-16T20:43:03.5405582Z 5e971b2ac572: Verifying Checksum
2022-10-16T20:43:03.5406620Z 5e971b2ac572: Download complete
2022-10-16T20:43:03.7121568Z 967c89122295: Verifying Checksum
2022-10-16T20:43:03.7121966Z 967c89122295: Download complete
2022-10-16T20:43:04.8918649Z 8f7d05258955: Verifying Checksum
2022-10-16T20:43:04.8920663Z 8f7d05258955: Download complete
2022-10-16T20:43:05.5439279Z f606d8928ed3: Pull complete
2022-10-16T20:43:08.4292469Z 47db815c6a45: Pull complete
2022-10-16T20:43:08.8127814Z bf4849400000: Pull complete
2022-10-16T20:43:12.0723979Z a572f7a256d3: Pull complete
2022-10-16T20:43:21.2613241Z 8f7d05258955: Pull complete
2022-10-16T20:43:21.6392449Z 7110f04115ae: Pull complete
2022-10-16T20:43:22.5760522Z 967c89122295: Pull complete
2022-10-16T20:43:22.6452595Z 9f28dfdab382: Pull complete
2022-10-16T20:43:23.0626426Z 5e971b2ac572: Pull complete
2022-10-16T20:43:23.0683948Z Digest: sha256:3e15ea73ac5c1f9408d8dc9eeb8297ece8e727f3004129a829519230c7de720c
2022-10-16T20:43:23.0711047Z Status: Downloaded newer image for python:3
2022-10-16T20:43:23.0723216Z  ---> f05c8762fe15
2022-10-16T20:43:23.0723893Z Step 2/6 : COPY requirements.txt /requirements.txt
2022-10-16T20:43:24.2448346Z  ---> 90b8a3af718b
2022-10-16T20:43:24.2449072Z Step 3/6 : RUN pip install -r /requirements.txt
2022-10-16T20:43:24.2745221Z  ---> Running in 6910c5ff49b3
2022-10-16T20:43:26.4264738Z Collecting pillow
2022-10-16T20:43:26.4669706Z   Downloading Pillow-9.2.0-cp310-cp310-manylinux_2_28_x86_64.whl (3.2 MB)
2022-10-16T20:43:26.5297113Z      â”â”â”â”â”â”â”â”â”â”â”â”â”â”â”â”â”â”â”â”â”â”â”â”â”â”â”â”â”â”â”â”â”â”â”â”â”â”â”â” 3.2/3.2 MB 54.5 MB/s eta 0:00:00
2022-10-16T20:43:26.5973984Z Collecting requests
2022-10-16T20:43:26.6016914Z   Downloading requests-2.28.1-py3-none-any.whl (62 kB)
2022-10-16T20:43:26.6092988Z      â”â”â”â”â”â”â”â”â”â”â”â”â”â”â”â”â”â”â”â”â”â”â”â”â”â”â”â”â”â”â”â”â”â”â”â”â”â”â”â” 62.8/62.8 kB 10.9 MB/s eta 0:00:00
2022-10-16T20:43:26.6407018Z Collecting svgwrite
2022-10-16T20:43:26.6461582Z   Downloading svgwrite-1.4.3-py3-none-any.whl (67 kB)
2022-10-16T20:43:26.6522035Z      â”â”â”â”â”â”â”â”â”â”â”â”â”â”â”â”â”â”â”â”â”â”â”â”â”â”â”â”â”â”â”â”â”â”â”â”â”â”â”â” 67.1/67.1 kB 17.4 MB/s eta 0:00:00
2022-10-16T20:43:26.6834265Z Collecting markdown-it-py[plugins]
2022-10-16T20:43:26.6877140Z   Downloading markdown_it_py-2.1.0-py3-none-any.whl (84 kB)
2022-10-16T20:43:26.6939452Z      â”â”â”â”â”â”â”â”â”â”â”â”â”â”â”â”â”â”â”â”â”â”â”â”â”â”â”â”â”â”â”â”â”â”â”â”â”â”â”â” 84.5/84.5 kB 23.2 MB/s eta 0:00:00
2022-10-16T20:43:26.7742478Z Collecting charset-normalizer<3,>=2
2022-10-16T20:43:26.7812554Z   Downloading charset_normalizer-2.1.1-py3-none-any.whl (39 kB)
2022-10-16T20:43:26.8365854Z Collecting urllib3<1.27,>=1.21.1
2022-10-16T20:43:26.8485741Z   Downloading urllib3-1.26.12-py2.py3-none-any.whl (140 kB)
2022-10-16T20:43:26.8558524Z      â”â”â”â”â”â”â”â”â”â”â”â”â”â”â”â”â”â”â”â”â”â”â”â”â”â”â”â”â”â”â”â”â”â”â”â”â”â” 140.4/140.4 kB 32.2 MB/s eta 0:00:00
2022-10-16T20:43:26.8924804Z Collecting certifi>=2017.4.17
2022-10-16T20:43:26.9024148Z   Downloading certifi-2022.9.24-py3-none-any.whl (161 kB)
2022-10-16T20:43:26.9097134Z      â”â”â”â”â”â”â”â”â”â”â”â”â”â”â”â”â”â”â”â”â”â”â”â”â”â”â”â”â”â”â”â”â”â”â”â”â”â” 161.1/161.1 kB 37.4 MB/s eta 0:00:00
2022-10-16T20:43:26.9350773Z Collecting idna<4,>=2.5
2022-10-16T20:43:26.9397186Z   Downloading idna-3.4-py3-none-any.whl (61 kB)
2022-10-16T20:43:26.9459059Z      â”â”â”â”â”â”â”â”â”â”â”â”â”â”â”â”â”â”â”â”â”â”â”â”â”â”â”â”â”â”â”â”â”â”â”â”â”â”â”â” 61.5/61.5 kB 16.5 MB/s eta 0:00:00
2022-10-16T20:43:26.9983732Z Collecting mdurl~=0.1
2022-10-16T20:43:27.0022243Z   Downloading mdurl-0.1.2-py3-none-any.whl (10.0 kB)
2022-10-16T20:43:27.0265558Z Collecting mdit-py-plugins
2022-10-16T20:43:27.0303304Z   Downloading mdit_py_plugins-0.3.1-py3-none-any.whl (46 kB)
2022-10-16T20:43:27.0362204Z      â”â”â”â”â”â”â”â”â”â”â”â”â”â”â”â”â”â”â”â”â”â”â”â”â”â”â”â”â”â”â”â”â”â”â”â”â”â”â”â” 46.5/46.5 kB 11.9 MB/s eta 0:00:00
2022-10-16T20:43:27.2185914Z Installing collected packages: urllib3, svgwrite, pillow, mdurl, idna, charset-normalizer, certifi, requests, markdown-it-py, mdit-py-plugins
2022-10-16T20:43:27.9548017Z Successfully installed certifi-2022.9.24 charset-normalizer-2.1.1 idna-3.4 markdown-it-py-2.1.0 mdit-py-plugins-0.3.1 mdurl-0.1.2 pillow-9.2.0 requests-2.28.1 svgwrite-1.4.3 urllib3-1.26.12
2022-10-16T20:43:27.9549141Z [91mWARNING: Running pip as the 'root' user can result in broken permissions and conflicting behaviour with the system package manager. It is recommended to use a virtual environment instead: https://pip.pypa.io/warnings/venv
2022-10-16T20:43:28.0395460Z [0m[91m
2022-10-16T20:43:28.0396536Z [notice] A new release of pip available: 22.2.2 -> 22.3
2022-10-16T20:43:28.0397730Z [notice] To update, run: pip install --upgrade pip
2022-10-16T20:43:30.2457745Z [0mRemoving intermediate container 6910c5ff49b3
2022-10-16T20:43:30.2458198Z  ---> 316e344b1e50
2022-10-16T20:43:30.2458645Z Step 4/6 : COPY script.py /script.py
2022-10-16T20:43:31.4289187Z  ---> 0a68728e6961
2022-10-16T20:43:31.4289757Z Step 5/6 : COPY microprint_generator.py /microprint_generator.py
2022-10-16T20:43:32.6003393Z  ---> 28a7971f484f
2022-10-16T20:43:32.6003918Z Step 6/6 : CMD ["python", "/script.py"]
2022-10-16T20:43:32.6281557Z  ---> Running in 823c344afee1
2022-10-16T20:43:33.7664425Z Removing intermediate container 823c344afee1
2022-10-16T20:43:33.7665181Z  ---> 10d30b617504
2022-10-16T20:43:33.7764730Z Successfully built 10d30b617504
2022-10-16T20:43:33.7808017Z Successfully tagged 8d5581:7d818c3497a45ba67a7777cea1100d98
2022-10-16T20:43:33.7839415Z ##[endgroup]
2022-10-16T20:43:33.8113510Z ##[command]/usr/bin/docker run --name d55817d818c3497a45ba67a7777cea1100d98_afc49d --label 8d5581 --workdir /github/workspace --rm -e "INPUT_MICROPRINT_RENDER_METHOD" -e "INPUT_LOG_PATH" -e "INPUT_MICROPRINT_PATH" -e "INPUT_MICROPRINT_CONFIG_PATH" -e "INPUT_REPOSITORY" -e "INPUT_GITHUB_TOKEN" -e "INPUT_JOB_ID" -e "INPUT_JOB_NAME" -e "INPUT_REF" -e "INPUT_LOG_FILENAME" -e "INPUT_SAVE_LOG" -e "INPUT_MICROPRINT_FILENAME" -e "INPUT_MICROPRINT_CONFIG_FILENAME" -e "INPUT_GENERATE_MICROPRINT_VISUALIZER_LINK" -e "INPUT_MICROPRINT_VISUALIZER_LINK_FILENAME" -e "INPUT_MICROPRINT_VISUALIZER_LINK_PATH" -e "INPUT_MATRIX" -e "HOME" -e "GITHUB_JOB" -e "GITHUB_REF" -e "GITHUB_SHA" -e "GITHUB_REPOSITORY" -e "GITHUB_REPOSITORY_OWNER" -e "GITHUB_RUN_ID" -e "GITHUB_RUN_NUMBER" -e "GITHUB_RETENTION_DAYS" -e "GITHUB_RUN_ATTEMPT" -e "GITHUB_ACTOR" -e "GITHUB_TRIGGERING_ACTOR" -e "GITHUB_WORKFLOW" -e "GITHUB_HEAD_REF" -e "GITHUB_BASE_REF" -e "GITHUB_EVENT_NAME" -e "GITHUB_SERVER_URL" -e "GITHUB_API_URL" -e "GITHUB_GRAPHQL_URL" -e "GITHUB_REF_NAME" -e "GITHUB_REF_PROTECTED" -e "GITHUB_REF_TYPE" -e "GITHUB_WORKSPACE" -e "GITHUB_ACTION" -e "GITHUB_EVENT_PATH" -e "GITHUB_ACTION_REPOSITORY" -e "GITHUB_ACTION_REF" -e "GITHUB_PATH" -e "GITHUB_ENV" -e "GITHUB_STEP_SUMMARY" -e "GITHUB_STATE" -e "GITHUB_OUTPUT" -e "RUNNER_OS" -e "RUNNER_ARCH" -e "RUNNER_NAME" -e "RUNNER_TOOL_CACHE" -e "RUNNER_TEMP" -e "RUNNER_WORKSPACE" -e "ACTIONS_RUNTIME_URL" -e "ACTIONS_RUNTIME_TOKEN" -e "ACTIONS_CACHE_URL" -e GITHUB_ACTIONS=true -e CI=true -v "/var/run/docker.sock":"/var/run/docker.sock" -v "/home/runner/work/_temp/_github_home":"/github/home" -v "/home/runner/work/_temp/_github_workflow":"/github/workflow" -v "/home/runner/work/_temp/_runner_file_commands":"/github/file_commands" -v "/home/runner/work/microprint-generator/microprint-generator":"/github/workspace" 8d5581:7d818c3497a45ba67a7777cea1100d98
2022-10-16T20:43:34.2942397Z DEBUG:urllib3.connectionpool:Starting new HTTPS connection (1): api.github.com:443
2022-10-16T20:43:34.4096564Z DEBUG:urllib3.connectionpool:https://api.github.com:443 "GET /repos/AlphaSteam/microprint-generator HTTP/1.1" 200 None
2022-10-16T20:43:34.4143822Z DEBUG:urllib3.connectionpool:Starting new HTTPS connection (1): api.github.com:443
2022-10-16T20:43:34.7368471Z DEBUG:urllib3.connectionpool:https://api.github.com:443 "GET /repos/AlphaSteam/microprint-generator/actions/runs/3260853539/jobs HTTP/1.1" 200 None
2022-10-16T20:43:34.7403599Z DEBUG:urllib3.connectionpool:Starting new HTTPS connection (1): api.github.com:443
2022-10-16T20:43:34.9092389Z DEBUG:urllib3.connectionpool:https://api.github.com:443 "GET /repos/AlphaSteam/microprint-generator/actions/jobs/8919327645/logs HTTP/1.1" 302 0
2022-10-16T20:43:34.9111030Z DEBUG:urllib3.connectionpool:Starting new HTTPS connection (1): pipelines.actions.githubusercontent.com:443
2022-10-16T20:43:34.9507916Z DEBUG:urllib3.connectionpool:https://pipelines.actions.githubusercontent.com:443 "GET /serviceHosts/871f7675-65c0-436d-aa94-5c5a4536b9ce/_apis/pipelines/1/runs/210/signedlogcontent/12?urlExpires=2022-10-16T20%3A44%3A34.8908880Z&urlSigningMethod=HMACV1&urlSignature=sE03v5yCYzJUYwdkl30r3RZTHtrPmc23RQkxHTfQA%2BM%3D HTTP/1.1" 200 None
2022-10-16T20:43:34.9547794Z INFO:root:Generating raster microprint
2022-10-16T20:43:35.1921350Z ##[group]Run git pull
2022-10-16T20:43:35.1921759Z [36;1mgit pull[0m
2022-10-16T20:43:35.1985421Z shell: /usr/bin/bash -e {0}
2022-10-16T20:43:35.1985788Z ##[endgroup]
2022-10-16T20:43:35.7972148Z From https://github.com/AlphaSteam/microprint-generator
2022-10-16T20:43:35.7982039Z    8808f62..9fbf2a5  matrix_actions          -> origin/matrix_actions
2022-10-16T20:43:35.7984914Z  * [new branch]      add_custom_rules        -> origin/add_custom_rules
2022-10-16T20:43:35.8006475Z  * [new branch]      add_microprint_analysis -> origin/add_microprint_analysis
2022-10-16T20:43:35.8008803Z  * [new branch]      add_multiple_columns    -> origin/add_multiple_columns
2022-10-16T20:43:35.8011137Z  * [new branch]      create-pull-request/patch -> origin/create-pull-request/patch
2022-10-16T20:43:35.8013005Z  * [new branch]      custom_fonts            -> origin/custom_fonts
2022-10-16T20:43:35.8014654Z  * [new branch]      develop                 -> origin/develop
2022-10-16T20:43:35.8016287Z  * [new branch]      main                    -> origin/main
2022-10-16T20:43:35.8018145Z  * [new branch]      microprint_visualizer_integration -> origin/microprint_visualizer_integration
2022-10-16T20:43:35.8018979Z  * [new branch]      reduce_code_duplication -> origin/reduce_code_duplication
2022-10-16T20:43:35.8021588Z  * [new branch]      release/v1              -> origin/release/v1
2022-10-16T20:43:35.8023653Z  * [new branch]      release/v2              -> origin/release/v2
2022-10-16T20:43:35.8025444Z  * [new branch]      test_workflow           -> origin/test_workflow
2022-10-16T20:43:35.8153030Z  * [new tag]         v1                      -> v1
2022-10-16T20:43:35.8153908Z  * [new tag]         v1.0.0                  -> v1.0.0
2022-10-16T20:43:35.8154457Z  * [new tag]         v2                      -> v2
2022-10-16T20:43:35.8155141Z  * [new tag]         v2.0.0                  -> v2.0.0
2022-10-16T20:43:35.8155744Z  * [new tag]         v3                      -> v3
2022-10-16T20:43:35.8156289Z  * [new tag]         v3.0.0                  -> v3.0.0
2022-10-16T20:43:35.8363129Z Updating 8808f62..9fbf2a5
2022-10-16T20:43:35.8379172Z Fast-forward
2022-10-16T20:43:35.8386333Z  Examples/Mid-job/logs (macos-latest, 1.6)/logs.txt    |   5 +++++
2022-10-16T20:43:35.8387173Z  Examples/Mid-job/logs (windows-latest, 1.6)/logs.txt  |   5 +++++
2022-10-16T20:43:35.8387924Z  Examples/Mid-job/logs/logs.txt                        |  10 +++++-----
2022-10-16T20:43:35.8388763Z  .../microprint (macos-latest, 1.6)/microprint.png     | Bin 0 -> 1187 bytes
2022-10-16T20:43:35.8389595Z  .../microprint (windows-latest, 1.6)/microprint.png   | Bin 0 -> 1244 bytes
2022-10-16T20:43:35.8390423Z  Examples/Mid-job/microprint/microprint.png            | Bin 1253 -> 1213 bytes
2022-10-16T20:43:35.8391086Z  6 files changed, 15 insertions(+), 5 deletions(-)
2022-10-16T20:43:35.8391846Z  create mode 100644 Examples/Mid-job/logs (macos-latest, 1.6)/logs.txt
2022-10-16T20:43:35.8392668Z  create mode 100644 Examples/Mid-job/logs (windows-latest, 1.6)/logs.txt
2022-10-16T20:43:35.8393522Z  create mode 100644 Examples/Mid-job/microprint (macos-latest, 1.6)/microprint.png
2022-10-16T20:43:35.8394417Z  create mode 100644 Examples/Mid-job/microprint (windows-latest, 1.6)/microprint.png
2022-10-16T20:43:35.8529750Z ##[group]Run stefanzweifel/git-auto-commit-action@v4
2022-10-16T20:43:35.8530125Z with:
2022-10-16T20:43:35.8530475Z   commit_message: Updated mid-job microprint
2022-10-16T20:43:35.8530829Z   file_pattern: .
2022-10-16T20:43:35.8531133Z   repository: .
2022-10-16T20:43:35.8531460Z   commit_user_name: github-actions[bot]
2022-10-16T20:43:35.8531901Z   commit_user_email: github-actions[bot]@users.noreply.github.com
2022-10-16T20:43:35.8532395Z   commit_author: AlphaSteam <AlphaSteam@users.noreply.github.com>
2022-10-16T20:43:35.8532808Z   skip_dirty_check: false
2022-10-16T20:43:35.8533114Z   skip_fetch: false
2022-10-16T20:43:35.8533564Z   skip_checkout: false
2022-10-16T20:43:35.8533893Z   disable_globbing: false
2022-10-16T20:43:35.8534215Z   create_branch: false
2022-10-16T20:43:35.8534511Z ##[endgroup]
2022-10-16T20:43:35.8949092Z Started: bash /home/runner/work/_actions/stefanzweifel/git-auto-commit-action/v4/entrypoint.sh
2022-10-16T20:43:35.9012801Z INPUT_REPOSITORY value: .
2022-10-16T20:43:35.9014282Z INPUT_STATUS_OPTIONS: 
2022-10-16T20:43:35.9015470Z INPUT_FILE_PATTERN: .
2022-10-16T20:43:35.9072135Z ##[warning]The `set-output` command is deprecated and will be disabled soon. Please upgrade to using Environment Files. For more information see: https://github.blog/changelog/2022-10-11-github-actions-deprecating-save-state-and-set-output-commands/
2022-10-16T20:43:35.9083669Z INPUT_BRANCH value: 
2022-10-16T20:43:36.1985886Z Your branch is up to date with 'origin/matrix_actions'.
2022-10-16T20:43:36.2002485Z INPUT_ADD_OPTIONS: 
2022-10-16T20:43:36.2004141Z INPUT_FILE_PATTERN: .
2022-10-16T20:43:36.2040409Z INPUT_COMMIT_OPTIONS: 
2022-10-16T20:43:36.2041910Z INPUT_COMMIT_USER_NAME: github-actions[bot]
2022-10-16T20:43:36.2042689Z INPUT_COMMIT_USER_EMAIL: github-actions[bot]@users.noreply.github.com
2022-10-16T20:43:36.2043889Z INPUT_COMMIT_MESSAGE: Updated mid-job microprint
2022-10-16T20:43:36.2044405Z INPUT_COMMIT_AUTHOR: AlphaSteam <AlphaSteam@users.noreply.github.com>
2022-10-16T20:43:36.2108017Z [matrix_actions 29c0d9b] Updated mid-job microprint
2022-10-16T20:43:36.2119340Z  Author: AlphaSteam <AlphaSteam@users.noreply.github.com>
2022-10-16T20:43:36.2143944Z  2 files changed, 5 insertions(+)
2022-10-16T20:43:36.2144847Z  create mode 100644 Examples/Mid-job/logs (ubuntu-latest, 1.6)/logs.txt
2022-10-16T20:43:36.2145969Z  create mode 100644 Examples/Mid-job/microprint (ubuntu-latest, 1.6)/microprint.png
2022-10-16T20:43:36.2148583Z ##[warning]The `set-output` command is deprecated and will be disabled soon. Please upgrade to using Environment Files. For more information see: https://github.blog/changelog/2022-10-11-github-actions-deprecating-save-state-and-set-output-commands/
2022-10-16T20:43:36.2149981Z INPUT_TAGGING_MESSAGE: 
2022-10-16T20:43:36.2257674Z No tagging message supplied. No tag will be added.
2022-10-16T20:43:36.2258429Z INPUT_PUSH_OPTIONS: 
2022-10-16T20:43:36.8426232Z To https://github.com/AlphaSteam/microprint-generator
2022-10-16T20:43:36.8427246Z    9fbf2a5..29c0d9b  matrix_actions -> matrix_actions
2022-10-16T20:43:36.8599172Z Post job cleanup.
2022-10-16T20:43:37.0106340Z [command]/usr/bin/git version
2022-10-16T20:43:37.0171140Z git version 2.37.3
2022-10-16T20:43:37.0235523Z Temporarily overriding HOME='/home/runner/work/_temp/fe7e05fd-4d64-4282-99d6-28b72708dc78' before making global git config changes
2022-10-16T20:43:37.0241242Z Adding repository directory to the temporary git global config as a safe directory
2022-10-16T20:43:37.0250395Z [command]/usr/bin/git config --global --add safe.directory /home/runner/work/microprint-generator/microprint-generator
2022-10-16T20:43:37.0301272Z [command]/usr/bin/git config --local --name-only --get-regexp core\.sshCommand
2022-10-16T20:43:37.0351275Z [command]/usr/bin/git submodule foreach --recursive git config --local --name-only --get-regexp 'core\.sshCommand' && git config --local --unset-all 'core.sshCommand' || :
2022-10-16T20:43:37.0688726Z [command]/usr/bin/git config --local --name-only --get-regexp http\.https\:\/\/github\.com\/\.extraheader
2022-10-16T20:43:37.0720240Z http.https://github.com/.extraheader
2022-10-16T20:43:37.0731364Z [command]/usr/bin/git config --local --unset-all http.https://github.com/.extraheader
2022-10-16T20:43:37.0773525Z [command]/usr/bin/git submodule foreach --recursive git config --local --name-only --get-regexp 'http\.https\:\/\/github\.com\/\.extraheader' && git config --local --unset-all 'http.https://github.com/.extraheader' || :
2022-10-16T20:43:37.1293129Z Cleaning up orphan processes
