2022-12-12T10:51:09.4205210Z Requested labels: ubuntu-latest
2022-12-12T10:51:09.4205245Z Job defined at: AlphaSteam/GHuPrintGen/.github/workflows/generate_examples.yaml@refs/heads/main
2022-12-12T10:51:09.4205264Z Waiting for a runner to pick up this job...
2022-12-12T10:51:09.5736043Z Job is waiting for a hosted runner to come online.
2022-12-12T10:51:13.8842326Z Job is about to start running on the hosted runner: GitHub Actions 2 (hosted)
2022-12-12T10:51:16.7952629Z Current runner version: '2.299.1'
2022-12-12T10:51:16.7985866Z ##[group]Operating System
2022-12-12T10:51:16.7986511Z Ubuntu
2022-12-12T10:51:16.7987244Z 22.04.1
2022-12-12T10:51:16.7987750Z LTS
2022-12-12T10:51:16.7988084Z ##[endgroup]
2022-12-12T10:51:16.7988488Z ##[group]Runner Image
2022-12-12T10:51:16.7988933Z Image: ubuntu-22.04
2022-12-12T10:51:16.7989378Z Version: 20221204.2
2022-12-12T10:51:16.7989947Z Included Software: https://github.com/actions/runner-images/blob/ubuntu22/20221204.2/images/linux/Ubuntu2204-Readme.md
2022-12-12T10:51:16.7990736Z Image Release: https://github.com/actions/runner-images/releases/tag/ubuntu22%2F20221204.2
2022-12-12T10:51:16.7991271Z ##[endgroup]
2022-12-12T10:51:16.7991633Z ##[group]Runner Image Provisioner
2022-12-12T10:51:16.7992115Z 2.0.91.1
2022-12-12T10:51:16.7992511Z ##[endgroup]
2022-12-12T10:51:16.7993648Z ##[group]GITHUB_TOKEN Permissions
2022-12-12T10:51:16.7994439Z Actions: write
2022-12-12T10:51:16.7996074Z Checks: write
2022-12-12T10:51:16.7996714Z Contents: write
2022-12-12T10:51:16.7997152Z Deployments: write
2022-12-12T10:51:16.7997562Z Discussions: write
2022-12-12T10:51:16.7998023Z Issues: write
2022-12-12T10:51:16.7998347Z Metadata: read
2022-12-12T10:51:16.7999117Z Packages: write
2022-12-12T10:51:16.7999535Z Pages: write
2022-12-12T10:51:16.7999871Z PullRequests: write
2022-12-12T10:51:16.8000410Z RepositoryProjects: write
2022-12-12T10:51:16.8000861Z SecurityEvents: write
2022-12-12T10:51:16.8001206Z Statuses: write
2022-12-12T10:51:16.8001628Z ##[endgroup]
2022-12-12T10:51:16.8006180Z Secret source: Actions
2022-12-12T10:51:16.8006759Z Prepare workflow directory
2022-12-12T10:51:16.8983019Z Prepare all required actions
2022-12-12T10:51:16.9207599Z Getting action download info
2022-12-12T10:51:17.2799614Z Download action repository 'actions/checkout@v3' (SHA:93ea575cb5d8a053eaa0ac8fa3b40d7e05a33cc8)
2022-12-12T10:51:17.9608650Z Download action repository 'EndBug/add-and-commit@v9' (SHA:61a88be553afe4206585b31aa72387c64295d08b)
2022-12-12T10:51:18.7047071Z ##[group]Run actions/checkout@v3
2022-12-12T10:51:18.7047473Z with:
2022-12-12T10:51:18.7047742Z   repository: AlphaSteam/GHuPrintGen
2022-12-12T10:51:18.7048317Z   token: ***
2022-12-12T10:51:18.7048553Z   ssh-strict: true
2022-12-12T10:51:18.7048815Z   persist-credentials: true
2022-12-12T10:51:18.7049070Z   clean: true
2022-12-12T10:51:18.7049283Z   fetch-depth: 1
2022-12-12T10:51:18.7049508Z   lfs: false
2022-12-12T10:51:18.7049813Z   submodules: false
2022-12-12T10:51:18.7050051Z   set-safe-directory: true
2022-12-12T10:51:18.7050306Z ##[endgroup]
2022-12-12T10:51:19.0751461Z Syncing repository: AlphaSteam/GHuPrintGen
2022-12-12T10:51:19.0753469Z ##[group]Getting Git version info
2022-12-12T10:51:19.0754217Z Working directory is '/home/runner/work/GHuPrintGen/GHuPrintGen'
2022-12-12T10:51:19.0754931Z [command]/usr/bin/git version
2022-12-12T10:51:19.0928705Z git version 2.38.1
2022-12-12T10:51:19.0964644Z ##[endgroup]
2022-12-12T10:51:19.0986179Z Temporarily overriding HOME='/home/runner/work/_temp/fe8073d6-bea8-4ab2-8819-8166a1ae0e8b' before making global git config changes
2022-12-12T10:51:19.0987544Z Adding repository directory to the temporary git global config as a safe directory
2022-12-12T10:51:19.0993530Z [command]/usr/bin/git config --global --add safe.directory /home/runner/work/GHuPrintGen/GHuPrintGen
2022-12-12T10:51:19.1052029Z Deleting the contents of '/home/runner/work/GHuPrintGen/GHuPrintGen'
2022-12-12T10:51:19.1059351Z ##[group]Initializing the repository
2022-12-12T10:51:19.1063644Z [command]/usr/bin/git init /home/runner/work/GHuPrintGen/GHuPrintGen
2022-12-12T10:51:19.1154041Z hint: Using 'master' as the name for the initial branch. This default branch name
2022-12-12T10:51:19.1154899Z hint: is subject to change. To configure the initial branch name to use in all
2022-12-12T10:51:19.1155922Z hint: of your new repositories, which will suppress this warning, call:
2022-12-12T10:51:19.1156510Z hint: 
2022-12-12T10:51:19.1159345Z hint: 	git config --global init.defaultBranch <name>
2022-12-12T10:51:19.1160372Z hint: 
2022-12-12T10:51:19.1161385Z hint: Names commonly chosen instead of 'master' are 'main', 'trunk' and
2022-12-12T10:51:19.1162236Z hint: 'development'. The just-created branch can be renamed via this command:
2022-12-12T10:51:19.1163356Z hint: 
2022-12-12T10:51:19.1163962Z hint: 	git branch -m <name>
2022-12-12T10:51:19.1175627Z Initialized empty Git repository in /home/runner/work/GHuPrintGen/GHuPrintGen/.git/
2022-12-12T10:51:19.1186330Z [command]/usr/bin/git remote add origin https://github.com/AlphaSteam/GHuPrintGen
2022-12-12T10:51:19.1239318Z ##[endgroup]
2022-12-12T10:51:19.1240491Z ##[group]Disabling automatic garbage collection
2022-12-12T10:51:19.1244778Z [command]/usr/bin/git config --local gc.auto 0
2022-12-12T10:51:19.1281955Z ##[endgroup]
2022-12-12T10:51:19.1283007Z ##[group]Setting up auth
2022-12-12T10:51:19.1293073Z [command]/usr/bin/git config --local --name-only --get-regexp core\.sshCommand
2022-12-12T10:51:19.1331096Z [command]/usr/bin/git submodule foreach --recursive git config --local --name-only --get-regexp 'core\.sshCommand' && git config --local --unset-all 'core.sshCommand' || :
2022-12-12T10:51:19.1892562Z [command]/usr/bin/git config --local --name-only --get-regexp http\.https\:\/\/github\.com\/\.extraheader
2022-12-12T10:51:19.1923495Z [command]/usr/bin/git submodule foreach --recursive git config --local --name-only --get-regexp 'http\.https\:\/\/github\.com\/\.extraheader' && git config --local --unset-all 'http.https://github.com/.extraheader' || :
2022-12-12T10:51:19.2201471Z [command]/usr/bin/git config --local http.https://github.com/.extraheader AUTHORIZATION: basic ***
2022-12-12T10:51:19.2243589Z ##[endgroup]
2022-12-12T10:51:19.2244311Z ##[group]Fetching the repository
2022-12-12T10:51:19.2258890Z [command]/usr/bin/git -c protocol.version=2 fetch --no-tags --prune --progress --no-recurse-submodules --depth=1 origin +d44af055667f50011bf228db95faa3c8dc5a0d8c:refs/remotes/origin/main
2022-12-12T10:51:19.6389215Z remote: Enumerating objects: 57, done.        
2022-12-12T10:51:19.6400611Z remote: Counting objects:   1% (1/57)        
2022-12-12T10:51:19.6401045Z remote: Counting objects:   3% (2/57)        
2022-12-12T10:51:19.6401368Z remote: Counting objects:   5% (3/57)        
2022-12-12T10:51:19.6401871Z remote: Counting objects:   7% (4/57)        
2022-12-12T10:51:19.6402317Z remote: Counting objects:   8% (5/57)        
2022-12-12T10:51:19.6402767Z remote: Counting objects:  10% (6/57)        
2022-12-12T10:51:19.6403146Z remote: Counting objects:  12% (7/57)        
2022-12-12T10:51:19.6403487Z remote: Counting objects:  14% (8/57)        
2022-12-12T10:51:19.6403812Z remote: Counting objects:  15% (9/57)        
2022-12-12T10:51:19.6404121Z remote: Counting objects:  17% (10/57)        
2022-12-12T10:51:19.6404428Z remote: Counting objects:  19% (11/57)        
2022-12-12T10:51:19.6404870Z remote: Counting objects:  21% (12/57)        
2022-12-12T10:51:19.6405227Z remote: Counting objects:  22% (13/57)        
2022-12-12T10:51:19.6405805Z remote: Counting objects:  24% (14/57)        
2022-12-12T10:51:19.6406242Z remote: Counting objects:  26% (15/57)        
2022-12-12T10:51:19.6406652Z remote: Counting objects:  28% (16/57)        
2022-12-12T10:51:19.6407083Z remote: Counting objects:  29% (17/57)        
2022-12-12T10:51:19.6407513Z remote: Counting objects:  31% (18/57)        
2022-12-12T10:51:19.6407956Z remote: Counting objects:  33% (19/57)        
2022-12-12T10:51:19.6408422Z remote: Counting objects:  35% (20/57)        
2022-12-12T10:51:19.6408854Z remote: Counting objects:  36% (21/57)        
2022-12-12T10:51:19.6409280Z remote: Counting objects:  38% (22/57)        
2022-12-12T10:51:19.6409704Z remote: Counting objects:  40% (23/57)        
2022-12-12T10:51:19.6410118Z remote: Counting objects:  42% (24/57)        
2022-12-12T10:51:19.6410602Z remote: Counting objects:  43% (25/57)        
2022-12-12T10:51:19.6411020Z remote: Counting objects:  45% (26/57)        
2022-12-12T10:51:19.6411447Z remote: Counting objects:  47% (27/57)        
2022-12-12T10:51:19.6412195Z remote: Counting objects:  49% (28/57)        
2022-12-12T10:51:19.6412685Z remote: Counting objects:  50% (29/57)        
2022-12-12T10:51:19.6413120Z remote: Counting objects:  52% (30/57)        
2022-12-12T10:51:19.6413543Z remote: Counting objects:  54% (31/57)        
2022-12-12T10:51:19.6413951Z remote: Counting objects:  56% (32/57)        
2022-12-12T10:51:19.6415073Z remote: Counting objects:  57% (33/57)        
2022-12-12T10:51:19.6415760Z remote: Counting objects:  59% (34/57)        
2022-12-12T10:51:19.6416202Z remote: Counting objects:  61% (35/57)        
2022-12-12T10:51:19.6416609Z remote: Counting objects:  63% (36/57)        
2022-12-12T10:51:19.6417012Z remote: Counting objects:  64% (37/57)        
2022-12-12T10:51:19.6417396Z remote: Counting objects:  66% (38/57)        
2022-12-12T10:51:19.6417897Z remote: Counting objects:  68% (39/57)        
2022-12-12T10:51:19.6418257Z remote: Counting objects:  70% (40/57)        
2022-12-12T10:51:19.6418650Z remote: Counting objects:  71% (41/57)        
2022-12-12T10:51:19.6419022Z remote: Counting objects:  73% (42/57)        
2022-12-12T10:51:19.6419380Z remote: Counting objects:  75% (43/57)        
2022-12-12T10:51:19.6419746Z remote: Counting objects:  77% (44/57)        
2022-12-12T10:51:19.6420119Z remote: Counting objects:  78% (45/57)        
2022-12-12T10:51:19.6420493Z remote: Counting objects:  80% (46/57)        
2022-12-12T10:51:19.6420998Z remote: Counting objects:  82% (47/57)        
2022-12-12T10:51:19.6421384Z remote: Counting objects:  84% (48/57)        
2022-12-12T10:51:19.6421767Z remote: Counting objects:  85% (49/57)        
2022-12-12T10:51:19.6422135Z remote: Counting objects:  87% (50/57)        
2022-12-12T10:51:19.6422487Z remote: Counting objects:  89% (51/57)        
2022-12-12T10:51:19.6422858Z remote: Counting objects:  91% (52/57)        
2022-12-12T10:51:19.6423231Z remote: Counting objects:  92% (53/57)        
2022-12-12T10:51:19.6423795Z remote: Counting objects:  94% (54/57)        
2022-12-12T10:51:19.6424269Z remote: Counting objects:  96% (55/57)        
2022-12-12T10:51:19.6425937Z remote: Counting objects:  98% (56/57)        
2022-12-12T10:51:19.6426354Z remote: Counting objects: 100% (57/57)        
2022-12-12T10:51:19.6426758Z remote: Counting objects: 100% (57/57), done.        
2022-12-12T10:51:19.6430002Z remote: Compressing objects:   2% (1/44)        
2022-12-12T10:51:19.6430460Z remote: Compressing objects:   4% (2/44)        
2022-12-12T10:51:19.6430871Z remote: Compressing objects:   6% (3/44)        
2022-12-12T10:51:19.6431256Z remote: Compressing objects:   9% (4/44)        
2022-12-12T10:51:19.6431663Z remote: Compressing objects:  11% (5/44)        
2022-12-12T10:51:19.6432059Z remote: Compressing objects:  13% (6/44)        
2022-12-12T10:51:19.6432459Z remote: Compressing objects:  15% (7/44)        
2022-12-12T10:51:19.6433151Z remote: Compressing objects:  18% (8/44)        
2022-12-12T10:51:19.6433547Z remote: Compressing objects:  20% (9/44)        
2022-12-12T10:51:19.6433952Z remote: Compressing objects:  22% (10/44)        
2022-12-12T10:51:19.6434354Z remote: Compressing objects:  25% (11/44)        
2022-12-12T10:51:19.6434745Z remote: Compressing objects:  27% (12/44)        
2022-12-12T10:51:19.6435120Z remote: Compressing objects:  29% (13/44)        
2022-12-12T10:51:19.6435510Z remote: Compressing objects:  31% (14/44)        
2022-12-12T10:51:19.6435906Z remote: Compressing objects:  34% (15/44)        
2022-12-12T10:51:19.6455671Z remote: Compressing objects:  36% (16/44)        
2022-12-12T10:51:19.6456042Z remote: Compressing objects:  38% (17/44)        
2022-12-12T10:51:19.6456348Z remote: Compressing objects:  40% (18/44)        
2022-12-12T10:51:19.6635950Z remote: Compressing objects:  43% (19/44)        
2022-12-12T10:51:19.6636337Z remote: Compressing objects:  45% (20/44)        
2022-12-12T10:51:19.6636657Z remote: Compressing objects:  47% (21/44)        
2022-12-12T10:51:19.6636990Z remote: Compressing objects:  50% (22/44)        
2022-12-12T10:51:19.6641217Z remote: Compressing objects:  52% (23/44)        
2022-12-12T10:51:19.6641537Z remote: Compressing objects:  54% (24/44)        
2022-12-12T10:51:19.6641846Z remote: Compressing objects:  56% (25/44)        
2022-12-12T10:51:19.6642136Z remote: Compressing objects:  59% (26/44)        
2022-12-12T10:51:19.6642441Z remote: Compressing objects:  61% (27/44)        
2022-12-12T10:51:19.6642749Z remote: Compressing objects:  63% (28/44)        
2022-12-12T10:51:19.6643037Z remote: Compressing objects:  65% (29/44)        
2022-12-12T10:51:19.6643346Z remote: Compressing objects:  68% (30/44)        
2022-12-12T10:51:19.6644788Z remote: Compressing objects:  70% (31/44)        
2022-12-12T10:51:19.6645120Z remote: Compressing objects:  72% (32/44)        
2022-12-12T10:51:19.6645413Z remote: Compressing objects:  75% (33/44)        
2022-12-12T10:51:19.6645717Z remote: Compressing objects:  77% (34/44)        
2022-12-12T10:51:19.6646031Z remote: Compressing objects:  79% (35/44)        
2022-12-12T10:51:19.6646326Z remote: Compressing objects:  81% (36/44)        
2022-12-12T10:51:19.6646624Z remote: Compressing objects:  84% (37/44)        
2022-12-12T10:51:19.6646923Z remote: Compressing objects:  86% (38/44)        
2022-12-12T10:51:19.6647209Z remote: Compressing objects:  88% (39/44)        
2022-12-12T10:51:19.6647508Z remote: Compressing objects:  90% (40/44)        
2022-12-12T10:51:19.6647806Z remote: Compressing objects:  93% (41/44)        
2022-12-12T10:51:19.6648106Z remote: Compressing objects:  95% (42/44)        
2022-12-12T10:51:19.6648392Z remote: Compressing objects:  97% (43/44)        
2022-12-12T10:51:19.6648688Z remote: Compressing objects: 100% (44/44)        
2022-12-12T10:51:19.6649004Z remote: Compressing objects: 100% (44/44), done.        
2022-12-12T10:51:19.7949608Z remote: Total 57 (delta 22), reused 30 (delta 9), pack-reused 0        
2022-12-12T10:51:19.8204504Z From https://github.com/AlphaSteam/GHuPrintGen
2022-12-12T10:51:19.8205868Z  * [new ref]         d44af055667f50011bf228db95faa3c8dc5a0d8c -> origin/main
2022-12-12T10:51:19.8242726Z ##[endgroup]
2022-12-12T10:51:19.8243607Z ##[group]Determining the checkout info
2022-12-12T10:51:19.8245342Z ##[endgroup]
2022-12-12T10:51:19.8245774Z ##[group]Checking out the ref
2022-12-12T10:51:19.8250278Z [command]/usr/bin/git checkout --progress --force -B main refs/remotes/origin/main
2022-12-12T10:51:19.8509599Z Switched to a new branch 'main'
2022-12-12T10:51:19.8511100Z branch 'main' set up to track 'origin/main'.
2022-12-12T10:51:19.8522254Z ##[endgroup]
2022-12-12T10:51:19.8571852Z [command]/usr/bin/git log -1 --format='%H'
2022-12-12T10:51:19.8604895Z 'd44af055667f50011bf228db95faa3c8dc5a0d8c'
2022-12-12T10:51:19.9089897Z ##[group]Run ./
2022-12-12T10:51:19.9090235Z with:
2022-12-12T10:51:19.9090593Z   log_path: ./Examples/Mid-job
2022-12-12T10:51:19.9090863Z   microprint_path: ./Examples/Mid-job
2022-12-12T10:51:19.9091210Z   repository: AlphaSteam/GHuPrintGen
2022-12-12T10:51:19.9091710Z   github_token: ***
2022-12-12T10:51:19.9091994Z   job_name: generate_microprint_mid_job
2022-12-12T10:51:19.9092368Z   ref: refs/heads/main
2022-12-12T10:51:19.9092657Z   log_filename: logs
2022-12-12T10:51:19.9092885Z   save_log: true
2022-12-12T10:51:19.9093174Z   microprint_filename: microprint
2022-12-12T10:51:19.9093532Z   microprint_config_filename: config
2022-12-12T10:51:19.9093861Z   microprint_config_path: ./
2022-12-12T10:51:19.9094142Z   generate_microprint_visualizer_link: true
2022-12-12T10:51:19.9094505Z   microprint_visualizer_link_filename: microprint_visualizer
2022-12-12T10:51:19.9094863Z   microprint_visualizer_link_path: ./
2022-12-12T10:51:19.9095155Z ##[endgroup]
2022-12-12T10:51:19.9292592Z ##[group]Building docker image
2022-12-12T10:51:19.9293045Z Dockerfile for action: '/home/runner/work/GHuPrintGen/GHuPrintGen/./Dockerfile'.
2022-12-12T10:51:19.9312759Z ##[command]/usr/bin/docker build -t 290506:ad9cd4fcbd7f5811b11201f18ccb01ec -f "/home/runner/work/GHuPrintGen/GHuPrintGen/./Dockerfile" "/home/runner/work/GHuPrintGen/GHuPrintGen"
2022-12-12T10:51:20.2413015Z Sending build context to Docker daemon  3.781MB
2022-12-12T10:51:20.2413724Z 
2022-12-12T10:51:20.2447276Z Step 1/5 : FROM python:3
2022-12-12T10:51:21.2637521Z 3: Pulling from library/python
2022-12-12T10:51:21.5131292Z f2f58072e9ed: Pulling fs layer
2022-12-12T10:51:21.5132100Z 5c8cfbf51e6e: Pulling fs layer
2022-12-12T10:51:21.5132541Z aa3a609d1579: Pulling fs layer
2022-12-12T10:51:21.5133034Z 094e7d9bb04e: Pulling fs layer
2022-12-12T10:51:21.5133372Z 2cbfd734f382: Pulling fs layer
2022-12-12T10:51:21.5133654Z aa86ac293d0f: Pulling fs layer
2022-12-12T10:51:21.5134043Z 4cffc9f44941: Pulling fs layer
2022-12-12T10:51:21.5134404Z ae2c75627c86: Pulling fs layer
2022-12-12T10:51:21.5134703Z 2d2b74d2f0f7: Pulling fs layer
2022-12-12T10:51:21.5135028Z 2cbfd734f382: Waiting
2022-12-12T10:51:21.5135460Z aa86ac293d0f: Waiting
2022-12-12T10:51:21.5135989Z 4cffc9f44941: Waiting
2022-12-12T10:51:21.5140307Z ae2c75627c86: Waiting
2022-12-12T10:51:21.5140693Z 2d2b74d2f0f7: Waiting
2022-12-12T10:51:21.5141061Z 094e7d9bb04e: Waiting
2022-12-12T10:51:21.8154050Z 5c8cfbf51e6e: Verifying Checksum
2022-12-12T10:51:21.8179931Z 5c8cfbf51e6e: Download complete
2022-12-12T10:51:21.9452862Z aa3a609d1579: Verifying Checksum
2022-12-12T10:51:21.9453572Z aa3a609d1579: Download complete
2022-12-12T10:51:22.3402429Z f2f58072e9ed: Verifying Checksum
2022-12-12T10:51:22.3407798Z f2f58072e9ed: Download complete
2022-12-12T10:51:22.6977623Z aa86ac293d0f: Verifying Checksum
2022-12-12T10:51:22.6981934Z aa86ac293d0f: Download complete
2022-12-12T10:51:23.0795060Z 094e7d9bb04e: Verifying Checksum
2022-12-12T10:51:23.0800057Z 094e7d9bb04e: Download complete
2022-12-12T10:51:23.2421126Z 4cffc9f44941: Verifying Checksum
2022-12-12T10:51:23.2425709Z 4cffc9f44941: Download complete
2022-12-12T10:51:23.3606798Z ae2c75627c86: Verifying Checksum
2022-12-12T10:51:23.3608138Z ae2c75627c86: Download complete
2022-12-12T10:51:23.5677193Z 2d2b74d2f0f7: Verifying Checksum
2022-12-12T10:51:23.5677615Z 2d2b74d2f0f7: Download complete
2022-12-12T10:51:24.1815248Z 2cbfd734f382: Verifying Checksum
2022-12-12T10:51:24.1815809Z 2cbfd734f382: Download complete
2022-12-12T10:51:25.5764039Z f2f58072e9ed: Pull complete
2022-12-12T10:51:27.7839913Z 5c8cfbf51e6e: Pull complete
2022-12-12T10:51:28.2812942Z aa3a609d1579: Pull complete
2022-12-12T10:51:32.1258457Z 094e7d9bb04e: Pull complete
2022-12-12T10:51:42.5872717Z 2cbfd734f382: Pull complete
2022-12-12T10:51:42.9961302Z aa86ac293d0f: Pull complete
2022-12-12T10:51:44.0768301Z 4cffc9f44941: Pull complete
2022-12-12T10:51:44.1411763Z ae2c75627c86: Pull complete
2022-12-12T10:51:44.6380260Z 2d2b74d2f0f7: Pull complete
2022-12-12T10:51:44.6449850Z Digest: sha256:1a91094b2729a1d78fa2bb3260b94576447b20d05346d983e9c2f4fd72c6d9b5
2022-12-12T10:51:44.6476520Z Status: Downloaded newer image for python:3
2022-12-12T10:51:44.6494650Z  ---> 539eccd5ee4e
2022-12-12T10:51:44.6495197Z Step 2/5 : COPY requirements.txt /requirements.txt
2022-12-12T10:51:45.8970219Z  ---> b347233833de
2022-12-12T10:51:45.8970639Z Step 3/5 : RUN pip install -r /requirements.txt
2022-12-12T10:51:45.9185509Z  ---> Running in 27cd5e8e49ce
2022-12-12T10:51:48.1156520Z Collecting requests
2022-12-12T10:51:48.1369568Z   Downloading requests-2.28.1-py3-none-any.whl (62 kB)
2022-12-12T10:51:48.1456490Z      ‚îÅ‚îÅ‚îÅ‚îÅ‚îÅ‚îÅ‚îÅ‚îÅ‚îÅ‚îÅ‚îÅ‚îÅ‚îÅ‚îÅ‚îÅ‚îÅ‚îÅ‚îÅ‚îÅ‚îÅ‚îÅ‚îÅ‚îÅ‚îÅ‚îÅ‚îÅ‚îÅ‚îÅ‚îÅ‚îÅ‚îÅ‚îÅ‚îÅ‚îÅ‚îÅ‚îÅ‚îÅ‚îÅ‚îÅ‚îÅ 62.8/62.8 kB 13.3 MB/s eta 0:00:00
2022-12-12T10:51:48.1847126Z Collecting svgwrite
2022-12-12T10:51:48.1896716Z   Downloading svgwrite-1.4.3-py3-none-any.whl (67 kB)
2022-12-12T10:51:48.1966920Z      ‚îÅ‚îÅ‚îÅ‚îÅ‚îÅ‚îÅ‚îÅ‚îÅ‚îÅ‚îÅ‚îÅ‚îÅ‚îÅ‚îÅ‚îÅ‚îÅ‚îÅ‚îÅ‚îÅ‚îÅ‚îÅ‚îÅ‚îÅ‚îÅ‚îÅ‚îÅ‚îÅ‚îÅ‚îÅ‚îÅ‚îÅ‚îÅ‚îÅ‚îÅ‚îÅ‚îÅ‚îÅ‚îÅ‚îÅ‚îÅ 67.1/67.1 kB 16.2 MB/s eta 0:00:00
2022-12-12T10:51:48.2282582Z Collecting markdown-it-py[plugins]
2022-12-12T10:51:48.2332839Z   Downloading markdown_it_py-2.1.0-py3-none-any.whl (84 kB)
2022-12-12T10:51:48.2406080Z      ‚îÅ‚îÅ‚îÅ‚îÅ‚îÅ‚îÅ‚îÅ‚îÅ‚îÅ‚îÅ‚îÅ‚îÅ‚îÅ‚îÅ‚îÅ‚îÅ‚îÅ‚îÅ‚îÅ‚îÅ‚îÅ‚îÅ‚îÅ‚îÅ‚îÅ‚îÅ‚îÅ‚îÅ‚îÅ‚îÅ‚îÅ‚îÅ‚îÅ‚îÅ‚îÅ‚îÅ‚îÅ‚îÅ‚îÅ‚îÅ 84.5/84.5 kB 18.3 MB/s eta 0:00:00
2022-12-12T10:51:48.2587722Z Collecting uPrintGen
2022-12-12T10:51:48.2629575Z   Downloading uPrintGen-1.1.0-py3-none-any.whl (31 kB)
2022-12-12T10:51:48.3607676Z Collecting charset-normalizer<3,>=2
2022-12-12T10:51:48.3801034Z   Downloading charset_normalizer-2.1.1-py3-none-any.whl (39 kB)
2022-12-12T10:51:48.3934971Z Collecting idna<4,>=2.5
2022-12-12T10:51:48.3983951Z   Downloading idna-3.4-py3-none-any.whl (61 kB)
2022-12-12T10:51:48.4044755Z      ‚îÅ‚îÅ‚îÅ‚îÅ‚îÅ‚îÅ‚îÅ‚îÅ‚îÅ‚îÅ‚îÅ‚îÅ‚îÅ‚îÅ‚îÅ‚îÅ‚îÅ‚îÅ‚îÅ‚îÅ‚îÅ‚îÅ‚îÅ‚îÅ‚îÅ‚îÅ‚îÅ‚îÅ‚îÅ‚îÅ‚îÅ‚îÅ‚îÅ‚îÅ‚îÅ‚îÅ‚îÅ‚îÅ‚îÅ‚îÅ 61.5/61.5 kB 16.4 MB/s eta 0:00:00
2022-12-12T10:51:48.4586731Z Collecting urllib3<1.27,>=1.21.1
2022-12-12T10:51:48.4639114Z   Downloading urllib3-1.26.13-py2.py3-none-any.whl (140 kB)
2022-12-12T10:51:48.4710042Z      ‚îÅ‚îÅ‚îÅ‚îÅ‚îÅ‚îÅ‚îÅ‚îÅ‚îÅ‚îÅ‚îÅ‚îÅ‚îÅ‚îÅ‚îÅ‚îÅ‚îÅ‚îÅ‚îÅ‚îÅ‚îÅ‚îÅ‚îÅ‚îÅ‚îÅ‚îÅ‚îÅ‚îÅ‚îÅ‚îÅ‚îÅ‚îÅ‚îÅ‚îÅ‚îÅ‚îÅ‚îÅ‚îÅ 140.6/140.6 kB 33.2 MB/s eta 0:00:00
2022-12-12T10:51:48.5062809Z Collecting certifi>=2017.4.17
2022-12-12T10:51:48.5120057Z   Downloading certifi-2022.12.7-py3-none-any.whl (155 kB)
2022-12-12T10:51:48.5220485Z      ‚îÅ‚îÅ‚îÅ‚îÅ‚îÅ‚îÅ‚îÅ‚îÅ‚îÅ‚îÅ‚îÅ‚îÅ‚îÅ‚îÅ‚îÅ‚îÅ‚îÅ‚îÅ‚îÅ‚îÅ‚îÅ‚îÅ‚îÅ‚îÅ‚îÅ‚îÅ‚îÅ‚îÅ‚îÅ‚îÅ‚îÅ‚îÅ‚îÅ‚îÅ‚îÅ‚îÅ‚îÅ‚îÅ 155.3/155.3 kB 22.3 MB/s eta 0:00:00
2022-12-12T10:51:48.5687429Z Collecting mdurl~=0.1
2022-12-12T10:51:48.5728917Z   Downloading mdurl-0.1.2-py3-none-any.whl (10.0 kB)
2022-12-12T10:51:48.5975379Z Collecting mdit-py-plugins
2022-12-12T10:51:48.6010494Z   Downloading mdit_py_plugins-0.3.3-py3-none-any.whl (50 kB)
2022-12-12T10:51:48.6067159Z      ‚îÅ‚îÅ‚îÅ‚îÅ‚îÅ‚îÅ‚îÅ‚îÅ‚îÅ‚îÅ‚îÅ‚îÅ‚îÅ‚îÅ‚îÅ‚îÅ‚îÅ‚îÅ‚îÅ‚îÅ‚îÅ‚îÅ‚îÅ‚îÅ‚îÅ‚îÅ‚îÅ‚îÅ‚îÅ‚îÅ‚îÅ‚îÅ‚îÅ‚îÅ‚îÅ‚îÅ‚îÅ‚îÅ‚îÅ‚îÅ 50.5/50.5 kB 13.5 MB/s eta 0:00:00
2022-12-12T10:51:48.6875189Z Collecting tqdm
2022-12-12T10:51:48.6915062Z   Downloading tqdm-4.64.1-py2.py3-none-any.whl (78 kB)
2022-12-12T10:51:48.6978915Z      ‚îÅ‚îÅ‚îÅ‚îÅ‚îÅ‚îÅ‚îÅ‚îÅ‚îÅ‚îÅ‚îÅ‚îÅ‚îÅ‚îÅ‚îÅ‚îÅ‚îÅ‚îÅ‚îÅ‚îÅ‚îÅ‚îÅ‚îÅ‚îÅ‚îÅ‚îÅ‚îÅ‚îÅ‚îÅ‚îÅ‚îÅ‚îÅ‚îÅ‚îÅ‚îÅ‚îÅ‚îÅ‚îÅ‚îÅ‚îÅ 78.5/78.5 kB 18.7 MB/s eta 0:00:00
2022-12-12T10:51:48.9257102Z Installing collected packages: urllib3, tqdm, svgwrite, mdurl, idna, charset-normalizer, certifi, uPrintGen, requests, markdown-it-py, mdit-py-plugins
2022-12-12T10:51:49.5653499Z Successfully installed certifi-2022.12.7 charset-normalizer-2.1.1 idna-3.4 markdown-it-py-2.1.0 mdit-py-plugins-0.3.3 mdurl-0.1.2 requests-2.28.1 svgwrite-1.4.3 tqdm-4.64.1 uPrintGen-1.1.0 urllib3-1.26.13
2022-12-12T10:51:49.5655477Z [91mWARNING: Running pip as the 'root' user can result in broken permissions and conflicting behaviour with the system package manager. It is recommended to use a virtual environment instead: https://pip.pypa.io/warnings/venv
2022-12-12T10:51:51.9090054Z [0mRemoving intermediate container 27cd5e8e49ce
2022-12-12T10:51:51.9090555Z  ---> 9ab93fc46147
2022-12-12T10:51:51.9091474Z Step 4/5 : COPY script.py /script.py
2022-12-12T10:51:53.2464577Z  ---> 0101b5a13d37
2022-12-12T10:51:53.2465498Z Step 5/5 : CMD ["python", "/script.py"]
2022-12-12T10:51:53.2787638Z  ---> Running in e4cb44aee129
2022-12-12T10:51:54.4871001Z Removing intermediate container e4cb44aee129
2022-12-12T10:51:54.4871342Z  ---> bb8f3fd8aaab
2022-12-12T10:51:54.4925694Z Successfully built bb8f3fd8aaab
2022-12-12T10:51:54.5014389Z Successfully tagged 290506:ad9cd4fcbd7f5811b11201f18ccb01ec
2022-12-12T10:51:54.5041992Z ##[endgroup]
2022-12-12T10:51:54.5194309Z ##[command]/usr/bin/docker run --name ad9cd4fcbd7f5811b11201f18ccb01ec_9582dd --label 290506 --workdir /github/workspace --rm -e "INPUT_LOG_PATH" -e "INPUT_MICROPRINT_PATH" -e "INPUT_REPOSITORY" -e "INPUT_GITHUB_TOKEN" -e "INPUT_JOB_NAME" -e "INPUT_REF" -e "INPUT_LOG_FILENAME" -e "INPUT_SAVE_LOG" -e "INPUT_MICROPRINT_FILENAME" -e "INPUT_MICROPRINT_CONFIG_FILENAME" -e "INPUT_MICROPRINT_CONFIG_PATH" -e "INPUT_GENERATE_MICROPRINT_VISUALIZER_LINK" -e "INPUT_MICROPRINT_VISUALIZER_LINK_FILENAME" -e "INPUT_MICROPRINT_VISUALIZER_LINK_PATH" -e "INPUT_MATRIX" -e "HOME" -e "GITHUB_JOB" -e "GITHUB_REF" -e "GITHUB_SHA" -e "GITHUB_REPOSITORY" -e "GITHUB_REPOSITORY_OWNER" -e "GITHUB_RUN_ID" -e "GITHUB_RUN_NUMBER" -e "GITHUB_RETENTION_DAYS" -e "GITHUB_RUN_ATTEMPT" -e "GITHUB_ACTOR" -e "GITHUB_TRIGGERING_ACTOR" -e "GITHUB_WORKFLOW" -e "GITHUB_HEAD_REF" -e "GITHUB_BASE_REF" -e "GITHUB_EVENT_NAME" -e "GITHUB_SERVER_URL" -e "GITHUB_API_URL" -e "GITHUB_GRAPHQL_URL" -e "GITHUB_REF_NAME" -e "GITHUB_REF_PROTECTED" -e "GITHUB_REF_TYPE" -e "GITHUB_WORKSPACE" -e "GITHUB_ACTION" -e "GITHUB_EVENT_PATH" -e "GITHUB_ACTION_REPOSITORY" -e "GITHUB_ACTION_REF" -e "GITHUB_PATH" -e "GITHUB_ENV" -e "GITHUB_STEP_SUMMARY" -e "GITHUB_STATE" -e "GITHUB_OUTPUT" -e "RUNNER_OS" -e "RUNNER_ARCH" -e "RUNNER_NAME" -e "RUNNER_TOOL_CACHE" -e "RUNNER_TEMP" -e "RUNNER_WORKSPACE" -e "ACTIONS_RUNTIME_URL" -e "ACTIONS_RUNTIME_TOKEN" -e "ACTIONS_CACHE_URL" -e GITHUB_ACTIONS=true -e CI=true -v "/var/run/docker.sock":"/var/run/docker.sock" -v "/home/runner/work/_temp/_github_home":"/github/home" -v "/home/runner/work/_temp/_github_workflow":"/github/workflow" -v "/home/runner/work/_temp/_runner_file_commands":"/github/file_commands" -v "/home/runner/work/GHuPrintGen/GHuPrintGen":"/github/workspace" 290506:ad9cd4fcbd7f5811b11201f18ccb01ec
2022-12-12T10:51:55.0184143Z DEBUG:urllib3.connectionpool:Starting new HTTPS connection (1): api.github.com:443
2022-12-12T10:51:55.2918414Z DEBUG:urllib3.connectionpool:https://api.github.com:443 "GET /repos/AlphaSteam/GHuPrintGen HTTP/1.1" 200 None
2022-12-12T10:51:55.2948190Z DEBUG:urllib3.connectionpool:Starting new HTTPS connection (1): api.github.com:443
2022-12-12T10:51:55.5970420Z DEBUG:urllib3.connectionpool:https://api.github.com:443 "GET /repos/AlphaSteam/GHuPrintGen/actions/runs/3675040344/jobs HTTP/1.1" 200 None
2022-12-12T10:51:55.5999585Z DEBUG:urllib3.connectionpool:Starting new HTTPS connection (1): api.github.com:443
2022-12-12T10:51:55.9043571Z DEBUG:urllib3.connectionpool:https://api.github.com:443 "GET /repos/AlphaSteam/GHuPrintGen/actions/jobs/10033589683/logs HTTP/1.1" 302 0
2022-12-12T10:51:55.9063408Z DEBUG:urllib3.connectionpool:Starting new HTTPS connection (1): pipelines.actions.githubusercontent.com:443
2022-12-12T10:51:56.0094524Z DEBUG:urllib3.connectionpool:https://pipelines.actions.githubusercontent.com:443 "GET /serviceHosts/871f7675-65c0-436d-aa94-5c5a4536b9ce/_apis/pipelines/1/runs/295/signedlogcontent/2?urlExpires=2022-12-12T10%3A52%3A55.8296416Z&urlSigningMethod=HMACV1&urlSignature=MZWi1pNpiKaHXkjtGYBSW9zpy0xxADGjEVLrM1oR%2Bd8%3D HTTP/1.1" 200 None
2022-12-12T10:51:56.0126375Z INFO:root:Configuration file 'config.json loaded successfully
2022-12-12T10:51:56.3271350Z INFO:root:Generating svg microprint
2022-12-12T10:51:56.3465683Z 
2022-12-12T10:51:56.3468756Z Generating columns:   0%|          | 0/1 [00:00<?, ?it/s]
2022-12-12T10:51:56.3470849Z 
2022-12-12T10:51:56.3484704Z Generating rows:   0%|          | 0/5 [00:00<?, ?it/s][A
2022-12-12T10:51:56.3485143Z Generating rows: 100%|‚ñà‚ñà‚ñà‚ñà‚ñà‚ñà‚ñà‚ñà‚ñà‚ñà| 5/5 [00:00<00:00, 7603.89it/s]
2022-12-12T10:51:56.3485325Z 
2022-12-12T10:51:56.3485564Z Generating columns: 100%|‚ñà‚ñà‚ñà‚ñà‚ñà‚ñà‚ñà‚ñà‚ñà‚ñà| 1/1 [00:00<00:00, 617.08it/s]
2022-12-12T10:51:56.3518689Z INFO:root:Microprint saved as 'Examples/Mid-job/microprint.svg'
2022-12-12T10:51:56.5126674Z ##[group]Run EndBug/add-and-commit@v9
2022-12-12T10:51:56.5126964Z with:
2022-12-12T10:51:56.5127209Z   message: Updated custom rules microprint
2022-12-12T10:51:56.5127469Z   pull: --rebase --autostash
2022-12-12T10:51:56.5127699Z   add: .
2022-12-12T10:51:56.5127894Z   cwd: .
2022-12-12T10:51:56.5128097Z   default_author: github_actor
2022-12-12T10:51:56.5128347Z   fetch: --tags --force
2022-12-12T10:51:56.5128620Z   pathspec_error_handling: ignore
2022-12-12T10:51:56.5128861Z   push: true
2022-12-12T10:51:56.5129214Z   github_token: ***
2022-12-12T10:51:56.5129441Z ##[endgroup]
2022-12-12T10:51:56.6835817Z Running in /home/runner/work/GHuPrintGen/GHuPrintGen
2022-12-12T10:51:56.6870033Z Add input parsed as single string, running 1 git add command.
2022-12-12T10:51:56.6873455Z > Using 'AlphaSteam <AlphaSteam@users.noreply.github.com>' as author.
2022-12-12T10:51:56.6874554Z > Using "Updated custom rules microprint" as commit message.
2022-12-12T10:51:56.6883109Z ##[group]Internal logs
2022-12-12T10:51:56.6883643Z > Staging files...
2022-12-12T10:51:56.6942720Z > Adding files...
2022-12-12T10:51:56.7993646Z > No files to remove.
2022-12-12T10:51:56.7994568Z > Checking for uncommitted changes in the git working tree...
2022-12-12T10:51:56.8133795Z > Found 3 changed files.
2022-12-12T10:51:57.1622963Z > Fetching repo...
2022-12-12T10:51:58.5180490Z {
2022-12-12T10:51:58.5181187Z   raw: '',
2022-12-12T10:51:58.5182044Z   remote: 'https://github.com/AlphaSteam/GHuPrintGen',
2022-12-12T10:51:58.5182447Z   branches: [
2022-12-12T10:51:58.5182930Z     { name: 'add_custom_rules', tracking: 'origin/add_custom_rules' },
2022-12-12T10:51:58.5183292Z     {
2022-12-12T10:51:58.5183682Z       name: 'add_microprint_analysis',
2022-12-12T10:51:58.5184153Z       tracking: 'origin/add_microprint_analysis'
2022-12-12T10:51:58.5184489Z     },
2022-12-12T10:51:58.5184759Z     {
2022-12-12T10:51:58.5185133Z       name: 'add_multiple_columns',
2022-12-12T10:51:58.5185659Z       tracking: 'origin/add_multiple_columns'
2022-12-12T10:51:58.5186008Z     },
2022-12-12T10:51:58.5186277Z     {
2022-12-12T10:51:58.5186685Z       name: 'create-pull-request/patch',
2022-12-12T10:51:58.5187480Z       tracking: 'origin/create-pull-request/patch'
2022-12-12T10:51:58.5187859Z     },
2022-12-12T10:51:58.5188298Z     { name: 'custom_fonts', tracking: 'origin/custom_fonts' },
2022-12-12T10:51:58.5188933Z     { name: 'develop', tracking: 'origin/develop' },
2022-12-12T10:51:58.5189486Z     { name: 'fix_job_id_matrix', tracking: 'origin/fix_job_id_matrix' },
2022-12-12T10:51:58.5189875Z     {
2022-12-12T10:51:58.5190259Z       name: 'integrate_uPrintGen',
2022-12-12T10:51:58.5190719Z       tracking: 'origin/integrate_uPrintGen'
2022-12-12T10:51:58.5191079Z     },
2022-12-12T10:51:58.5191542Z     { name: 'matrix_actions', tracking: 'origin/matrix_actions' },
2022-12-12T10:51:58.5191920Z     {
2022-12-12T10:51:58.5192333Z       name: 'microprint_visualizer_integration',
2022-12-12T10:51:58.5192868Z       tracking: 'origin/microprint_visualizer_integration'
2022-12-12T10:51:58.5193242Z     },
2022-12-12T10:51:58.5193505Z     {
2022-12-12T10:51:58.5193894Z       name: 'reduce_code_duplication',
2022-12-12T10:51:58.5195230Z       tracking: 'origin/reduce_code_duplication'
2022-12-12T10:51:58.5195876Z     },
2022-12-12T10:51:58.5196348Z     { name: 'regex_rules', tracking: 'origin/regex_rules' },
2022-12-12T10:51:58.5196901Z     { name: 'release/v1', tracking: 'origin/release/v1' },
2022-12-12T10:51:58.5197419Z     { name: 'release/v2', tracking: 'origin/release/v2' },
2022-12-12T10:51:58.5197919Z     { name: 'test_workflow', tracking: 'origin/test_workflow' }
2022-12-12T10:51:58.5198288Z   ],
2022-12-12T10:51:58.5198564Z   tags: [
2022-12-12T10:51:58.5198942Z     { name: 'v1', tracking: 'v1' },
2022-12-12T10:51:58.5199402Z     { name: 'v1.0.0', tracking: 'v1.0.0' },
2022-12-12T10:51:58.5199835Z     { name: 'v2', tracking: 'v2' },
2022-12-12T10:51:58.5200269Z     { name: 'v2.0.0', tracking: 'v2.0.0' },
2022-12-12T10:51:58.5201021Z     { name: 'v3', tracking: 'v3' },
2022-12-12T10:51:58.5201537Z     { name: 'v3.0.0', tracking: 'v3.0.0' },
2022-12-12T10:51:58.5201972Z     { name: 'v4', tracking: 'v4' },
2022-12-12T10:51:58.5202422Z     { name: 'v4.0.0', tracking: 'v4.0.0' },
2022-12-12T10:51:58.5202852Z     { name: 'v4.0.1', tracking: 'v4.0.1' },
2022-12-12T10:51:58.5203284Z     { name: 'v5', tracking: 'v5' },
2022-12-12T10:51:58.5203729Z     { name: 'v5.0.0', tracking: 'v5.0.0' }
2022-12-12T10:51:58.5204074Z   ]
2022-12-12T10:51:58.5204339Z }
2022-12-12T10:51:58.5204729Z > Pulling from remote...
2022-12-12T10:51:59.1116591Z { raw: '', remote: null, branches: [], tags: [] }
2022-12-12T10:51:59.5287019Z Rt {
2022-12-12T10:51:59.5287519Z   remoteMessages: It { all: [] },
2022-12-12T10:51:59.5287880Z   created: [],
2022-12-12T10:51:59.5288158Z   deleted: [],
2022-12-12T10:51:59.5288442Z   files: [],
2022-12-12T10:51:59.5288730Z   deletions: {},
2022-12-12T10:51:59.5289015Z   insertions: {},
2022-12-12T10:51:59.5289388Z   summary: { changes: 0, deletions: 0, insertions: 0 }
2022-12-12T10:51:59.5289714Z }
2022-12-12T10:51:59.5290067Z > Checking for conflicts...
2022-12-12T10:51:59.5391777Z nr {
2022-12-12T10:51:59.5392670Z   not_added: [],
2022-12-12T10:51:59.5393164Z   conflicted: [],
2022-12-12T10:51:59.5394363Z   created: [ 'Examples/Mid-job/logs.txt', 'Examples/Mid-job/microprint.svg' ],
2022-12-12T10:51:59.5394877Z   deleted: [],
2022-12-12T10:51:59.5395665Z   ignored: undefined,
2022-12-12T10:51:59.5396704Z   modified: [ 'microprint_visualizer.md' ],
2022-12-12T10:51:59.5396979Z   renamed: [],
2022-12-12T10:51:59.5397188Z   files: [
2022-12-12T10:51:59.5397388Z     sr {
2022-12-12T10:51:59.5397678Z       path: 'Examples/Mid-job/logs.txt',
2022-12-12T10:51:59.5397967Z       index: 'A',
2022-12-12T10:51:59.5398220Z       working_dir: ' '
2022-12-12T10:51:59.5398414Z     },
2022-12-12T10:51:59.5398601Z     sr {
2022-12-12T10:51:59.5398912Z       path: 'Examples/Mid-job/microprint.svg',
2022-12-12T10:51:59.5399185Z       index: 'A',
2022-12-12T10:51:59.5399452Z       working_dir: ' '
2022-12-12T10:51:59.5399660Z     },
2022-12-12T10:51:59.5399831Z     sr {
2022-12-12T10:51:59.5400114Z       path: 'microprint_visualizer.md',
2022-12-12T10:51:59.5400393Z       index: 'M',
2022-12-12T10:51:59.5400629Z       working_dir: ' '
2022-12-12T10:51:59.5400831Z     }
2022-12-12T10:51:59.5401011Z   ],
2022-12-12T10:51:59.5401187Z   staged: [
2022-12-12T10:51:59.5401484Z     'Examples/Mid-job/logs.txt',
2022-12-12T10:51:59.5401802Z     'Examples/Mid-job/microprint.svg',
2022-12-12T10:51:59.5402101Z     'microprint_visualizer.md'
2022-12-12T10:51:59.5402325Z   ],
2022-12-12T10:51:59.5402515Z   ahead: 0,
2022-12-12T10:51:59.5402702Z   behind: 0,
2022-12-12T10:51:59.5402945Z   current: 'main',
2022-12-12T10:51:59.5403210Z   tracking: 'origin/main',
2022-12-12T10:51:59.5403423Z   detached: false,
2022-12-12T10:51:59.5403660Z   isClean: [Function (anonymous)]
2022-12-12T10:51:59.5403883Z }
2022-12-12T10:51:59.5404072Z > No conflicts found.
2022-12-12T10:51:59.5404342Z > Re-staging files...
2022-12-12T10:51:59.5961004Z > Creating commit...
2022-12-12T10:51:59.6087612Z {
2022-12-12T10:51:59.6088214Z   author: null,
2022-12-12T10:51:59.6089198Z   branch: 'main',
2022-12-12T10:51:59.6089756Z   commit: 'f42e2a0f5fe0ef6b40bd22c964c786c5b77990ec',
2022-12-12T10:51:59.6090329Z   root: false,
2022-12-12T10:51:59.6091137Z   summary: { changes: 3, insertions: 20, deletions: 1 }
2022-12-12T10:51:59.6091415Z }
2022-12-12T10:51:59.6142883Z > No tag info provided.
2022-12-12T10:51:59.6143465Z > Pushing commit to repo...
2022-12-12T10:52:00.5596364Z {
2022-12-12T10:52:00.5596646Z   pushed: [],
2022-12-12T10:52:00.5596861Z   update: {
2022-12-12T10:52:00.5597471Z     head: { local: 'refs/heads/main', remote: 'refs/heads/main' },
2022-12-12T10:52:00.5597882Z     hash: { from: 'd44af05', to: 'f42e2a0' }
2022-12-12T10:52:00.5598110Z   },
2022-12-12T10:52:00.5598480Z   repo: 'https://github.com/AlphaSteam/GHuPrintGen',
2022-12-12T10:52:00.5598884Z   ref: { local: 'refs/remotes/origin/main' },
2022-12-12T10:52:00.5599416Z   remoteMessages: It { all: [] }
2022-12-12T10:52:00.5599686Z }
2022-12-12T10:52:00.5599895Z > No tags to push.
2022-12-12T10:52:00.5600359Z ##[endgroup]
2022-12-12T10:52:00.5600585Z > Task completed.
2022-12-12T10:52:00.5604908Z ##[group]Outputs
2022-12-12T10:52:00.5605158Z committed: true
2022-12-12T10:52:00.5605462Z commit_long_sha: f42e2a0f5fe0ef6b40bd22c964c786c5b77990ec
2022-12-12T10:52:00.5605833Z commit_sha: f42e2a0f5fe0ef6b40bd22c964c786c5b77990ec
2022-12-12T10:52:00.5606099Z pushed: true
2022-12-12T10:52:00.5606326Z tagged: false
2022-12-12T10:52:00.5606553Z tag_pushed: false
2022-12-12T10:52:00.5606955Z ##[endgroup]
2022-12-12T10:52:00.6236423Z Post job cleanup.
2022-12-12T10:52:00.7826772Z [command]/usr/bin/git version
2022-12-12T10:52:00.7888706Z git version 2.38.1
2022-12-12T10:52:00.7970278Z Temporarily overriding HOME='/home/runner/work/_temp/714d0dd4-fd05-48e4-bcb1-bee870215f56' before making global git config changes
2022-12-12T10:52:00.7974480Z Adding repository directory to the temporary git global config as a safe directory
2022-12-12T10:52:00.7982186Z [command]/usr/bin/git config --global --add safe.directory /home/runner/work/GHuPrintGen/GHuPrintGen
2022-12-12T10:52:00.8033397Z [command]/usr/bin/git config --local --name-only --get-regexp core\.sshCommand
2022-12-12T10:52:00.8080405Z [command]/usr/bin/git submodule foreach --recursive git config --local --name-only --get-regexp 'core\.sshCommand' && git config --local --unset-all 'core.sshCommand' || :
2022-12-12T10:52:00.8376159Z [command]/usr/bin/git config --local --name-only --get-regexp http\.https\:\/\/github\.com\/\.extraheader
2022-12-12T10:52:00.8407101Z http.https://github.com/.extraheader
2022-12-12T10:52:00.8427958Z [command]/usr/bin/git config --local --unset-all http.https://github.com/.extraheader
2022-12-12T10:52:00.8479031Z [command]/usr/bin/git submodule foreach --recursive git config --local --name-only --get-regexp 'http\.https\:\/\/github\.com\/\.extraheader' && git config --local --unset-all 'http.https://github.com/.extraheader' || :
2022-12-12T10:52:00.9039508Z Cleaning up orphan processes
