2022-12-09T06:12:27.1273223Z Requested labels: ubuntu-latest
2022-12-09T06:12:27.1273274Z Job defined at: AlphaSteam/microprint-generator/.github/workflows/generate_examples.yaml@refs/heads/develop
2022-12-09T06:12:27.1273311Z Waiting for a runner to pick up this job...
2022-12-09T06:12:27.2830729Z Job is waiting for a hosted runner to come online.
2022-12-09T06:12:30.2735575Z Job is about to start running on the hosted runner: Hosted Agent (hosted)
2022-12-09T06:12:32.8565195Z Current runner version: '2.299.1'
2022-12-09T06:12:32.8593620Z ##[group]Operating System
2022-12-09T06:12:32.8594180Z Ubuntu
2022-12-09T06:12:32.8594483Z 22.04.1
2022-12-09T06:12:32.8594838Z LTS
2022-12-09T06:12:32.8595078Z ##[endgroup]
2022-12-09T06:12:32.8595385Z ##[group]Runner Image
2022-12-09T06:12:32.8595738Z Image: ubuntu-22.04
2022-12-09T06:12:32.8596053Z Version: 20221204.2
2022-12-09T06:12:32.8596528Z Included Software: https://github.com/actions/runner-images/blob/ubuntu22/20221204.2/images/linux/Ubuntu2204-Readme.md
2022-12-09T06:12:32.8597142Z Image Release: https://github.com/actions/runner-images/releases/tag/ubuntu22%2F20221204.2
2022-12-09T06:12:32.8597583Z ##[endgroup]
2022-12-09T06:12:32.8597914Z ##[group]Runner Image Provisioner
2022-12-09T06:12:32.8598196Z 2.0.91.1
2022-12-09T06:12:32.8598496Z ##[endgroup]
2022-12-09T06:12:32.8599448Z ##[group]GITHUB_TOKEN Permissions
2022-12-09T06:12:32.8600032Z Actions: write
2022-12-09T06:12:32.8600370Z Checks: write
2022-12-09T06:12:32.8600785Z Contents: write
2022-12-09T06:12:32.8601189Z Deployments: write
2022-12-09T06:12:32.8601460Z Discussions: write
2022-12-09T06:12:32.8601814Z Issues: write
2022-12-09T06:12:32.8602075Z Metadata: read
2022-12-09T06:12:32.8602378Z Packages: write
2022-12-09T06:12:32.8602680Z Pages: write
2022-12-09T06:12:32.8602941Z PullRequests: write
2022-12-09T06:12:32.8603301Z RepositoryProjects: write
2022-12-09T06:12:32.8603654Z SecurityEvents: write
2022-12-09T06:12:32.8603966Z Statuses: write
2022-12-09T06:12:32.8604223Z ##[endgroup]
2022-12-09T06:12:32.8608229Z Secret source: Actions
2022-12-09T06:12:32.8608719Z Prepare workflow directory
2022-12-09T06:12:32.9452513Z Prepare all required actions
2022-12-09T06:12:32.9645767Z Getting action download info
2022-12-09T06:12:33.2416124Z Download action repository 'actions/checkout@v3' (SHA:93ea575cb5d8a053eaa0ac8fa3b40d7e05a33cc8)
2022-12-09T06:12:33.8859961Z Download action repository 'EndBug/add-and-commit@v9' (SHA:61a88be553afe4206585b31aa72387c64295d08b)
2022-12-09T06:12:34.4321222Z Download action repository 'CasperWA/push-protected@v2' (SHA:6b25de805895da731062c43da647425fbb383128)
2022-12-09T06:12:35.0583273Z ##[group]Build container for action use: '/home/runner/work/_actions/CasperWA/push-protected/v2/Dockerfile'.
2022-12-09T06:12:35.0660223Z ##[command]/usr/bin/docker build -t 290506:f79135c1d122470081b7336c085bcf47 -f "/home/runner/work/_actions/CasperWA/push-protected/v2/Dockerfile" "/home/runner/work/_actions/CasperWA/push-protected/v2"
2022-12-09T06:12:35.1739741Z Sending build context to Docker daemon  113.2kB
2022-12-09T06:12:35.1743204Z 
2022-12-09T06:12:35.2130968Z Step 1/6 : FROM python:alpine
2022-12-09T06:12:35.8802434Z alpine: Pulling from library/python
2022-12-09T06:12:36.0854529Z c158987b0551: Pulling fs layer
2022-12-09T06:12:36.0856277Z 7ec3a91b66d9: Pulling fs layer
2022-12-09T06:12:36.0856779Z c89fd98887b3: Pulling fs layer
2022-12-09T06:12:36.0857636Z 877ccf16716c: Pulling fs layer
2022-12-09T06:12:36.0858064Z 3cfcd1e4ebae: Pulling fs layer
2022-12-09T06:12:36.0861409Z 877ccf16716c: Waiting
2022-12-09T06:12:36.0861968Z 3cfcd1e4ebae: Waiting
2022-12-09T06:12:36.4144598Z 7ec3a91b66d9: Verifying Checksum
2022-12-09T06:12:36.4149602Z 7ec3a91b66d9: Download complete
2022-12-09T06:12:36.5685507Z c158987b0551: Verifying Checksum
2022-12-09T06:12:36.5686220Z c158987b0551: Download complete
2022-12-09T06:12:36.5833609Z c89fd98887b3: Verifying Checksum
2022-12-09T06:12:36.5834116Z c89fd98887b3: Download complete
2022-12-09T06:12:36.6196307Z 877ccf16716c: Verifying Checksum
2022-12-09T06:12:36.6196666Z 877ccf16716c: Download complete
2022-12-09T06:12:36.7248200Z c158987b0551: Pull complete
2022-12-09T06:12:36.9322018Z 3cfcd1e4ebae: Verifying Checksum
2022-12-09T06:12:36.9322427Z 3cfcd1e4ebae: Download complete
2022-12-09T06:12:37.2245915Z 7ec3a91b66d9: Pull complete
2022-12-09T06:12:38.0195635Z c89fd98887b3: Pull complete
2022-12-09T06:12:38.0911507Z 877ccf16716c: Pull complete
2022-12-09T06:12:38.5113576Z 3cfcd1e4ebae: Pull complete
2022-12-09T06:12:38.5173166Z Digest: sha256:af8fef83397b3886ed93d2c81bf3b4e70d39c0789c1c6feb1ecb86ca9bc42a0a
2022-12-09T06:12:38.5195423Z Status: Downloaded newer image for python:alpine
2022-12-09T06:12:38.5211662Z  ---> 18ccdc39ea28
2022-12-09T06:12:38.5214376Z Step 2/6 : COPY README.md setup.py requirements*.txt ./
2022-12-09T06:12:39.0141624Z  ---> cc839d6c552e
2022-12-09T06:12:39.0141929Z Step 3/6 : COPY push_action ./push_action
2022-12-09T06:12:40.0131491Z  ---> 4d1736f73236
2022-12-09T06:12:40.0132400Z Step 4/6 : RUN apk update     && apk add --no-cache git git-lfs bash     && pip install -U -e .
2022-12-09T06:12:40.0411860Z  ---> Running in e04b5cf8a91a
2022-12-09T06:12:40.3034944Z fetch https://dl-cdn.alpinelinux.org/alpine/v3.17/main/x86_64/APKINDEX.tar.gz
2022-12-09T06:12:40.7161197Z fetch https://dl-cdn.alpinelinux.org/alpine/v3.17/community/x86_64/APKINDEX.tar.gz
2022-12-09T06:12:41.2470717Z v3.17.0-136-gc113cb02a1 [https://dl-cdn.alpinelinux.org/alpine/v3.17/main]
2022-12-09T06:12:41.2471248Z v3.17.0-139-gd9f15ca342 [https://dl-cdn.alpinelinux.org/alpine/v3.17/community]
2022-12-09T06:12:41.2471594Z OK: 17804 distinct packages available
2022-12-09T06:12:41.2822983Z fetch https://dl-cdn.alpinelinux.org/alpine/v3.17/main/x86_64/APKINDEX.tar.gz
2022-12-09T06:12:41.5311006Z fetch https://dl-cdn.alpinelinux.org/alpine/v3.17/community/x86_64/APKINDEX.tar.gz
2022-12-09T06:12:41.8758753Z (1/7) Installing bash (5.2.12-r0)
2022-12-09T06:12:41.9470992Z Executing bash-5.2.12-r0.post-install
2022-12-09T06:12:41.9491051Z (2/7) Installing brotli-libs (1.0.9-r9)
2022-12-09T06:12:41.9844959Z (3/7) Installing nghttp2-libs (1.51.0-r0)
2022-12-09T06:12:42.0026149Z (4/7) Installing libcurl (7.86.0-r1)
2022-12-09T06:12:42.0334727Z (5/7) Installing pcre2 (10.41-r0)
2022-12-09T06:12:42.0650834Z (6/7) Installing git (2.38.1-r0)
2022-12-09T06:12:42.2231290Z (7/7) Installing git-lfs (3.2.0-r2)
2022-12-09T06:12:42.3705468Z Executing git-lfs-3.2.0-r2.post-install
2022-12-09T06:12:42.3834325Z Git LFS initialized.
2022-12-09T06:12:42.3846856Z Executing busybox-1.35.0-r29.trigger
2022-12-09T06:12:42.3892141Z OK: 37 MiB in 44 packages
2022-12-09T06:12:44.5159406Z Obtaining file:///
2022-12-09T06:12:44.5168391Z   Preparing metadata (setup.py): started
2022-12-09T06:12:45.1595283Z   Preparing metadata (setup.py): finished with status 'done'
2022-12-09T06:12:45.2927777Z Collecting requests~=2.28
2022-12-09T06:12:45.3926784Z   Downloading requests-2.28.1-py3-none-any.whl (62 kB)
2022-12-09T06:12:45.4171642Z      â”â”â”â”â”â”â”â”â”â”â”â”â”â”â”â”â”â”â”â”â”â”â”â”â”â”â”â”â”â”â”â”â”â”â”â”â”â”â”â” 62.8/62.8 kB 2.4 MB/s eta 0:00:00
2022-12-09T06:12:45.4971380Z Collecting charset-normalizer<3,>=2
2022-12-09T06:12:45.5157776Z   Downloading charset_normalizer-2.1.1-py3-none-any.whl (39 kB)
2022-12-09T06:12:45.6250008Z Collecting idna<4,>=2.5
2022-12-09T06:12:45.6398998Z   Downloading idna-3.4-py3-none-any.whl (61 kB)
2022-12-09T06:12:45.6673011Z      â”â”â”â”â”â”â”â”â”â”â”â”â”â”â”â”â”â”â”â”â”â”â”â”â”â”â”â”â”â”â”â”â”â”â”â”â”â”â”â” 61.5/61.5 kB 2.1 MB/s eta 0:00:00
2022-12-09T06:12:45.7141032Z Collecting urllib3<1.27,>=1.21.1
2022-12-09T06:12:45.7297602Z   Downloading urllib3-1.26.13-py2.py3-none-any.whl (140 kB)
2022-12-09T06:12:45.7459704Z      â”â”â”â”â”â”â”â”â”â”â”â”â”â”â”â”â”â”â”â”â”â”â”â”â”â”â”â”â”â”â”â”â”â”â”â”â”â”â” 140.6/140.6 kB 9.7 MB/s eta 0:00:00
2022-12-09T06:12:45.7791378Z Collecting certifi>=2017.4.17
2022-12-09T06:12:45.7943775Z   Downloading certifi-2022.12.7-py3-none-any.whl (155 kB)
2022-12-09T06:12:45.8011169Z      â”â”â”â”â”â”â”â”â”â”â”â”â”â”â”â”â”â”â”â”â”â”â”â”â”â”â”â”â”â”â”â”â”â”â”â”â”â” 155.3/155.3 kB 34.5 MB/s eta 0:00:00
2022-12-09T06:12:45.8938773Z Installing collected packages: urllib3, idna, charset-normalizer, certifi, requests, push-action
2022-12-09T06:12:46.2065508Z   Running setup.py develop for push-action
2022-12-09T06:12:46.5963382Z Successfully installed certifi-2022.12.7 charset-normalizer-2.1.1 idna-3.4 push-action-2.14.0 requests-2.28.1 urllib3-1.26.13
2022-12-09T06:12:46.5964409Z [91mWARNING: Running pip as the 'root' user can result in broken permissions and conflicting behaviour with the system package manager. It is recommended to use a virtual environment instead: https://pip.pypa.io/warnings/venv
2022-12-09T06:12:48.0479778Z [0mRemoving intermediate container e04b5cf8a91a
2022-12-09T06:12:48.0480097Z  ---> aca2349bdcbc
2022-12-09T06:12:48.0482230Z Step 5/6 : COPY entrypoint.sh ./
2022-12-09T06:12:49.0135075Z  ---> 2f0292d0b245
2022-12-09T06:12:49.0135384Z Step 6/6 : ENTRYPOINT [ "/entrypoint.sh" ]
2022-12-09T06:12:49.0310263Z  ---> Running in a4df131c00b6
2022-12-09T06:12:50.0131877Z Removing intermediate container a4df131c00b6
2022-12-09T06:12:50.0132165Z  ---> c0abe39e1bba
2022-12-09T06:12:50.0141212Z Successfully built c0abe39e1bba
2022-12-09T06:12:50.0175027Z Successfully tagged 290506:f79135c1d122470081b7336c085bcf47
2022-12-09T06:12:50.0186860Z ##[endgroup]
2022-12-09T06:12:50.0559241Z ##[group]Run actions/checkout@v3
2022-12-09T06:12:50.0559498Z with:
2022-12-09T06:12:50.0559738Z   repository: AlphaSteam/microprint-generator
2022-12-09T06:12:50.0560208Z   token: ***
2022-12-09T06:12:50.0560403Z   ssh-strict: true
2022-12-09T06:12:50.0560621Z   persist-credentials: true
2022-12-09T06:12:50.0560849Z   clean: true
2022-12-09T06:12:50.0561031Z   fetch-depth: 1
2022-12-09T06:12:50.0561216Z   lfs: false
2022-12-09T06:12:50.0561400Z   submodules: false
2022-12-09T06:12:50.0561613Z   set-safe-directory: true
2022-12-09T06:12:50.0561821Z ##[endgroup]
2022-12-09T06:12:50.3053653Z Syncing repository: AlphaSteam/microprint-generator
2022-12-09T06:12:50.3055286Z ##[group]Getting Git version info
2022-12-09T06:12:50.3055796Z Working directory is '/home/runner/work/microprint-generator/microprint-generator'
2022-12-09T06:12:50.3056328Z [command]/usr/bin/git version
2022-12-09T06:12:50.3159022Z git version 2.38.1
2022-12-09T06:12:50.3187504Z ##[endgroup]
2022-12-09T06:12:50.3205363Z Temporarily overriding HOME='/home/runner/work/_temp/92a3ac55-aeac-4f47-8de8-331af0a71c63' before making global git config changes
2022-12-09T06:12:50.3209198Z Adding repository directory to the temporary git global config as a safe directory
2022-12-09T06:12:50.3217270Z [command]/usr/bin/git config --global --add safe.directory /home/runner/work/microprint-generator/microprint-generator
2022-12-09T06:12:50.3268842Z Deleting the contents of '/home/runner/work/microprint-generator/microprint-generator'
2022-12-09T06:12:50.3278267Z ##[group]Initializing the repository
2022-12-09T06:12:50.3285503Z [command]/usr/bin/git init /home/runner/work/microprint-generator/microprint-generator
2022-12-09T06:12:50.3350077Z hint: Using 'master' as the name for the initial branch. This default branch name
2022-12-09T06:12:50.3350744Z hint: is subject to change. To configure the initial branch name to use in all
2022-12-09T06:12:50.3351428Z hint: of your new repositories, which will suppress this warning, call:
2022-12-09T06:12:50.3351826Z hint: 
2022-12-09T06:12:50.3352218Z hint: 	git config --global init.defaultBranch <name>
2022-12-09T06:12:50.3352480Z hint: 
2022-12-09T06:12:50.3352810Z hint: Names commonly chosen instead of 'master' are 'main', 'trunk' and
2022-12-09T06:12:50.3353230Z hint: 'development'. The just-created branch can be renamed via this command:
2022-12-09T06:12:50.3353529Z hint: 
2022-12-09T06:12:50.3353763Z hint: 	git branch -m <name>
2022-12-09T06:12:50.3365868Z Initialized empty Git repository in /home/runner/work/microprint-generator/microprint-generator/.git/
2022-12-09T06:12:50.3380275Z [command]/usr/bin/git remote add origin https://github.com/AlphaSteam/microprint-generator
2022-12-09T06:12:50.3433714Z ##[endgroup]
2022-12-09T06:12:50.3434452Z ##[group]Disabling automatic garbage collection
2022-12-09T06:12:50.3438223Z [command]/usr/bin/git config --local gc.auto 0
2022-12-09T06:12:50.3468304Z ##[endgroup]
2022-12-09T06:12:50.3468952Z ##[group]Setting up auth
2022-12-09T06:12:50.3477553Z [command]/usr/bin/git config --local --name-only --get-regexp core\.sshCommand
2022-12-09T06:12:50.3510723Z [command]/usr/bin/git submodule foreach --recursive git config --local --name-only --get-regexp 'core\.sshCommand' && git config --local --unset-all 'core.sshCommand' || :
2022-12-09T06:12:50.3821899Z [command]/usr/bin/git config --local --name-only --get-regexp http\.https\:\/\/github\.com\/\.extraheader
2022-12-09T06:12:50.3854957Z [command]/usr/bin/git submodule foreach --recursive git config --local --name-only --get-regexp 'http\.https\:\/\/github\.com\/\.extraheader' && git config --local --unset-all 'http.https://github.com/.extraheader' || :
2022-12-09T06:12:50.4069184Z [command]/usr/bin/git config --local http.https://github.com/.extraheader AUTHORIZATION: basic ***
2022-12-09T06:12:50.4107006Z ##[endgroup]
2022-12-09T06:12:50.4107750Z ##[group]Fetching the repository
2022-12-09T06:12:50.4117656Z [command]/usr/bin/git -c protocol.version=2 fetch --no-tags --prune --progress --no-recurse-submodules --depth=1 origin +18dc96cd30426366a19b654fbf4140b5287a20c0:refs/remotes/origin/develop
2022-12-09T06:12:50.6996935Z remote: Enumerating objects: 54, done.        
2022-12-09T06:12:50.6997584Z remote: Counting objects:   1% (1/54)        
2022-12-09T06:12:50.6998850Z remote: Counting objects:   3% (2/54)        
2022-12-09T06:12:50.6999281Z remote: Counting objects:   5% (3/54)        
2022-12-09T06:12:50.6999963Z remote: Counting objects:   7% (4/54)        
2022-12-09T06:12:50.7000241Z remote: Counting objects:   9% (5/54)        
2022-12-09T06:12:50.7000498Z remote: Counting objects:  11% (6/54)        
2022-12-09T06:12:50.7000746Z remote: Counting objects:  12% (7/54)        
2022-12-09T06:12:50.7000988Z remote: Counting objects:  14% (8/54)        
2022-12-09T06:12:50.7001217Z remote: Counting objects:  16% (9/54)        
2022-12-09T06:12:50.7001465Z remote: Counting objects:  18% (10/54)        
2022-12-09T06:12:50.7001719Z remote: Counting objects:  20% (11/54)        
2022-12-09T06:12:50.7001977Z remote: Counting objects:  22% (12/54)        
2022-12-09T06:12:50.7002215Z remote: Counting objects:  24% (13/54)        
2022-12-09T06:12:50.7002460Z remote: Counting objects:  25% (14/54)        
2022-12-09T06:12:50.7002701Z remote: Counting objects:  27% (15/54)        
2022-12-09T06:12:50.7002939Z remote: Counting objects:  29% (16/54)        
2022-12-09T06:12:50.7003169Z remote: Counting objects:  31% (17/54)        
2022-12-09T06:12:50.7003395Z remote: Counting objects:  33% (18/54)        
2022-12-09T06:12:50.7003628Z remote: Counting objects:  35% (19/54)        
2022-12-09T06:12:50.7003857Z remote: Counting objects:  37% (20/54)        
2022-12-09T06:12:50.7004081Z remote: Counting objects:  38% (21/54)        
2022-12-09T06:12:50.7004382Z remote: Counting objects:  40% (22/54)        
2022-12-09T06:12:50.7004614Z remote: Counting objects:  42% (23/54)        
2022-12-09T06:12:50.7004844Z remote: Counting objects:  44% (24/54)        
2022-12-09T06:12:50.7005070Z remote: Counting objects:  46% (25/54)        
2022-12-09T06:12:50.7005307Z remote: Counting objects:  48% (26/54)        
2022-12-09T06:12:50.7005549Z remote: Counting objects:  50% (27/54)        
2022-12-09T06:12:50.7005782Z remote: Counting objects:  51% (28/54)        
2022-12-09T06:12:50.7006021Z remote: Counting objects:  53% (29/54)        
2022-12-09T06:12:50.7006255Z remote: Counting objects:  55% (30/54)        
2022-12-09T06:12:50.7006538Z remote: Counting objects:  57% (31/54)        
2022-12-09T06:12:50.7006768Z remote: Counting objects:  59% (32/54)        
2022-12-09T06:12:50.7006990Z remote: Counting objects:  61% (33/54)        
2022-12-09T06:12:50.7007223Z remote: Counting objects:  62% (34/54)        
2022-12-09T06:12:50.7007454Z remote: Counting objects:  64% (35/54)        
2022-12-09T06:12:50.7007684Z remote: Counting objects:  66% (36/54)        
2022-12-09T06:12:50.7007910Z remote: Counting objects:  68% (37/54)        
2022-12-09T06:12:50.7008152Z remote: Counting objects:  70% (38/54)        
2022-12-09T06:12:50.7008389Z remote: Counting objects:  72% (39/54)        
2022-12-09T06:12:50.7008624Z remote: Counting objects:  74% (40/54)        
2022-12-09T06:12:50.7008856Z remote: Counting objects:  75% (41/54)        
2022-12-09T06:12:50.7009083Z remote: Counting objects:  77% (42/54)        
2022-12-09T06:12:50.7009313Z remote: Counting objects:  79% (43/54)        
2022-12-09T06:12:50.7009761Z remote: Counting objects:  81% (44/54)        
2022-12-09T06:12:50.7010000Z remote: Counting objects:  83% (45/54)        
2022-12-09T06:12:50.7010225Z remote: Counting objects:  85% (46/54)        
2022-12-09T06:12:50.7010461Z remote: Counting objects:  87% (47/54)        
2022-12-09T06:12:50.7010693Z remote: Counting objects:  88% (48/54)        
2022-12-09T06:12:50.7010926Z remote: Counting objects:  90% (49/54)        
2022-12-09T06:12:50.7011147Z remote: Counting objects:  92% (50/54)        
2022-12-09T06:12:50.7011376Z remote: Counting objects:  94% (51/54)        
2022-12-09T06:12:50.7011714Z remote: Counting objects:  96% (52/54)        
2022-12-09T06:12:50.7011952Z remote: Counting objects:  98% (53/54)        
2022-12-09T06:12:50.7012175Z remote: Counting objects: 100% (54/54)        
2022-12-09T06:12:50.7012426Z remote: Counting objects: 100% (54/54), done.        
2022-12-09T06:12:50.7012717Z remote: Compressing objects:   2% (1/44)        
2022-12-09T06:12:50.7012983Z remote: Compressing objects:   4% (2/44)        
2022-12-09T06:12:50.7013231Z remote: Compressing objects:   6% (3/44)        
2022-12-09T06:12:50.7013486Z remote: Compressing objects:   9% (4/44)        
2022-12-09T06:12:50.7024044Z remote: Compressing objects:  11% (5/44)        
2022-12-09T06:12:50.7116122Z remote: Compressing objects:  13% (6/44)        
2022-12-09T06:12:50.7116810Z remote: Compressing objects:  15% (7/44)        
2022-12-09T06:12:50.7117149Z remote: Compressing objects:  18% (8/44)        
2022-12-09T06:12:50.7118139Z remote: Compressing objects:  20% (9/44)        
2022-12-09T06:12:50.7118785Z remote: Compressing objects:  22% (10/44)        
2022-12-09T06:12:50.7119305Z remote: Compressing objects:  25% (11/44)        
2022-12-09T06:12:50.7120812Z remote: Compressing objects:  27% (12/44)        
2022-12-09T06:12:50.7121224Z remote: Compressing objects:  29% (13/44)        
2022-12-09T06:12:50.7122224Z remote: Compressing objects:  31% (14/44)        
2022-12-09T06:12:50.7122747Z remote: Compressing objects:  34% (15/44)        
2022-12-09T06:12:50.7123247Z remote: Compressing objects:  36% (16/44)        
2022-12-09T06:12:50.7123742Z remote: Compressing objects:  38% (17/44)        
2022-12-09T06:12:50.7124470Z remote: Compressing objects:  40% (18/44)        
2022-12-09T06:12:50.7124713Z remote: Compressing objects:  43% (19/44)        
2022-12-09T06:12:50.7125201Z remote: Compressing objects:  45% (20/44)        
2022-12-09T06:12:50.7125444Z remote: Compressing objects:  47% (21/44)        
2022-12-09T06:12:50.7212811Z remote: Compressing objects:  50% (22/44)        
2022-12-09T06:12:50.7240253Z remote: Compressing objects:  52% (23/44)        
2022-12-09T06:12:50.7282112Z remote: Compressing objects:  54% (24/44)        
2022-12-09T06:12:50.7432757Z remote: Compressing objects:  56% (25/44)        
2022-12-09T06:12:50.7433053Z remote: Compressing objects:  59% (26/44)        
2022-12-09T06:12:50.7433312Z remote: Compressing objects:  61% (27/44)        
2022-12-09T06:12:50.7433575Z remote: Compressing objects:  63% (28/44)        
2022-12-09T06:12:50.7435225Z remote: Compressing objects:  65% (29/44)        
2022-12-09T06:12:50.7435502Z remote: Compressing objects:  68% (30/44)        
2022-12-09T06:12:50.7435761Z remote: Compressing objects:  70% (31/44)        
2022-12-09T06:12:50.7436006Z remote: Compressing objects:  72% (32/44)        
2022-12-09T06:12:50.7437197Z remote: Compressing objects:  75% (33/44)        
2022-12-09T06:12:50.7437452Z remote: Compressing objects:  77% (34/44)        
2022-12-09T06:12:50.7437692Z remote: Compressing objects:  79% (35/44)        
2022-12-09T06:12:50.7437937Z remote: Compressing objects:  81% (36/44)        
2022-12-09T06:12:50.7438181Z remote: Compressing objects:  84% (37/44)        
2022-12-09T06:12:50.7438421Z remote: Compressing objects:  86% (38/44)        
2022-12-09T06:12:50.7438661Z remote: Compressing objects:  88% (39/44)        
2022-12-09T06:12:50.7438902Z remote: Compressing objects:  90% (40/44)        
2022-12-09T06:12:50.7439381Z remote: Compressing objects:  93% (41/44)        
2022-12-09T06:12:50.7439615Z remote: Compressing objects:  95% (42/44)        
2022-12-09T06:12:50.7439855Z remote: Compressing objects:  97% (43/44)        
2022-12-09T06:12:50.7440107Z remote: Compressing objects: 100% (44/44)        
2022-12-09T06:12:50.7440374Z remote: Compressing objects: 100% (44/44), done.        
2022-12-09T06:12:50.9002845Z remote: Total 54 (delta 16), reused 27 (delta 5), pack-reused 0        
2022-12-09T06:12:50.9266274Z From https://github.com/AlphaSteam/microprint-generator
2022-12-09T06:12:50.9266890Z  * [new ref]         18dc96cd30426366a19b654fbf4140b5287a20c0 -> origin/develop
2022-12-09T06:12:50.9298317Z ##[endgroup]
2022-12-09T06:12:50.9298893Z ##[group]Determining the checkout info
2022-12-09T06:12:50.9300436Z ##[endgroup]
2022-12-09T06:12:50.9300950Z ##[group]Checking out the ref
2022-12-09T06:12:50.9309188Z [command]/usr/bin/git checkout --progress --force -B develop refs/remotes/origin/develop
2022-12-09T06:12:50.9533319Z Switched to a new branch 'develop'
2022-12-09T06:12:50.9533862Z branch 'develop' set up to track 'origin/develop'.
2022-12-09T06:12:50.9540805Z ##[endgroup]
2022-12-09T06:12:50.9580704Z [command]/usr/bin/git log -1 --format='%H'
2022-12-09T06:12:50.9608293Z '18dc96cd30426366a19b654fbf4140b5287a20c0'
2022-12-09T06:12:50.9957864Z ##[group]Run ./
2022-12-09T06:12:50.9958056Z with:
2022-12-09T06:12:50.9958256Z   log_path: ./Examples/Mid-job
2022-12-09T06:12:50.9958502Z   microprint_path: ./Examples/Mid-job
2022-12-09T06:12:50.9958773Z   microprint_config_path: ./Examples/Mid-job/
2022-12-09T06:12:50.9959047Z   repository: AlphaSteam/microprint-generator
2022-12-09T06:12:50.9959482Z   github_token: ***
2022-12-09T06:12:50.9959705Z   job_name: generate_microprint_mid_job
2022-12-09T06:12:50.9959941Z   ref: refs/heads/develop
2022-12-09T06:12:50.9960138Z   log_filename: logs
2022-12-09T06:12:50.9960334Z   save_log: true
2022-12-09T06:12:50.9960553Z   microprint_filename: microprint
2022-12-09T06:12:50.9960805Z   microprint_render_method: svg
2022-12-09T06:12:50.9961033Z   microprint_config_filename: config
2022-12-09T06:12:50.9961299Z   generate_microprint_visualizer_link: true
2022-12-09T06:12:50.9961602Z   microprint_visualizer_link_filename: microprint_visualizer
2022-12-09T06:12:50.9961923Z   microprint_visualizer_link_path: ./
2022-12-09T06:12:50.9962135Z ##[endgroup]
2022-12-09T06:12:51.0082796Z ##[group]Building docker image
2022-12-09T06:12:51.0083184Z Dockerfile for action: '/home/runner/work/microprint-generator/microprint-generator/./Dockerfile'.
2022-12-09T06:12:51.0084496Z ##[command]/usr/bin/docker build -t 290506:ad9cd4fcbd7f5811b11201f18ccb01ec -f "/home/runner/work/microprint-generator/microprint-generator/./Dockerfile" "/home/runner/work/microprint-generator/microprint-generator"
2022-12-09T06:12:51.1017136Z Sending build context to Docker daemon  3.645MB
2022-12-09T06:12:51.1017645Z 
2022-12-09T06:12:51.1048409Z Step 1/6 : FROM python:3
2022-12-09T06:12:51.7201271Z 3: Pulling from library/python
2022-12-09T06:12:51.8688027Z f2f58072e9ed: Pulling fs layer
2022-12-09T06:12:51.8694085Z 5c8cfbf51e6e: Pulling fs layer
2022-12-09T06:12:51.8694357Z aa3a609d1579: Pulling fs layer
2022-12-09T06:12:51.8694594Z 094e7d9bb04e: Pulling fs layer
2022-12-09T06:12:51.8694798Z 2cbfd734f382: Pulling fs layer
2022-12-09T06:12:51.8695035Z aa86ac293d0f: Pulling fs layer
2022-12-09T06:12:51.8695242Z 4cffc9f44941: Pulling fs layer
2022-12-09T06:12:51.8695459Z ae2c75627c86: Pulling fs layer
2022-12-09T06:12:51.8695666Z 2d2b74d2f0f7: Pulling fs layer
2022-12-09T06:12:51.8695864Z 2cbfd734f382: Waiting
2022-12-09T06:12:51.8696065Z aa86ac293d0f: Waiting
2022-12-09T06:12:51.8696245Z 4cffc9f44941: Waiting
2022-12-09T06:12:51.8696413Z ae2c75627c86: Waiting
2022-12-09T06:12:51.8696593Z 2d2b74d2f0f7: Waiting
2022-12-09T06:12:51.8696770Z 094e7d9bb04e: Waiting
2022-12-09T06:12:52.2321338Z aa3a609d1579: Verifying Checksum
2022-12-09T06:12:52.2321635Z aa3a609d1579: Download complete
2022-12-09T06:12:52.4360791Z 5c8cfbf51e6e: Verifying Checksum
2022-12-09T06:12:52.4370695Z 5c8cfbf51e6e: Download complete
2022-12-09T06:12:52.6355842Z f2f58072e9ed: Verifying Checksum
2022-12-09T06:12:52.6356119Z f2f58072e9ed: Download complete
2022-12-09T06:12:53.2412429Z aa86ac293d0f: Verifying Checksum
2022-12-09T06:12:53.2412917Z aa86ac293d0f: Download complete
2022-12-09T06:12:53.6999995Z 094e7d9bb04e: Verifying Checksum
2022-12-09T06:12:53.7000278Z 094e7d9bb04e: Download complete
2022-12-09T06:12:53.8490598Z 4cffc9f44941: Verifying Checksum
2022-12-09T06:12:53.8490890Z 4cffc9f44941: Download complete
2022-12-09T06:12:53.9448218Z ae2c75627c86: Verifying Checksum
2022-12-09T06:12:53.9448485Z ae2c75627c86: Download complete
2022-12-09T06:12:54.1974366Z 2d2b74d2f0f7: Verifying Checksum
2022-12-09T06:12:54.1974638Z 2d2b74d2f0f7: Download complete
2022-12-09T06:12:54.4383254Z 2cbfd734f382: Verifying Checksum
2022-12-09T06:12:54.4383531Z 2cbfd734f382: Download complete
2022-12-09T06:12:55.0749311Z f2f58072e9ed: Pull complete
2022-12-09T06:12:57.2638791Z 5c8cfbf51e6e: Pull complete
2022-12-09T06:12:57.6161340Z aa3a609d1579: Pull complete
2022-12-09T06:13:00.6670304Z 094e7d9bb04e: Pull complete
2022-12-09T06:13:09.4830235Z 2cbfd734f382: Pull complete
2022-12-09T06:13:09.8703168Z aa86ac293d0f: Pull complete
2022-12-09T06:13:10.7303035Z 4cffc9f44941: Pull complete
2022-12-09T06:13:10.7887847Z ae2c75627c86: Pull complete
2022-12-09T06:13:11.0777874Z 2d2b74d2f0f7: Pull complete
2022-12-09T06:13:11.0819899Z Digest: sha256:1a91094b2729a1d78fa2bb3260b94576447b20d05346d983e9c2f4fd72c6d9b5
2022-12-09T06:13:11.0837738Z Status: Downloaded newer image for python:3
2022-12-09T06:13:11.0852723Z  ---> 539eccd5ee4e
2022-12-09T06:13:11.0853124Z Step 2/6 : COPY requirements.txt /requirements.txt
2022-12-09T06:13:12.0735329Z  ---> cdee8ca5d2b4
2022-12-09T06:13:12.0735855Z Step 3/6 : RUN pip install -r /requirements.txt
2022-12-09T06:13:12.0931298Z  ---> Running in 12589663d367
2022-12-09T06:13:14.1778231Z Collecting pillow
2022-12-09T06:13:14.2686421Z   Downloading Pillow-9.3.0-cp311-cp311-manylinux_2_28_x86_64.whl (3.3 MB)
2022-12-09T06:13:14.3678625Z      â”â”â”â”â”â”â”â”â”â”â”â”â”â”â”â”â”â”â”â”â”â”â”â”â”â”â”â”â”â”â”â”â”â”â”â”â”â”â”â” 3.3/3.3 MB 33.9 MB/s eta 0:00:00
2022-12-09T06:13:14.4325646Z Collecting requests
2022-12-09T06:13:14.4482066Z   Downloading requests-2.28.1-py3-none-any.whl (62 kB)
2022-12-09T06:13:14.4528544Z      â”â”â”â”â”â”â”â”â”â”â”â”â”â”â”â”â”â”â”â”â”â”â”â”â”â”â”â”â”â”â”â”â”â”â”â”â”â”â”â” 62.8/62.8 kB 22.8 MB/s eta 0:00:00
2022-12-09T06:13:14.4830075Z Collecting svgwrite
2022-12-09T06:13:14.5029461Z   Downloading svgwrite-1.4.3-py3-none-any.whl (67 kB)
2022-12-09T06:13:14.5073467Z      â”â”â”â”â”â”â”â”â”â”â”â”â”â”â”â”â”â”â”â”â”â”â”â”â”â”â”â”â”â”â”â”â”â”â”â”â”â”â”â” 67.1/67.1 kB 26.2 MB/s eta 0:00:00
2022-12-09T06:13:14.5448943Z Collecting markdown-it-py[plugins]
2022-12-09T06:13:14.5631658Z   Downloading markdown_it_py-2.1.0-py3-none-any.whl (84 kB)
2022-12-09T06:13:14.5678228Z      â”â”â”â”â”â”â”â”â”â”â”â”â”â”â”â”â”â”â”â”â”â”â”â”â”â”â”â”â”â”â”â”â”â”â”â”â”â”â”â” 84.5/84.5 kB 31.0 MB/s eta 0:00:00
2022-12-09T06:13:14.6653066Z Collecting charset-normalizer<3,>=2
2022-12-09T06:13:14.6805567Z   Downloading charset_normalizer-2.1.1-py3-none-any.whl (39 kB)
2022-12-09T06:13:14.7133956Z Collecting idna<4,>=2.5
2022-12-09T06:13:14.7286372Z   Downloading idna-3.4-py3-none-any.whl (61 kB)
2022-12-09T06:13:14.7332073Z      â”â”â”â”â”â”â”â”â”â”â”â”â”â”â”â”â”â”â”â”â”â”â”â”â”â”â”â”â”â”â”â”â”â”â”â”â”â”â”â” 61.5/61.5 kB 22.0 MB/s eta 0:00:00
2022-12-09T06:13:14.7841328Z Collecting urllib3<1.27,>=1.21.1
2022-12-09T06:13:14.7994786Z   Downloading urllib3-1.26.13-py2.py3-none-any.whl (140 kB)
2022-12-09T06:13:14.8046049Z      â”â”â”â”â”â”â”â”â”â”â”â”â”â”â”â”â”â”â”â”â”â”â”â”â”â”â”â”â”â”â”â”â”â”â”â”â”â” 140.6/140.6 kB 47.1 MB/s eta 0:00:00
2022-12-09T06:13:14.8428086Z Collecting certifi>=2017.4.17
2022-12-09T06:13:14.8937343Z   Downloading certifi-2022.12.7-py3-none-any.whl (155 kB)
2022-12-09T06:13:14.9025878Z      â”â”â”â”â”â”â”â”â”â”â”â”â”â”â”â”â”â”â”â”â”â”â”â”â”â”â”â”â”â”â”â”â”â”â”â”â”â” 155.3/155.3 kB 45.9 MB/s eta 0:00:00
2022-12-09T06:13:14.9470396Z Collecting mdurl~=0.1
2022-12-09T06:13:14.9633467Z   Downloading mdurl-0.1.2-py3-none-any.whl (10.0 kB)
2022-12-09T06:13:14.9996958Z Collecting mdit-py-plugins
2022-12-09T06:13:15.0175393Z   Downloading mdit_py_plugins-0.3.3-py3-none-any.whl (50 kB)
2022-12-09T06:13:15.0219218Z      â”â”â”â”â”â”â”â”â”â”â”â”â”â”â”â”â”â”â”â”â”â”â”â”â”â”â”â”â”â”â”â”â”â”â”â”â”â”â”â” 50.5/50.5 kB 19.4 MB/s eta 0:00:00
2022-12-09T06:13:15.1925680Z Installing collected packages: urllib3, svgwrite, pillow, mdurl, idna, charset-normalizer, certifi, requests, markdown-it-py, mdit-py-plugins
2022-12-09T06:13:15.8661831Z Successfully installed certifi-2022.12.7 charset-normalizer-2.1.1 idna-3.4 markdown-it-py-2.1.0 mdit-py-plugins-0.3.3 mdurl-0.1.2 pillow-9.3.0 requests-2.28.1 svgwrite-1.4.3 urllib3-1.26.13
2022-12-09T06:13:15.8662700Z [91mWARNING: Running pip as the 'root' user can result in broken permissions and conflicting behaviour with the system package manager. It is recommended to use a virtual environment instead: https://pip.pypa.io/warnings/venv
2022-12-09T06:13:17.6750492Z [0mRemoving intermediate container 12589663d367
2022-12-09T06:13:17.6750784Z  ---> 32e0ea1acff5
2022-12-09T06:13:17.6751011Z Step 4/6 : COPY script.py /script.py
2022-12-09T06:13:18.6842834Z  ---> d26c80996707
2022-12-09T06:13:18.6843258Z Step 5/6 : COPY microprint_generator.py /microprint_generator.py
2022-12-09T06:13:19.7140179Z  ---> 07b89978a2b1
2022-12-09T06:13:19.7140485Z Step 6/6 : CMD ["python", "/script.py"]
2022-12-09T06:13:19.7324230Z  ---> Running in eb58d7485f32
2022-12-09T06:13:20.7305660Z Removing intermediate container eb58d7485f32
2022-12-09T06:13:20.7305955Z  ---> 7dcb653fcf11
2022-12-09T06:13:20.7356245Z Successfully built 7dcb653fcf11
2022-12-09T06:13:20.7411372Z Successfully tagged 290506:ad9cd4fcbd7f5811b11201f18ccb01ec
2022-12-09T06:13:20.7421020Z ##[endgroup]
2022-12-09T06:13:20.7554194Z ##[command]/usr/bin/docker run --name ad9cd4fcbd7f5811b11201f18ccb01ec_8ff9fc --label 290506 --workdir /github/workspace --rm -e "INPUT_LOG_PATH" -e "INPUT_MICROPRINT_PATH" -e "INPUT_MICROPRINT_CONFIG_PATH" -e "INPUT_REPOSITORY" -e "INPUT_GITHUB_TOKEN" -e "INPUT_JOB_NAME" -e "INPUT_REF" -e "INPUT_LOG_FILENAME" -e "INPUT_SAVE_LOG" -e "INPUT_MICROPRINT_FILENAME" -e "INPUT_MICROPRINT_RENDER_METHOD" -e "INPUT_MICROPRINT_CONFIG_FILENAME" -e "INPUT_GENERATE_MICROPRINT_VISUALIZER_LINK" -e "INPUT_MICROPRINT_VISUALIZER_LINK_FILENAME" -e "INPUT_MICROPRINT_VISUALIZER_LINK_PATH" -e "INPUT_MATRIX" -e "HOME" -e "GITHUB_JOB" -e "GITHUB_REF" -e "GITHUB_SHA" -e "GITHUB_REPOSITORY" -e "GITHUB_REPOSITORY_OWNER" -e "GITHUB_RUN_ID" -e "GITHUB_RUN_NUMBER" -e "GITHUB_RETENTION_DAYS" -e "GITHUB_RUN_ATTEMPT" -e "GITHUB_ACTOR" -e "GITHUB_TRIGGERING_ACTOR" -e "GITHUB_WORKFLOW" -e "GITHUB_HEAD_REF" -e "GITHUB_BASE_REF" -e "GITHUB_EVENT_NAME" -e "GITHUB_SERVER_URL" -e "GITHUB_API_URL" -e "GITHUB_GRAPHQL_URL" -e "GITHUB_REF_NAME" -e "GITHUB_REF_PROTECTED" -e "GITHUB_REF_TYPE" -e "GITHUB_WORKSPACE" -e "GITHUB_ACTION" -e "GITHUB_EVENT_PATH" -e "GITHUB_ACTION_REPOSITORY" -e "GITHUB_ACTION_REF" -e "GITHUB_PATH" -e "GITHUB_ENV" -e "GITHUB_STEP_SUMMARY" -e "GITHUB_STATE" -e "GITHUB_OUTPUT" -e "RUNNER_OS" -e "RUNNER_ARCH" -e "RUNNER_NAME" -e "RUNNER_TOOL_CACHE" -e "RUNNER_TEMP" -e "RUNNER_WORKSPACE" -e "ACTIONS_RUNTIME_URL" -e "ACTIONS_RUNTIME_TOKEN" -e "ACTIONS_CACHE_URL" -e GITHUB_ACTIONS=true -e CI=true -v "/var/run/docker.sock":"/var/run/docker.sock" -v "/home/runner/work/_temp/_github_home":"/github/home" -v "/home/runner/work/_temp/_github_workflow":"/github/workflow" -v "/home/runner/work/_temp/_runner_file_commands":"/github/file_commands" -v "/home/runner/work/microprint-generator/microprint-generator":"/github/workspace" 290506:ad9cd4fcbd7f5811b11201f18ccb01ec
2022-12-09T06:13:21.1505409Z DEBUG:urllib3.connectionpool:Starting new HTTPS connection (1): api.github.com:443
2022-12-09T06:13:21.3847613Z DEBUG:urllib3.connectionpool:https://api.github.com:443 "GET /repos/AlphaSteam/microprint-generator HTTP/1.1" 200 None
2022-12-09T06:13:21.3874231Z DEBUG:urllib3.connectionpool:Starting new HTTPS connection (1): api.github.com:443
2022-12-09T06:13:21.6928907Z DEBUG:urllib3.connectionpool:https://api.github.com:443 "GET /repos/AlphaSteam/microprint-generator/actions/runs/3654970208/jobs HTTP/1.1" 200 None
2022-12-09T06:13:21.6955547Z DEBUG:urllib3.connectionpool:Starting new HTTPS connection (1): api.github.com:443
2022-12-09T06:13:21.9446017Z DEBUG:urllib3.connectionpool:https://api.github.com:443 "GET /repos/AlphaSteam/microprint-generator/actions/jobs/9986150996/logs HTTP/1.1" 302 0
2022-12-09T06:13:21.9459415Z DEBUG:urllib3.connectionpool:Starting new HTTPS connection (1): pipelines.actions.githubusercontent.com:443
2022-12-09T06:13:22.0941232Z DEBUG:urllib3.connectionpool:https://pipelines.actions.githubusercontent.com:443 "GET /serviceHosts/871f7675-65c0-436d-aa94-5c5a4536b9ce/_apis/pipelines/1/runs/276/signedlogcontent/2?urlExpires=2022-12-09T06%3A14%3A21.9156429Z&urlSigningMethod=HMACV1&urlSignature=088xFCWrhK6hDK6C3kAoWoDYwn%2FGJ8YWAq7JLhD9ivg%3D HTTP/1.1" 200 None
2022-12-09T06:13:22.0969613Z INFO:root:Generating svg microprint
2022-12-09T06:13:22.2555491Z ##[group]Run EndBug/add-and-commit@v9
2022-12-09T06:13:22.2555725Z with:
2022-12-09T06:13:22.2555950Z   message: Updated custom rules microprint
2022-12-09T06:13:22.2556217Z   pull: --rebase --autostash
2022-12-09T06:13:22.2556424Z   add: .
2022-12-09T06:13:22.2556583Z   cwd: .
2022-12-09T06:13:22.2556780Z   default_author: github_actor
2022-12-09T06:13:22.2556999Z   fetch: --tags --force
2022-12-09T06:13:22.2557223Z   pathspec_error_handling: ignore
2022-12-09T06:13:22.2557428Z   push: true
2022-12-09T06:13:22.2557798Z   github_token: ***
2022-12-09T06:13:22.2557991Z ##[endgroup]
2022-12-09T06:13:22.3889746Z Running in /home/runner/work/microprint-generator/microprint-generator
2022-12-09T06:13:22.3917437Z Add input parsed as single string, running 1 git add command.
2022-12-09T06:13:22.3921680Z > Using 'AlphaSteam <AlphaSteam@users.noreply.github.com>' as author.
2022-12-09T06:13:22.3923425Z > Using "Updated custom rules microprint" as commit message.
2022-12-09T06:13:22.3931267Z ##[group]Internal logs
2022-12-09T06:13:22.3932357Z > Staging files...
2022-12-09T06:13:22.3932879Z > Adding files...
2022-12-09T06:13:22.4671531Z > No files to remove.
2022-12-09T06:13:22.4671985Z > Checking for uncommitted changes in the git working tree...
2022-12-09T06:13:22.4734057Z > Found 3 changed files.
2022-12-09T06:13:22.8129551Z > Fetching repo...
2022-12-09T06:13:24.0602283Z {
2022-12-09T06:13:24.0602705Z   raw: '',
2022-12-09T06:13:24.0603090Z   remote: 'https://github.com/AlphaSteam/microprint-generator',
2022-12-09T06:13:24.0603368Z   branches: [
2022-12-09T06:13:24.0605633Z     { name: 'add_custom_rules', tracking: 'origin/add_custom_rules' },
2022-12-09T06:13:24.0606104Z     {
2022-12-09T06:13:24.0606573Z       name: 'add_microprint_analysis',
2022-12-09T06:13:24.0607137Z       tracking: 'origin/add_microprint_analysis'
2022-12-09T06:13:24.0607420Z     },
2022-12-09T06:13:24.0607586Z     {
2022-12-09T06:13:24.0607820Z       name: 'add_multiple_columns',
2022-12-09T06:13:24.0608147Z       tracking: 'origin/add_multiple_columns'
2022-12-09T06:13:24.0608372Z     },
2022-12-09T06:13:24.0608531Z     {
2022-12-09T06:13:24.0608792Z       name: 'create-pull-request/patch',
2022-12-09T06:13:24.0609145Z       tracking: 'origin/create-pull-request/patch'
2022-12-09T06:13:24.0609377Z     },
2022-12-09T06:13:24.0609679Z     { name: 'custom_fonts', tracking: 'origin/custom_fonts' },
2022-12-09T06:13:24.0610053Z     { name: 'fix_job_id_matrix', tracking: 'origin/fix_job_id_matrix' },
2022-12-09T06:13:24.0610394Z     { name: 'main', tracking: 'origin/main' },
2022-12-09T06:13:24.0610741Z     { name: 'matrix_actions', tracking: 'origin/matrix_actions' },
2022-12-09T06:13:24.0610982Z     {
2022-12-09T06:13:24.0611248Z       name: 'microprint_visualizer_integration',
2022-12-09T06:13:24.0611611Z       tracking: 'origin/microprint_visualizer_integration'
2022-12-09T06:13:24.0611840Z     },
2022-12-09T06:13:24.0611998Z     {
2022-12-09T06:13:24.0612225Z       name: 'reduce_code_duplication',
2022-12-09T06:13:24.0612537Z       tracking: 'origin/reduce_code_duplication'
2022-12-09T06:13:24.0612754Z     },
2022-12-09T06:13:24.0613042Z     { name: 'regex_rules', tracking: 'origin/regex_rules' },
2022-12-09T06:13:24.0613692Z     { name: 'release/v1', tracking: 'origin/release/v1' },
2022-12-09T06:13:24.0614037Z     { name: 'release/v2', tracking: 'origin/release/v2' },
2022-12-09T06:13:24.0614382Z     { name: 'test_workflow', tracking: 'origin/test_workflow' }
2022-12-09T06:13:24.0614616Z   ],
2022-12-09T06:13:24.0614772Z   tags: [
2022-12-09T06:13:24.0615020Z     { name: 'v1', tracking: 'v1' },
2022-12-09T06:13:24.0615341Z     { name: 'v1.0.0', tracking: 'v1.0.0' },
2022-12-09T06:13:24.0615624Z     { name: 'v2', tracking: 'v2' },
2022-12-09T06:13:24.0615901Z     { name: 'v2.0.0', tracking: 'v2.0.0' },
2022-12-09T06:13:24.0616232Z     { name: 'v3', tracking: 'v3' },
2022-12-09T06:13:24.0616507Z     { name: 'v3.0.0', tracking: 'v3.0.0' },
2022-12-09T06:13:24.0616769Z     { name: 'v4', tracking: 'v4' },
2022-12-09T06:13:24.0617168Z     { name: 'v4.0.0', tracking: 'v4.0.0' },
2022-12-09T06:13:24.0617459Z     { name: 'v4.0.1', tracking: 'v4.0.1' }
2022-12-09T06:13:24.0617655Z   ]
2022-12-09T06:13:24.0617816Z }
2022-12-09T06:13:24.0618001Z > Pulling from remote...
2022-12-09T06:13:24.3933470Z { raw: '', remote: null, branches: [], tags: [] }
2022-12-09T06:13:24.6788462Z Rt {
2022-12-09T06:13:24.6789081Z   remoteMessages: It { all: [] },
2022-12-09T06:13:24.6789608Z   created: [],
2022-12-09T06:13:24.6789949Z   deleted: [],
2022-12-09T06:13:24.6790281Z   files: [],
2022-12-09T06:13:24.6790689Z   deletions: {},
2022-12-09T06:13:24.6791030Z   insertions: {},
2022-12-09T06:13:24.6791426Z   summary: { changes: 0, deletions: 0, insertions: 0 }
2022-12-09T06:13:24.6791836Z }
2022-12-09T06:13:24.6792242Z > Checking for conflicts...
2022-12-09T06:13:24.6858275Z nr {
2022-12-09T06:13:24.6858583Z   not_added: [],
2022-12-09T06:13:24.6858805Z   conflicted: [],
2022-12-09T06:13:24.6859381Z   created: [ 'Examples/Mid-job/microprint.svg', 'microprint_visualizer.md' ],
2022-12-09T06:13:24.6860816Z   deleted: [],
2022-12-09T06:13:24.6861217Z   ignored: undefined,
2022-12-09T06:13:24.6861801Z   modified: [ 'Examples/Mid-job/logs.txt' ],
2022-12-09T06:13:24.6862516Z   renamed: [],
2022-12-09T06:13:24.6863005Z   files: [
2022-12-09T06:13:24.6863329Z     sr {
2022-12-09T06:13:24.6863754Z       path: 'Examples/Mid-job/logs.txt',
2022-12-09T06:13:24.6864164Z       index: 'M',
2022-12-09T06:13:24.6864575Z       working_dir: ' '
2022-12-09T06:13:24.6864879Z     },
2022-12-09T06:13:24.6865235Z     sr {
2022-12-09T06:13:24.6865645Z       path: 'Examples/Mid-job/microprint.svg',
2022-12-09T06:13:24.6866273Z       index: 'A',
2022-12-09T06:13:24.6866606Z       working_dir: ' '
2022-12-09T06:13:24.6866809Z     },
2022-12-09T06:13:24.6866979Z     sr {
2022-12-09T06:13:24.6867259Z       path: 'microprint_visualizer.md',
2022-12-09T06:13:24.6867517Z       index: 'A',
2022-12-09T06:13:24.6867740Z       working_dir: ' '
2022-12-09T06:13:24.6867931Z     }
2022-12-09T06:13:24.6868093Z   ],
2022-12-09T06:13:24.6868264Z   staged: [
2022-12-09T06:13:24.6868521Z     'Examples/Mid-job/logs.txt',
2022-12-09T06:13:24.6868826Z     'Examples/Mid-job/microprint.svg',
2022-12-09T06:13:24.6869109Z     'microprint_visualizer.md'
2022-12-09T06:13:24.6869312Z   ],
2022-12-09T06:13:24.6869479Z   ahead: 0,
2022-12-09T06:13:24.6869659Z   behind: 0,
2022-12-09T06:13:24.6869874Z   current: 'develop',
2022-12-09T06:13:24.6870133Z   tracking: 'origin/develop',
2022-12-09T06:13:24.6870347Z   detached: false,
2022-12-09T06:13:24.6870554Z   isClean: [Function (anonymous)]
2022-12-09T06:13:24.6870756Z }
2022-12-09T06:13:24.6870931Z > No conflicts found.
2022-12-09T06:13:24.6871173Z > Re-staging files...
2022-12-09T06:13:24.7413635Z > Creating commit...
2022-12-09T06:13:24.7509702Z {
2022-12-09T06:13:24.7510310Z   author: null,
2022-12-09T06:13:24.7510974Z   branch: 'develop',
2022-12-09T06:13:24.7511515Z   commit: 'ac5154ef08b366bc7c2b613f5d99d03159723c3e',
2022-12-09T06:13:24.7511982Z   root: false,
2022-12-09T06:13:24.7512384Z   summary: { changes: 3, insertions: 8, deletions: 5 }
2022-12-09T06:13:24.7512767Z }
2022-12-09T06:13:24.7558851Z > No tag info provided.
2022-12-09T06:13:24.7559299Z > Pushing commit to repo...
2022-12-09T06:13:25.6372766Z {
2022-12-09T06:13:25.6373187Z   pushed: [],
2022-12-09T06:13:25.6375011Z   update: {
2022-12-09T06:13:25.6375670Z     head: { local: 'refs/heads/develop', remote: 'refs/heads/develop' },
2022-12-09T06:13:25.6376169Z     hash: { from: '18dc96c', to: 'ac5154e' }
2022-12-09T06:13:25.6376558Z   },
2022-12-09T06:13:25.6377418Z   repo: 'https://github.com/AlphaSteam/microprint-generator',
2022-12-09T06:13:25.6377841Z   ref: { local: 'refs/remotes/origin/develop' },
2022-12-09T06:13:25.6378092Z   remoteMessages: It { all: [] }
2022-12-09T06:13:25.6378299Z }
2022-12-09T06:13:25.6378477Z > No tags to push.
2022-12-09T06:13:25.6378942Z ##[endgroup]
2022-12-09T06:13:25.6379134Z > Task completed.
2022-12-09T06:13:25.6379829Z ##[group]Outputs
2022-12-09T06:13:25.6380204Z committed: true
2022-12-09T06:13:25.6380482Z commit_long_sha: ac5154ef08b366bc7c2b613f5d99d03159723c3e
2022-12-09T06:13:25.6380789Z commit_sha: ac5154ef08b366bc7c2b613f5d99d03159723c3e
2022-12-09T06:13:25.6381036Z pushed: true
2022-12-09T06:13:25.6381219Z tagged: false
2022-12-09T06:13:25.6381415Z tag_pushed: false
2022-12-09T06:13:25.6381767Z ##[endgroup]
2022-12-09T06:13:25.6975745Z Post job cleanup.
2022-12-09T06:13:25.8244607Z [command]/usr/bin/git version
2022-12-09T06:13:25.8294559Z git version 2.38.1
2022-12-09T06:13:25.8348078Z Temporarily overriding HOME='/home/runner/work/_temp/a30b50d9-c31c-4ed3-b1f5-a14020a20bf4' before making global git config changes
2022-12-09T06:13:25.8351392Z Adding repository directory to the temporary git global config as a safe directory
2022-12-09T06:13:25.8357854Z [command]/usr/bin/git config --global --add safe.directory /home/runner/work/microprint-generator/microprint-generator
2022-12-09T06:13:25.8399938Z [command]/usr/bin/git config --local --name-only --get-regexp core\.sshCommand
2022-12-09T06:13:25.8440759Z [command]/usr/bin/git submodule foreach --recursive git config --local --name-only --get-regexp 'core\.sshCommand' && git config --local --unset-all 'core.sshCommand' || :
2022-12-09T06:13:25.8687717Z [command]/usr/bin/git config --local --name-only --get-regexp http\.https\:\/\/github\.com\/\.extraheader
2022-12-09T06:13:25.8716386Z http.https://github.com/.extraheader
2022-12-09T06:13:25.8728993Z [command]/usr/bin/git config --local --unset-all http.https://github.com/.extraheader
2022-12-09T06:13:25.8768698Z [command]/usr/bin/git submodule foreach --recursive git config --local --name-only --get-regexp 'http\.https\:\/\/github\.com\/\.extraheader' && git config --local --unset-all 'http.https://github.com/.extraheader' || :
2022-12-09T06:13:25.9264063Z Cleaning up orphan processes
