2022-10-17T18:18:49.7401241Z Requested labels: ubuntu-latest
2022-10-17T18:18:49.7401285Z Job defined at: AlphaSteam/microprint-generator/.github/workflows/generate_examples.yaml@refs/heads/develop
2022-10-17T18:18:49.7401303Z Waiting for a runner to pick up this job...
2022-10-17T18:18:50.3388090Z Job is waiting for a hosted runner to come online.
2022-10-17T18:18:53.2255967Z Job is about to start running on the hosted runner: Hosted Agent (hosted)
2022-10-17T18:18:55.3857200Z Current runner version: '2.298.2'
2022-10-17T18:18:55.3879887Z ##[group]Operating System
2022-10-17T18:18:55.3880385Z Ubuntu
2022-10-17T18:18:55.3880612Z 20.04.5
2022-10-17T18:18:55.3880968Z LTS
2022-10-17T18:18:55.3881245Z ##[endgroup]
2022-10-17T18:18:55.3881507Z ##[group]Runner Image
2022-10-17T18:18:55.3881846Z Image: ubuntu-20.04
2022-10-17T18:18:55.3882170Z Version: 20221002.2
2022-10-17T18:18:55.3882692Z Included Software: https://github.com/actions/runner-images/blob/ubuntu20/20221002.2/images/linux/Ubuntu2004-Readme.md
2022-10-17T18:18:55.3883304Z Image Release: https://github.com/actions/runner-images/releases/tag/ubuntu20%2F20221002.2
2022-10-17T18:18:55.3883685Z ##[endgroup]
2022-10-17T18:18:55.3884012Z ##[group]Runner Image Provisioner
2022-10-17T18:18:55.3884375Z 2.0.78.1
2022-10-17T18:18:55.3884646Z ##[endgroup]
2022-10-17T18:18:55.3885501Z ##[group]GITHUB_TOKEN Permissions
2022-10-17T18:18:55.3886064Z Actions: write
2022-10-17T18:18:55.3886397Z Checks: write
2022-10-17T18:18:55.3886839Z Contents: write
2022-10-17T18:18:55.3887155Z Deployments: write
2022-10-17T18:18:55.3887475Z Discussions: write
2022-10-17T18:18:55.3887800Z Issues: write
2022-10-17T18:18:55.3888095Z Metadata: read
2022-10-17T18:18:55.3888348Z Packages: write
2022-10-17T18:18:55.3888654Z Pages: write
2022-10-17T18:18:55.3888980Z PullRequests: write
2022-10-17T18:18:55.3889321Z RepositoryProjects: write
2022-10-17T18:18:55.3889623Z SecurityEvents: write
2022-10-17T18:18:55.3889947Z Statuses: write
2022-10-17T18:18:55.3890235Z ##[endgroup]
2022-10-17T18:18:55.3894142Z Secret source: Actions
2022-10-17T18:18:55.3894631Z Prepare workflow directory
2022-10-17T18:18:55.4736318Z Prepare all required actions
2022-10-17T18:18:55.4918472Z Getting action download info
2022-10-17T18:18:55.6736525Z Download action repository 'actions/checkout@v3' (SHA:93ea575cb5d8a053eaa0ac8fa3b40d7e05a33cc8)
2022-10-17T18:18:55.9649410Z Download action repository 'stefanzweifel/git-auto-commit-action@v4' (SHA:fd157da78fa13d9383e5580d1fd1184d89554b51)
2022-10-17T18:18:56.1104928Z Download action repository 'CasperWA/push-protected@v2' (SHA:6b25de805895da731062c43da647425fbb383128)
2022-10-17T18:18:56.5570311Z ##[group]Build container for action use: '/home/runner/work/_actions/CasperWA/push-protected/v2/Dockerfile'.
2022-10-17T18:18:56.5642814Z ##[command]/usr/bin/docker build -t 8d5581:13ae810cae324f7baac3901190601ed4 -f "/home/runner/work/_actions/CasperWA/push-protected/v2/Dockerfile" "/home/runner/work/_actions/CasperWA/push-protected/v2"
2022-10-17T18:18:56.6586340Z Sending build context to Docker daemon  113.2kB
2022-10-17T18:18:56.6590631Z 
2022-10-17T18:18:56.6951317Z Step 1/6 : FROM python:alpine
2022-10-17T18:18:56.9883427Z alpine: Pulling from library/python
2022-10-17T18:18:57.0602285Z 213ec9aee27d: Already exists
2022-10-17T18:18:57.0624148Z 47858aee13bf: Pulling fs layer
2022-10-17T18:18:57.0625446Z cfe0d6c6d05c: Pulling fs layer
2022-10-17T18:18:57.0626360Z 2df617b3dcd9: Pulling fs layer
2022-10-17T18:18:57.0627238Z 38da16a6ebe8: Pulling fs layer
2022-10-17T18:18:57.0628227Z 38da16a6ebe8: Waiting
2022-10-17T18:18:57.1620531Z 2df617b3dcd9: Verifying Checksum
2022-10-17T18:18:57.1621483Z 2df617b3dcd9: Download complete
2022-10-17T18:18:57.1717345Z 47858aee13bf: Verifying Checksum
2022-10-17T18:18:57.1717663Z 47858aee13bf: Download complete
2022-10-17T18:18:57.3173723Z 38da16a6ebe8: Verifying Checksum
2022-10-17T18:18:57.3177258Z 38da16a6ebe8: Download complete
2022-10-17T18:18:57.4404732Z 47858aee13bf: Pull complete
2022-10-17T18:18:57.4593833Z cfe0d6c6d05c: Verifying Checksum
2022-10-17T18:18:57.4595319Z cfe0d6c6d05c: Download complete
2022-10-17T18:18:58.2283441Z cfe0d6c6d05c: Pull complete
2022-10-17T18:18:58.2740562Z 2df617b3dcd9: Pull complete
2022-10-17T18:18:58.6812451Z 38da16a6ebe8: Pull complete
2022-10-17T18:18:58.6841847Z Digest: sha256:3bfac1caa31cc6c0e796b65ba936f320d1e549d80f5ac02c2e4f83a0f04af3aa
2022-10-17T18:18:58.6865411Z Status: Downloaded newer image for python:alpine
2022-10-17T18:18:58.6875690Z  ---> 880fc229346e
2022-10-17T18:18:58.6876338Z Step 2/6 : COPY README.md setup.py requirements*.txt ./
2022-10-17T18:18:59.0227948Z  ---> 1caaf45a01cb
2022-10-17T18:18:59.0228293Z Step 3/6 : COPY push_action ./push_action
2022-10-17T18:19:00.0131283Z  ---> 6c5b8d211f04
2022-10-17T18:19:00.0199354Z Step 4/6 : RUN apk update     && apk add --no-cache git git-lfs bash     && pip install -U -e .
2022-10-17T18:19:00.0423379Z  ---> Running in cbc69b4a9272
2022-10-17T18:19:00.2983372Z fetch https://dl-cdn.alpinelinux.org/alpine/v3.16/main/x86_64/APKINDEX.tar.gz
2022-10-17T18:19:00.4116788Z fetch https://dl-cdn.alpinelinux.org/alpine/v3.16/community/x86_64/APKINDEX.tar.gz
2022-10-17T18:19:00.6473552Z v3.16.2-303-g355c945e84 [https://dl-cdn.alpinelinux.org/alpine/v3.16/main]
2022-10-17T18:19:00.6476705Z v3.16.2-302-g26bb45e677 [https://dl-cdn.alpinelinux.org/alpine/v3.16/community]
2022-10-17T18:19:00.6479167Z OK: 17038 distinct packages available
2022-10-17T18:19:00.6762813Z fetch https://dl-cdn.alpinelinux.org/alpine/v3.16/main/x86_64/APKINDEX.tar.gz
2022-10-17T18:19:00.7771253Z fetch https://dl-cdn.alpinelinux.org/alpine/v3.16/community/x86_64/APKINDEX.tar.gz
2022-10-17T18:19:00.9835251Z (1/7) Installing bash (5.1.16-r2)
2022-10-17T18:19:01.0016665Z Executing bash-5.1.16-r2.post-install
2022-10-17T18:19:01.0036849Z (2/7) Installing brotli-libs (1.0.9-r6)
2022-10-17T18:19:01.0165617Z (3/7) Installing nghttp2-libs (1.47.0-r0)
2022-10-17T18:19:01.0241682Z (4/7) Installing libcurl (7.83.1-r3)
2022-10-17T18:19:01.0360507Z (5/7) Installing pcre2 (10.40-r0)
2022-10-17T18:19:01.0484545Z (6/7) Installing git (2.36.2-r0)
2022-10-17T18:19:01.1807455Z (7/7) Installing git-lfs (3.1.4-r5)
2022-10-17T18:19:01.2805494Z Executing git-lfs-3.1.4-r5.post-install
2022-10-17T18:19:01.2930963Z Git LFS initialized.
2022-10-17T18:19:01.2940917Z Executing busybox-1.35.0-r17.trigger
2022-10-17T18:19:01.2986923Z OK: 39 MiB in 43 packages
2022-10-17T18:19:03.3085321Z Obtaining file:///
2022-10-17T18:19:03.3093755Z   Preparing metadata (setup.py): started
2022-10-17T18:19:03.8573354Z   Preparing metadata (setup.py): finished with status 'done'
2022-10-17T18:19:03.9302062Z Collecting requests~=2.28
2022-10-17T18:19:03.9748763Z   Downloading requests-2.28.1-py3-none-any.whl (62 kB)
2022-10-17T18:19:03.9855757Z      ━━━━━━━━━━━━━━━━━━━━━━━━━━━━━━━━━━━━━━━━ 62.8/62.8 kB 6.8 MB/s eta 0:00:00
2022-10-17T18:19:04.0301999Z Collecting charset-normalizer<3,>=2
2022-10-17T18:19:04.0375393Z   Downloading charset_normalizer-2.1.1-py3-none-any.whl (39 kB)
2022-10-17T18:19:04.0800631Z Collecting urllib3<1.27,>=1.21.1
2022-10-17T18:19:04.0921610Z   Downloading urllib3-1.26.12-py2.py3-none-any.whl (140 kB)
2022-10-17T18:19:04.1007000Z      ━━━━━━━━━━━━━━━━━━━━━━━━━━━━━━━━━━━━━━ 140.4/140.4 kB 22.1 MB/s eta 0:00:00
2022-10-17T18:19:04.1248501Z Collecting certifi>=2017.4.17
2022-10-17T18:19:04.1333188Z   Downloading certifi-2022.9.24-py3-none-any.whl (161 kB)
2022-10-17T18:19:04.1388291Z      ━━━━━━━━━━━━━━━━━━━━━━━━━━━━━━━━━━━━━━ 161.1/161.1 kB 48.7 MB/s eta 0:00:00
2022-10-17T18:19:04.1567564Z Collecting idna<4,>=2.5
2022-10-17T18:19:04.1650542Z   Downloading idna-3.4-py3-none-any.whl (61 kB)
2022-10-17T18:19:04.1695730Z      ━━━━━━━━━━━━━━━━━━━━━━━━━━━━━━━━━━━━━━━━ 61.5/61.5 kB 24.7 MB/s eta 0:00:00
2022-10-17T18:19:04.2536632Z Installing collected packages: urllib3, idna, charset-normalizer, certifi, requests, push-action
2022-10-17T18:19:04.5505282Z   Running setup.py develop for push-action
2022-10-17T18:19:04.8989891Z Successfully installed certifi-2022.9.24 charset-normalizer-2.1.1 idna-3.4 push-action-2.14.0 requests-2.28.1 urllib3-1.26.12
2022-10-17T18:19:04.8993502Z [91mWARNING: Running pip as the 'root' user can result in broken permissions and conflicting behaviour with the system package manager. It is recommended to use a virtual environment instead: https://pip.pypa.io/warnings/venv
2022-10-17T18:19:04.9780207Z [0m[91m
2022-10-17T18:19:04.9780697Z [notice] A new release of pip available: 22.2.2 -> 22.3
2022-10-17T18:19:04.9781032Z [notice] To update, run: pip install --upgrade pip
2022-10-17T18:19:06.2644138Z [0mRemoving intermediate container cbc69b4a9272
2022-10-17T18:19:06.2644428Z  ---> ba2cc5846dd0
2022-10-17T18:19:06.2644683Z Step 5/6 : COPY entrypoint.sh ./
2022-10-17T18:19:07.0146779Z  ---> 19b6fa673fc8
2022-10-17T18:19:07.0147080Z Step 6/6 : ENTRYPOINT [ "/entrypoint.sh" ]
2022-10-17T18:19:07.0329829Z  ---> Running in f36401c14d83
2022-10-17T18:19:08.0147042Z Removing intermediate container f36401c14d83
2022-10-17T18:19:08.0147331Z  ---> 8fc9a9a0fe41
2022-10-17T18:19:08.0156236Z Successfully built 8fc9a9a0fe41
2022-10-17T18:19:08.0187059Z Successfully tagged 8d5581:13ae810cae324f7baac3901190601ed4
2022-10-17T18:19:08.0197553Z ##[endgroup]
2022-10-17T18:19:08.0607427Z ##[group]Run actions/checkout@v3
2022-10-17T18:19:08.0607677Z with:
2022-10-17T18:19:08.0607932Z   repository: AlphaSteam/microprint-generator
2022-10-17T18:19:08.0608376Z   token: ***
2022-10-17T18:19:08.0608572Z   ssh-strict: true
2022-10-17T18:19:08.0608790Z   persist-credentials: true
2022-10-17T18:19:08.0609008Z   clean: true
2022-10-17T18:19:08.0609207Z   fetch-depth: 1
2022-10-17T18:19:08.0609399Z   lfs: false
2022-10-17T18:19:08.0609585Z   submodules: false
2022-10-17T18:19:08.0609800Z   set-safe-directory: true
2022-10-17T18:19:08.0610021Z ##[endgroup]
2022-10-17T18:19:08.3054152Z Syncing repository: AlphaSteam/microprint-generator
2022-10-17T18:19:08.3055840Z ##[group]Getting Git version info
2022-10-17T18:19:08.3056394Z Working directory is '/home/runner/work/microprint-generator/microprint-generator'
2022-10-17T18:19:08.3056930Z [command]/usr/bin/git version
2022-10-17T18:19:08.3173506Z git version 2.37.3
2022-10-17T18:19:08.3174615Z ##[endgroup]
2022-10-17T18:19:08.3190590Z Temporarily overriding HOME='/home/runner/work/_temp/bd6056de-59ee-466e-ac17-db566f013122' before making global git config changes
2022-10-17T18:19:08.3191063Z Adding repository directory to the temporary git global config as a safe directory
2022-10-17T18:19:08.3191660Z [command]/usr/bin/git config --global --add safe.directory /home/runner/work/microprint-generator/microprint-generator
2022-10-17T18:19:08.3229832Z Deleting the contents of '/home/runner/work/microprint-generator/microprint-generator'
2022-10-17T18:19:08.3235451Z ##[group]Initializing the repository
2022-10-17T18:19:08.3239629Z [command]/usr/bin/git init /home/runner/work/microprint-generator/microprint-generator
2022-10-17T18:19:08.3292916Z hint: Using 'master' as the name for the initial branch. This default branch name
2022-10-17T18:19:08.3293538Z hint: is subject to change. To configure the initial branch name to use in all
2022-10-17T18:19:08.3294542Z hint: of your new repositories, which will suppress this warning, call:
2022-10-17T18:19:08.3295077Z hint: 
2022-10-17T18:19:08.3295826Z hint: 	git config --global init.defaultBranch <name>
2022-10-17T18:19:08.3296167Z hint: 
2022-10-17T18:19:08.3296915Z hint: Names commonly chosen instead of 'master' are 'main', 'trunk' and
2022-10-17T18:19:08.3297444Z hint: 'development'. The just-created branch can be renamed via this command:
2022-10-17T18:19:08.3297817Z hint: 
2022-10-17T18:19:08.3298449Z hint: 	git branch -m <name>
2022-10-17T18:19:08.3305610Z Initialized empty Git repository in /home/runner/work/microprint-generator/microprint-generator/.git/
2022-10-17T18:19:08.3314211Z [command]/usr/bin/git remote add origin https://github.com/AlphaSteam/microprint-generator
2022-10-17T18:19:08.3351746Z ##[endgroup]
2022-10-17T18:19:08.3352429Z ##[group]Disabling automatic garbage collection
2022-10-17T18:19:08.3356480Z [command]/usr/bin/git config --local gc.auto 0
2022-10-17T18:19:08.3387447Z ##[endgroup]
2022-10-17T18:19:08.3388085Z ##[group]Setting up auth
2022-10-17T18:19:08.3396420Z [command]/usr/bin/git config --local --name-only --get-regexp core\.sshCommand
2022-10-17T18:19:08.3429473Z [command]/usr/bin/git submodule foreach --recursive git config --local --name-only --get-regexp 'core\.sshCommand' && git config --local --unset-all 'core.sshCommand' || :
2022-10-17T18:19:08.3740467Z [command]/usr/bin/git config --local --name-only --get-regexp http\.https\:\/\/github\.com\/\.extraheader
2022-10-17T18:19:08.3768662Z [command]/usr/bin/git submodule foreach --recursive git config --local --name-only --get-regexp 'http\.https\:\/\/github\.com\/\.extraheader' && git config --local --unset-all 'http.https://github.com/.extraheader' || :
2022-10-17T18:19:08.3983538Z [command]/usr/bin/git config --local http.https://github.com/.extraheader AUTHORIZATION: basic ***
2022-10-17T18:19:08.4021303Z ##[endgroup]
2022-10-17T18:19:08.4021983Z ##[group]Fetching the repository
2022-10-17T18:19:08.4030868Z [command]/usr/bin/git -c protocol.version=2 fetch --no-tags --prune --progress --no-recurse-submodules --depth=1 origin +f93988a8ed792476563dc25c8c7adc76eb4bce36:refs/remotes/origin/develop
2022-10-17T18:19:08.6019661Z remote: Enumerating objects: 51, done.        
2022-10-17T18:19:08.6054958Z remote: Counting objects:   1% (1/51)        
2022-10-17T18:19:08.6055266Z remote: Counting objects:   3% (2/51)        
2022-10-17T18:19:08.6055519Z remote: Counting objects:   5% (3/51)        
2022-10-17T18:19:08.6055789Z remote: Counting objects:   7% (4/51)        
2022-10-17T18:19:08.6056038Z remote: Counting objects:   9% (5/51)        
2022-10-17T18:19:08.6056278Z remote: Counting objects:  11% (6/51)        
2022-10-17T18:19:08.6056509Z remote: Counting objects:  13% (7/51)        
2022-10-17T18:19:08.6056753Z remote: Counting objects:  15% (8/51)        
2022-10-17T18:19:08.6056997Z remote: Counting objects:  17% (9/51)        
2022-10-17T18:19:08.6057239Z remote: Counting objects:  19% (10/51)        
2022-10-17T18:19:08.6057481Z remote: Counting objects:  21% (11/51)        
2022-10-17T18:19:08.6057726Z remote: Counting objects:  23% (12/51)        
2022-10-17T18:19:08.6057973Z remote: Counting objects:  25% (13/51)        
2022-10-17T18:19:08.6058217Z remote: Counting objects:  27% (14/51)        
2022-10-17T18:19:08.6058455Z remote: Counting objects:  29% (15/51)        
2022-10-17T18:19:08.6058691Z remote: Counting objects:  31% (16/51)        
2022-10-17T18:19:08.6058930Z remote: Counting objects:  33% (17/51)        
2022-10-17T18:19:08.6059167Z remote: Counting objects:  35% (18/51)        
2022-10-17T18:19:08.6059396Z remote: Counting objects:  37% (19/51)        
2022-10-17T18:19:08.6059626Z remote: Counting objects:  39% (20/51)        
2022-10-17T18:19:08.6059864Z remote: Counting objects:  41% (21/51)        
2022-10-17T18:19:08.6060098Z remote: Counting objects:  43% (22/51)        
2022-10-17T18:19:08.6060328Z remote: Counting objects:  45% (23/51)        
2022-10-17T18:19:08.6060564Z remote: Counting objects:  47% (24/51)        
2022-10-17T18:19:08.6060802Z remote: Counting objects:  49% (25/51)        
2022-10-17T18:19:08.6061035Z remote: Counting objects:  50% (26/51)        
2022-10-17T18:19:08.6061262Z remote: Counting objects:  52% (27/51)        
2022-10-17T18:19:08.6061497Z remote: Counting objects:  54% (28/51)        
2022-10-17T18:19:08.6061741Z remote: Counting objects:  56% (29/51)        
2022-10-17T18:19:08.6061972Z remote: Counting objects:  58% (30/51)        
2022-10-17T18:19:08.6062200Z remote: Counting objects:  60% (31/51)        
2022-10-17T18:19:08.6062431Z remote: Counting objects:  62% (32/51)        
2022-10-17T18:19:08.6062663Z remote: Counting objects:  64% (33/51)        
2022-10-17T18:19:08.6062896Z remote: Counting objects:  66% (34/51)        
2022-10-17T18:19:08.6063374Z remote: Counting objects:  68% (35/51)        
2022-10-17T18:19:08.6063637Z remote: Counting objects:  70% (36/51)        
2022-10-17T18:19:08.6063875Z remote: Counting objects:  72% (37/51)        
2022-10-17T18:19:08.6064195Z remote: Counting objects:  74% (38/51)        
2022-10-17T18:19:08.6064432Z remote: Counting objects:  76% (39/51)        
2022-10-17T18:19:08.6064806Z remote: Counting objects:  78% (40/51)        
2022-10-17T18:19:08.6065118Z remote: Counting objects:  80% (41/51)        
2022-10-17T18:19:08.6065440Z remote: Counting objects:  82% (42/51)        
2022-10-17T18:19:08.6065745Z remote: Counting objects:  84% (43/51)        
2022-10-17T18:19:08.6066274Z remote: Counting objects:  86% (44/51)        
2022-10-17T18:19:08.6066741Z remote: Counting objects:  88% (45/51)        
2022-10-17T18:19:08.6067315Z remote: Counting objects:  90% (46/51)        
2022-10-17T18:19:08.6067705Z remote: Counting objects:  92% (47/51)        
2022-10-17T18:19:08.6068022Z remote: Counting objects:  94% (48/51)        
2022-10-17T18:19:08.6068336Z remote: Counting objects:  96% (49/51)        
2022-10-17T18:19:08.6068639Z remote: Counting objects:  98% (50/51)        
2022-10-17T18:19:08.6068950Z remote: Counting objects: 100% (51/51)        
2022-10-17T18:19:08.6069374Z remote: Counting objects: 100% (51/51), done.        
2022-10-17T18:19:08.6069751Z remote: Compressing objects:   2% (1/45)        
2022-10-17T18:19:08.6070111Z remote: Compressing objects:   4% (2/45)        
2022-10-17T18:19:08.6070445Z remote: Compressing objects:   6% (3/45)        
2022-10-17T18:19:08.6070785Z remote: Compressing objects:   8% (4/45)        
2022-10-17T18:19:08.6071113Z remote: Compressing objects:  11% (5/45)        
2022-10-17T18:19:08.6071440Z remote: Compressing objects:  13% (6/45)        
2022-10-17T18:19:08.6071794Z remote: Compressing objects:  15% (7/45)        
2022-10-17T18:19:08.6072122Z remote: Compressing objects:  17% (8/45)        
2022-10-17T18:19:08.6072443Z remote: Compressing objects:  20% (9/45)        
2022-10-17T18:19:08.6072780Z remote: Compressing objects:  22% (10/45)        
2022-10-17T18:19:08.6073125Z remote: Compressing objects:  24% (11/45)        
2022-10-17T18:19:08.6073463Z remote: Compressing objects:  26% (12/45)        
2022-10-17T18:19:08.6073797Z remote: Compressing objects:  28% (13/45)        
2022-10-17T18:19:08.6074123Z remote: Compressing objects:  31% (14/45)        
2022-10-17T18:19:08.6074449Z remote: Compressing objects:  33% (15/45)        
2022-10-17T18:19:08.6074772Z remote: Compressing objects:  35% (16/45)        
2022-10-17T18:19:08.6175146Z remote: Compressing objects:  37% (17/45)        
2022-10-17T18:19:08.6285493Z remote: Compressing objects:  40% (18/45)        
2022-10-17T18:19:08.6476463Z remote: Compressing objects:  42% (19/45)        
2022-10-17T18:19:08.6477300Z remote: Compressing objects:  44% (20/45)        
2022-10-17T18:19:08.6477645Z remote: Compressing objects:  46% (21/45)        
2022-10-17T18:19:08.6480863Z remote: Compressing objects:  48% (22/45)        
2022-10-17T18:19:08.6481136Z remote: Compressing objects:  51% (23/45)        
2022-10-17T18:19:08.6481512Z remote: Compressing objects:  53% (24/45)        
2022-10-17T18:19:08.6481761Z remote: Compressing objects:  55% (25/45)        
2022-10-17T18:19:08.6482019Z remote: Compressing objects:  57% (26/45)        
2022-10-17T18:19:08.6482527Z remote: Compressing objects:  60% (27/45)        
2022-10-17T18:19:08.6482780Z remote: Compressing objects:  62% (28/45)        
2022-10-17T18:19:08.6483121Z remote: Compressing objects:  64% (29/45)        
2022-10-17T18:19:08.6487939Z remote: Compressing objects:  66% (30/45)        
2022-10-17T18:19:08.6488211Z remote: Compressing objects:  68% (31/45)        
2022-10-17T18:19:08.6488562Z remote: Compressing objects:  71% (32/45)        
2022-10-17T18:19:08.6488815Z remote: Compressing objects:  73% (33/45)        
2022-10-17T18:19:08.6489061Z remote: Compressing objects:  75% (34/45)        
2022-10-17T18:19:08.6489308Z remote: Compressing objects:  77% (35/45)        
2022-10-17T18:19:08.6489810Z remote: Compressing objects:  80% (36/45)        
2022-10-17T18:19:08.6490155Z remote: Compressing objects:  82% (37/45)        
2022-10-17T18:19:08.6490427Z remote: Compressing objects:  84% (38/45)        
2022-10-17T18:19:08.6490677Z remote: Compressing objects:  86% (39/45)        
2022-10-17T18:19:08.6490996Z remote: Compressing objects:  88% (40/45)        
2022-10-17T18:19:08.6491252Z remote: Compressing objects:  91% (41/45)        
2022-10-17T18:19:08.6491573Z remote: Compressing objects:  93% (42/45)        
2022-10-17T18:19:08.6491978Z remote: Compressing objects:  95% (43/45)        
2022-10-17T18:19:08.6492452Z remote: Compressing objects:  97% (44/45)        
2022-10-17T18:19:08.6492778Z remote: Compressing objects: 100% (45/45)        
2022-10-17T18:19:08.6493057Z remote: Compressing objects: 100% (45/45), done.        
2022-10-17T18:19:08.8390394Z remote: Total 51 (delta 8), reused 30 (delta 1), pack-reused 0        
2022-10-17T18:19:08.8668718Z From https://github.com/AlphaSteam/microprint-generator
2022-10-17T18:19:08.8669531Z  * [new ref]         f93988a8ed792476563dc25c8c7adc76eb4bce36 -> origin/develop
2022-10-17T18:19:08.8694835Z ##[endgroup]
2022-10-17T18:19:08.8695546Z ##[group]Determining the checkout info
2022-10-17T18:19:08.8697038Z ##[endgroup]
2022-10-17T18:19:08.8697751Z ##[group]Checking out the ref
2022-10-17T18:19:08.8711901Z [command]/usr/bin/git checkout --progress --force -B develop refs/remotes/origin/develop
2022-10-17T18:19:08.8994484Z Switched to a new branch 'develop'
2022-10-17T18:19:08.9010237Z branch 'develop' set up to track 'origin/develop'.
2022-10-17T18:19:08.9011029Z ##[endgroup]
2022-10-17T18:19:08.9040268Z [command]/usr/bin/git log -1 --format='%H'
2022-10-17T18:19:08.9068977Z 'f93988a8ed792476563dc25c8c7adc76eb4bce36'
2022-10-17T18:19:08.9374984Z ##[group]Run ./
2022-10-17T18:19:08.9375187Z with:
2022-10-17T18:19:08.9375389Z   microprint_render_method: raster
2022-10-17T18:19:08.9375629Z   log_path: ./Examples/Mid-job/logs
2022-10-17T18:19:08.9375902Z   microprint_path: ./Examples/Mid-job/microprint
2022-10-17T18:19:08.9376181Z   microprint_config_path: ./Examples/Mid-job/
2022-10-17T18:19:08.9376465Z   repository: AlphaSteam/microprint-generator
2022-10-17T18:19:08.9376889Z   github_token: ***
2022-10-17T18:19:08.9377106Z   job_name: generate_microprint_mid_job
2022-10-17T18:19:08.9377340Z   ref: refs/heads/develop
2022-10-17T18:19:08.9377552Z   log_filename: logs
2022-10-17T18:19:08.9377751Z   save_log: true
2022-10-17T18:19:08.9377952Z   microprint_filename: microprint
2022-10-17T18:19:08.9378194Z   microprint_config_filename: config
2022-10-17T18:19:08.9378456Z   generate_microprint_visualizer_link: true
2022-10-17T18:19:08.9378761Z   microprint_visualizer_link_filename: microprint_visualizer
2022-10-17T18:19:08.9379073Z   microprint_visualizer_link_path: ./
2022-10-17T18:19:08.9379294Z ##[endgroup]
2022-10-17T18:19:08.9497632Z ##[group]Building docker image
2022-10-17T18:19:08.9498010Z Dockerfile for action: '/home/runner/work/microprint-generator/microprint-generator/./Dockerfile'.
2022-10-17T18:19:08.9499331Z ##[command]/usr/bin/docker build -t 8d5581:ad9cd4fcbd7f5811b11201f18ccb01ec -f "/home/runner/work/microprint-generator/microprint-generator/./Dockerfile" "/home/runner/work/microprint-generator/microprint-generator"
2022-10-17T18:19:09.0317375Z Sending build context to Docker daemon  4.274MB
2022-10-17T18:19:09.0317881Z 
2022-10-17T18:19:09.0346403Z Step 1/6 : FROM python:3
2022-10-17T18:19:09.3015738Z 3: Pulling from library/python
2022-10-17T18:19:09.4056469Z f606d8928ed3: Pulling fs layer
2022-10-17T18:19:09.4056889Z 47db815c6a45: Pulling fs layer
2022-10-17T18:19:09.4057433Z bf4849400000: Pulling fs layer
2022-10-17T18:19:09.4057681Z a572f7a256d3: Pulling fs layer
2022-10-17T18:19:09.4057905Z 8f7d05258955: Pulling fs layer
2022-10-17T18:19:09.4058127Z 7110f04115ae: Pulling fs layer
2022-10-17T18:19:09.4058322Z 967c89122295: Pulling fs layer
2022-10-17T18:19:09.4058518Z 9f28dfdab382: Pulling fs layer
2022-10-17T18:19:09.4058726Z 5e971b2ac572: Pulling fs layer
2022-10-17T18:19:09.4058926Z a572f7a256d3: Waiting
2022-10-17T18:19:09.4059118Z 8f7d05258955: Waiting
2022-10-17T18:19:09.4059292Z 7110f04115ae: Waiting
2022-10-17T18:19:09.4059467Z 967c89122295: Waiting
2022-10-17T18:19:09.4059639Z 5e971b2ac572: Waiting
2022-10-17T18:19:09.5711022Z 47db815c6a45: Verifying Checksum
2022-10-17T18:19:09.5711343Z 47db815c6a45: Download complete
2022-10-17T18:19:09.6589643Z bf4849400000: Verifying Checksum
2022-10-17T18:19:09.6590117Z bf4849400000: Download complete
2022-10-17T18:19:10.6540015Z f606d8928ed3: Verifying Checksum
2022-10-17T18:19:10.6540303Z f606d8928ed3: Download complete
2022-10-17T18:19:10.7078462Z a572f7a256d3: Verifying Checksum
2022-10-17T18:19:10.7082207Z a572f7a256d3: Download complete
2022-10-17T18:19:10.8282627Z 7110f04115ae: Verifying Checksum
2022-10-17T18:19:10.8282908Z 7110f04115ae: Download complete
2022-10-17T18:19:10.9237236Z 9f28dfdab382: Verifying Checksum
2022-10-17T18:19:10.9237653Z 9f28dfdab382: Download complete
2022-10-17T18:19:11.0801519Z 5e971b2ac572: Verifying Checksum
2022-10-17T18:19:11.0801794Z 5e971b2ac572: Download complete
2022-10-17T18:19:11.2763109Z 967c89122295: Verifying Checksum
2022-10-17T18:19:11.2763369Z 967c89122295: Download complete
2022-10-17T18:19:12.7103558Z f606d8928ed3: Pull complete
2022-10-17T18:19:12.8510093Z 8f7d05258955: Verifying Checksum
2022-10-17T18:19:12.8510379Z 8f7d05258955: Download complete
2022-10-17T18:19:14.9228020Z 47db815c6a45: Pull complete
2022-10-17T18:19:15.2683530Z bf4849400000: Pull complete
2022-10-17T18:19:18.3153833Z a572f7a256d3: Pull complete
2022-10-17T18:19:26.5221887Z 8f7d05258955: Pull complete
2022-10-17T18:19:26.8768758Z 7110f04115ae: Pull complete
2022-10-17T18:19:27.6654705Z 967c89122295: Pull complete
2022-10-17T18:19:27.7164071Z 9f28dfdab382: Pull complete
2022-10-17T18:19:27.9642830Z 5e971b2ac572: Pull complete
2022-10-17T18:19:27.9680098Z Digest: sha256:3e15ea73ac5c1f9408d8dc9eeb8297ece8e727f3004129a829519230c7de720c
2022-10-17T18:19:27.9692107Z Status: Downloaded newer image for python:3
2022-10-17T18:19:27.9706036Z  ---> f05c8762fe15
2022-10-17T18:19:27.9706337Z Step 2/6 : COPY requirements.txt /requirements.txt
2022-10-17T18:19:29.0531525Z  ---> bbb1ef107f8f
2022-10-17T18:19:29.0532189Z Step 3/6 : RUN pip install -r /requirements.txt
2022-10-17T18:19:29.0736342Z  ---> Running in 6f79069f39e8
2022-10-17T18:19:30.9911633Z Collecting pillow
2022-10-17T18:19:31.0386790Z   Downloading Pillow-9.2.0-cp310-cp310-manylinux_2_28_x86_64.whl (3.2 MB)
2022-10-17T18:19:31.0843502Z      ━━━━━━━━━━━━━━━━━━━━━━━━━━━━━━━━━━━━━━━━ 3.2/3.2 MB 73.7 MB/s eta 0:00:00
2022-10-17T18:19:31.1435631Z Collecting requests
2022-10-17T18:19:31.1512134Z   Downloading requests-2.28.1-py3-none-any.whl (62 kB)
2022-10-17T18:19:31.1551861Z      ━━━━━━━━━━━━━━━━━━━━━━━━━━━━━━━━━━━━━━━━ 62.8/62.8 kB 30.2 MB/s eta 0:00:00
2022-10-17T18:19:31.2088618Z Collecting svgwrite
2022-10-17T18:19:31.2335931Z   Downloading svgwrite-1.4.3-py3-none-any.whl (67 kB)
2022-10-17T18:19:31.2392377Z      ━━━━━━━━━━━━━━━━━━━━━━━━━━━━━━━━━━━━━━━━ 67.1/67.1 kB 16.9 MB/s eta 0:00:00
2022-10-17T18:19:31.2694148Z Collecting markdown-it-py[plugins]
2022-10-17T18:19:31.2765936Z   Downloading markdown_it_py-2.1.0-py3-none-any.whl (84 kB)
2022-10-17T18:19:31.2807289Z      ━━━━━━━━━━━━━━━━━━━━━━━━━━━━━━━━━━━━━━━━ 84.5/84.5 kB 39.6 MB/s eta 0:00:00
2022-10-17T18:19:31.3448015Z Collecting urllib3<1.27,>=1.21.1
2022-10-17T18:19:31.3546274Z   Downloading urllib3-1.26.12-py2.py3-none-any.whl (140 kB)
2022-10-17T18:19:31.3594382Z      ━━━━━━━━━━━━━━━━━━━━━━━━━━━━━━━━━━━━━━ 140.4/140.4 kB 57.4 MB/s eta 0:00:00
2022-10-17T18:19:31.3835185Z Collecting idna<4,>=2.5
2022-10-17T18:19:31.3911873Z   Downloading idna-3.4-py3-none-any.whl (61 kB)
2022-10-17T18:19:31.3953194Z      ━━━━━━━━━━━━━━━━━━━━━━━━━━━━━━━━━━━━━━━━ 61.5/61.5 kB 29.4 MB/s eta 0:00:00
2022-10-17T18:19:31.4414658Z Collecting charset-normalizer<3,>=2
2022-10-17T18:19:31.4489392Z   Downloading charset_normalizer-2.1.1-py3-none-any.whl (39 kB)
2022-10-17T18:19:31.4795068Z Collecting certifi>=2017.4.17
2022-10-17T18:19:31.4875601Z   Downloading certifi-2022.9.24-py3-none-any.whl (161 kB)
2022-10-17T18:19:31.4923420Z      ━━━━━━━━━━━━━━━━━━━━━━━━━━━━━━━━━━━━━━ 161.1/161.1 kB 63.8 MB/s eta 0:00:00
2022-10-17T18:19:31.5306642Z Collecting mdurl~=0.1
2022-10-17T18:19:31.5387719Z   Downloading mdurl-0.1.2-py3-none-any.whl (10.0 kB)
2022-10-17T18:19:31.5604767Z Collecting mdit-py-plugins
2022-10-17T18:19:31.5676799Z   Downloading mdit_py_plugins-0.3.1-py3-none-any.whl (46 kB)
2022-10-17T18:19:31.5716861Z      ━━━━━━━━━━━━━━━━━━━━━━━━━━━━━━━━━━━━━━━━ 46.5/46.5 kB 23.2 MB/s eta 0:00:00
2022-10-17T18:19:31.7170588Z Installing collected packages: urllib3, svgwrite, pillow, mdurl, idna, charset-normalizer, certifi, requests, markdown-it-py, mdit-py-plugins
2022-10-17T18:19:32.3230900Z Successfully installed certifi-2022.9.24 charset-normalizer-2.1.1 idna-3.4 markdown-it-py-2.1.0 mdit-py-plugins-0.3.1 mdurl-0.1.2 pillow-9.2.0 requests-2.28.1 svgwrite-1.4.3 urllib3-1.26.12
2022-10-17T18:19:32.3232085Z [91mWARNING: Running pip as the 'root' user can result in broken permissions and conflicting behaviour with the system package manager. It is recommended to use a virtual environment instead: https://pip.pypa.io/warnings/venv
2022-10-17T18:19:32.4044432Z [0m[91m
2022-10-17T18:19:32.4045159Z [notice] A new release of pip available: 22.2.2 -> 22.3
2022-10-17T18:19:32.4045764Z [notice] To update, run: pip install --upgrade pip
2022-10-17T18:19:33.9195357Z [0mRemoving intermediate container 6f79069f39e8
2022-10-17T18:19:33.9197284Z  ---> ab35f002efbe
2022-10-17T18:19:33.9199234Z Step 4/6 : COPY script.py /script.py
2022-10-17T18:19:34.9115772Z  ---> 2ff7e33dedeb
2022-10-17T18:19:34.9116130Z Step 5/6 : COPY microprint_generator.py /microprint_generator.py
2022-10-17T18:19:35.9033362Z  ---> ca3ad2f9e114
2022-10-17T18:19:35.9033992Z Step 6/6 : CMD ["python", "/script.py"]
2022-10-17T18:19:35.9240412Z  ---> Running in 1bb38419a754
2022-10-17T18:19:36.8764545Z Removing intermediate container 1bb38419a754
2022-10-17T18:19:36.8764835Z  ---> 21fd44ba6dcd
2022-10-17T18:19:36.8807826Z Successfully built 21fd44ba6dcd
2022-10-17T18:19:36.8870574Z Successfully tagged 8d5581:ad9cd4fcbd7f5811b11201f18ccb01ec
2022-10-17T18:19:36.8908598Z ##[endgroup]
2022-10-17T18:19:36.9043086Z ##[command]/usr/bin/docker run --name d5581ad9cd4fcbd7f5811b11201f18ccb01ec_30a51c --label 8d5581 --workdir /github/workspace --rm -e "INPUT_MICROPRINT_RENDER_METHOD" -e "INPUT_LOG_PATH" -e "INPUT_MICROPRINT_PATH" -e "INPUT_MICROPRINT_CONFIG_PATH" -e "INPUT_REPOSITORY" -e "INPUT_GITHUB_TOKEN" -e "INPUT_JOB_NAME" -e "INPUT_REF" -e "INPUT_LOG_FILENAME" -e "INPUT_SAVE_LOG" -e "INPUT_MICROPRINT_FILENAME" -e "INPUT_MICROPRINT_CONFIG_FILENAME" -e "INPUT_GENERATE_MICROPRINT_VISUALIZER_LINK" -e "INPUT_MICROPRINT_VISUALIZER_LINK_FILENAME" -e "INPUT_MICROPRINT_VISUALIZER_LINK_PATH" -e "HOME" -e "GITHUB_JOB" -e "GITHUB_REF" -e "GITHUB_SHA" -e "GITHUB_REPOSITORY" -e "GITHUB_REPOSITORY_OWNER" -e "GITHUB_RUN_ID" -e "GITHUB_RUN_NUMBER" -e "GITHUB_RETENTION_DAYS" -e "GITHUB_RUN_ATTEMPT" -e "GITHUB_ACTOR" -e "GITHUB_TRIGGERING_ACTOR" -e "GITHUB_WORKFLOW" -e "GITHUB_HEAD_REF" -e "GITHUB_BASE_REF" -e "GITHUB_EVENT_NAME" -e "GITHUB_SERVER_URL" -e "GITHUB_API_URL" -e "GITHUB_GRAPHQL_URL" -e "GITHUB_REF_NAME" -e "GITHUB_REF_PROTECTED" -e "GITHUB_REF_TYPE" -e "GITHUB_WORKSPACE" -e "GITHUB_ACTION" -e "GITHUB_EVENT_PATH" -e "GITHUB_ACTION_REPOSITORY" -e "GITHUB_ACTION_REF" -e "GITHUB_PATH" -e "GITHUB_ENV" -e "GITHUB_STEP_SUMMARY" -e "GITHUB_STATE" -e "GITHUB_OUTPUT" -e "RUNNER_OS" -e "RUNNER_ARCH" -e "RUNNER_NAME" -e "RUNNER_TOOL_CACHE" -e "RUNNER_TEMP" -e "RUNNER_WORKSPACE" -e "ACTIONS_RUNTIME_URL" -e "ACTIONS_RUNTIME_TOKEN" -e "ACTIONS_CACHE_URL" -e GITHUB_ACTIONS=true -e CI=true -v "/var/run/docker.sock":"/var/run/docker.sock" -v "/home/runner/work/_temp/_github_home":"/github/home" -v "/home/runner/work/_temp/_github_workflow":"/github/workflow" -v "/home/runner/work/_temp/_runner_file_commands":"/github/file_commands" -v "/home/runner/work/microprint-generator/microprint-generator":"/github/workspace" 8d5581:ad9cd4fcbd7f5811b11201f18ccb01ec
2022-10-17T18:19:37.2965220Z DEBUG:urllib3.connectionpool:Starting new HTTPS connection (1): api.github.com:443
2022-10-17T18:19:37.4545808Z DEBUG:urllib3.connectionpool:https://api.github.com:443 "GET /repos/AlphaSteam/microprint-generator HTTP/1.1" 200 None
2022-10-17T18:19:37.4564488Z DEBUG:urllib3.connectionpool:Starting new HTTPS connection (1): api.github.com:443
2022-10-17T18:19:37.6837120Z DEBUG:urllib3.connectionpool:https://api.github.com:443 "GET /repos/AlphaSteam/microprint-generator/actions/runs/3267564826/jobs HTTP/1.1" 200 None
2022-10-17T18:19:37.6860453Z DEBUG:urllib3.connectionpool:Starting new HTTPS connection (1): api.github.com:443
2022-10-17T18:19:37.8882184Z DEBUG:urllib3.connectionpool:https://api.github.com:443 "GET /repos/AlphaSteam/microprint-generator/actions/jobs/8941896239/logs HTTP/1.1" 302 0
2022-10-17T18:19:37.8895386Z DEBUG:urllib3.connectionpool:Starting new HTTPS connection (1): pipelines.actions.githubusercontent.com:443
2022-10-17T18:19:37.9266931Z DEBUG:urllib3.connectionpool:https://pipelines.actions.githubusercontent.com:443 "GET /serviceHosts/871f7675-65c0-436d-aa94-5c5a4536b9ce/_apis/pipelines/1/runs/257/signedlogcontent/2?urlExpires=2022-10-17T18%3A20%3A37.8720899Z&urlSigningMethod=HMACV1&urlSignature=QbWwHFbzFxbY0wHVUoqI9NU6ozsf4HJey5bh8xAG0dw%3D HTTP/1.1" 200 None
2022-10-17T18:19:37.9298122Z INFO:root:Generating raster microprint
2022-10-17T18:19:38.1248221Z ##[group]Run git pull
2022-10-17T18:19:38.1248511Z [36;1mgit pull[0m
2022-10-17T18:19:38.1305134Z shell: /usr/bin/bash -e {0}
2022-10-17T18:19:38.1305377Z ##[endgroup]
2022-10-17T18:19:39.3194560Z From https://github.com/AlphaSteam/microprint-generator
2022-10-17T18:19:39.3195547Z  * [new branch]      add_custom_rules        -> origin/add_custom_rules
2022-10-17T18:19:39.3240277Z  * [new branch]      add_microprint_analysis -> origin/add_microprint_analysis
2022-10-17T18:19:39.3240718Z  * [new branch]      add_multiple_columns    -> origin/add_multiple_columns
2022-10-17T18:19:39.3241195Z  * [new branch]      create-pull-request/patch -> origin/create-pull-request/patch
2022-10-17T18:19:39.3241613Z  * [new branch]      custom_fonts            -> origin/custom_fonts
2022-10-17T18:19:39.3241967Z  * [new branch]      main                    -> origin/main
2022-10-17T18:19:39.3242324Z  * [new branch]      matrix_actions          -> origin/matrix_actions
2022-10-17T18:19:39.3242831Z  * [new branch]      microprint_visualizer_integration -> origin/microprint_visualizer_integration
2022-10-17T18:19:39.3243291Z  * [new branch]      reduce_code_duplication -> origin/reduce_code_duplication
2022-10-17T18:19:39.3243691Z  * [new branch]      regex_rules             -> origin/regex_rules
2022-10-17T18:19:39.3244070Z  * [new branch]      release/v1              -> origin/release/v1
2022-10-17T18:19:39.3244425Z  * [new branch]      release/v2              -> origin/release/v2
2022-10-17T18:19:39.3244783Z  * [new branch]      test_workflow           -> origin/test_workflow
2022-10-17T18:19:39.3334079Z  * [new tag]         v1                      -> v1
2022-10-17T18:19:39.3334456Z  * [new tag]         v1.0.0                  -> v1.0.0
2022-10-17T18:19:39.3334772Z  * [new tag]         v2                      -> v2
2022-10-17T18:19:39.3335087Z  * [new tag]         v2.0.0                  -> v2.0.0
2022-10-17T18:19:39.3335388Z  * [new tag]         v3                      -> v3
2022-10-17T18:19:39.3335692Z  * [new tag]         v3.0.0                  -> v3.0.0
2022-10-17T18:19:39.3374750Z Already up to date.
2022-10-17T18:19:39.3516187Z ##[group]Run stefanzweifel/git-auto-commit-action@v4
2022-10-17T18:19:39.3516455Z with:
2022-10-17T18:19:39.3516678Z   commit_message: Updated mid-job microprint
2022-10-17T18:19:39.3516916Z   file_pattern: .
2022-10-17T18:19:39.3517100Z   repository: .
2022-10-17T18:19:39.3517324Z   commit_user_name: github-actions[bot]
2022-10-17T18:19:39.3517629Z   commit_user_email: github-actions[bot]@users.noreply.github.com
2022-10-17T18:19:39.3517979Z   commit_author: AlphaSteam <AlphaSteam@users.noreply.github.com>
2022-10-17T18:19:39.3518253Z   skip_dirty_check: false
2022-10-17T18:19:39.3518447Z   skip_fetch: false
2022-10-17T18:19:39.3518641Z   skip_checkout: false
2022-10-17T18:19:39.3518844Z   disable_globbing: false
2022-10-17T18:19:39.3519040Z   create_branch: false
2022-10-17T18:19:39.3519225Z ##[endgroup]
2022-10-17T18:19:39.3873834Z Started: bash /home/runner/work/_actions/stefanzweifel/git-auto-commit-action/v4/entrypoint.sh
2022-10-17T18:19:39.3917626Z INPUT_REPOSITORY value: .
2022-10-17T18:19:39.3920493Z INPUT_STATUS_OPTIONS: 
2022-10-17T18:19:39.3924318Z INPUT_FILE_PATTERN: .
2022-10-17T18:19:39.4082440Z ##[warning]The `set-output` command is deprecated and will be disabled soon. Please upgrade to using Environment Files. For more information see: https://github.blog/changelog/2022-10-11-github-actions-deprecating-save-state-and-set-output-commands/
2022-10-17T18:19:39.4092432Z INPUT_BRANCH value: 
2022-10-17T18:19:39.9049454Z M	Examples/Mid-job/logs/logs.txt
2022-10-17T18:19:39.9050098Z M	Examples/Mid-job/microprint/microprint.png
2022-10-17T18:19:39.9050660Z Your branch is up to date with 'origin/develop'.
2022-10-17T18:19:39.9051134Z INPUT_ADD_OPTIONS: 
2022-10-17T18:19:39.9052593Z INPUT_FILE_PATTERN: .
2022-10-17T18:19:39.9077971Z INPUT_COMMIT_OPTIONS: 
2022-10-17T18:19:39.9079043Z INPUT_COMMIT_USER_NAME: github-actions[bot]
2022-10-17T18:19:39.9125853Z INPUT_COMMIT_USER_EMAIL: github-actions[bot]@users.noreply.github.com
2022-10-17T18:19:39.9126298Z INPUT_COMMIT_MESSAGE: Updated mid-job microprint
2022-10-17T18:19:39.9126626Z INPUT_COMMIT_AUTHOR: AlphaSteam <AlphaSteam@users.noreply.github.com>
2022-10-17T18:19:39.9135746Z [develop 6c0a421] Updated mid-job microprint
2022-10-17T18:19:39.9136065Z  Author: AlphaSteam <AlphaSteam@users.noreply.github.com>
2022-10-17T18:19:39.9136404Z  2 files changed, 5 insertions(+), 5 deletions(-)
2022-10-17T18:19:39.9153280Z ##[warning]The `set-output` command is deprecated and will be disabled soon. Please upgrade to using Environment Files. For more information see: https://github.blog/changelog/2022-10-11-github-actions-deprecating-save-state-and-set-output-commands/
2022-10-17T18:19:39.9154270Z INPUT_TAGGING_MESSAGE: 
2022-10-17T18:19:39.9154533Z No tagging message supplied. No tag will be added.
2022-10-17T18:19:39.9154778Z INPUT_PUSH_OPTIONS: 
2022-10-17T18:19:40.5401683Z To https://github.com/AlphaSteam/microprint-generator
2022-10-17T18:19:40.5402426Z    f93988a..6c0a421  develop -> develop
2022-10-17T18:19:40.5532762Z Post job cleanup.
2022-10-17T18:19:40.6790420Z [command]/usr/bin/git version
2022-10-17T18:19:40.6835135Z git version 2.37.3
2022-10-17T18:19:40.6879966Z Temporarily overriding HOME='/home/runner/work/_temp/104c7acd-a3d0-4553-8781-c2922b016e48' before making global git config changes
2022-10-17T18:19:40.6881213Z Adding repository directory to the temporary git global config as a safe directory
2022-10-17T18:19:40.6886417Z [command]/usr/bin/git config --global --add safe.directory /home/runner/work/microprint-generator/microprint-generator
2022-10-17T18:19:40.6923237Z [command]/usr/bin/git config --local --name-only --get-regexp core\.sshCommand
2022-10-17T18:19:40.6957487Z [command]/usr/bin/git submodule foreach --recursive git config --local --name-only --get-regexp 'core\.sshCommand' && git config --local --unset-all 'core.sshCommand' || :
2022-10-17T18:19:40.7180330Z [command]/usr/bin/git config --local --name-only --get-regexp http\.https\:\/\/github\.com\/\.extraheader
2022-10-17T18:19:40.7204001Z http.https://github.com/.extraheader
2022-10-17T18:19:40.7217424Z [command]/usr/bin/git config --local --unset-all http.https://github.com/.extraheader
2022-10-17T18:19:40.7248312Z [command]/usr/bin/git submodule foreach --recursive git config --local --name-only --get-regexp 'http\.https\:\/\/github\.com\/\.extraheader' && git config --local --unset-all 'http.https://github.com/.extraheader' || :
2022-10-17T18:19:40.7721257Z Cleaning up orphan processes
