2022-09-12T08:10:07.9933221Z Requested labels: ubuntu-latest
2022-09-12T08:10:07.9933255Z Job defined at: AlphaSteam/microprint-generator/.github/workflows/generate_examples.yaml@refs/heads/add_multiple_columns
2022-09-12T08:10:07.9933275Z Waiting for a runner to pick up this job...
2022-09-12T08:10:08.6668201Z Job is waiting for a hosted runner to come online.
2022-09-12T08:10:11.7021537Z Job is about to start running on the hosted runner: Hosted Agent (hosted)
2022-09-12T08:10:13.6758702Z Current runner version: '2.296.1'
2022-09-12T08:10:13.6784257Z ##[group]Operating System
2022-09-12T08:10:13.6784798Z Ubuntu
2022-09-12T08:10:13.6785075Z 20.04.5
2022-09-12T08:10:13.6785297Z LTS
2022-09-12T08:10:13.6785661Z ##[endgroup]
2022-09-12T08:10:13.6785981Z ##[group]Runner Image
2022-09-12T08:10:13.6786305Z Image: ubuntu-20.04
2022-09-12T08:10:13.6786562Z Version: 20220905.1
2022-09-12T08:10:13.6787097Z Included Software: https://github.com/actions/runner-images/blob/ubuntu20/20220905.1/images/linux/Ubuntu2004-Readme.md
2022-09-12T08:10:13.6787694Z Image Release: https://github.com/actions/runner-images/releases/tag/ubuntu20%2F20220905.1
2022-09-12T08:10:13.6788105Z ##[endgroup]
2022-09-12T08:10:13.6788382Z ##[group]Runner Image Provisioner
2022-09-12T08:10:13.6788712Z 1.0.0.0-main-20220825-1
2022-09-12T08:10:13.6789041Z ##[endgroup]
2022-09-12T08:10:13.6789881Z ##[group]GITHUB_TOKEN Permissions
2022-09-12T08:10:13.6790478Z Actions: write
2022-09-12T08:10:13.6790932Z Checks: write
2022-09-12T08:10:13.6791237Z Contents: write
2022-09-12T08:10:13.6791543Z Deployments: write
2022-09-12T08:10:13.6791854Z Discussions: write
2022-09-12T08:10:13.6792199Z Issues: write
2022-09-12T08:10:13.6792492Z Metadata: read
2022-09-12T08:10:13.6792796Z Packages: write
2022-09-12T08:10:13.6793046Z Pages: write
2022-09-12T08:10:13.6793364Z PullRequests: write
2022-09-12T08:10:13.6793733Z RepositoryProjects: write
2022-09-12T08:10:13.6794069Z SecurityEvents: write
2022-09-12T08:10:13.6794333Z Statuses: write
2022-09-12T08:10:13.6794629Z ##[endgroup]
2022-09-12T08:10:13.6798008Z Secret source: Actions
2022-09-12T08:10:13.6798491Z Prepare workflow directory
2022-09-12T08:10:13.7577403Z Prepare all required actions
2022-09-12T08:10:13.7744651Z Getting action download info
2022-09-12T08:10:13.9654923Z Download action repository 'actions/checkout@v3' (SHA:2541b1294d2704b0964813337f33b291d3f8596b)
2022-09-12T08:10:14.3241398Z Download action repository 'AlphaSteam/microprint-generator@v1.0.0' (SHA:d75805e4e88f01088807939c77521216d8a748d7)
2022-09-12T08:10:14.6983034Z Download action repository 'stefanzweifel/git-auto-commit-action@v4' (SHA:49620cd3ed21ee620a48530e81dba0d139c9cb80)
2022-09-12T08:10:14.8899742Z Download action repository 'CasperWA/push-protected@v2' (SHA:957b8795065b8319e9e9ad91678227e0774a746e)
2022-09-12T08:10:15.2301119Z ##[group]Build container for action use: '/home/runner/work/_actions/AlphaSteam/microprint-generator/v1.0.0/Dockerfile'.
2022-09-12T08:10:15.2370991Z ##[command]/usr/bin/docker build -t 786a9b:3b18c07093364911bd4e3fe4e53c786a -f "/home/runner/work/_actions/AlphaSteam/microprint-generator/v1.0.0/Dockerfile" "/home/runner/work/_actions/AlphaSteam/microprint-generator/v1.0.0"
2022-09-12T08:10:15.4666334Z Sending build context to Docker daemon  1.729MB
2022-09-12T08:10:15.4669651Z 
2022-09-12T08:10:15.4702689Z Step 1/6 : FROM python:3
2022-09-12T08:10:15.7329980Z 3: Pulling from library/python
2022-09-12T08:10:15.8424181Z 1671565cc8df: Already exists
2022-09-12T08:10:15.8453085Z 3e94d13e55e7: Already exists
2022-09-12T08:10:15.8478794Z fa9c7528c685: Already exists
2022-09-12T08:10:15.8504597Z 53ad072f9cd1: Already exists
2022-09-12T08:10:15.8527314Z d6b983117533: Already exists
2022-09-12T08:10:15.8575470Z d8092d56ded5: Pulling fs layer
2022-09-12T08:10:15.8575974Z 102b77c1d556: Pulling fs layer
2022-09-12T08:10:15.8576248Z c65fe89c654d: Pulling fs layer
2022-09-12T08:10:15.8576502Z 18db97afaa16: Pulling fs layer
2022-09-12T08:10:15.8576768Z 18db97afaa16: Waiting
2022-09-12T08:10:15.9287795Z c65fe89c654d: Verifying Checksum
2022-09-12T08:10:15.9288312Z c65fe89c654d: Download complete
2022-09-12T08:10:16.0501445Z d8092d56ded5: Verifying Checksum
2022-09-12T08:10:16.0516278Z d8092d56ded5: Download complete
2022-09-12T08:10:16.0616097Z 18db97afaa16: Verifying Checksum
2022-09-12T08:10:16.0619754Z 18db97afaa16: Download complete
2022-09-12T08:10:16.1809077Z 102b77c1d556: Verifying Checksum
2022-09-12T08:10:16.1813966Z 102b77c1d556: Download complete
2022-09-12T08:10:16.5477579Z d8092d56ded5: Pull complete
2022-09-12T08:10:17.5944913Z 102b77c1d556: Pull complete
2022-09-12T08:10:17.6534746Z c65fe89c654d: Pull complete
2022-09-12T08:10:18.0918393Z 18db97afaa16: Pull complete
2022-09-12T08:10:18.0995248Z Digest: sha256:5bbf8c1d6f7c0946e405587c502f316239916caba98b2dd55a31f0fd465103dc
2022-09-12T08:10:18.1074359Z Status: Downloaded newer image for python:3
2022-09-12T08:10:18.1093605Z  ---> 4f9baf941f8e
2022-09-12T08:10:18.1093882Z Step 2/6 : COPY requirements.txt /requirements.txt
2022-09-12T08:10:19.7677247Z  ---> 4a5279cdc077
2022-09-12T08:10:19.7682183Z Step 3/6 : RUN pip install -r /requirements.txt
2022-09-12T08:10:19.7912124Z  ---> Running in 0723de5c544b
2022-09-12T08:10:21.6701837Z Collecting pillow
2022-09-12T08:10:21.7117786Z   Downloading Pillow-9.2.0-cp310-cp310-manylinux_2_28_x86_64.whl (3.2 MB)
2022-09-12T08:10:21.7612747Z      ━━━━━━━━━━━━━━━━━━━━━━━━━━━━━━━━━━━━━━━━ 3.2/3.2 MB 67.9 MB/s eta 0:00:00
2022-09-12T08:10:21.8150310Z Collecting requests
2022-09-12T08:10:21.8229891Z   Downloading requests-2.28.1-py3-none-any.whl (62 kB)
2022-09-12T08:10:21.8280188Z      ━━━━━━━━━━━━━━━━━━━━━━━━━━━━━━━━━━━━━━━━ 62.8/62.8 kB 19.0 MB/s eta 0:00:00
2022-09-12T08:10:21.8569338Z Collecting svgwrite
2022-09-12T08:10:21.8653553Z   Downloading svgwrite-1.4.3-py3-none-any.whl (67 kB)
2022-09-12T08:10:21.8697417Z      ━━━━━━━━━━━━━━━━━━━━━━━━━━━━━━━━━━━━━━━━ 67.1/67.1 kB 24.4 MB/s eta 0:00:00
2022-09-12T08:10:21.9471829Z Collecting urllib3<1.27,>=1.21.1
2022-09-12T08:10:21.9548310Z   Downloading urllib3-1.26.12-py2.py3-none-any.whl (140 kB)
2022-09-12T08:10:21.9607776Z      ━━━━━━━━━━━━━━━━━━━━━━━━━━━━━━━━━━━━━━ 140.4/140.4 kB 37.4 MB/s eta 0:00:00
2022-09-12T08:10:21.9841475Z Collecting idna<4,>=2.5
2022-09-12T08:10:21.9916742Z   Downloading idna-3.3-py3-none-any.whl (61 kB)
2022-09-12T08:10:21.9974226Z      ━━━━━━━━━━━━━━━━━━━━━━━━━━━━━━━━━━━━━━━━ 61.2/61.2 kB 14.0 MB/s eta 0:00:00
2022-09-12T08:10:22.0405904Z Collecting charset-normalizer<3,>=2
2022-09-12T08:10:22.0487548Z   Downloading charset_normalizer-2.1.1-py3-none-any.whl (39 kB)
2022-09-12T08:10:22.0798230Z Collecting certifi>=2017.4.17
2022-09-12T08:10:22.0879009Z   Downloading certifi-2022.6.15.1-py3-none-any.whl (160 kB)
2022-09-12T08:10:22.0976094Z      ━━━━━━━━━━━━━━━━━━━━━━━━━━━━━━━━━━━━━━ 160.4/160.4 kB 23.2 MB/s eta 0:00:00
2022-09-12T08:10:22.1956549Z Installing collected packages: urllib3, svgwrite, pillow, idna, charset-normalizer, certifi, requests
2022-09-12T08:10:22.7243198Z Successfully installed certifi-2022.6.15.1 charset-normalizer-2.1.1 idna-3.3 pillow-9.2.0 requests-2.28.1 svgwrite-1.4.3 urllib3-1.26.12
2022-09-12T08:10:22.7247548Z [91mWARNING: Running pip as the 'root' user can result in broken permissions and conflicting behaviour with the system package manager. It is recommended to use a virtual environment instead: https://pip.pypa.io/warnings/venv
2022-09-12T08:10:24.7470235Z [0mRemoving intermediate container 0723de5c544b
2022-09-12T08:10:24.7470509Z  ---> 5a2d16bf8517
2022-09-12T08:10:24.7470748Z Step 4/6 : COPY script.py /script.py
2022-09-12T08:10:25.7287575Z  ---> 9d81885d78a2
2022-09-12T08:10:25.7288362Z Step 5/6 : COPY microprint_generator.py /microprint_generator.py
2022-09-12T08:10:26.7068735Z  ---> 392c2238b2e0
2022-09-12T08:10:26.7073198Z Step 6/6 : CMD ["python", "/script.py"]
2022-09-12T08:10:26.7385057Z  ---> Running in df73adc4ae01
2022-09-12T08:10:27.6715947Z Removing intermediate container df73adc4ae01
2022-09-12T08:10:27.6716222Z  ---> 38d77f12628b
2022-09-12T08:10:27.6726229Z Successfully built 38d77f12628b
2022-09-12T08:10:27.6786035Z Successfully tagged 786a9b:3b18c07093364911bd4e3fe4e53c786a
2022-09-12T08:10:27.6812853Z ##[endgroup]
2022-09-12T08:10:27.6854929Z ##[group]Build container for action use: '/home/runner/work/_actions/CasperWA/push-protected/v2/Dockerfile'.
2022-09-12T08:10:27.6855680Z ##[command]/usr/bin/docker build -t 786a9b:22da35445a504492ab9dc2e52bb8d7de -f "/home/runner/work/_actions/CasperWA/push-protected/v2/Dockerfile" "/home/runner/work/_actions/CasperWA/push-protected/v2"
2022-09-12T08:10:27.7167597Z Sending build context to Docker daemon  113.2kB
2022-09-12T08:10:27.7168399Z 
2022-09-12T08:10:27.7581576Z Step 1/6 : FROM python:alpine
2022-09-12T08:10:28.0060429Z alpine: Pulling from library/python
2022-09-12T08:10:28.0690044Z 213ec9aee27d: Already exists
2022-09-12T08:10:28.0703380Z 6b2a141cd227: Pulling fs layer
2022-09-12T08:10:28.0705400Z 20e8f1c91cae: Pulling fs layer
2022-09-12T08:10:28.0706524Z 20828db47e2e: Pulling fs layer
2022-09-12T08:10:28.0706742Z dfb6e0c037c9: Pulling fs layer
2022-09-12T08:10:28.0709585Z dfb6e0c037c9: Waiting
2022-09-12T08:10:28.1756804Z 20828db47e2e: Verifying Checksum
2022-09-12T08:10:28.1757305Z 20828db47e2e: Download complete
2022-09-12T08:10:28.1785766Z 6b2a141cd227: Download complete
2022-09-12T08:10:28.2590506Z 20e8f1c91cae: Verifying Checksum
2022-09-12T08:10:28.2592086Z 20e8f1c91cae: Download complete
2022-09-12T08:10:28.3447681Z dfb6e0c037c9: Verifying Checksum
2022-09-12T08:10:28.3447967Z dfb6e0c037c9: Download complete
2022-09-12T08:10:28.6297124Z 6b2a141cd227: Pull complete
2022-09-12T08:10:29.2461069Z 20e8f1c91cae: Pull complete
2022-09-12T08:10:29.3006165Z 20828db47e2e: Pull complete
2022-09-12T08:10:29.6322062Z dfb6e0c037c9: Pull complete
2022-09-12T08:10:29.6371678Z Digest: sha256:6015c8fd6d6c1acf529f8165c51e35172a2a8aa1a8fa72d7d2e0e3ce1700739a
2022-09-12T08:10:29.6397158Z Status: Downloaded newer image for python:alpine
2022-09-12T08:10:29.6454947Z  ---> 4da4c1dc8c72
2022-09-12T08:10:29.6455315Z Step 2/6 : COPY README.md setup.py requirements*.txt ./
2022-09-12T08:10:30.0154357Z  ---> abbb328c5939
2022-09-12T08:10:30.0154726Z Step 3/6 : COPY push_action ./push_action
2022-09-12T08:10:31.0204535Z  ---> 8176e6527374
2022-09-12T08:10:31.0205010Z Step 4/6 : RUN apk update     && apk add --no-cache git git-lfs bash     && pip install -U -e .
2022-09-12T08:10:31.0457961Z  ---> Running in 0847fc2d5576
2022-09-12T08:10:31.3183174Z fetch https://dl-cdn.alpinelinux.org/alpine/v3.16/main/x86_64/APKINDEX.tar.gz
2022-09-12T08:10:31.4248913Z fetch https://dl-cdn.alpinelinux.org/alpine/v3.16/community/x86_64/APKINDEX.tar.gz
2022-09-12T08:10:31.6562118Z v3.16.2-153-g348653a9ba [https://dl-cdn.alpinelinux.org/alpine/v3.16/main]
2022-09-12T08:10:31.6562750Z v3.16.2-152-gc6274c3ddd [https://dl-cdn.alpinelinux.org/alpine/v3.16/community]
2022-09-12T08:10:31.6563141Z OK: 17030 distinct packages available
2022-09-12T08:10:31.6959100Z fetch https://dl-cdn.alpinelinux.org/alpine/v3.16/main/x86_64/APKINDEX.tar.gz
2022-09-12T08:10:31.7892326Z fetch https://dl-cdn.alpinelinux.org/alpine/v3.16/community/x86_64/APKINDEX.tar.gz
2022-09-12T08:10:31.9990278Z (1/7) Installing bash (5.1.16-r2)
2022-09-12T08:10:32.0165493Z Executing bash-5.1.16-r2.post-install
2022-09-12T08:10:32.0191691Z (2/7) Installing brotli-libs (1.0.9-r6)
2022-09-12T08:10:32.0356668Z (3/7) Installing nghttp2-libs (1.47.0-r0)
2022-09-12T08:10:32.0431015Z (4/7) Installing libcurl (7.83.1-r3)
2022-09-12T08:10:32.0543526Z (5/7) Installing pcre2 (10.40-r0)
2022-09-12T08:10:32.0667343Z (6/7) Installing git (2.36.2-r0)
2022-09-12T08:10:32.1785100Z (7/7) Installing git-lfs (3.1.4-r4)
2022-09-12T08:10:32.2623178Z Executing git-lfs-3.1.4-r4.post-install
2022-09-12T08:10:32.2747054Z Git LFS initialized.
2022-09-12T08:10:32.2759391Z Executing busybox-1.35.0-r17.trigger
2022-09-12T08:10:32.2813786Z OK: 39 MiB in 43 packages
2022-09-12T08:10:34.3683492Z Obtaining file:///
2022-09-12T08:10:34.3688981Z   Preparing metadata (setup.py): started
2022-09-12T08:10:34.8813710Z   Preparing metadata (setup.py): finished with status 'done'
2022-09-12T08:10:34.9608272Z Collecting requests~=2.28
2022-09-12T08:10:35.0011734Z   Downloading requests-2.28.1-py3-none-any.whl (62 kB)
2022-09-12T08:10:35.0182196Z      ━━━━━━━━━━━━━━━━━━━━━━━━━━━━━━━━━━━━━━━━ 62.8/62.8 kB 3.8 MB/s eta 0:00:00
2022-09-12T08:10:35.0519823Z Collecting certifi>=2017.4.17
2022-09-12T08:10:35.0596261Z   Downloading certifi-2022.6.15.1-py3-none-any.whl (160 kB)
2022-09-12T08:10:35.0691828Z      ━━━━━━━━━━━━━━━━━━━━━━━━━━━━━━━━━━━━━━ 160.4/160.4 kB 21.2 MB/s eta 0:00:00
2022-09-12T08:10:35.1073042Z Collecting charset-normalizer<3,>=2
2022-09-12T08:10:35.1151473Z   Downloading charset_normalizer-2.1.1-py3-none-any.whl (39 kB)
2022-09-12T08:10:35.1579923Z Collecting urllib3<1.27,>=1.21.1
2022-09-12T08:10:35.1664350Z   Downloading urllib3-1.26.12-py2.py3-none-any.whl (140 kB)
2022-09-12T08:10:35.1734883Z      ━━━━━━━━━━━━━━━━━━━━━━━━━━━━━━━━━━━━━━ 140.4/140.4 kB 30.2 MB/s eta 0:00:00
2022-09-12T08:10:35.1954043Z Collecting idna<4,>=2.5
2022-09-12T08:10:35.2041778Z   Downloading idna-3.3-py3-none-any.whl (61 kB)
2022-09-12T08:10:35.2098842Z      ━━━━━━━━━━━━━━━━━━━━━━━━━━━━━━━━━━━━━━━━ 61.2/61.2 kB 16.7 MB/s eta 0:00:00
2022-09-12T08:10:35.2969302Z Installing collected packages: urllib3, idna, charset-normalizer, certifi, requests, push-action
2022-09-12T08:10:35.6300775Z   Running setup.py develop for push-action
2022-09-12T08:10:36.0056434Z Successfully installed certifi-2022.6.15.1 charset-normalizer-2.1.1 idna-3.3 push-action-2.13.0 requests-2.28.1 urllib3-1.26.12
2022-09-12T08:10:36.0057351Z [91mWARNING: Running pip as the 'root' user can result in broken permissions and conflicting behaviour with the system package manager. It is recommended to use a virtual environment instead: https://pip.pypa.io/warnings/venv
2022-09-12T08:10:37.4381999Z [0mRemoving intermediate container 0847fc2d5576
2022-09-12T08:10:37.4382279Z  ---> aefb2fe90b19
2022-09-12T08:10:37.4382492Z Step 5/6 : COPY entrypoint.sh ./
2022-09-12T08:10:38.0183510Z  ---> c981ab1d44ea
2022-09-12T08:10:38.0183939Z Step 6/6 : ENTRYPOINT [ "/entrypoint.sh" ]
2022-09-12T08:10:38.0508925Z  ---> Running in 87a01a27a160
2022-09-12T08:10:39.0257149Z Removing intermediate container 87a01a27a160
2022-09-12T08:10:39.0257413Z  ---> 948fa816a1fd
2022-09-12T08:10:39.0264143Z Successfully built 948fa816a1fd
2022-09-12T08:10:39.0322049Z Successfully tagged 786a9b:22da35445a504492ab9dc2e52bb8d7de
2022-09-12T08:10:39.0323991Z ##[endgroup]
2022-09-12T08:10:39.0643597Z ##[group]Run actions/checkout@v3
2022-09-12T08:10:39.0643853Z with:
2022-09-12T08:10:39.0644112Z   repository: AlphaSteam/microprint-generator
2022-09-12T08:10:39.0644613Z   token: ***
2022-09-12T08:10:39.0644806Z   ssh-strict: true
2022-09-12T08:10:39.0644999Z   persist-credentials: true
2022-09-12T08:10:39.0645204Z   clean: true
2022-09-12T08:10:39.0645384Z   fetch-depth: 1
2022-09-12T08:10:39.0645562Z   lfs: false
2022-09-12T08:10:39.0645733Z   submodules: false
2022-09-12T08:10:39.0645934Z   set-safe-directory: true
2022-09-12T08:10:39.0646134Z ##[endgroup]
2022-09-12T08:10:39.3665548Z Syncing repository: AlphaSteam/microprint-generator
2022-09-12T08:10:39.3667637Z ##[group]Getting Git version info
2022-09-12T08:10:39.3668159Z Working directory is '/home/runner/work/microprint-generator/microprint-generator'
2022-09-12T08:10:39.3668644Z [command]/usr/bin/git version
2022-09-12T08:10:39.3821132Z git version 2.37.3
2022-09-12T08:10:39.3842640Z ##[endgroup]
2022-09-12T08:10:39.3863816Z Temporarily overriding HOME='/home/runner/work/_temp/6952c61b-3029-4d2a-8bf7-4ecd85c103b1' before making global git config changes
2022-09-12T08:10:39.3864260Z Adding repository directory to the temporary git global config as a safe directory
2022-09-12T08:10:39.3864799Z [command]/usr/bin/git config --global --add safe.directory /home/runner/work/microprint-generator/microprint-generator
2022-09-12T08:10:39.3909165Z Deleting the contents of '/home/runner/work/microprint-generator/microprint-generator'
2022-09-12T08:10:39.3912902Z ##[group]Initializing the repository
2022-09-12T08:10:39.3916248Z [command]/usr/bin/git init /home/runner/work/microprint-generator/microprint-generator
2022-09-12T08:10:39.3994606Z hint: Using 'master' as the name for the initial branch. This default branch name
2022-09-12T08:10:39.3995381Z hint: is subject to change. To configure the initial branch name to use in all
2022-09-12T08:10:39.3996006Z hint: of your new repositories, which will suppress this warning, call:
2022-09-12T08:10:39.3996275Z hint: 
2022-09-12T08:10:39.3996685Z hint: 	git config --global init.defaultBranch <name>
2022-09-12T08:10:39.3997099Z hint: 
2022-09-12T08:10:39.3997414Z hint: Names commonly chosen instead of 'master' are 'main', 'trunk' and
2022-09-12T08:10:39.3997826Z hint: 'development'. The just-created branch can be renamed via this command:
2022-09-12T08:10:39.3998104Z hint: 
2022-09-12T08:10:39.3998334Z hint: 	git branch -m <name>
2022-09-12T08:10:39.4003498Z Initialized empty Git repository in /home/runner/work/microprint-generator/microprint-generator/.git/
2022-09-12T08:10:39.4014252Z [command]/usr/bin/git remote add origin https://github.com/AlphaSteam/microprint-generator
2022-09-12T08:10:39.4059851Z ##[endgroup]
2022-09-12T08:10:39.4060746Z ##[group]Disabling automatic garbage collection
2022-09-12T08:10:39.4063894Z [command]/usr/bin/git config --local gc.auto 0
2022-09-12T08:10:39.4095044Z ##[endgroup]
2022-09-12T08:10:39.4095666Z ##[group]Setting up auth
2022-09-12T08:10:39.4102857Z [command]/usr/bin/git config --local --name-only --get-regexp core\.sshCommand
2022-09-12T08:10:39.4136822Z [command]/usr/bin/git submodule foreach --recursive git config --local --name-only --get-regexp 'core\.sshCommand' && git config --local --unset-all 'core.sshCommand' || :
2022-09-12T08:10:39.4603356Z [command]/usr/bin/git config --local --name-only --get-regexp http\.https\:\/\/github\.com\/\.extraheader
2022-09-12T08:10:39.4629808Z [command]/usr/bin/git submodule foreach --recursive git config --local --name-only --get-regexp 'http\.https\:\/\/github\.com\/\.extraheader' && git config --local --unset-all 'http.https://github.com/.extraheader' || :
2022-09-12T08:10:39.4846866Z [command]/usr/bin/git config --local http.https://github.com/.extraheader AUTHORIZATION: basic ***
2022-09-12T08:10:39.4890471Z ##[endgroup]
2022-09-12T08:10:39.4891216Z ##[group]Fetching the repository
2022-09-12T08:10:39.4899576Z [command]/usr/bin/git -c protocol.version=2 fetch --no-tags --prune --progress --no-recurse-submodules --depth=1 origin +706c862ba95e68b7896e0735fa05d0e7eb046c97:refs/remotes/origin/add_multiple_columns
2022-09-12T08:10:39.6698189Z remote: Enumerating objects: 45, done.        
2022-09-12T08:10:39.6698872Z remote: Counting objects:   2% (1/45)        
2022-09-12T08:10:39.6700613Z remote: Counting objects:   4% (2/45)        
2022-09-12T08:10:39.6701063Z remote: Counting objects:   6% (3/45)        
2022-09-12T08:10:39.6701582Z remote: Counting objects:   8% (4/45)        
2022-09-12T08:10:39.6703397Z remote: Counting objects:  11% (5/45)        
2022-09-12T08:10:39.6703910Z remote: Counting objects:  13% (6/45)        
2022-09-12T08:10:39.6704396Z remote: Counting objects:  15% (7/45)        
2022-09-12T08:10:39.6704792Z remote: Counting objects:  17% (8/45)        
2022-09-12T08:10:39.6709911Z remote: Counting objects:  20% (9/45)        
2022-09-12T08:10:39.6710955Z remote: Counting objects:  22% (10/45)        
2022-09-12T08:10:39.6711291Z remote: Counting objects:  24% (11/45)        
2022-09-12T08:10:39.6711619Z remote: Counting objects:  26% (12/45)        
2022-09-12T08:10:39.6711924Z remote: Counting objects:  28% (13/45)        
2022-09-12T08:10:39.6712277Z remote: Counting objects:  31% (14/45)        
2022-09-12T08:10:39.6712861Z remote: Counting objects:  33% (15/45)        
2022-09-12T08:10:39.6713197Z remote: Counting objects:  35% (16/45)        
2022-09-12T08:10:39.6713580Z remote: Counting objects:  37% (17/45)        
2022-09-12T08:10:39.6713960Z remote: Counting objects:  40% (18/45)        
2022-09-12T08:10:39.6714398Z remote: Counting objects:  42% (19/45)        
2022-09-12T08:10:39.6714773Z remote: Counting objects:  44% (20/45)        
2022-09-12T08:10:39.6715156Z remote: Counting objects:  46% (21/45)        
2022-09-12T08:10:39.6715531Z remote: Counting objects:  48% (22/45)        
2022-09-12T08:10:39.6715921Z remote: Counting objects:  51% (23/45)        
2022-09-12T08:10:39.6716303Z remote: Counting objects:  53% (24/45)        
2022-09-12T08:10:39.6716705Z remote: Counting objects:  55% (25/45)        
2022-09-12T08:10:39.6717081Z remote: Counting objects:  57% (26/45)        
2022-09-12T08:10:39.6717755Z remote: Counting objects:  60% (27/45)        
2022-09-12T08:10:39.6718111Z remote: Counting objects:  62% (28/45)        
2022-09-12T08:10:39.6718691Z remote: Counting objects:  64% (29/45)        
2022-09-12T08:10:39.6719072Z remote: Counting objects:  66% (30/45)        
2022-09-12T08:10:39.6719454Z remote: Counting objects:  68% (31/45)        
2022-09-12T08:10:39.6719848Z remote: Counting objects:  71% (32/45)        
2022-09-12T08:10:39.6720213Z remote: Counting objects:  73% (33/45)        
2022-09-12T08:10:39.6720589Z remote: Counting objects:  75% (34/45)        
2022-09-12T08:10:39.6720959Z remote: Counting objects:  77% (35/45)        
2022-09-12T08:10:39.6721348Z remote: Counting objects:  80% (36/45)        
2022-09-12T08:10:39.6721671Z remote: Counting objects:  82% (37/45)        
2022-09-12T08:10:39.6722111Z remote: Counting objects:  84% (38/45)        
2022-09-12T08:10:39.6722487Z remote: Counting objects:  86% (39/45)        
2022-09-12T08:10:39.6722874Z remote: Counting objects:  88% (40/45)        
2022-09-12T08:10:39.6723198Z remote: Counting objects:  91% (41/45)        
2022-09-12T08:10:39.6723626Z remote: Counting objects:  93% (42/45)        
2022-09-12T08:10:39.6724001Z remote: Counting objects:  95% (43/45)        
2022-09-12T08:10:39.6724382Z remote: Counting objects:  97% (44/45)        
2022-09-12T08:10:39.6724705Z remote: Counting objects: 100% (45/45)        
2022-09-12T08:10:39.6725092Z remote: Counting objects: 100% (45/45), done.        
2022-09-12T08:10:39.6725547Z remote: Compressing objects:   2% (1/39)        
2022-09-12T08:10:39.6725955Z remote: Compressing objects:   5% (2/39)        
2022-09-12T08:10:39.6747692Z remote: Compressing objects:   7% (3/39)        
2022-09-12T08:10:39.6748246Z remote: Compressing objects:  10% (4/39)        
2022-09-12T08:10:39.6748788Z remote: Compressing objects:  12% (5/39)        
2022-09-12T08:10:39.6749455Z remote: Compressing objects:  15% (6/39)        
2022-09-12T08:10:39.6749805Z remote: Compressing objects:  17% (7/39)        
2022-09-12T08:10:39.6750233Z remote: Compressing objects:  20% (8/39)        
2022-09-12T08:10:39.6750653Z remote: Compressing objects:  23% (9/39)        
2022-09-12T08:10:39.6751120Z remote: Compressing objects:  25% (10/39)        
2022-09-12T08:10:39.6751527Z remote: Compressing objects:  28% (11/39)        
2022-09-12T08:10:39.6751885Z remote: Compressing objects:  30% (12/39)        
2022-09-12T08:10:39.6752275Z remote: Compressing objects:  33% (13/39)        
2022-09-12T08:10:39.6752696Z remote: Compressing objects:  35% (14/39)        
2022-09-12T08:10:39.6753089Z remote: Compressing objects:  38% (15/39)        
2022-09-12T08:10:39.6753440Z remote: Compressing objects:  41% (16/39)        
2022-09-12T08:10:39.6753827Z remote: Compressing objects:  43% (17/39)        
2022-09-12T08:10:39.6922348Z remote: Compressing objects:  46% (18/39)        
2022-09-12T08:10:39.6923065Z remote: Compressing objects:  48% (19/39)        
2022-09-12T08:10:39.6923456Z remote: Compressing objects:  51% (20/39)        
2022-09-12T08:10:39.6923801Z remote: Compressing objects:  53% (21/39)        
2022-09-12T08:10:39.6924222Z remote: Compressing objects:  56% (22/39)        
2022-09-12T08:10:39.6935317Z remote: Compressing objects:  58% (23/39)        
2022-09-12T08:10:39.6936956Z remote: Compressing objects:  61% (24/39)        
2022-09-12T08:10:39.6937355Z remote: Compressing objects:  64% (25/39)        
2022-09-12T08:10:39.6937681Z remote: Compressing objects:  66% (26/39)        
2022-09-12T08:10:39.6938101Z remote: Compressing objects:  69% (27/39)        
2022-09-12T08:10:39.6980954Z remote: Compressing objects:  71% (28/39)        
2022-09-12T08:10:39.6983208Z remote: Compressing objects:  74% (29/39)        
2022-09-12T08:10:39.6985364Z remote: Compressing objects:  76% (30/39)        
2022-09-12T08:10:39.6986604Z remote: Compressing objects:  79% (31/39)        
2022-09-12T08:10:39.6987693Z remote: Compressing objects:  82% (32/39)        
2022-09-12T08:10:39.6988782Z remote: Compressing objects:  84% (33/39)        
2022-09-12T08:10:39.6990147Z remote: Compressing objects:  87% (34/39)        
2022-09-12T08:10:39.6991177Z remote: Compressing objects:  89% (35/39)        
2022-09-12T08:10:39.6992297Z remote: Compressing objects:  92% (36/39)        
2022-09-12T08:10:39.6993394Z remote: Compressing objects:  94% (37/39)        
2022-09-12T08:10:39.6994471Z remote: Compressing objects:  97% (38/39)        
2022-09-12T08:10:39.6995550Z remote: Compressing objects: 100% (39/39)        
2022-09-12T08:10:39.6996634Z remote: Compressing objects: 100% (39/39), done.        
2022-09-12T08:10:39.8023103Z remote: Total 45 (delta 3), reused 30 (delta 0), pack-reused 0        
2022-09-12T08:10:39.8229363Z From https://github.com/AlphaSteam/microprint-generator
2022-09-12T08:10:39.8229988Z  * [new ref]         706c862ba95e68b7896e0735fa05d0e7eb046c97 -> origin/add_multiple_columns
2022-09-12T08:10:39.8261195Z ##[endgroup]
2022-09-12T08:10:39.8261721Z ##[group]Determining the checkout info
2022-09-12T08:10:39.8263211Z ##[endgroup]
2022-09-12T08:10:39.8263761Z ##[group]Checking out the ref
2022-09-12T08:10:39.8266300Z [command]/usr/bin/git checkout --progress --force -B add_multiple_columns refs/remotes/origin/add_multiple_columns
2022-09-12T08:10:39.8447654Z Switched to a new branch 'add_multiple_columns'
2022-09-12T08:10:39.8452225Z branch 'add_multiple_columns' set up to track 'origin/add_multiple_columns'.
2022-09-12T08:10:39.8458413Z ##[endgroup]
2022-09-12T08:10:39.8518105Z [command]/usr/bin/git log -1 --format='%H'
2022-09-12T08:10:39.8552355Z '706c862ba95e68b7896e0735fa05d0e7eb046c97'
2022-09-12T08:10:39.8833921Z ##[group]Run AlphaSteam/microprint-generator@v1.0.0
2022-09-12T08:10:39.8834251Z with:
2022-09-12T08:10:39.8834537Z   microprint_render_method: raster
2022-09-12T08:10:39.8834891Z   log_path: ./Examples/Mid-job/logs
2022-09-12T08:10:39.8835166Z   microprint_path: ./Examples/Mid-job/microprint
2022-09-12T08:10:39.8835500Z   microprint_config_path: ./Examples/Mid-job/
2022-09-12T08:10:39.8835843Z   repository: AlphaSteam/microprint-generator
2022-09-12T08:10:39.8836428Z   github_token: ***
2022-09-12T08:10:39.8836718Z   job_name: generate_microprint_mid_job
2022-09-12T08:10:39.8836958Z   log_filename: logs
2022-09-12T08:10:39.8837281Z   save_log: true
2022-09-12T08:10:39.8837554Z   microprint_filename: microprint
2022-09-12T08:10:39.8837885Z   microprint_config_filename: config
2022-09-12T08:10:39.8838113Z ##[endgroup]
2022-09-12T08:10:39.9026107Z ##[command]/usr/bin/docker run --name a9b3b18c07093364911bd4e3fe4e53c786a_d23b70 --label 786a9b --workdir /github/workspace --rm -e "INPUT_MICROPRINT_RENDER_METHOD" -e "INPUT_LOG_PATH" -e "INPUT_MICROPRINT_PATH" -e "INPUT_MICROPRINT_CONFIG_PATH" -e "INPUT_REPOSITORY" -e "INPUT_GITHUB_TOKEN" -e "INPUT_JOB_NAME" -e "INPUT_LOG_FILENAME" -e "INPUT_SAVE_LOG" -e "INPUT_MICROPRINT_FILENAME" -e "INPUT_MICROPRINT_CONFIG_FILENAME" -e "HOME" -e "GITHUB_JOB" -e "GITHUB_REF" -e "GITHUB_SHA" -e "GITHUB_REPOSITORY" -e "GITHUB_REPOSITORY_OWNER" -e "GITHUB_RUN_ID" -e "GITHUB_RUN_NUMBER" -e "GITHUB_RETENTION_DAYS" -e "GITHUB_RUN_ATTEMPT" -e "GITHUB_ACTOR" -e "GITHUB_TRIGGERING_ACTOR" -e "GITHUB_WORKFLOW" -e "GITHUB_HEAD_REF" -e "GITHUB_BASE_REF" -e "GITHUB_EVENT_NAME" -e "GITHUB_SERVER_URL" -e "GITHUB_API_URL" -e "GITHUB_GRAPHQL_URL" -e "GITHUB_REF_NAME" -e "GITHUB_REF_PROTECTED" -e "GITHUB_REF_TYPE" -e "GITHUB_WORKSPACE" -e "GITHUB_ACTION" -e "GITHUB_EVENT_PATH" -e "GITHUB_ACTION_REPOSITORY" -e "GITHUB_ACTION_REF" -e "GITHUB_PATH" -e "GITHUB_ENV" -e "GITHUB_STEP_SUMMARY" -e "RUNNER_OS" -e "RUNNER_ARCH" -e "RUNNER_NAME" -e "RUNNER_TOOL_CACHE" -e "RUNNER_TEMP" -e "RUNNER_WORKSPACE" -e "ACTIONS_RUNTIME_URL" -e "ACTIONS_RUNTIME_TOKEN" -e "ACTIONS_CACHE_URL" -e GITHUB_ACTIONS=true -e CI=true -v "/var/run/docker.sock":"/var/run/docker.sock" -v "/home/runner/work/_temp/_github_home":"/github/home" -v "/home/runner/work/_temp/_github_workflow":"/github/workflow" -v "/home/runner/work/_temp/_runner_file_commands":"/github/file_commands" -v "/home/runner/work/microprint-generator/microprint-generator":"/github/workspace" 786a9b:3b18c07093364911bd4e3fe4e53c786a
2022-09-12T08:10:40.4408555Z DEBUG:urllib3.connectionpool:Starting new HTTPS connection (1): api.github.com:443
2022-09-12T08:10:40.6302489Z DEBUG:urllib3.connectionpool:https://api.github.com:443 "GET /repos/AlphaSteam/microprint-generator/actions/runs/3035650548/jobs HTTP/1.1" 200 None
2022-09-12T08:10:40.6303294Z DEBUG:urllib3.connectionpool:Starting new HTTPS connection (1): api.github.com:443
2022-09-12T08:10:40.8142980Z DEBUG:urllib3.connectionpool:https://api.github.com:443 "GET /repos/AlphaSteam/microprint-generator/actions/jobs/8300946462/logs HTTP/1.1" 302 0
2022-09-12T08:10:40.8158757Z DEBUG:urllib3.connectionpool:Starting new HTTPS connection (1): pipelines.actions.githubusercontent.com:443
2022-09-12T08:10:40.8612761Z DEBUG:urllib3.connectionpool:https://pipelines.actions.githubusercontent.com:443 "GET /serviceHosts/871f7675-65c0-436d-aa94-5c5a4536b9ce/_apis/pipelines/1/runs/118/signedlogcontent/2?urlExpires=2022-09-12T08%3A11%3A40.7951347Z&urlSigningMethod=HMACV1&urlSignature=5yoxRIWCQ5AdnqVGKELMC5xuPLyytubAEMMmrzUVOeg%3D HTTP/1.1" 200 None
2022-09-12T08:10:40.8648896Z INFO:root:Generating raster microprint
2022-09-12T08:10:41.0704045Z ##[group]Run git pull
2022-09-12T08:10:41.0704351Z [36;1mgit pull[0m
2022-09-12T08:10:41.0760312Z shell: /usr/bin/bash -e {0}
2022-09-12T08:10:41.0760551Z ##[endgroup]
2022-09-12T08:10:41.5993562Z From https://github.com/AlphaSteam/microprint-generator
2022-09-12T08:10:41.5994004Z  * [new branch]      add_custom_rules        -> origin/add_custom_rules
2022-09-12T08:10:41.5994427Z  * [new branch]      create-pull-request/patch -> origin/create-pull-request/patch
2022-09-12T08:10:41.5994798Z  * [new branch]      custom_fonts            -> origin/custom_fonts
2022-09-12T08:10:41.5995119Z  * [new branch]      main                    -> origin/main
2022-09-12T08:10:41.5995477Z  * [new branch]      reduce_code_duplication -> origin/reduce_code_duplication
2022-09-12T08:10:41.5995818Z  * [new tag]         v1.0                    -> v1.0
2022-09-12T08:10:41.6085999Z  * [new tag]         v1.0.0                  -> v1.0.0
2022-09-12T08:10:41.6086413Z  * [new tag]         1.0                     -> 1.0
2022-09-12T08:10:41.6133899Z Already up to date.
2022-09-12T08:10:41.6280923Z ##[group]Run stefanzweifel/git-auto-commit-action@v4
2022-09-12T08:10:41.6281196Z with:
2022-09-12T08:10:41.6281432Z   commit_message: Updated mid-job microprint
2022-09-12T08:10:41.6281690Z   file_pattern: .
2022-09-12T08:10:41.6281893Z   repository: .
2022-09-12T08:10:41.6282114Z   commit_user_name: github-actions[bot]
2022-09-12T08:10:41.6282429Z   commit_user_email: github-actions[bot]@users.noreply.github.com
2022-09-12T08:10:41.6282790Z   commit_author: AlphaSteam <AlphaSteam@users.noreply.github.com>
2022-09-12T08:10:41.6283091Z   skip_dirty_check: false
2022-09-12T08:10:41.6283295Z   skip_fetch: false
2022-09-12T08:10:41.6283507Z   skip_checkout: false
2022-09-12T08:10:41.6283728Z   disable_globbing: false
2022-09-12T08:10:41.6284002Z   create_branch: false
2022-09-12T08:10:41.6284208Z ##[endgroup]
2022-09-12T08:10:41.7759319Z Started: bash /home/runner/work/_actions/stefanzweifel/git-auto-commit-action/v4/entrypoint.sh
2022-09-12T08:10:41.7814287Z INPUT_REPOSITORY value: .
2022-09-12T08:10:41.7814993Z INPUT_STATUS_OPTIONS: 
2022-09-12T08:10:41.7906807Z INPUT_BRANCH value: 
2022-09-12T08:10:42.0819071Z M	Examples/Mid-job/logs/logs.txt
2022-09-12T08:10:42.0822298Z M	Examples/Mid-job/microprint/microprint.png
2022-09-12T08:10:42.0829101Z Your branch is up to date with 'origin/add_multiple_columns'.
2022-09-12T08:10:42.0832833Z INPUT_ADD_OPTIONS: 
2022-09-12T08:10:42.0833885Z INPUT_FILE_PATTERN: .
2022-09-12T08:10:42.0865175Z INPUT_COMMIT_OPTIONS: 
2022-09-12T08:10:42.0869255Z INPUT_COMMIT_USER_NAME: github-actions[bot]
2022-09-12T08:10:42.0870286Z INPUT_COMMIT_USER_EMAIL: github-actions[bot]@users.noreply.github.com
2022-09-12T08:10:42.0870694Z INPUT_COMMIT_MESSAGE: Updated mid-job microprint
2022-09-12T08:10:42.0871016Z INPUT_COMMIT_AUTHOR: AlphaSteam <AlphaSteam@users.noreply.github.com>
2022-09-12T08:10:42.0924250Z [add_multiple_columns 94abcc2] Updated mid-job microprint
2022-09-12T08:10:42.0926111Z  Author: AlphaSteam <AlphaSteam@users.noreply.github.com>
2022-09-12T08:10:42.0936930Z  2 files changed, 5 insertions(+), 5 deletions(-)
2022-09-12T08:10:42.0944516Z INPUT_TAGGING_MESSAGE: 
2022-09-12T08:10:42.0945062Z No tagging message supplied. No tag will be added.
2022-09-12T08:10:42.0946604Z INPUT_PUSH_OPTIONS: 
2022-09-12T08:10:42.6813564Z To https://github.com/AlphaSteam/microprint-generator
2022-09-12T08:10:42.6817190Z    706c862..94abcc2  add_multiple_columns -> add_multiple_columns
2022-09-12T08:10:42.6955180Z Post job cleanup.
2022-09-12T08:10:42.8128113Z [command]/usr/bin/git version
2022-09-12T08:10:42.8177582Z git version 2.37.3
2022-09-12T08:10:42.8223244Z Temporarily overriding HOME='/home/runner/work/_temp/8c5bfbbc-f738-4efd-90d8-bfabd40a665c' before making global git config changes
2022-09-12T08:10:42.8225199Z Adding repository directory to the temporary git global config as a safe directory
2022-09-12T08:10:42.8230419Z [command]/usr/bin/git config --global --add safe.directory /home/runner/work/microprint-generator/microprint-generator
2022-09-12T08:10:42.8272920Z [command]/usr/bin/git config --local --name-only --get-regexp core\.sshCommand
2022-09-12T08:10:42.8310830Z [command]/usr/bin/git submodule foreach --recursive git config --local --name-only --get-regexp 'core\.sshCommand' && git config --local --unset-all 'core.sshCommand' || :
2022-09-12T08:10:42.8528029Z [command]/usr/bin/git config --local --name-only --get-regexp http\.https\:\/\/github\.com\/\.extraheader
2022-09-12T08:10:42.8557988Z http.https://github.com/.extraheader
2022-09-12T08:10:42.8571613Z [command]/usr/bin/git config --local --unset-all http.https://github.com/.extraheader
2022-09-12T08:10:42.8608596Z [command]/usr/bin/git submodule foreach --recursive git config --local --name-only --get-regexp 'http\.https\:\/\/github\.com\/\.extraheader' && git config --local --unset-all 'http.https://github.com/.extraheader' || :
2022-09-12T08:10:42.9065748Z Cleaning up orphan processes
