2022-09-26T03:57:04.5354341Z Requested labels: ubuntu-latest
2022-09-26T03:57:04.5354374Z Job defined at: AlphaSteam/microprint-generator/.github/workflows/generate_examples.yaml@refs/heads/microprint_visualizer_integration
2022-09-26T03:57:04.5354390Z Waiting for a runner to pick up this job...
2022-09-26T03:57:05.0804970Z Job is waiting for a hosted runner to come online.
2022-09-26T03:57:08.1505584Z Job is about to start running on the hosted runner: Hosted Agent (hosted)
2022-09-26T03:57:10.1415898Z Current runner version: '2.296.2'
2022-09-26T03:57:10.1442179Z ##[group]Operating System
2022-09-26T03:57:10.1442687Z Ubuntu
2022-09-26T03:57:10.1442990Z 20.04.5
2022-09-26T03:57:10.1443278Z LTS
2022-09-26T03:57:10.1443666Z ##[endgroup]
2022-09-26T03:57:10.1443946Z ##[group]Runner Image
2022-09-26T03:57:10.1444320Z Image: ubuntu-20.04
2022-09-26T03:57:10.1444653Z Version: 20220905.1
2022-09-26T03:57:10.1445201Z Included Software: https://github.com/actions/runner-images/blob/ubuntu20/20220905.1/images/linux/Ubuntu2004-Readme.md
2022-09-26T03:57:10.1445809Z Image Release: https://github.com/actions/runner-images/releases/tag/ubuntu20%2F20220905.1
2022-09-26T03:57:10.1446273Z ##[endgroup]
2022-09-26T03:57:10.1446622Z ##[group]Runner Image Provisioner
2022-09-26T03:57:10.1446988Z 1.0.0.0-main-20220916-1
2022-09-26T03:57:10.1447293Z ##[endgroup]
2022-09-26T03:57:10.1448304Z ##[group]GITHUB_TOKEN Permissions
2022-09-26T03:57:10.1448921Z Actions: write
2022-09-26T03:57:10.1449458Z Checks: write
2022-09-26T03:57:10.1449817Z Contents: write
2022-09-26T03:57:10.1450158Z Deployments: write
2022-09-26T03:57:10.1450503Z Discussions: write
2022-09-26T03:57:10.1450841Z Issues: write
2022-09-26T03:57:10.1451170Z Metadata: read
2022-09-26T03:57:10.1451450Z Packages: write
2022-09-26T03:57:10.1451771Z Pages: write
2022-09-26T03:57:10.1452100Z PullRequests: write
2022-09-26T03:57:10.1452457Z RepositoryProjects: write
2022-09-26T03:57:10.1452824Z SecurityEvents: write
2022-09-26T03:57:10.1453162Z Statuses: write
2022-09-26T03:57:10.1453483Z ##[endgroup]
2022-09-26T03:57:10.1457006Z Secret source: Actions
2022-09-26T03:57:10.1457653Z Prepare workflow directory
2022-09-26T03:57:10.2286820Z Prepare all required actions
2022-09-26T03:57:10.2471398Z Getting action download info
2022-09-26T03:57:10.4230575Z Download action repository 'actions/checkout@v3' (SHA:2541b1294d2704b0964813337f33b291d3f8596b)
2022-09-26T03:57:10.7337582Z Download action repository 'stefanzweifel/git-auto-commit-action@v4' (SHA:6c32682a4040e023c054b2fc60a7cf65cc77f7ad)
2022-09-26T03:57:10.8629395Z Download action repository 'CasperWA/push-protected@v2' (SHA:957b8795065b8319e9e9ad91678227e0774a746e)
2022-09-26T03:57:11.2845277Z ##[group]Build container for action use: '/home/runner/work/_actions/CasperWA/push-protected/v2/Dockerfile'.
2022-09-26T03:57:11.2921099Z ##[command]/usr/bin/docker build -t 817f70:e7e098ecfd8b4f41b3fd3a33d6014082 -f "/home/runner/work/_actions/CasperWA/push-protected/v2/Dockerfile" "/home/runner/work/_actions/CasperWA/push-protected/v2"
2022-09-26T03:57:11.4508959Z Sending build context to Docker daemon  113.2kB
2022-09-26T03:57:11.4513333Z 
2022-09-26T03:57:11.4930646Z Step 1/6 : FROM python:alpine
2022-09-26T03:57:11.8691262Z alpine: Pulling from library/python
2022-09-26T03:57:11.9451865Z 213ec9aee27d: Already exists
2022-09-26T03:57:11.9463104Z 6b2a141cd227: Pulling fs layer
2022-09-26T03:57:11.9474496Z 20e8f1c91cae: Pulling fs layer
2022-09-26T03:57:11.9475714Z 20828db47e2e: Pulling fs layer
2022-09-26T03:57:11.9476235Z dfb6e0c037c9: Pulling fs layer
2022-09-26T03:57:11.9476861Z dfb6e0c037c9: Waiting
2022-09-26T03:57:11.9985003Z 20828db47e2e: Verifying Checksum
2022-09-26T03:57:11.9987134Z 20828db47e2e: Download complete
2022-09-26T03:57:12.0077630Z 6b2a141cd227: Verifying Checksum
2022-09-26T03:57:12.0079957Z 6b2a141cd227: Download complete
2022-09-26T03:57:12.1068031Z 20e8f1c91cae: Verifying Checksum
2022-09-26T03:57:12.1068401Z 20e8f1c91cae: Download complete
2022-09-26T03:57:12.1068675Z dfb6e0c037c9: Verifying Checksum
2022-09-26T03:57:12.1068955Z dfb6e0c037c9: Download complete
2022-09-26T03:57:12.4537289Z 6b2a141cd227: Pull complete
2022-09-26T03:57:12.9649728Z 20e8f1c91cae: Pull complete
2022-09-26T03:57:13.0298736Z 20828db47e2e: Pull complete
2022-09-26T03:57:13.4930673Z dfb6e0c037c9: Pull complete
2022-09-26T03:57:13.4975813Z Digest: sha256:6015c8fd6d6c1acf529f8165c51e35172a2a8aa1a8fa72d7d2e0e3ce1700739a
2022-09-26T03:57:13.4987204Z Status: Downloaded newer image for python:alpine
2022-09-26T03:57:13.5001772Z  ---> 4da4c1dc8c72
2022-09-26T03:57:13.5002401Z Step 2/6 : COPY README.md setup.py requirements*.txt ./
2022-09-26T03:57:14.0153569Z  ---> 1fb9cb47727f
2022-09-26T03:57:14.0154515Z Step 3/6 : COPY push_action ./push_action
2022-09-26T03:57:15.0145303Z  ---> 8f6991eb79e1
2022-09-26T03:57:15.0146403Z Step 4/6 : RUN apk update     && apk add --no-cache git git-lfs bash     && pip install -U -e .
2022-09-26T03:57:15.0382166Z  ---> Running in 56f23bb409a7
2022-09-26T03:57:15.5007839Z fetch https://dl-cdn.alpinelinux.org/alpine/v3.16/main/x86_64/APKINDEX.tar.gz
2022-09-26T03:57:15.5932408Z fetch https://dl-cdn.alpinelinux.org/alpine/v3.16/community/x86_64/APKINDEX.tar.gz
2022-09-26T03:57:15.8500873Z v3.16.2-198-gf20eefe253 [https://dl-cdn.alpinelinux.org/alpine/v3.16/main]
2022-09-26T03:57:15.8502017Z v3.16.2-202-ge26245aea1 [https://dl-cdn.alpinelinux.org/alpine/v3.16/community]
2022-09-26T03:57:15.8505381Z OK: 17031 distinct packages available
2022-09-26T03:57:15.8889301Z fetch https://dl-cdn.alpinelinux.org/alpine/v3.16/main/x86_64/APKINDEX.tar.gz
2022-09-26T03:57:16.0877486Z fetch https://dl-cdn.alpinelinux.org/alpine/v3.16/community/x86_64/APKINDEX.tar.gz
2022-09-26T03:57:16.3126171Z (1/7) Installing bash (5.1.16-r2)
2022-09-26T03:57:16.3286964Z Executing bash-5.1.16-r2.post-install
2022-09-26T03:57:16.3405362Z (2/7) Installing brotli-libs (1.0.9-r6)
2022-09-26T03:57:16.3510059Z (3/7) Installing nghttp2-libs (1.47.0-r0)
2022-09-26T03:57:16.3549412Z (4/7) Installing libcurl (7.83.1-r3)
2022-09-26T03:57:16.3629965Z (5/7) Installing pcre2 (10.40-r0)
2022-09-26T03:57:16.3723618Z (6/7) Installing git (2.36.2-r0)
2022-09-26T03:57:16.4937971Z (7/7) Installing git-lfs (3.1.4-r4)
2022-09-26T03:57:16.5843318Z Executing git-lfs-3.1.4-r4.post-install
2022-09-26T03:57:16.5972833Z Git LFS initialized.
2022-09-26T03:57:16.5983469Z Executing busybox-1.35.0-r17.trigger
2022-09-26T03:57:16.6037908Z OK: 39 MiB in 43 packages
2022-09-26T03:57:18.6562821Z Obtaining file:///
2022-09-26T03:57:18.6570466Z   Preparing metadata (setup.py): started
2022-09-26T03:57:19.2127706Z   Preparing metadata (setup.py): finished with status 'done'
2022-09-26T03:57:19.2924314Z Collecting requests~=2.28
2022-09-26T03:57:19.3196126Z   Downloading requests-2.28.1-py3-none-any.whl (62 kB)
2022-09-26T03:57:19.3272893Z      â”â”â”â”â”â”â”â”â”â”â”â”â”â”â”â”â”â”â”â”â”â”â”â”â”â”â”â”â”â”â”â”â”â”â”â”â”â”â”â” 62.8/62.8 kB 11.6 MB/s eta 0:00:00
2022-09-26T03:57:19.3536416Z Collecting idna<4,>=2.5
2022-09-26T03:57:19.3576851Z   Downloading idna-3.4-py3-none-any.whl (61 kB)
2022-09-26T03:57:19.3628465Z      â”â”â”â”â”â”â”â”â”â”â”â”â”â”â”â”â”â”â”â”â”â”â”â”â”â”â”â”â”â”â”â”â”â”â”â”â”â”â”â” 61.5/61.5 kB 19.7 MB/s eta 0:00:00
2022-09-26T03:57:19.3832141Z Collecting certifi>=2017.4.17
2022-09-26T03:57:19.3871954Z   Downloading certifi-2022.9.24-py3-none-any.whl (161 kB)
2022-09-26T03:57:19.3937417Z      â”â”â”â”â”â”â”â”â”â”â”â”â”â”â”â”â”â”â”â”â”â”â”â”â”â”â”â”â”â”â”â”â”â”â”â”â”â” 161.1/161.1 kB 39.0 MB/s eta 0:00:00
2022-09-26T03:57:19.4257056Z Collecting charset-normalizer<3,>=2
2022-09-26T03:57:19.4299430Z   Downloading charset_normalizer-2.1.1-py3-none-any.whl (39 kB)
2022-09-26T03:57:19.4704590Z Collecting urllib3<1.27,>=1.21.1
2022-09-26T03:57:19.4742206Z   Downloading urllib3-1.26.12-py2.py3-none-any.whl (140 kB)
2022-09-26T03:57:19.4810330Z      â”â”â”â”â”â”â”â”â”â”â”â”â”â”â”â”â”â”â”â”â”â”â”â”â”â”â”â”â”â”â”â”â”â”â”â”â”â” 140.4/140.4 kB 31.5 MB/s eta 0:00:00
2022-09-26T03:57:19.5680428Z Installing collected packages: urllib3, idna, charset-normalizer, certifi, requests, push-action
2022-09-26T03:57:19.8893013Z   Running setup.py develop for push-action
2022-09-26T03:57:20.2489840Z Successfully installed certifi-2022.9.24 charset-normalizer-2.1.1 idna-3.4 push-action-2.13.0 requests-2.28.1 urllib3-1.26.12
2022-09-26T03:57:20.2497511Z [91mWARNING: Running pip as the 'root' user can result in broken permissions and conflicting behaviour with the system package manager. It is recommended to use a virtual environment instead: https://pip.pypa.io/warnings/venv
2022-09-26T03:57:21.7092043Z [0mRemoving intermediate container 56f23bb409a7
2022-09-26T03:57:21.7092719Z  ---> 871c42e41932
2022-09-26T03:57:21.7244514Z Step 5/6 : COPY entrypoint.sh ./
2022-09-26T03:57:22.0215242Z  ---> 09ab27338822
2022-09-26T03:57:22.0215727Z Step 6/6 : ENTRYPOINT [ "/entrypoint.sh" ]
2022-09-26T03:57:22.0446369Z  ---> Running in 4511428db637
2022-09-26T03:57:23.0167950Z Removing intermediate container 4511428db637
2022-09-26T03:57:23.0168240Z  ---> 1760bce5cf3c
2022-09-26T03:57:23.0170843Z Successfully built 1760bce5cf3c
2022-09-26T03:57:23.0204129Z Successfully tagged 817f70:e7e098ecfd8b4f41b3fd3a33d6014082
2022-09-26T03:57:23.0264879Z ##[endgroup]
2022-09-26T03:57:23.0640268Z ##[group]Run actions/checkout@v3
2022-09-26T03:57:23.0640541Z with:
2022-09-26T03:57:23.0640814Z   repository: AlphaSteam/microprint-generator
2022-09-26T03:57:23.0641320Z   token: ***
2022-09-26T03:57:23.0641519Z   ssh-strict: true
2022-09-26T03:57:23.0641758Z   persist-credentials: true
2022-09-26T03:57:23.0642198Z   clean: true
2022-09-26T03:57:23.0642415Z   fetch-depth: 1
2022-09-26T03:57:23.0642611Z   lfs: false
2022-09-26T03:57:23.0642818Z   submodules: false
2022-09-26T03:57:23.0643051Z   set-safe-directory: true
2022-09-26T03:57:23.0643288Z ##[endgroup]
2022-09-26T03:57:23.3572329Z Syncing repository: AlphaSteam/microprint-generator
2022-09-26T03:57:23.3574104Z ##[group]Getting Git version info
2022-09-26T03:57:23.3574694Z Working directory is '/home/runner/work/microprint-generator/microprint-generator'
2022-09-26T03:57:23.3575247Z [command]/usr/bin/git version
2022-09-26T03:57:23.3703530Z git version 2.37.3
2022-09-26T03:57:23.3730850Z ##[endgroup]
2022-09-26T03:57:23.3749500Z Temporarily overriding HOME='/home/runner/work/_temp/2f30db28-e339-4d39-8914-fb213967a107' before making global git config changes
2022-09-26T03:57:23.3750833Z Adding repository directory to the temporary git global config as a safe directory
2022-09-26T03:57:23.3757041Z [command]/usr/bin/git config --global --add safe.directory /home/runner/work/microprint-generator/microprint-generator
2022-09-26T03:57:23.3807258Z Deleting the contents of '/home/runner/work/microprint-generator/microprint-generator'
2022-09-26T03:57:23.3812568Z ##[group]Initializing the repository
2022-09-26T03:57:23.3816993Z [command]/usr/bin/git init /home/runner/work/microprint-generator/microprint-generator
2022-09-26T03:57:23.3895294Z hint: Using 'master' as the name for the initial branch. This default branch name
2022-09-26T03:57:23.3895936Z hint: is subject to change. To configure the initial branch name to use in all
2022-09-26T03:57:23.3896999Z hint: of your new repositories, which will suppress this warning, call:
2022-09-26T03:57:23.3897599Z hint: 
2022-09-26T03:57:23.3898379Z hint: 	git config --global init.defaultBranch <name>
2022-09-26T03:57:23.3898728Z hint: 
2022-09-26T03:57:23.3899508Z hint: Names commonly chosen instead of 'master' are 'main', 'trunk' and
2022-09-26T03:57:23.3900072Z hint: 'development'. The just-created branch can be renamed via this command:
2022-09-26T03:57:23.3900458Z hint: 
2022-09-26T03:57:23.3901090Z hint: 	git branch -m <name>
2022-09-26T03:57:23.3909384Z Initialized empty Git repository in /home/runner/work/microprint-generator/microprint-generator/.git/
2022-09-26T03:57:23.3920404Z [command]/usr/bin/git remote add origin https://github.com/AlphaSteam/microprint-generator
2022-09-26T03:57:23.3963845Z ##[endgroup]
2022-09-26T03:57:23.3964540Z ##[group]Disabling automatic garbage collection
2022-09-26T03:57:23.3968868Z [command]/usr/bin/git config --local gc.auto 0
2022-09-26T03:57:23.4002519Z ##[endgroup]
2022-09-26T03:57:23.4003173Z ##[group]Setting up auth
2022-09-26T03:57:23.4010968Z [command]/usr/bin/git config --local --name-only --get-regexp core\.sshCommand
2022-09-26T03:57:23.4048425Z [command]/usr/bin/git submodule foreach --recursive git config --local --name-only --get-regexp 'core\.sshCommand' && git config --local --unset-all 'core.sshCommand' || :
2022-09-26T03:57:23.4456130Z [command]/usr/bin/git config --local --name-only --get-regexp http\.https\:\/\/github\.com\/\.extraheader
2022-09-26T03:57:23.4484978Z [command]/usr/bin/git submodule foreach --recursive git config --local --name-only --get-regexp 'http\.https\:\/\/github\.com\/\.extraheader' && git config --local --unset-all 'http.https://github.com/.extraheader' || :
2022-09-26T03:57:23.4726108Z [command]/usr/bin/git config --local http.https://github.com/.extraheader AUTHORIZATION: basic ***
2022-09-26T03:57:23.4795676Z ##[endgroup]
2022-09-26T03:57:23.4796407Z ##[group]Fetching the repository
2022-09-26T03:57:23.4806389Z [command]/usr/bin/git -c protocol.version=2 fetch --no-tags --prune --progress --no-recurse-submodules --depth=1 origin +822575f78761658a64d4dc5805d4f21f2e80d3e7:refs/remotes/origin/microprint_visualizer_integration
2022-09-26T03:57:23.6486636Z remote: Enumerating objects: 47, done.        
2022-09-26T03:57:23.6487500Z remote: Counting objects:   2% (1/47)        
2022-09-26T03:57:23.6489169Z remote: Counting objects:   4% (2/47)        
2022-09-26T03:57:23.6489604Z remote: Counting objects:   6% (3/47)        
2022-09-26T03:57:23.6491181Z remote: Counting objects:   8% (4/47)        
2022-09-26T03:57:23.6492958Z remote: Counting objects:  10% (5/47)        
2022-09-26T03:57:23.6493399Z remote: Counting objects:  12% (6/47)        
2022-09-26T03:57:23.6496015Z remote: Counting objects:  14% (7/47)        
2022-09-26T03:57:23.6496457Z remote: Counting objects:  17% (8/47)        
2022-09-26T03:57:23.6501873Z remote: Counting objects:  19% (9/47)        
2022-09-26T03:57:23.6502267Z remote: Counting objects:  21% (10/47)        
2022-09-26T03:57:23.6503507Z remote: Counting objects:  23% (11/47)        
2022-09-26T03:57:23.6503997Z remote: Counting objects:  25% (12/47)        
2022-09-26T03:57:23.6504660Z remote: Counting objects:  27% (13/47)        
2022-09-26T03:57:23.6505077Z remote: Counting objects:  29% (14/47)        
2022-09-26T03:57:23.6505540Z remote: Counting objects:  31% (15/47)        
2022-09-26T03:57:23.6506157Z remote: Counting objects:  34% (16/47)        
2022-09-26T03:57:23.6506752Z remote: Counting objects:  36% (17/47)        
2022-09-26T03:57:23.6507336Z remote: Counting objects:  38% (18/47)        
2022-09-26T03:57:23.6507908Z remote: Counting objects:  40% (19/47)        
2022-09-26T03:57:23.6508515Z remote: Counting objects:  42% (20/47)        
2022-09-26T03:57:23.6509422Z remote: Counting objects:  44% (21/47)        
2022-09-26T03:57:23.6509789Z remote: Counting objects:  46% (22/47)        
2022-09-26T03:57:23.6510131Z remote: Counting objects:  48% (23/47)        
2022-09-26T03:57:23.6510653Z remote: Counting objects:  51% (24/47)        
2022-09-26T03:57:23.6510915Z remote: Counting objects:  53% (25/47)        
2022-09-26T03:57:23.6511281Z remote: Counting objects:  55% (26/47)        
2022-09-26T03:57:23.6511636Z remote: Counting objects:  57% (27/47)        
2022-09-26T03:57:23.6511975Z remote: Counting objects:  59% (28/47)        
2022-09-26T03:57:23.6512310Z remote: Counting objects:  61% (29/47)        
2022-09-26T03:57:23.6512631Z remote: Counting objects:  63% (30/47)        
2022-09-26T03:57:23.6512965Z remote: Counting objects:  65% (31/47)        
2022-09-26T03:57:23.6513296Z remote: Counting objects:  68% (32/47)        
2022-09-26T03:57:23.6513635Z remote: Counting objects:  70% (33/47)        
2022-09-26T03:57:23.6513966Z remote: Counting objects:  72% (34/47)        
2022-09-26T03:57:23.6514284Z remote: Counting objects:  74% (35/47)        
2022-09-26T03:57:23.6514618Z remote: Counting objects:  76% (36/47)        
2022-09-26T03:57:23.6514956Z remote: Counting objects:  78% (37/47)        
2022-09-26T03:57:23.6515296Z remote: Counting objects:  80% (38/47)        
2022-09-26T03:57:23.6515637Z remote: Counting objects:  82% (39/47)        
2022-09-26T03:57:23.6515971Z remote: Counting objects:  85% (40/47)        
2022-09-26T03:57:23.6516292Z remote: Counting objects:  87% (41/47)        
2022-09-26T03:57:23.6516643Z remote: Counting objects:  89% (42/47)        
2022-09-26T03:57:23.6516979Z remote: Counting objects:  91% (43/47)        
2022-09-26T03:57:23.6517315Z remote: Counting objects:  93% (44/47)        
2022-09-26T03:57:23.6517659Z remote: Counting objects:  95% (45/47)        
2022-09-26T03:57:23.6518230Z remote: Counting objects:  97% (46/47)        
2022-09-26T03:57:23.6518583Z remote: Counting objects: 100% (47/47)        
2022-09-26T03:57:23.6518938Z remote: Counting objects: 100% (47/47), done.        
2022-09-26T03:57:23.6519318Z remote: Compressing objects:   2% (1/42)        
2022-09-26T03:57:23.6519690Z remote: Compressing objects:   4% (2/42)        
2022-09-26T03:57:23.6520033Z remote: Compressing objects:   7% (3/42)        
2022-09-26T03:57:23.6520483Z remote: Compressing objects:   9% (4/42)        
2022-09-26T03:57:23.6520848Z remote: Compressing objects:  11% (5/42)        
2022-09-26T03:57:23.6521199Z remote: Compressing objects:  14% (6/42)        
2022-09-26T03:57:23.6521545Z remote: Compressing objects:  16% (7/42)        
2022-09-26T03:57:23.6521883Z remote: Compressing objects:  19% (8/42)        
2022-09-26T03:57:23.6522243Z remote: Compressing objects:  21% (9/42)        
2022-09-26T03:57:23.6522604Z remote: Compressing objects:  23% (10/42)        
2022-09-26T03:57:23.6523031Z remote: Compressing objects:  26% (11/42)        
2022-09-26T03:57:23.6523388Z remote: Compressing objects:  28% (12/42)        
2022-09-26T03:57:23.6523723Z remote: Compressing objects:  30% (13/42)        
2022-09-26T03:57:23.6524081Z remote: Compressing objects:  33% (14/42)        
2022-09-26T03:57:23.6524440Z remote: Compressing objects:  35% (15/42)        
2022-09-26T03:57:23.6524795Z remote: Compressing objects:  38% (16/42)        
2022-09-26T03:57:23.6615770Z remote: Compressing objects:  40% (17/42)        
2022-09-26T03:57:23.6692413Z remote: Compressing objects:  42% (18/42)        
2022-09-26T03:57:23.6887792Z remote: Compressing objects:  45% (19/42)        
2022-09-26T03:57:23.6888325Z remote: Compressing objects:  47% (20/42)        
2022-09-26T03:57:23.6889366Z remote: Compressing objects:  50% (21/42)        
2022-09-26T03:57:23.6889844Z remote: Compressing objects:  52% (22/42)        
2022-09-26T03:57:23.6890161Z remote: Compressing objects:  54% (23/42)        
2022-09-26T03:57:23.6890966Z remote: Compressing objects:  57% (24/42)        
2022-09-26T03:57:23.6891947Z remote: Compressing objects:  59% (25/42)        
2022-09-26T03:57:23.6908625Z remote: Compressing objects:  61% (26/42)        
2022-09-26T03:57:23.6909147Z remote: Compressing objects:  64% (27/42)        
2022-09-26T03:57:23.6910129Z remote: Compressing objects:  66% (28/42)        
2022-09-26T03:57:23.6910470Z remote: Compressing objects:  69% (29/42)        
2022-09-26T03:57:23.6914130Z remote: Compressing objects:  71% (30/42)        
2022-09-26T03:57:23.6914627Z remote: Compressing objects:  73% (31/42)        
2022-09-26T03:57:23.6915287Z remote: Compressing objects:  76% (32/42)        
2022-09-26T03:57:23.6915935Z remote: Compressing objects:  78% (33/42)        
2022-09-26T03:57:23.6916639Z remote: Compressing objects:  80% (34/42)        
2022-09-26T03:57:23.6917505Z remote: Compressing objects:  83% (35/42)        
2022-09-26T03:57:23.6917905Z remote: Compressing objects:  85% (36/42)        
2022-09-26T03:57:23.6918503Z remote: Compressing objects:  88% (37/42)        
2022-09-26T03:57:23.6919260Z remote: Compressing objects:  90% (38/42)        
2022-09-26T03:57:23.6920010Z remote: Compressing objects:  92% (39/42)        
2022-09-26T03:57:23.6920745Z remote: Compressing objects:  95% (40/42)        
2022-09-26T03:57:23.6921491Z remote: Compressing objects:  97% (41/42)        
2022-09-26T03:57:23.6922324Z remote: Compressing objects: 100% (42/42)        
2022-09-26T03:57:23.6923071Z remote: Compressing objects: 100% (42/42), done.        
2022-09-26T03:57:23.8381298Z remote: Total 47 (delta 6), reused 30 (delta 0), pack-reused 0        
2022-09-26T03:57:23.8600834Z From https://github.com/AlphaSteam/microprint-generator
2022-09-26T03:57:23.8601553Z  * [new ref]         822575f78761658a64d4dc5805d4f21f2e80d3e7 -> origin/microprint_visualizer_integration
2022-09-26T03:57:23.8650121Z ##[endgroup]
2022-09-26T03:57:23.8650720Z ##[group]Determining the checkout info
2022-09-26T03:57:23.8651238Z ##[endgroup]
2022-09-26T03:57:23.8651945Z ##[group]Checking out the ref
2022-09-26T03:57:23.8652821Z [command]/usr/bin/git checkout --progress --force -B microprint_visualizer_integration refs/remotes/origin/microprint_visualizer_integration
2022-09-26T03:57:23.8910310Z Switched to a new branch 'microprint_visualizer_integration'
2022-09-26T03:57:23.8911841Z branch 'microprint_visualizer_integration' set up to track 'origin/microprint_visualizer_integration'.
2022-09-26T03:57:23.8917971Z ##[endgroup]
2022-09-26T03:57:23.8973180Z [command]/usr/bin/git log -1 --format='%H'
2022-09-26T03:57:23.9010832Z '822575f78761658a64d4dc5805d4f21f2e80d3e7'
2022-09-26T03:57:23.9317922Z ##[group]Run ./
2022-09-26T03:57:23.9318149Z with:
2022-09-26T03:57:23.9318371Z   microprint_render_method: raster
2022-09-26T03:57:23.9318629Z   log_path: ./Examples/Mid-job/logs
2022-09-26T03:57:23.9318898Z   microprint_path: ./Examples/Mid-job/microprint
2022-09-26T03:57:23.9319191Z   microprint_config_path: ./Examples/Mid-job/
2022-09-26T03:57:23.9319492Z   repository: AlphaSteam/microprint-generator
2022-09-26T03:57:23.9319976Z   github_token: ***
2022-09-26T03:57:23.9320219Z   job_name: generate_microprint_mid_job
2022-09-26T03:57:23.9320448Z   log_filename: logs
2022-09-26T03:57:23.9320660Z   save_log: true
2022-09-26T03:57:23.9320907Z   generate_microprint_visualizer_link: true
2022-09-26T03:57:23.9321175Z   microprint_filename: microprint
2022-09-26T03:57:23.9321419Z   microprint_config_filename: config
2022-09-26T03:57:23.9321724Z   microprint_visualizer_link_filename: microprint_visualizer
2022-09-26T03:57:23.9322022Z   microprint_visualizer_link_path: ./
2022-09-26T03:57:23.9322296Z ##[endgroup]
2022-09-26T03:57:23.9450528Z ##[group]Building docker image
2022-09-26T03:57:23.9450929Z Dockerfile for action: '/home/runner/work/microprint-generator/microprint-generator/./Dockerfile'.
2022-09-26T03:57:23.9452379Z ##[command]/usr/bin/docker build -t 817f70:ad9cd4fcbd7f5811b11201f18ccb01ec -f "/home/runner/work/microprint-generator/microprint-generator/./Dockerfile" "/home/runner/work/microprint-generator/microprint-generator"
2022-09-26T03:57:24.0529832Z Sending build context to Docker daemon  4.174MB
2022-09-26T03:57:24.0530339Z 
2022-09-26T03:57:24.0567051Z Step 1/6 : FROM python:3
2022-09-26T03:57:24.2522483Z 3: Pulling from library/python
2022-09-26T03:57:24.3277716Z 23858da423a6: Pulling fs layer
2022-09-26T03:57:24.3278712Z 326f452ade5c: Pulling fs layer
2022-09-26T03:57:24.3279709Z a42821cd14fb: Pulling fs layer
2022-09-26T03:57:24.3280163Z 8471b75885ef: Pulling fs layer
2022-09-26T03:57:24.3281016Z 8ffa7aaef404: Pulling fs layer
2022-09-26T03:57:24.3281495Z 15132af73342: Pulling fs layer
2022-09-26T03:57:24.3282307Z aaf3b07565c2: Pulling fs layer
2022-09-26T03:57:24.3283017Z 736f7bc16867: Pulling fs layer
2022-09-26T03:57:24.3283976Z 94da21e53a5b: Pulling fs layer
2022-09-26T03:57:24.3287174Z 15132af73342: Waiting
2022-09-26T03:57:24.3289923Z aaf3b07565c2: Waiting
2022-09-26T03:57:24.3292950Z 736f7bc16867: Waiting
2022-09-26T03:57:24.3293767Z 94da21e53a5b: Waiting
2022-09-26T03:57:24.3299566Z 8471b75885ef: Waiting
2022-09-26T03:57:24.3300245Z 8ffa7aaef404: Waiting
2022-09-26T03:57:24.4540924Z 326f452ade5c: Verifying Checksum
2022-09-26T03:57:24.4541314Z 326f452ade5c: Download complete
2022-09-26T03:57:24.4700832Z a42821cd14fb: Verifying Checksum
2022-09-26T03:57:24.4701184Z a42821cd14fb: Download complete
2022-09-26T03:57:24.9049762Z 23858da423a6: Verifying Checksum
2022-09-26T03:57:24.9056278Z 23858da423a6: Download complete
2022-09-26T03:57:24.9570861Z 8471b75885ef: Verifying Checksum
2022-09-26T03:57:24.9571388Z 8471b75885ef: Download complete
2022-09-26T03:57:25.0782616Z 15132af73342: Verifying Checksum
2022-09-26T03:57:25.0783608Z 15132af73342: Download complete
2022-09-26T03:57:25.1850861Z aaf3b07565c2: Verifying Checksum
2022-09-26T03:57:25.1851698Z aaf3b07565c2: Download complete
2022-09-26T03:57:25.2398665Z 736f7bc16867: Verifying Checksum
2022-09-26T03:57:25.2399301Z 736f7bc16867: Download complete
2022-09-26T03:57:25.3095970Z 94da21e53a5b: Verifying Checksum
2022-09-26T03:57:25.3096633Z 94da21e53a5b: Download complete
2022-09-26T03:57:26.0418556Z 8ffa7aaef404: Verifying Checksum
2022-09-26T03:57:26.0419103Z 8ffa7aaef404: Download complete
2022-09-26T03:57:27.1121604Z 23858da423a6: Pull complete
2022-09-26T03:57:30.0055184Z 326f452ade5c: Pull complete
2022-09-26T03:57:30.3036500Z a42821cd14fb: Pull complete
2022-09-26T03:57:33.3321836Z 8471b75885ef: Pull complete
2022-09-26T03:57:42.4429814Z 8ffa7aaef404: Pull complete
2022-09-26T03:57:42.7938260Z 15132af73342: Pull complete
2022-09-26T03:57:43.4873943Z aaf3b07565c2: Pull complete
2022-09-26T03:57:43.5440857Z 736f7bc16867: Pull complete
2022-09-26T03:57:43.8126615Z 94da21e53a5b: Pull complete
2022-09-26T03:57:43.8170964Z Digest: sha256:e9c35537103a2801a30b15a77d4a56b35532c964489b125ec1ff24f3d5b53409
2022-09-26T03:57:43.8187314Z Status: Downloaded newer image for python:3
2022-09-26T03:57:43.8201214Z  ---> e285995a3494
2022-09-26T03:57:43.8201596Z Step 2/6 : COPY requirements.txt /requirements.txt
2022-09-26T03:57:44.8129159Z  ---> 6410b04233bb
2022-09-26T03:57:44.8129583Z Step 3/6 : RUN pip install -r /requirements.txt
2022-09-26T03:57:44.8359873Z  ---> Running in 0ee2bd95076d
2022-09-26T03:57:46.7137722Z Collecting pillow
2022-09-26T03:57:46.7430602Z   Downloading Pillow-9.2.0-cp310-cp310-manylinux_2_28_x86_64.whl (3.2 MB)
2022-09-26T03:57:46.7778152Z      â”â”â”â”â”â”â”â”â”â”â”â”â”â”â”â”â”â”â”â”â”â”â”â”â”â”â”â”â”â”â”â”â”â”â”â”â”â”â”â” 3.2/3.2 MB 99.8 MB/s eta 0:00:00
2022-09-26T03:57:46.8406142Z Collecting requests
2022-09-26T03:57:46.8444536Z   Downloading requests-2.28.1-py3-none-any.whl (62 kB)
2022-09-26T03:57:46.8495284Z      â”â”â”â”â”â”â”â”â”â”â”â”â”â”â”â”â”â”â”â”â”â”â”â”â”â”â”â”â”â”â”â”â”â”â”â”â”â”â”â” 62.8/62.8 kB 20.9 MB/s eta 0:00:00
2022-09-26T03:57:46.8683417Z Collecting svgwrite
2022-09-26T03:57:46.8715661Z   Downloading svgwrite-1.4.3-py3-none-any.whl (67 kB)
2022-09-26T03:57:46.8765218Z      â”â”â”â”â”â”â”â”â”â”â”â”â”â”â”â”â”â”â”â”â”â”â”â”â”â”â”â”â”â”â”â”â”â”â”â”â”â”â”â” 67.1/67.1 kB 23.6 MB/s eta 0:00:00
2022-09-26T03:57:46.9038065Z Collecting markdown-it-py[plugins]
2022-09-26T03:57:46.9076349Z   Downloading markdown_it_py-2.1.0-py3-none-any.whl (84 kB)
2022-09-26T03:57:46.9130986Z      â”â”â”â”â”â”â”â”â”â”â”â”â”â”â”â”â”â”â”â”â”â”â”â”â”â”â”â”â”â”â”â”â”â”â”â”â”â”â”â” 84.5/84.5 kB 24.7 MB/s eta 0:00:00
2022-09-26T03:57:46.9757055Z Collecting urllib3<1.27,>=1.21.1
2022-09-26T03:57:46.9797874Z   Downloading urllib3-1.26.12-py2.py3-none-any.whl (140 kB)
2022-09-26T03:57:46.9853998Z      â”â”â”â”â”â”â”â”â”â”â”â”â”â”â”â”â”â”â”â”â”â”â”â”â”â”â”â”â”â”â”â”â”â”â”â”â”â” 140.4/140.4 kB 41.3 MB/s eta 0:00:00
2022-09-26T03:57:47.0286135Z Collecting charset-normalizer<3,>=2
2022-09-26T03:57:47.0324381Z   Downloading charset_normalizer-2.1.1-py3-none-any.whl (39 kB)
2022-09-26T03:57:47.0546812Z Collecting idna<4,>=2.5
2022-09-26T03:57:47.0587075Z   Downloading idna-3.4-py3-none-any.whl (61 kB)
2022-09-26T03:57:47.0639509Z      â”â”â”â”â”â”â”â”â”â”â”â”â”â”â”â”â”â”â”â”â”â”â”â”â”â”â”â”â”â”â”â”â”â”â”â”â”â”â”â” 61.5/61.5 kB 21.7 MB/s eta 0:00:00
2022-09-26T03:57:47.0898561Z Collecting certifi>=2017.4.17
2022-09-26T03:57:47.0971808Z   Downloading certifi-2022.9.24-py3-none-any.whl (161 kB)
2022-09-26T03:57:47.1029004Z      â”â”â”â”â”â”â”â”â”â”â”â”â”â”â”â”â”â”â”â”â”â”â”â”â”â”â”â”â”â”â”â”â”â”â”â”â”â” 161.1/161.1 kB 46.8 MB/s eta 0:00:00
2022-09-26T03:57:47.1396926Z Collecting mdurl~=0.1
2022-09-26T03:57:47.1432133Z   Downloading mdurl-0.1.2-py3-none-any.whl (10.0 kB)
2022-09-26T03:57:47.1637346Z Collecting mdit-py-plugins
2022-09-26T03:57:47.1675899Z   Downloading mdit_py_plugins-0.3.0-py3-none-any.whl (43 kB)
2022-09-26T03:57:47.1722214Z      â”â”â”â”â”â”â”â”â”â”â”â”â”â”â”â”â”â”â”â”â”â”â”â”â”â”â”â”â”â”â”â”â”â”â”â”â”â”â”â” 43.7/43.7 kB 14.8 MB/s eta 0:00:00
2022-09-26T03:57:47.3268947Z Installing collected packages: urllib3, svgwrite, pillow, mdurl, idna, charset-normalizer, certifi, requests, markdown-it-py, mdit-py-plugins
2022-09-26T03:57:47.9415852Z Successfully installed certifi-2022.9.24 charset-normalizer-2.1.1 idna-3.4 markdown-it-py-2.1.0 mdit-py-plugins-0.3.0 mdurl-0.1.2 pillow-9.2.0 requests-2.28.1 svgwrite-1.4.3 urllib3-1.26.12
2022-09-26T03:57:47.9421543Z [91mWARNING: Running pip as the 'root' user can result in broken permissions and conflicting behaviour with the system package manager. It is recommended to use a virtual environment instead: https://pip.pypa.io/warnings/venv
2022-09-26T03:57:49.8932009Z [0mRemoving intermediate container 0ee2bd95076d
2022-09-26T03:57:49.8932839Z  ---> d49b59d0afd9
2022-09-26T03:57:49.8933863Z Step 4/6 : COPY script.py /script.py
2022-09-26T03:57:50.9284922Z  ---> 635d4252df92
2022-09-26T03:57:50.9285606Z Step 5/6 : COPY microprint_generator.py /microprint_generator.py
2022-09-26T03:57:51.9497644Z  ---> 0784cb402af8
2022-09-26T03:57:51.9498042Z Step 6/6 : CMD ["python", "/script.py"]
2022-09-26T03:57:51.9782466Z  ---> Running in eaad93babe3d
2022-09-26T03:57:52.9835768Z Removing intermediate container eaad93babe3d
2022-09-26T03:57:52.9836166Z  ---> 88b3fbde2f1c
2022-09-26T03:57:52.9854491Z Successfully built 88b3fbde2f1c
2022-09-26T03:57:52.9893350Z Successfully tagged 817f70:ad9cd4fcbd7f5811b11201f18ccb01ec
2022-09-26T03:57:52.9931904Z ##[endgroup]
2022-09-26T03:57:53.0053785Z ##[command]/usr/bin/docker run --name f70ad9cd4fcbd7f5811b11201f18ccb01ec_83d818 --label 817f70 --workdir /github/workspace --rm -e "INPUT_MICROPRINT_RENDER_METHOD" -e "INPUT_LOG_PATH" -e "INPUT_MICROPRINT_PATH" -e "INPUT_MICROPRINT_CONFIG_PATH" -e "INPUT_REPOSITORY" -e "INPUT_GITHUB_TOKEN" -e "INPUT_JOB_NAME" -e "INPUT_LOG_FILENAME" -e "INPUT_SAVE_LOG" -e "INPUT_GENERATE_MICROPRINT_VISUALIZER_LINK" -e "INPUT_MICROPRINT_FILENAME" -e "INPUT_MICROPRINT_CONFIG_FILENAME" -e "INPUT_MICROPRINT_VISUALIZER_LINK_FILENAME" -e "INPUT_MICROPRINT_VISUALIZER_LINK_PATH" -e "HOME" -e "GITHUB_JOB" -e "GITHUB_REF" -e "GITHUB_SHA" -e "GITHUB_REPOSITORY" -e "GITHUB_REPOSITORY_OWNER" -e "GITHUB_RUN_ID" -e "GITHUB_RUN_NUMBER" -e "GITHUB_RETENTION_DAYS" -e "GITHUB_RUN_ATTEMPT" -e "GITHUB_ACTOR" -e "GITHUB_TRIGGERING_ACTOR" -e "GITHUB_WORKFLOW" -e "GITHUB_HEAD_REF" -e "GITHUB_BASE_REF" -e "GITHUB_EVENT_NAME" -e "GITHUB_SERVER_URL" -e "GITHUB_API_URL" -e "GITHUB_GRAPHQL_URL" -e "GITHUB_REF_NAME" -e "GITHUB_REF_PROTECTED" -e "GITHUB_REF_TYPE" -e "GITHUB_WORKSPACE" -e "GITHUB_ACTION" -e "GITHUB_EVENT_PATH" -e "GITHUB_ACTION_REPOSITORY" -e "GITHUB_ACTION_REF" -e "GITHUB_PATH" -e "GITHUB_ENV" -e "GITHUB_STEP_SUMMARY" -e "RUNNER_OS" -e "RUNNER_ARCH" -e "RUNNER_NAME" -e "RUNNER_TOOL_CACHE" -e "RUNNER_TEMP" -e "RUNNER_WORKSPACE" -e "ACTIONS_RUNTIME_URL" -e "ACTIONS_RUNTIME_TOKEN" -e "ACTIONS_CACHE_URL" -e GITHUB_ACTIONS=true -e CI=true -v "/var/run/docker.sock":"/var/run/docker.sock" -v "/home/runner/work/_temp/_github_home":"/github/home" -v "/home/runner/work/_temp/_github_workflow":"/github/workflow" -v "/home/runner/work/_temp/_runner_file_commands":"/github/file_commands" -v "/home/runner/work/microprint-generator/microprint-generator":"/github/workspace" 817f70:ad9cd4fcbd7f5811b11201f18ccb01ec
2022-09-26T03:57:53.4476997Z DEBUG:urllib3.connectionpool:Starting new HTTPS connection (1): api.github.com:443
2022-09-26T03:57:53.5843184Z DEBUG:urllib3.connectionpool:https://api.github.com:443 "GET /repos/AlphaSteam/microprint-generator HTTP/1.1" 200 None
2022-09-26T03:57:53.5874544Z DEBUG:urllib3.connectionpool:Starting new HTTPS connection (1): api.github.com:443
2022-09-26T03:57:53.9398710Z DEBUG:urllib3.connectionpool:https://api.github.com:443 "GET /repos/AlphaSteam/microprint-generator/actions/runs/3124954252/jobs HTTP/1.1" 200 None
2022-09-26T03:57:53.9425608Z DEBUG:urllib3.connectionpool:Starting new HTTPS connection (1): api.github.com:443
2022-09-26T03:57:54.0914314Z DEBUG:urllib3.connectionpool:https://api.github.com:443 "GET /repos/AlphaSteam/microprint-generator/actions/jobs/8542387759/logs HTTP/1.1" 302 0
2022-09-26T03:57:54.0934498Z DEBUG:urllib3.connectionpool:Starting new HTTPS connection (1): pipelines.actions.githubusercontent.com:443
2022-09-26T03:57:54.1288230Z DEBUG:urllib3.connectionpool:https://pipelines.actions.githubusercontent.com:443 "GET /serviceHosts/871f7675-65c0-436d-aa94-5c5a4536b9ce/_apis/pipelines/1/runs/149/signedlogcontent/2?urlExpires=2022-09-26T03%3A58%3A54.0733366Z&urlSigningMethod=HMACV1&urlSignature=ciWGFQqst3nsde6I93W9kakYdjEL2RVL7aK8fHnO6xQ%3D HTTP/1.1" 200 None
2022-09-26T03:57:54.1324697Z INFO:root:Generating raster microprint
2022-09-26T03:57:54.3521232Z ##[group]Run git pull
2022-09-26T03:57:54.3521522Z [36;1mgit pull[0m
2022-09-26T03:57:54.3580392Z shell: /usr/bin/bash -e {0}
2022-09-26T03:57:54.3580645Z ##[endgroup]
2022-09-26T03:57:54.8023144Z From https://github.com/AlphaSteam/microprint-generator
2022-09-26T03:57:54.8031858Z  * [new branch]      add_custom_rules        -> origin/add_custom_rules
2022-09-26T03:57:54.8032877Z  * [new branch]      add_microprint_analysis -> origin/add_microprint_analysis
2022-09-26T03:57:54.8034190Z  * [new branch]      add_multiple_columns    -> origin/add_multiple_columns
2022-09-26T03:57:54.8034856Z  * [new branch]      create-pull-request/patch -> origin/create-pull-request/patch
2022-09-26T03:57:54.8035683Z  * [new branch]      custom_fonts            -> origin/custom_fonts
2022-09-26T03:57:54.8036224Z  * [new branch]      main                    -> origin/main
2022-09-26T03:57:54.8037306Z  * [new branch]      reduce_code_duplication -> origin/reduce_code_duplication
2022-09-26T03:57:54.8037972Z  * [new branch]      release/v1              -> origin/release/v1
2022-09-26T03:57:54.8038709Z  * [new branch]      release/v2              -> origin/release/v2
2022-09-26T03:57:54.8039269Z  * [new branch]      test_workflow           -> origin/test_workflow
2022-09-26T03:57:54.8134646Z  * [new tag]         v1                      -> v1
2022-09-26T03:57:54.8135324Z  * [new tag]         v1.0.0                  -> v1.0.0
2022-09-26T03:57:54.8136069Z  * [new tag]         v2                      -> v2
2022-09-26T03:57:54.8136581Z  * [new tag]         v2.0.0                  -> v2.0.0
2022-09-26T03:57:54.8183366Z Already up to date.
2022-09-26T03:57:54.8325844Z ##[group]Run stefanzweifel/git-auto-commit-action@v4
2022-09-26T03:57:54.8326106Z with:
2022-09-26T03:57:54.8326346Z   commit_message: Updated mid-job microprint
2022-09-26T03:57:54.8326602Z   file_pattern: .
2022-09-26T03:57:54.8326808Z   repository: .
2022-09-26T03:57:54.8327031Z   commit_user_name: github-actions[bot]
2022-09-26T03:57:54.8327364Z   commit_user_email: github-actions[bot]@users.noreply.github.com
2022-09-26T03:57:54.8327729Z   commit_author: AlphaSteam <AlphaSteam@users.noreply.github.com>
2022-09-26T03:57:54.8328028Z   skip_dirty_check: false
2022-09-26T03:57:54.8328234Z   skip_fetch: false
2022-09-26T03:57:54.8328452Z   skip_checkout: false
2022-09-26T03:57:54.8328680Z   disable_globbing: false
2022-09-26T03:57:54.8328901Z   create_branch: false
2022-09-26T03:57:54.8329096Z ##[endgroup]
2022-09-26T03:57:54.9796259Z Started: bash /home/runner/work/_actions/stefanzweifel/git-auto-commit-action/v4/entrypoint.sh
2022-09-26T03:57:54.9832959Z INPUT_REPOSITORY value: .
2022-09-26T03:57:54.9834306Z INPUT_STATUS_OPTIONS: 
2022-09-26T03:57:54.9835344Z INPUT_FILE_PATTERN: .
2022-09-26T03:57:54.9978047Z INPUT_BRANCH value: 
2022-09-26T03:57:55.2581729Z M	Examples/Mid-job/logs/logs.txt
2022-09-26T03:57:55.2582353Z M	Examples/Mid-job/microprint/microprint.png
2022-09-26T03:57:55.2583032Z Your branch is up to date with 'origin/microprint_visualizer_integration'.
2022-09-26T03:57:55.2627936Z INPUT_ADD_OPTIONS: 
2022-09-26T03:57:55.2628519Z INPUT_FILE_PATTERN: .
2022-09-26T03:57:55.2628747Z INPUT_COMMIT_OPTIONS: 
2022-09-26T03:57:55.2629345Z INPUT_COMMIT_USER_NAME: github-actions[bot]
2022-09-26T03:57:55.2629778Z INPUT_COMMIT_USER_EMAIL: github-actions[bot]@users.noreply.github.com
2022-09-26T03:57:55.2630173Z INPUT_COMMIT_MESSAGE: Updated mid-job microprint
2022-09-26T03:57:55.2630525Z INPUT_COMMIT_AUTHOR: AlphaSteam <AlphaSteam@users.noreply.github.com>
2022-09-26T03:57:55.2670231Z [microprint_visualizer_integration 4b9bbcb] Updated mid-job microprint
2022-09-26T03:57:55.2670930Z  Author: AlphaSteam <AlphaSteam@users.noreply.github.com>
2022-09-26T03:57:55.2671459Z  2 files changed, 5 insertions(+), 5 deletions(-)
2022-09-26T03:57:55.2691797Z INPUT_TAGGING_MESSAGE: 
2022-09-26T03:57:55.2692094Z No tagging message supplied. No tag will be added.
2022-09-26T03:57:55.2692361Z INPUT_PUSH_OPTIONS: 
2022-09-26T03:57:55.7840306Z To https://github.com/AlphaSteam/microprint-generator
2022-09-26T03:57:55.7842235Z    822575f..4b9bbcb  microprint_visualizer_integration -> microprint_visualizer_integration
2022-09-26T03:57:55.7982833Z Post job cleanup.
2022-09-26T03:57:55.9238374Z [command]/usr/bin/git version
2022-09-26T03:57:55.9290814Z git version 2.37.3
2022-09-26T03:57:55.9348627Z Temporarily overriding HOME='/home/runner/work/_temp/1e0f3033-6863-4759-b59c-4e524f9e12be' before making global git config changes
2022-09-26T03:57:55.9353482Z Adding repository directory to the temporary git global config as a safe directory
2022-09-26T03:57:55.9361310Z [command]/usr/bin/git config --global --add safe.directory /home/runner/work/microprint-generator/microprint-generator
2022-09-26T03:57:55.9407142Z [command]/usr/bin/git config --local --name-only --get-regexp core\.sshCommand
2022-09-26T03:57:55.9447995Z [command]/usr/bin/git submodule foreach --recursive git config --local --name-only --get-regexp 'core\.sshCommand' && git config --local --unset-all 'core.sshCommand' || :
2022-09-26T03:57:55.9688828Z [command]/usr/bin/git config --local --name-only --get-regexp http\.https\:\/\/github\.com\/\.extraheader
2022-09-26T03:57:55.9718987Z http.https://github.com/.extraheader
2022-09-26T03:57:55.9730832Z [command]/usr/bin/git config --local --unset-all http.https://github.com/.extraheader
2022-09-26T03:57:55.9769863Z [command]/usr/bin/git submodule foreach --recursive git config --local --name-only --get-regexp 'http\.https\:\/\/github\.com\/\.extraheader' && git config --local --unset-all 'http.https://github.com/.extraheader' || :
2022-09-26T03:57:56.0275126Z Cleaning up orphan processes
