2022-09-05T07:08:46.8082046Z Requested labels: ubuntu-latest
2022-09-05T07:08:46.8082110Z Job defined at: AlphaSteam/microprint/.github/workflows/generate_examples.yaml@refs/heads/main
2022-09-05T07:08:46.8082131Z Waiting for a runner to pick up this job...
2022-09-05T07:08:47.3622282Z Job is waiting for a hosted runner to come online.
2022-09-05T07:08:50.7117572Z Job is about to start running on the hosted runner: Hosted Agent (hosted)
2022-09-05T07:08:52.9546465Z Current runner version: '2.296.1'
2022-09-05T07:08:52.9578935Z ##[group]Operating System
2022-09-05T07:08:52.9579598Z Ubuntu
2022-09-05T07:08:52.9579902Z 20.04.4
2022-09-05T07:08:52.9580300Z LTS
2022-09-05T07:08:52.9580601Z ##[endgroup]
2022-09-05T07:08:52.9580953Z ##[group]Runner Image
2022-09-05T07:08:52.9581332Z Image: ubuntu-20.04
2022-09-05T07:08:52.9581707Z Version: 20220828.1
2022-09-05T07:08:52.9582264Z Included Software: https://github.com/actions/runner-images/blob/ubuntu20/20220828.1/images/linux/Ubuntu2004-Readme.md
2022-09-05T07:08:52.9582983Z Image Release: https://github.com/actions/runner-images/releases/tag/ubuntu20%2F20220828.1
2022-09-05T07:08:52.9583471Z ##[endgroup]
2022-09-05T07:08:52.9583808Z ##[group]Runner Image Provisioner
2022-09-05T07:08:52.9584199Z 1.0.0.0-main-20220825-1
2022-09-05T07:08:52.9584604Z ##[endgroup]
2022-09-05T07:08:52.9585646Z ##[group]GITHUB_TOKEN Permissions
2022-09-05T07:08:52.9586432Z Actions: write
2022-09-05T07:08:52.9586960Z Checks: write
2022-09-05T07:08:52.9587319Z Contents: write
2022-09-05T07:08:52.9587691Z Deployments: write
2022-09-05T07:08:52.9588065Z Discussions: write
2022-09-05T07:08:52.9588440Z Issues: write
2022-09-05T07:08:52.9588733Z Metadata: read
2022-09-05T07:08:52.9589080Z Packages: write
2022-09-05T07:08:52.9589439Z Pages: write
2022-09-05T07:08:52.9589746Z PullRequests: write
2022-09-05T07:08:52.9590169Z RepositoryProjects: write
2022-09-05T07:08:52.9590576Z SecurityEvents: write
2022-09-05T07:08:52.9590901Z Statuses: write
2022-09-05T07:08:52.9591245Z ##[endgroup]
2022-09-05T07:08:52.9595090Z Secret source: Actions
2022-09-05T07:08:52.9595680Z Prepare workflow directory
2022-09-05T07:08:53.0441168Z Prepare all required actions
2022-09-05T07:08:53.0626772Z Getting action download info
2022-09-05T07:08:53.4411856Z Download action repository 'actions/checkout@v2' (SHA:7884fcad6b5d53d10323aee724dc68d8b9096a2e)
2022-09-05T07:08:53.8037352Z Download action repository 'stefanzweifel/git-auto-commit-action@v4' (SHA:49620cd3ed21ee620a48530e81dba0d139c9cb80)
2022-09-05T07:08:54.0154295Z Download action repository 'peter-evans/create-pull-request@v4' (SHA:18f90432bedd2afd6a825469ffd38aa24712a91d)
2022-09-05T07:08:54.4628525Z ##[group]Run actions/checkout@v2
2022-09-05T07:08:54.4628880Z with:
2022-09-05T07:08:54.4629147Z   repository: AlphaSteam/microprint
2022-09-05T07:08:54.4629732Z   token: ***
2022-09-05T07:08:54.4629935Z   ssh-strict: true
2022-09-05T07:08:54.4630175Z   persist-credentials: true
2022-09-05T07:08:54.4630410Z   clean: true
2022-09-05T07:08:54.4630601Z   fetch-depth: 1
2022-09-05T07:08:54.4630803Z   lfs: false
2022-09-05T07:08:54.4631004Z   submodules: false
2022-09-05T07:08:54.4631222Z   set-safe-directory: true
2022-09-05T07:08:54.4631450Z ##[endgroup]
2022-09-05T07:08:54.7445335Z Syncing repository: AlphaSteam/microprint
2022-09-05T07:08:54.7447185Z ##[group]Getting Git version info
2022-09-05T07:08:54.7447843Z Working directory is '/home/runner/work/microprint/microprint'
2022-09-05T07:08:54.7448397Z [command]/usr/bin/git version
2022-09-05T07:08:54.7588678Z git version 2.37.2
2022-09-05T07:08:54.7611592Z ##[endgroup]
2022-09-05T07:08:54.7630940Z Temporarily overriding HOME='/home/runner/work/_temp/92217baa-4788-4889-bae4-660bcad518cf' before making global git config changes
2022-09-05T07:08:54.7631451Z Adding repository directory to the temporary git global config as a safe directory
2022-09-05T07:08:54.7638445Z [command]/usr/bin/git config --global --add safe.directory /home/runner/work/microprint/microprint
2022-09-05T07:08:54.7688515Z Deleting the contents of '/home/runner/work/microprint/microprint'
2022-09-05T07:08:54.7692983Z ##[group]Initializing the repository
2022-09-05T07:08:54.7697161Z [command]/usr/bin/git init /home/runner/work/microprint/microprint
2022-09-05T07:08:54.7770677Z hint: Using 'master' as the name for the initial branch. This default branch name
2022-09-05T07:08:54.7771462Z hint: is subject to change. To configure the initial branch name to use in all
2022-09-05T07:08:54.7772519Z hint: of your new repositories, which will suppress this warning, call:
2022-09-05T07:08:54.7773271Z hint: 
2022-09-05T07:08:54.7773918Z hint: 	git config --global init.defaultBranch <name>
2022-09-05T07:08:54.7774193Z hint: 
2022-09-05T07:08:54.7774593Z hint: Names commonly chosen instead of 'master' are 'main', 'trunk' and
2022-09-05T07:08:54.7775063Z hint: 'development'. The just-created branch can be renamed via this command:
2022-09-05T07:08:54.7775353Z hint: 
2022-09-05T07:08:54.7775635Z hint: 	git branch -m <name>
2022-09-05T07:08:54.7786642Z Initialized empty Git repository in /home/runner/work/microprint/microprint/.git/
2022-09-05T07:08:54.7835872Z [command]/usr/bin/git remote add origin https://github.com/AlphaSteam/microprint
2022-09-05T07:08:54.7882963Z ##[endgroup]
2022-09-05T07:08:54.7883887Z ##[group]Disabling automatic garbage collection
2022-09-05T07:08:54.7887389Z [command]/usr/bin/git config --local gc.auto 0
2022-09-05T07:08:54.7920760Z ##[endgroup]
2022-09-05T07:08:54.7921912Z ##[group]Setting up auth
2022-09-05T07:08:54.7929437Z [command]/usr/bin/git config --local --name-only --get-regexp core\.sshCommand
2022-09-05T07:08:54.7965274Z [command]/usr/bin/git submodule foreach --recursive git config --local --name-only --get-regexp 'core\.sshCommand' && git config --local --unset-all 'core.sshCommand' || :
2022-09-05T07:08:54.8341830Z [command]/usr/bin/git config --local --name-only --get-regexp http\.https\:\/\/github\.com\/\.extraheader
2022-09-05T07:08:54.8378912Z [command]/usr/bin/git submodule foreach --recursive git config --local --name-only --get-regexp 'http\.https\:\/\/github\.com\/\.extraheader' && git config --local --unset-all 'http.https://github.com/.extraheader' || :
2022-09-05T07:08:54.8609984Z [command]/usr/bin/git config --local http.https://github.com/.extraheader AUTHORIZATION: basic ***
2022-09-05T07:08:54.8656257Z ##[endgroup]
2022-09-05T07:08:54.8656840Z ##[group]Fetching the repository
2022-09-05T07:08:54.8663299Z [command]/usr/bin/git -c protocol.version=2 fetch --no-tags --prune --progress --no-recurse-submodules --depth=1 origin +9065ccf4a62a9dcaf0ae0e4511ae4fde025e67f7:refs/remotes/origin/main
2022-09-05T07:08:55.0644111Z remote: Enumerating objects: 34, done.        
2022-09-05T07:08:55.0658918Z remote: Counting objects:   2% (1/34)        
2022-09-05T07:08:55.0659864Z remote: Counting objects:   5% (2/34)        
2022-09-05T07:08:55.0660356Z remote: Counting objects:   8% (3/34)        
2022-09-05T07:08:55.0661041Z remote: Counting objects:  11% (4/34)        
2022-09-05T07:08:55.0661515Z remote: Counting objects:  14% (5/34)        
2022-09-05T07:08:55.0662162Z remote: Counting objects:  17% (6/34)        
2022-09-05T07:08:55.0662627Z remote: Counting objects:  20% (7/34)        
2022-09-05T07:08:55.0663565Z remote: Counting objects:  23% (8/34)        
2022-09-05T07:08:55.0664010Z remote: Counting objects:  26% (9/34)        
2022-09-05T07:08:55.0664679Z remote: Counting objects:  29% (10/34)        
2022-09-05T07:08:55.0665135Z remote: Counting objects:  32% (11/34)        
2022-09-05T07:08:55.0665817Z remote: Counting objects:  35% (12/34)        
2022-09-05T07:08:55.0666278Z remote: Counting objects:  38% (13/34)        
2022-09-05T07:08:55.0666943Z remote: Counting objects:  41% (14/34)        
2022-09-05T07:08:55.0667421Z remote: Counting objects:  44% (15/34)        
2022-09-05T07:08:55.0668081Z remote: Counting objects:  47% (16/34)        
2022-09-05T07:08:55.0668515Z remote: Counting objects:  50% (17/34)        
2022-09-05T07:08:55.0669171Z remote: Counting objects:  52% (18/34)        
2022-09-05T07:08:55.0669623Z remote: Counting objects:  55% (19/34)        
2022-09-05T07:08:55.0670282Z remote: Counting objects:  58% (20/34)        
2022-09-05T07:08:55.0670758Z remote: Counting objects:  61% (21/34)        
2022-09-05T07:08:55.0671471Z remote: Counting objects:  64% (22/34)        
2022-09-05T07:08:55.0671927Z remote: Counting objects:  67% (23/34)        
2022-09-05T07:08:55.0672685Z remote: Counting objects:  70% (24/34)        
2022-09-05T07:08:55.0673143Z remote: Counting objects:  73% (25/34)        
2022-09-05T07:08:55.0674113Z remote: Counting objects:  76% (26/34)        
2022-09-05T07:08:55.0674578Z remote: Counting objects:  79% (27/34)        
2022-09-05T07:08:55.0675273Z remote: Counting objects:  82% (28/34)        
2022-09-05T07:08:55.0675836Z remote: Counting objects:  85% (29/34)        
2022-09-05T07:08:55.0676814Z remote: Counting objects:  88% (30/34)        
2022-09-05T07:08:55.0677092Z remote: Counting objects:  91% (31/34)        
2022-09-05T07:08:55.0677350Z remote: Counting objects:  94% (32/34)        
2022-09-05T07:08:55.0677628Z remote: Counting objects:  97% (33/34)        
2022-09-05T07:08:55.0677912Z remote: Counting objects: 100% (34/34)        
2022-09-05T07:08:55.0678184Z remote: Counting objects: 100% (34/34), done.        
2022-09-05T07:08:55.0678493Z remote: Compressing objects:   3% (1/29)        
2022-09-05T07:08:55.0678915Z remote: Compressing objects:   6% (2/29)        
2022-09-05T07:08:55.0681641Z remote: Compressing objects:  10% (3/29)        
2022-09-05T07:08:55.0682168Z remote: Compressing objects:  13% (4/29)        
2022-09-05T07:08:55.0682472Z remote: Compressing objects:  17% (5/29)        
2022-09-05T07:08:55.0682762Z remote: Compressing objects:  20% (6/29)        
2022-09-05T07:08:55.0683028Z remote: Compressing objects:  24% (7/29)        
2022-09-05T07:08:55.0683307Z remote: Compressing objects:  27% (8/29)        
2022-09-05T07:08:55.0683590Z remote: Compressing objects:  31% (9/29)        
2022-09-05T07:08:55.0683864Z remote: Compressing objects:  34% (10/29)        
2022-09-05T07:08:55.0684153Z remote: Compressing objects:  37% (11/29)        
2022-09-05T07:08:55.0861677Z remote: Compressing objects:  41% (12/29)        
2022-09-05T07:08:55.0862364Z remote: Compressing objects:  44% (13/29)        
2022-09-05T07:08:55.0863010Z remote: Compressing objects:  48% (14/29)        
2022-09-05T07:08:55.0863644Z remote: Compressing objects:  51% (15/29)        
2022-09-05T07:08:55.0875674Z remote: Compressing objects:  55% (16/29)        
2022-09-05T07:08:55.0876558Z remote: Compressing objects:  58% (17/29)        
2022-09-05T07:08:55.0877482Z remote: Compressing objects:  62% (18/29)        
2022-09-05T07:08:55.0879190Z remote: Compressing objects:  65% (19/29)        
2022-09-05T07:08:55.0879709Z remote: Compressing objects:  68% (20/29)        
2022-09-05T07:08:55.0880164Z remote: Compressing objects:  72% (21/29)        
2022-09-05T07:08:55.0880847Z remote: Compressing objects:  75% (22/29)        
2022-09-05T07:08:55.0881528Z remote: Compressing objects:  79% (23/29)        
2022-09-05T07:08:55.0882240Z remote: Compressing objects:  82% (24/29)        
2022-09-05T07:08:55.0882734Z remote: Compressing objects:  86% (25/29)        
2022-09-05T07:08:55.0883386Z remote: Compressing objects:  89% (26/29)        
2022-09-05T07:08:55.0883946Z remote: Compressing objects:  93% (27/29)        
2022-09-05T07:08:55.0884766Z remote: Compressing objects:  96% (28/29)        
2022-09-05T07:08:55.0885195Z remote: Compressing objects: 100% (29/29)        
2022-09-05T07:08:55.0885924Z remote: Compressing objects: 100% (29/29), done.        
2022-09-05T07:08:55.2457716Z remote: Total 34 (delta 2), reused 20 (delta 0), pack-reused 0        
2022-09-05T07:08:55.2717745Z From https://github.com/AlphaSteam/microprint
2022-09-05T07:08:55.2718843Z  * [new ref]         9065ccf4a62a9dcaf0ae0e4511ae4fde025e67f7 -> origin/main
2022-09-05T07:08:55.2762125Z ##[endgroup]
2022-09-05T07:08:55.2762735Z ##[group]Determining the checkout info
2022-09-05T07:08:55.2763234Z ##[endgroup]
2022-09-05T07:08:55.2763750Z ##[group]Checking out the ref
2022-09-05T07:08:55.2764485Z [command]/usr/bin/git checkout --progress --force -B main refs/remotes/origin/main
2022-09-05T07:08:55.2965185Z Switched to a new branch 'main'
2022-09-05T07:08:55.2967827Z branch 'main' set up to track 'origin/main'.
2022-09-05T07:08:55.2970794Z ##[endgroup]
2022-09-05T07:08:55.3021695Z [command]/usr/bin/git log -1 --format='%H'
2022-09-05T07:08:55.3053534Z '9065ccf4a62a9dcaf0ae0e4511ae4fde025e67f7'
2022-09-05T07:08:55.3411833Z ##[group]Run ./
2022-09-05T07:08:55.3412093Z with:
2022-09-05T07:08:55.3412317Z   microprint_render_method: raster
2022-09-05T07:08:55.3412574Z   log_path: ./Examples/Mid-job/logs
2022-09-05T07:08:55.3412841Z   microprint_path: ./Examples/Mid-job/microprints
2022-09-05T07:08:55.3413138Z   microprint_config_path: ./Examples/Mid-job/
2022-09-05T07:08:55.3413414Z   repository: AlphaSteam/microprint
2022-09-05T07:08:55.3414075Z   github_token: ***
2022-09-05T07:08:55.3414325Z   job_name: generate_microprint_mid_job
2022-09-05T07:08:55.3414565Z   log_filename: logs
2022-09-05T07:08:55.3414772Z   save_log: true
2022-09-05T07:08:55.3414984Z   microprint_filename: microprint
2022-09-05T07:08:55.3415237Z   microprint_config_filename: config
2022-09-05T07:08:55.3415465Z ##[endgroup]
2022-09-05T07:08:55.3606283Z ##[group]Building docker image
2022-09-05T07:08:55.3606742Z Dockerfile for action: '/home/runner/work/microprint/microprint/./Dockerfile'.
2022-09-05T07:08:55.3623496Z ##[command]/usr/bin/docker build -t 786a9b:ad9cd4fcbd7f5811b11201f18ccb01ec -f "/home/runner/work/microprint/microprint/./Dockerfile" "/home/runner/work/microprint/microprint"
2022-09-05T07:08:55.6241027Z Sending build context to Docker daemon  2.523MB
2022-09-05T07:08:55.6255290Z 
2022-09-05T07:08:55.6280172Z Step 1/6 : FROM python:3
2022-09-05T07:08:56.0656576Z 3: Pulling from library/python
2022-09-05T07:08:56.1527912Z 1671565cc8df: Already exists
2022-09-05T07:08:56.1552996Z 3e94d13e55e7: Already exists
2022-09-05T07:08:56.1570263Z fa9c7528c685: Already exists
2022-09-05T07:08:56.1589589Z 53ad072f9cd1: Already exists
2022-09-05T07:08:56.1605164Z d6b983117533: Already exists
2022-09-05T07:08:56.1619573Z d8092d56ded5: Pulling fs layer
2022-09-05T07:08:56.1619998Z c71afc637d59: Pulling fs layer
2022-09-05T07:08:56.1620547Z 864a10b3c704: Pulling fs layer
2022-09-05T07:08:56.1621147Z 4334b2fe8293: Pulling fs layer
2022-09-05T07:08:56.1632957Z 4334b2fe8293: Waiting
2022-09-05T07:08:56.2898241Z 864a10b3c704: Verifying Checksum
2022-09-05T07:08:56.2899315Z 864a10b3c704: Download complete
2022-09-05T07:08:56.3886925Z d8092d56ded5: Verifying Checksum
2022-09-05T07:08:56.3977554Z d8092d56ded5: Download complete
2022-09-05T07:08:56.5450222Z 4334b2fe8293: Verifying Checksum
2022-09-05T07:08:56.5452382Z 4334b2fe8293: Download complete
2022-09-05T07:08:56.5636578Z c71afc637d59: Verifying Checksum
2022-09-05T07:08:57.1639582Z d8092d56ded5: Pull complete
2022-09-05T07:08:58.0636731Z c71afc637d59: Pull complete
2022-09-05T07:08:58.1394779Z 864a10b3c704: Pull complete
2022-09-05T07:08:58.5545688Z 4334b2fe8293: Pull complete
2022-09-05T07:08:58.5594265Z Digest: sha256:745efdfb7e4aac9a8422bd8c62d8bc35a693e8979a240d29677cb03e6aa91052
2022-09-05T07:08:58.5610777Z Status: Downloaded newer image for python:3
2022-09-05T07:08:58.5625028Z  ---> d25a66380b10
2022-09-05T07:08:58.5625321Z Step 2/6 : COPY requirements.txt /requirements.txt
2022-09-05T07:09:00.0871402Z  ---> b67d42f4faae
2022-09-05T07:09:00.0871769Z Step 3/6 : RUN pip install -r /requirements.txt
2022-09-05T07:09:00.1086610Z  ---> Running in 17ce9b81f55f
2022-09-05T07:09:02.2608382Z Collecting pillow
2022-09-05T07:09:02.3026093Z   Downloading Pillow-9.2.0-cp310-cp310-manylinux_2_28_x86_64.whl (3.2 MB)
2022-09-05T07:09:02.3570410Z      ‚îÅ‚îÅ‚îÅ‚îÅ‚îÅ‚îÅ‚îÅ‚îÅ‚îÅ‚îÅ‚îÅ‚îÅ‚îÅ‚îÅ‚îÅ‚îÅ‚îÅ‚îÅ‚îÅ‚îÅ‚îÅ‚îÅ‚îÅ‚îÅ‚îÅ‚îÅ‚îÅ‚îÅ‚îÅ‚îÅ‚îÅ‚îÅ‚îÅ‚îÅ‚îÅ‚îÅ‚îÅ‚îÅ‚îÅ‚îÅ 3.2/3.2 MB 61.8 MB/s eta 0:00:00
2022-09-05T07:09:02.4185783Z Collecting requests
2022-09-05T07:09:02.4273026Z   Downloading requests-2.28.1-py3-none-any.whl (62 kB)
2022-09-05T07:09:02.4327079Z      ‚îÅ‚îÅ‚îÅ‚îÅ‚îÅ‚îÅ‚îÅ‚îÅ‚îÅ‚îÅ‚îÅ‚îÅ‚îÅ‚îÅ‚îÅ‚îÅ‚îÅ‚îÅ‚îÅ‚îÅ‚îÅ‚îÅ‚îÅ‚îÅ‚îÅ‚îÅ‚îÅ‚îÅ‚îÅ‚îÅ‚îÅ‚îÅ‚îÅ‚îÅ‚îÅ‚îÅ‚îÅ‚îÅ‚îÅ‚îÅ 62.8/62.8 kB 19.8 MB/s eta 0:00:00
2022-09-05T07:09:02.4576607Z Collecting svgwrite
2022-09-05T07:09:02.4671472Z   Downloading svgwrite-1.4.3-py3-none-any.whl (67 kB)
2022-09-05T07:09:02.4753433Z      ‚îÅ‚îÅ‚îÅ‚îÅ‚îÅ‚îÅ‚îÅ‚îÅ‚îÅ‚îÅ‚îÅ‚îÅ‚îÅ‚îÅ‚îÅ‚îÅ‚îÅ‚îÅ‚îÅ‚îÅ‚îÅ‚îÅ‚îÅ‚îÅ‚îÅ‚îÅ‚îÅ‚îÅ‚îÅ‚îÅ‚îÅ‚îÅ‚îÅ‚îÅ‚îÅ‚îÅ‚îÅ‚îÅ‚îÅ‚îÅ 67.1/67.1 kB 10.4 MB/s eta 0:00:00
2022-09-05T07:09:02.5232548Z Collecting certifi>=2017.4.17
2022-09-05T07:09:02.5386588Z   Downloading certifi-2022.6.15-py3-none-any.whl (160 kB)
2022-09-05T07:09:02.5452625Z      ‚îÅ‚îÅ‚îÅ‚îÅ‚îÅ‚îÅ‚îÅ‚îÅ‚îÅ‚îÅ‚îÅ‚îÅ‚îÅ‚îÅ‚îÅ‚îÅ‚îÅ‚îÅ‚îÅ‚îÅ‚îÅ‚îÅ‚îÅ‚îÅ‚îÅ‚îÅ‚îÅ‚îÅ‚îÅ‚îÅ‚îÅ‚îÅ‚îÅ‚îÅ‚îÅ‚îÅ‚îÅ‚îÅ 160.2/160.2 kB 45.0 MB/s eta 0:00:00
2022-09-05T07:09:02.5928465Z Collecting charset-normalizer<3,>=2
2022-09-05T07:09:02.6011561Z   Downloading charset_normalizer-2.1.1-py3-none-any.whl (39 kB)
2022-09-05T07:09:02.6536378Z Collecting urllib3<1.27,>=1.21.1
2022-09-05T07:09:02.6619162Z   Downloading urllib3-1.26.12-py2.py3-none-any.whl (140 kB)
2022-09-05T07:09:02.6680145Z      ‚îÅ‚îÅ‚îÅ‚îÅ‚îÅ‚îÅ‚îÅ‚îÅ‚îÅ‚îÅ‚îÅ‚îÅ‚îÅ‚îÅ‚îÅ‚îÅ‚îÅ‚îÅ‚îÅ‚îÅ‚îÅ‚îÅ‚îÅ‚îÅ‚îÅ‚îÅ‚îÅ‚îÅ‚îÅ‚îÅ‚îÅ‚îÅ‚îÅ‚îÅ‚îÅ‚îÅ‚îÅ‚îÅ 140.4/140.4 kB 39.8 MB/s eta 0:00:00
2022-09-05T07:09:02.6938705Z Collecting idna<4,>=2.5
2022-09-05T07:09:02.7023388Z   Downloading idna-3.3-py3-none-any.whl (61 kB)
2022-09-05T07:09:02.7092855Z      ‚îÅ‚îÅ‚îÅ‚îÅ‚îÅ‚îÅ‚îÅ‚îÅ‚îÅ‚îÅ‚îÅ‚îÅ‚îÅ‚îÅ‚îÅ‚îÅ‚îÅ‚îÅ‚îÅ‚îÅ‚îÅ‚îÅ‚îÅ‚îÅ‚îÅ‚îÅ‚îÅ‚îÅ‚îÅ‚îÅ‚îÅ‚îÅ‚îÅ‚îÅ‚îÅ‚îÅ‚îÅ‚îÅ‚îÅ‚îÅ 61.2/61.2 kB 18.3 MB/s eta 0:00:00
2022-09-05T07:09:02.8106102Z Installing collected packages: urllib3, svgwrite, pillow, idna, charset-normalizer, certifi, requests
2022-09-05T07:09:03.3620077Z Successfully installed certifi-2022.6.15 charset-normalizer-2.1.1 idna-3.3 pillow-9.2.0 requests-2.28.1 svgwrite-1.4.3 urllib3-1.26.12
2022-09-05T07:09:03.3624720Z [91mWARNING: Running pip as the 'root' user can result in broken permissions and conflicting behaviour with the system package manager. It is recommended to use a virtual environment instead: https://pip.pypa.io/warnings/venv
2022-09-05T07:09:03.4485838Z [0m[91m
2022-09-05T07:09:03.4486172Z [notice] A new release of pip available: 22.2.1 -> 22.2.2
2022-09-05T07:09:03.4486481Z [notice] To update, run: pip install --upgrade pip
2022-09-05T07:09:05.5608203Z [0mRemoving intermediate container 17ce9b81f55f
2022-09-05T07:09:05.5609712Z  ---> 054c32ad8f7a
2022-09-05T07:09:05.5610157Z Step 4/6 : COPY script.py /script.py
2022-09-05T07:09:06.6497190Z  ---> 2e4ffc41c213
2022-09-05T07:09:06.6497800Z Step 5/6 : COPY microprint_generator.py /microprint_generator.py
2022-09-05T07:09:07.7391558Z  ---> 1726b7383f6f
2022-09-05T07:09:07.7391873Z Step 6/6 : CMD ["python", "/script.py"]
2022-09-05T07:09:07.7720524Z  ---> Running in ea43ab8251c0
2022-09-05T07:09:08.8091329Z Removing intermediate container ea43ab8251c0
2022-09-05T07:09:08.8091670Z  ---> f700fab8f7fa
2022-09-05T07:09:08.8149150Z Successfully built f700fab8f7fa
2022-09-05T07:09:08.8202953Z Successfully tagged 786a9b:ad9cd4fcbd7f5811b11201f18ccb01ec
2022-09-05T07:09:08.8232212Z ##[endgroup]
2022-09-05T07:09:08.8329087Z ##[command]/usr/bin/docker run --name a9bad9cd4fcbd7f5811b11201f18ccb01ec_13437e --label 786a9b --workdir /github/workspace --rm -e "INPUT_MICROPRINT_RENDER_METHOD" -e "INPUT_LOG_PATH" -e "INPUT_MICROPRINT_PATH" -e "INPUT_MICROPRINT_CONFIG_PATH" -e "INPUT_REPOSITORY" -e "INPUT_GITHUB_TOKEN" -e "INPUT_JOB_NAME" -e "INPUT_LOG_FILENAME" -e "INPUT_SAVE_LOG" -e "INPUT_MICROPRINT_FILENAME" -e "INPUT_MICROPRINT_CONFIG_FILENAME" -e "HOME" -e "GITHUB_JOB" -e "GITHUB_REF" -e "GITHUB_SHA" -e "GITHUB_REPOSITORY" -e "GITHUB_REPOSITORY_OWNER" -e "GITHUB_RUN_ID" -e "GITHUB_RUN_NUMBER" -e "GITHUB_RETENTION_DAYS" -e "GITHUB_RUN_ATTEMPT" -e "GITHUB_ACTOR" -e "GITHUB_TRIGGERING_ACTOR" -e "GITHUB_WORKFLOW" -e "GITHUB_HEAD_REF" -e "GITHUB_BASE_REF" -e "GITHUB_EVENT_NAME" -e "GITHUB_SERVER_URL" -e "GITHUB_API_URL" -e "GITHUB_GRAPHQL_URL" -e "GITHUB_REF_NAME" -e "GITHUB_REF_PROTECTED" -e "GITHUB_REF_TYPE" -e "GITHUB_WORKSPACE" -e "GITHUB_ACTION" -e "GITHUB_EVENT_PATH" -e "GITHUB_ACTION_REPOSITORY" -e "GITHUB_ACTION_REF" -e "GITHUB_PATH" -e "GITHUB_ENV" -e "GITHUB_STEP_SUMMARY" -e "RUNNER_OS" -e "RUNNER_ARCH" -e "RUNNER_NAME" -e "RUNNER_TOOL_CACHE" -e "RUNNER_TEMP" -e "RUNNER_WORKSPACE" -e "ACTIONS_RUNTIME_URL" -e "ACTIONS_RUNTIME_TOKEN" -e "ACTIONS_CACHE_URL" -e GITHUB_ACTIONS=true -e CI=true -v "/var/run/docker.sock":"/var/run/docker.sock" -v "/home/runner/work/_temp/_github_home":"/github/home" -v "/home/runner/work/_temp/_github_workflow":"/github/workflow" -v "/home/runner/work/_temp/_runner_file_commands":"/github/file_commands" -v "/home/runner/work/microprint/microprint":"/github/workspace" 786a9b:ad9cd4fcbd7f5811b11201f18ccb01ec
2022-09-05T07:09:09.3284794Z DEBUG:urllib3.connectionpool:Starting new HTTPS connection (1): api.github.com:443
2022-09-05T07:09:09.6073730Z DEBUG:urllib3.connectionpool:https://api.github.com:443 "GET /repos/AlphaSteam/microprint/actions/runs/2991346996/jobs HTTP/1.1" 200 None
2022-09-05T07:09:09.6102756Z DEBUG:urllib3.connectionpool:Starting new HTTPS connection (1): api.github.com:443
2022-09-05T07:09:09.7567171Z DEBUG:urllib3.connectionpool:https://api.github.com:443 "GET /repos/AlphaSteam/microprint/actions/jobs/8183445627/logs HTTP/1.1" 302 0
2022-09-05T07:09:09.7582849Z DEBUG:urllib3.connectionpool:Starting new HTTPS connection (1): pipelines.actions.githubusercontent.com:443
2022-09-05T07:09:09.7958461Z DEBUG:urllib3.connectionpool:https://pipelines.actions.githubusercontent.com:443 "GET /serviceHosts/871f7675-65c0-436d-aa94-5c5a4536b9ce/_apis/pipelines/1/runs/95/signedlogcontent/2?urlExpires=2022-09-05T07%3A10%3A09.7405626Z&urlSigningMethod=HMACV1&urlSignature=BMefZdalAarqo37hRtX6scHVYT%2Bf9cLe7PmNUUf3rzU%3D HTTP/1.1" 200 None
2022-09-05T07:09:09.7996505Z INFO:root:Generating raster microprint
2022-09-05T07:09:10.0073324Z ##[group]Run git pull
2022-09-05T07:09:10.0073620Z [36;1mgit pull[0m
2022-09-05T07:09:10.0134789Z shell: /usr/bin/bash -e {0}
2022-09-05T07:09:10.0135033Z ##[endgroup]
2022-09-05T07:09:10.5923698Z From https://github.com/AlphaSteam/microprint
2022-09-05T07:09:10.5925000Z  * [new branch]      add_custom_rules -> origin/add_custom_rules
2022-09-05T07:09:10.5926735Z  * [new branch]      custom_fonts     -> origin/custom_fonts
2022-09-05T07:09:10.5965017Z Already up to date.
2022-09-05T07:09:10.6143921Z ##[group]Run peter-evans/create-pull-request@v4
2022-09-05T07:09:10.6144292Z with:
2022-09-05T07:09:10.6144758Z   token: ***
2022-09-05T07:09:10.6145161Z   commit-message: [create-pull-request] automated change
2022-09-05T07:09:10.6145494Z   committer: GitHub <noreply@github.com>
2022-09-05T07:09:10.6145892Z   author: AlphaSteam <AlphaSteam@users.noreply.github.com>
2022-09-05T07:09:10.6146240Z   signoff: false
2022-09-05T07:09:10.6146591Z   branch: create-pull-request/patch
2022-09-05T07:09:10.6146871Z   delete-branch: false
2022-09-05T07:09:10.6147244Z   title: Changes by create-pull-request action
2022-09-05T07:09:10.6147738Z   body: Automated changes by [create-pull-request](https://github.com/peter-evans/create-pull-request) GitHub action
2022-09-05T07:09:10.6148120Z   draft: false
2022-09-05T07:09:10.6148414Z ##[endgroup]
2022-09-05T07:09:10.8499969Z ##[group]Save persisted git credentials
2022-09-05T07:09:10.8545326Z [command]/usr/bin/git config --local --name-only --get-regexp http.https://github.com/.extraheader ^AUTHORIZATION:
2022-09-05T07:09:10.8604797Z http.https://github.com/.extraheader
2022-09-05T07:09:10.8639523Z [command]/usr/bin/git config --local --get-regexp http.https://github.com/.extraheader ^AUTHORIZATION:
2022-09-05T07:09:10.8701239Z http.https://github.com/.extraheader AUTHORIZATION: basic ***
2022-09-05T07:09:10.8702512Z [command]/usr/bin/git config --local --unset http.https://github.com/.extraheader ^AUTHORIZATION:
2022-09-05T07:09:10.8739991Z Unset config key 'http.https://github.com/.extraheader'
2022-09-05T07:09:10.8741382Z ##[endgroup]
2022-09-05T07:09:10.8797984Z ##[group]Determining the base and head repositories
2022-09-05T07:09:10.8805075Z [command]/usr/bin/git config --local --get remote.origin.url
2022-09-05T07:09:10.8836168Z https://github.com/AlphaSteam/microprint
2022-09-05T07:09:10.8848705Z ##[endgroup]
2022-09-05T07:09:10.8849287Z Pull request branch target repository set to AlphaSteam/microprint
2022-09-05T07:09:10.8868053Z ##[group]Configuring credential for HTTPS authentication
2022-09-05T07:09:10.8870832Z [command]/usr/bin/git config --local http.https://github.com/.extraheader AUTHORIZATION: basic ***
2022-09-05T07:09:10.8914576Z ##[endgroup]
2022-09-05T07:09:10.8915358Z ##[group]Checking the base repository state
2022-09-05T07:09:10.8922818Z [command]/usr/bin/git symbolic-ref HEAD --short
2022-09-05T07:09:10.8953883Z main
2022-09-05T07:09:10.8960178Z Working base is branch 'main'
2022-09-05T07:09:10.8965892Z [command]/usr/bin/git remote prune origin
2022-09-05T07:09:11.0712561Z ##[endgroup]
2022-09-05T07:09:11.0714036Z Pull request branch to create or update set to 'create-pull-request/patch'
2022-09-05T07:09:11.0714852Z ##[group]Configuring the committer and author
2022-09-05T07:09:11.0715371Z Configured git committer as 'GitHub <noreply@github.com>'
2022-09-05T07:09:11.0716591Z Configured git author as 'AlphaSteam <AlphaSteam@users.noreply.github.com>'
2022-09-05T07:09:11.0717308Z ##[endgroup]
2022-09-05T07:09:11.0718153Z ##[group]Create or update the pull request branch
2022-09-05T07:09:11.0719355Z [command]/usr/bin/git symbolic-ref HEAD --short
2022-09-05T07:09:11.0754588Z main
2022-09-05T07:09:11.0759930Z Working base is branch 'main'
2022-09-05T07:09:11.0774564Z [command]/usr/bin/git checkout --progress -B 984961b4-e4f6-465a-a3f2-dfbdc3f7064c HEAD --
2022-09-05T07:09:11.0886775Z Switched to a new branch '984961b4-e4f6-465a-a3f2-dfbdc3f7064c'
2022-09-05T07:09:11.0891011Z M	Examples/Mid-job/logs/logs.txt
2022-09-05T07:09:11.0891754Z M	Examples/Mid-job/microprints/microprint.png
2022-09-05T07:09:11.0903683Z [command]/usr/bin/git status --porcelain -unormal --
2022-09-05T07:09:11.0944271Z  M Examples/Mid-job/logs/logs.txt
2022-09-05T07:09:11.0945310Z  M Examples/Mid-job/microprints/microprint.png
2022-09-05T07:09:11.0951741Z Uncommitted changes found. Adding a commit.
2022-09-05T07:09:11.0956846Z [command]/usr/bin/git add -A
2022-09-05T07:09:11.1012836Z [command]/usr/bin/git -c author.name=AlphaSteam -c author.email=AlphaSteam@users.noreply.github.com -c committer.name=GitHub -c committer.email=noreply@github.com commit -m [create-pull-request] automated change
2022-09-05T07:09:11.1089446Z [984961b4-e4f6-465a-a3f2-dfbdc3f7064c 1a59ea7] [create-pull-request] automated change
2022-09-05T07:09:11.1090234Z  Author: AlphaSteam <AlphaSteam@users.noreply.github.com>
2022-09-05T07:09:11.1091105Z  2 files changed, 5 insertions(+), 5 deletions(-)
2022-09-05T07:09:11.1098779Z [command]/usr/bin/git reset --hard
2022-09-05T07:09:11.1153291Z HEAD is now at 1a59ea7 [create-pull-request] automated change
2022-09-05T07:09:11.1154164Z [command]/usr/bin/git clean -f -d
2022-09-05T07:09:11.1222577Z Resetting working base branch 'main'
2022-09-05T07:09:11.1226748Z [command]/usr/bin/git checkout --progress main --
2022-09-05T07:09:11.1276357Z Switched to branch 'main'
2022-09-05T07:09:11.1277306Z Your branch is up to date with 'origin/main'.
2022-09-05T07:09:11.1288691Z [command]/usr/bin/git reset --hard origin/main
2022-09-05T07:09:11.1335619Z HEAD is now at 9065ccf ü©π main Fixed workflow
2022-09-05T07:09:11.1352235Z [command]/usr/bin/git -c protocol.version=2 fetch --no-tags --progress --no-recurse-submodules --unshallow --force origin create-pull-request/patch:refs/remotes/origin/create-pull-request/patch
2022-09-05T07:09:11.3131320Z fatal: couldn't find remote ref create-pull-request/patch
2022-09-05T07:09:11.3328519Z Pull request branch 'create-pull-request/patch' does not exist yet.
2022-09-05T07:09:11.3331192Z [command]/usr/bin/git checkout --progress -B create-pull-request/patch 984961b4-e4f6-465a-a3f2-dfbdc3f7064c --
2022-09-05T07:09:11.3332499Z Switched to a new branch 'create-pull-request/patch'
2022-09-05T07:09:11.3333169Z [command]/usr/bin/git rev-list --right-only --count main...create-pull-request/patch
2022-09-05T07:09:11.3334249Z 1
2022-09-05T07:09:11.3334735Z Created branch 'create-pull-request/patch'
2022-09-05T07:09:11.3335556Z [command]/usr/bin/git rev-parse HEAD
2022-09-05T07:09:11.3335989Z 1a59ea7ed3f9dcb3eaa9f2d561078f21f6b4083a
2022-09-05T07:09:11.3336879Z [command]/usr/bin/git branch --delete --force 984961b4-e4f6-465a-a3f2-dfbdc3f7064c
2022-09-05T07:09:11.3373547Z Deleted branch 984961b4-e4f6-465a-a3f2-dfbdc3f7064c (was 1a59ea7).
2022-09-05T07:09:11.3376395Z ##[endgroup]
2022-09-05T07:09:11.3377204Z ##[group]Pushing pull request branch to 'origin/create-pull-request/patch'
2022-09-05T07:09:11.3382876Z [command]/usr/bin/git push --force-with-lease origin HEAD:refs/heads/create-pull-request/patch
2022-09-05T07:09:11.9301693Z remote: 
2022-09-05T07:09:11.9313247Z remote: Create a pull request for 'create-pull-request/patch' on GitHub by visiting:        
2022-09-05T07:09:11.9335655Z remote:      https://github.com/AlphaSteam/microprint/pull/new/create-pull-request/patch        
2022-09-05T07:09:11.9336232Z remote: 
2022-09-05T07:09:11.9336693Z To https://github.com/AlphaSteam/microprint
2022-09-05T07:09:11.9337224Z  * [new branch]      HEAD -> create-pull-request/patch
2022-09-05T07:09:11.9359974Z ##[endgroup]
2022-09-05T07:09:11.9360639Z ##[group]Create or update the pull request
2022-09-05T07:09:11.9364594Z Attempting creation of pull request
2022-09-05T07:09:13.0907068Z Created pull request #3 (AlphaSteam:create-pull-request/patch => main)
2022-09-05T07:09:13.0907831Z ##[endgroup]
2022-09-05T07:09:13.0908295Z ##[group]Setting outputs
2022-09-05T07:09:13.0908462Z 
2022-09-05T07:09:13.0916333Z 
2022-09-05T07:09:13.0917119Z 
2022-09-05T07:09:13.0917389Z 
2022-09-05T07:09:13.0918298Z ##[endgroup]
2022-09-05T07:09:13.0918730Z ##[group]Restore persisted git credentials
2022-09-05T07:09:13.0925789Z [command]/usr/bin/git config --local --name-only --get-regexp http.https://github.com/.extraheader ^AUTHORIZATION:
2022-09-05T07:09:13.0964837Z http.https://github.com/.extraheader
2022-09-05T07:09:13.0976141Z [command]/usr/bin/git config --local --get-regexp http.https://github.com/.extraheader ^AUTHORIZATION:
2022-09-05T07:09:13.1008451Z http.https://github.com/.extraheader AUTHORIZATION: basic ***
2022-09-05T07:09:13.1018485Z [command]/usr/bin/git config --local --unset http.https://github.com/.extraheader ^AUTHORIZATION:
2022-09-05T07:09:13.1053402Z Unset config key 'http.https://github.com/.extraheader'
2022-09-05T07:09:13.1061374Z [command]/usr/bin/git config --local http.https://github.com/.extraheader AUTHORIZATION: basic ***
2022-09-05T07:09:13.1100929Z Persisted git credentials restored
2022-09-05T07:09:13.1102115Z ##[endgroup]
2022-09-05T07:09:13.1208799Z Post job cleanup.
2022-09-05T07:09:13.2505254Z [command]/usr/bin/git version
2022-09-05T07:09:13.2556531Z git version 2.37.2
2022-09-05T07:09:13.2606148Z Temporarily overriding HOME='/home/runner/work/_temp/a206ddcd-ef0b-4245-9bba-fd2e54b86492' before making global git config changes
2022-09-05T07:09:13.2609185Z Adding repository directory to the temporary git global config as a safe directory
2022-09-05T07:09:13.2617468Z [command]/usr/bin/git config --global --add safe.directory /home/runner/work/microprint/microprint
2022-09-05T07:09:13.2676455Z [command]/usr/bin/git config --local --name-only --get-regexp core\.sshCommand
2022-09-05T07:09:13.2722678Z [command]/usr/bin/git submodule foreach --recursive git config --local --name-only --get-regexp 'core\.sshCommand' && git config --local --unset-all 'core.sshCommand' || :
2022-09-05T07:09:13.2976210Z [command]/usr/bin/git config --local --name-only --get-regexp http\.https\:\/\/github\.com\/\.extraheader
2022-09-05T07:09:13.3050047Z http.https://github.com/.extraheader
2022-09-05T07:09:13.3058107Z [command]/usr/bin/git config --local --unset-all http.https://github.com/.extraheader
2022-09-05T07:09:13.3098163Z [command]/usr/bin/git submodule foreach --recursive git config --local --name-only --get-regexp 'http\.https\:\/\/github\.com\/\.extraheader' && git config --local --unset-all 'http.https://github.com/.extraheader' || :
2022-09-05T07:09:13.3571270Z Cleaning up orphan processes
