2022-09-12T23:52:37.4004290Z Requested labels: ubuntu-latest
2022-09-12T23:52:37.4004334Z Job defined at: AlphaSteam/microprint-generator/.github/workflows/generate_examples.yaml@refs/heads/add_microprint_analysis
2022-09-12T23:52:37.4004360Z Waiting for a runner to pick up this job...
2022-09-12T23:52:37.9900188Z Job is waiting for a hosted runner to come online.
2022-09-12T23:52:40.9530780Z Job is about to start running on the hosted runner: Hosted Agent (hosted)
2022-09-12T23:52:43.3751966Z Current runner version: '2.296.1'
2022-09-12T23:52:43.3785031Z ##[group]Operating System
2022-09-12T23:52:43.3785801Z Ubuntu
2022-09-12T23:52:43.3786097Z 20.04.5
2022-09-12T23:52:43.3786413Z LTS
2022-09-12T23:52:43.3786794Z ##[endgroup]
2022-09-12T23:52:43.3787162Z ##[group]Runner Image
2022-09-12T23:52:43.3787574Z Image: ubuntu-20.04
2022-09-12T23:52:43.3788047Z Version: 20220905.1
2022-09-12T23:52:43.3788622Z Included Software: https://github.com/actions/runner-images/blob/ubuntu20/20220905.1/images/linux/Ubuntu2004-Readme.md
2022-09-12T23:52:43.3789457Z Image Release: https://github.com/actions/runner-images/releases/tag/ubuntu20%2F20220905.1
2022-09-12T23:52:43.3789908Z ##[endgroup]
2022-09-12T23:52:43.3790662Z ##[group]Runner Image Provisioner
2022-09-12T23:52:43.3791124Z 1.0.0.0-main-20220825-1
2022-09-12T23:52:43.3791486Z ##[endgroup]
2022-09-12T23:52:43.3792547Z ##[group]GITHUB_TOKEN Permissions
2022-09-12T23:52:43.3793435Z Actions: write
2022-09-12T23:52:43.3793951Z Checks: write
2022-09-12T23:52:43.3794342Z Contents: write
2022-09-12T23:52:43.3794829Z Deployments: write
2022-09-12T23:52:43.3795168Z Discussions: write
2022-09-12T23:52:43.3795524Z Issues: write
2022-09-12T23:52:43.3796114Z Metadata: read
2022-09-12T23:52:43.3796489Z Packages: write
2022-09-12T23:52:43.3796794Z Pages: write
2022-09-12T23:52:43.3797136Z PullRequests: write
2022-09-12T23:52:43.3797514Z RepositoryProjects: write
2022-09-12T23:52:43.3798099Z SecurityEvents: write
2022-09-12T23:52:43.3798514Z Statuses: write
2022-09-12T23:52:43.3798899Z ##[endgroup]
2022-09-12T23:52:43.3803294Z Secret source: Actions
2022-09-12T23:52:43.3803810Z Prepare workflow directory
2022-09-12T23:52:43.4846354Z Prepare all required actions
2022-09-12T23:52:43.5090573Z Getting action download info
2022-09-12T23:52:43.7289538Z Download action repository 'actions/checkout@v3' (SHA:2541b1294d2704b0964813337f33b291d3f8596b)
2022-09-12T23:52:44.4184849Z Download action repository 'stefanzweifel/git-auto-commit-action@v4' (SHA:49620cd3ed21ee620a48530e81dba0d139c9cb80)
2022-09-12T23:52:44.7904632Z Download action repository 'CasperWA/push-protected@v2' (SHA:957b8795065b8319e9e9ad91678227e0774a746e)
2022-09-12T23:52:45.4528649Z ##[group]Build container for action use: '/home/runner/work/_actions/CasperWA/push-protected/v2/Dockerfile'.
2022-09-12T23:52:45.4614910Z ##[command]/usr/bin/docker build -t 786a9b:c5608e5bffd94c449c918a7e19e1817f -f "/home/runner/work/_actions/CasperWA/push-protected/v2/Dockerfile" "/home/runner/work/_actions/CasperWA/push-protected/v2"
2022-09-12T23:52:45.6841527Z Sending build context to Docker daemon  113.2kB
2022-09-12T23:52:45.6871279Z 
2022-09-12T23:52:45.7279265Z Step 1/6 : FROM python:alpine
2022-09-12T23:52:46.5948610Z alpine: Pulling from library/python
2022-09-12T23:52:46.8150688Z 213ec9aee27d: Already exists
2022-09-12T23:52:46.8184685Z 6b2a141cd227: Pulling fs layer
2022-09-12T23:52:46.8185463Z 20e8f1c91cae: Pulling fs layer
2022-09-12T23:52:46.8185972Z 20828db47e2e: Pulling fs layer
2022-09-12T23:52:46.8186236Z dfb6e0c037c9: Pulling fs layer
2022-09-12T23:52:46.8186661Z dfb6e0c037c9: Waiting
2022-09-12T23:52:47.0544909Z 20828db47e2e: Verifying Checksum
2022-09-12T23:52:47.0545618Z 20828db47e2e: Download complete
2022-09-12T23:52:47.1020098Z 6b2a141cd227: Verifying Checksum
2022-09-12T23:52:47.1020406Z 6b2a141cd227: Download complete
2022-09-12T23:52:47.2202448Z 20e8f1c91cae: Verifying Checksum
2022-09-12T23:52:47.2203002Z 20e8f1c91cae: Download complete
2022-09-12T23:52:47.3923459Z dfb6e0c037c9: Verifying Checksum
2022-09-12T23:52:47.3923819Z dfb6e0c037c9: Download complete
2022-09-12T23:52:47.5316754Z 6b2a141cd227: Pull complete
2022-09-12T23:52:48.1323212Z 20e8f1c91cae: Pull complete
2022-09-12T23:52:48.1979003Z 20828db47e2e: Pull complete
2022-09-12T23:52:48.5285829Z dfb6e0c037c9: Pull complete
2022-09-12T23:52:48.5342187Z Digest: sha256:6015c8fd6d6c1acf529f8165c51e35172a2a8aa1a8fa72d7d2e0e3ce1700739a
2022-09-12T23:52:48.5364972Z Status: Downloaded newer image for python:alpine
2022-09-12T23:52:48.5398463Z  ---> 4da4c1dc8c72
2022-09-12T23:52:48.5399327Z Step 2/6 : COPY README.md setup.py requirements*.txt ./
2022-09-12T23:52:49.0172487Z  ---> 2049c9a6d43b
2022-09-12T23:52:49.0172835Z Step 3/6 : COPY push_action ./push_action
2022-09-12T23:52:50.0178951Z  ---> bbc793549e50
2022-09-12T23:52:50.0180480Z Step 4/6 : RUN apk update     && apk add --no-cache git git-lfs bash     && pip install -U -e .
2022-09-12T23:52:50.0465672Z  ---> Running in 2f8befa7fab8
2022-09-12T23:52:50.3962523Z fetch https://dl-cdn.alpinelinux.org/alpine/v3.16/main/x86_64/APKINDEX.tar.gz
2022-09-12T23:52:50.5656884Z fetch https://dl-cdn.alpinelinux.org/alpine/v3.16/community/x86_64/APKINDEX.tar.gz
2022-09-12T23:52:50.8602986Z v3.16.2-153-g348653a9ba [https://dl-cdn.alpinelinux.org/alpine/v3.16/main]
2022-09-12T23:52:50.8603593Z v3.16.2-152-gc6274c3ddd [https://dl-cdn.alpinelinux.org/alpine/v3.16/community]
2022-09-12T23:52:50.8603935Z OK: 17030 distinct packages available
2022-09-12T23:52:50.9053513Z fetch https://dl-cdn.alpinelinux.org/alpine/v3.16/main/x86_64/APKINDEX.tar.gz
2022-09-12T23:52:51.0407846Z fetch https://dl-cdn.alpinelinux.org/alpine/v3.16/community/x86_64/APKINDEX.tar.gz
2022-09-12T23:52:51.2931378Z (1/7) Installing bash (5.1.16-r2)
2022-09-12T23:52:51.3176901Z Executing bash-5.1.16-r2.post-install
2022-09-12T23:52:51.3206092Z (2/7) Installing brotli-libs (1.0.9-r6)
2022-09-12T23:52:51.3401533Z (3/7) Installing nghttp2-libs (1.47.0-r0)
2022-09-12T23:52:51.3499462Z (4/7) Installing libcurl (7.83.1-r3)
2022-09-12T23:52:51.3642662Z (5/7) Installing pcre2 (10.40-r0)
2022-09-12T23:52:51.3823001Z (6/7) Installing git (2.36.2-r0)
2022-09-12T23:52:51.5389469Z (7/7) Installing git-lfs (3.1.4-r4)
2022-09-12T23:52:51.6499551Z Executing git-lfs-3.1.4-r4.post-install
2022-09-12T23:52:51.6658660Z Git LFS initialized.
2022-09-12T23:52:51.6676979Z Executing busybox-1.35.0-r17.trigger
2022-09-12T23:52:51.6735903Z OK: 39 MiB in 43 packages
2022-09-12T23:52:54.2212667Z Obtaining file:///
2022-09-12T23:52:54.2229274Z   Preparing metadata (setup.py): started
2022-09-12T23:52:54.9299425Z   Preparing metadata (setup.py): finished with status 'done'
2022-09-12T23:52:55.0358092Z Collecting requests~=2.28
2022-09-12T23:52:55.1006413Z   Downloading requests-2.28.1-py3-none-any.whl (62 kB)
2022-09-12T23:52:55.1150622Z      â”â”â”â”â”â”â”â”â”â”â”â”â”â”â”â”â”â”â”â”â”â”â”â”â”â”â”â”â”â”â”â”â”â”â”â”â”â”â”â” 62.8/62.8 kB 5.0 MB/s eta 0:00:00
2022-09-12T23:52:55.1541822Z Collecting idna<4,>=2.5
2022-09-12T23:52:55.1648249Z   Downloading idna-3.3-py3-none-any.whl (61 kB)
2022-09-12T23:52:55.1715058Z      â”â”â”â”â”â”â”â”â”â”â”â”â”â”â”â”â”â”â”â”â”â”â”â”â”â”â”â”â”â”â”â”â”â”â”â”â”â”â”â” 61.2/61.2 kB 13.7 MB/s eta 0:00:00
2022-09-12T23:52:55.2203838Z Collecting charset-normalizer<3,>=2
2022-09-12T23:52:55.2314306Z   Downloading charset_normalizer-2.1.1-py3-none-any.whl (39 kB)
2022-09-12T23:52:55.2657811Z Collecting certifi>=2017.4.17
2022-09-12T23:52:55.2768852Z   Downloading certifi-2022.6.15.1-py3-none-any.whl (160 kB)
2022-09-12T23:52:55.2897083Z      â”â”â”â”â”â”â”â”â”â”â”â”â”â”â”â”â”â”â”â”â”â”â”â”â”â”â”â”â”â”â”â”â”â”â”â”â”â” 160.4/160.4 kB 16.8 MB/s eta 0:00:00
2022-09-12T23:52:55.3503139Z Collecting urllib3<1.27,>=1.21.1
2022-09-12T23:52:55.3652313Z   Downloading urllib3-1.26.12-py2.py3-none-any.whl (140 kB)
2022-09-12T23:52:55.3734149Z      â”â”â”â”â”â”â”â”â”â”â”â”â”â”â”â”â”â”â”â”â”â”â”â”â”â”â”â”â”â”â”â”â”â”â”â”â”â” 140.4/140.4 kB 26.7 MB/s eta 0:00:00
2022-09-12T23:52:55.4865656Z Installing collected packages: urllib3, idna, charset-normalizer, certifi, requests, push-action
2022-09-12T23:52:55.8900077Z   Running setup.py develop for push-action
2022-09-12T23:52:56.3406798Z Successfully installed certifi-2022.6.15.1 charset-normalizer-2.1.1 idna-3.3 push-action-2.13.0 requests-2.28.1 urllib3-1.26.12
2022-09-12T23:52:56.3414335Z [91mWARNING: Running pip as the 'root' user can result in broken permissions and conflicting behaviour with the system package manager. It is recommended to use a virtual environment instead: https://pip.pypa.io/warnings/venv
2022-09-12T23:52:57.9436452Z [0mRemoving intermediate container 2f8befa7fab8
2022-09-12T23:52:57.9436754Z  ---> 7ff16247d2a5
2022-09-12T23:52:57.9436998Z Step 5/6 : COPY entrypoint.sh ./
2022-09-12T23:52:58.2866290Z  ---> 4b2ec7a04bef
2022-09-12T23:52:58.3118103Z Step 6/6 : ENTRYPOINT [ "/entrypoint.sh" ]
2022-09-12T23:52:58.3118489Z  ---> Running in 10fa6ab1b552
2022-09-12T23:52:59.0199961Z Removing intermediate container 10fa6ab1b552
2022-09-12T23:52:59.0200289Z  ---> d32a5687ce3b
2022-09-12T23:52:59.0211080Z Successfully built d32a5687ce3b
2022-09-12T23:52:59.0262323Z Successfully tagged 786a9b:c5608e5bffd94c449c918a7e19e1817f
2022-09-12T23:52:59.0309001Z ##[endgroup]
2022-09-12T23:52:59.0826851Z ##[group]Run actions/checkout@v3
2022-09-12T23:52:59.0827170Z with:
2022-09-12T23:52:59.0827455Z   repository: AlphaSteam/microprint-generator
2022-09-12T23:52:59.0827967Z   token: ***
2022-09-12T23:52:59.0828412Z   ssh-strict: true
2022-09-12T23:52:59.0828797Z   persist-credentials: true
2022-09-12T23:52:59.0829082Z   clean: true
2022-09-12T23:52:59.0829380Z   fetch-depth: 1
2022-09-12T23:52:59.0829692Z   lfs: false
2022-09-12T23:52:59.0830054Z   submodules: false
2022-09-12T23:52:59.0830537Z   set-safe-directory: true
2022-09-12T23:52:59.0830920Z ##[endgroup]
2022-09-12T23:52:59.4441593Z Syncing repository: AlphaSteam/microprint-generator
2022-09-12T23:52:59.4443887Z ##[group]Getting Git version info
2022-09-12T23:52:59.4444572Z Working directory is '/home/runner/work/microprint-generator/microprint-generator'
2022-09-12T23:52:59.4445238Z [command]/usr/bin/git version
2022-09-12T23:52:59.4593257Z git version 2.37.3
2022-09-12T23:52:59.4619742Z ##[endgroup]
2022-09-12T23:52:59.4644779Z Temporarily overriding HOME='/home/runner/work/_temp/54d9b135-e98e-4118-a230-6357b841912d' before making global git config changes
2022-09-12T23:52:59.4645485Z Adding repository directory to the temporary git global config as a safe directory
2022-09-12T23:52:59.4651276Z [command]/usr/bin/git config --global --add safe.directory /home/runner/work/microprint-generator/microprint-generator
2022-09-12T23:52:59.4723095Z Deleting the contents of '/home/runner/work/microprint-generator/microprint-generator'
2022-09-12T23:52:59.4732516Z ##[group]Initializing the repository
2022-09-12T23:52:59.4739470Z [command]/usr/bin/git init /home/runner/work/microprint-generator/microprint-generator
2022-09-12T23:52:59.4827231Z hint: Using 'master' as the name for the initial branch. This default branch name
2022-09-12T23:52:59.4828251Z hint: is subject to change. To configure the initial branch name to use in all
2022-09-12T23:52:59.4829062Z hint: of your new repositories, which will suppress this warning, call:
2022-09-12T23:52:59.4829833Z hint: 
2022-09-12T23:52:59.4830873Z hint: 	git config --global init.defaultBranch <name>
2022-09-12T23:52:59.4831194Z hint: 
2022-09-12T23:52:59.4831831Z hint: Names commonly chosen instead of 'master' are 'main', 'trunk' and
2022-09-12T23:52:59.4832577Z hint: 'development'. The just-created branch can be renamed via this command:
2022-09-12T23:52:59.4832993Z hint: 
2022-09-12T23:52:59.4833425Z hint: 	git branch -m <name>
2022-09-12T23:52:59.4843632Z Initialized empty Git repository in /home/runner/work/microprint-generator/microprint-generator/.git/
2022-09-12T23:52:59.4855308Z [command]/usr/bin/git remote add origin https://github.com/AlphaSteam/microprint-generator
2022-09-12T23:52:59.4916183Z ##[endgroup]
2022-09-12T23:52:59.4917097Z ##[group]Disabling automatic garbage collection
2022-09-12T23:52:59.4932587Z [command]/usr/bin/git config --local gc.auto 0
2022-09-12T23:52:59.4963805Z ##[endgroup]
2022-09-12T23:52:59.4964482Z ##[group]Setting up auth
2022-09-12T23:52:59.4981561Z [command]/usr/bin/git config --local --name-only --get-regexp core\.sshCommand
2022-09-12T23:52:59.5026875Z [command]/usr/bin/git submodule foreach --recursive git config --local --name-only --get-regexp 'core\.sshCommand' && git config --local --unset-all 'core.sshCommand' || :
2022-09-12T23:52:59.5471668Z [command]/usr/bin/git config --local --name-only --get-regexp http\.https\:\/\/github\.com\/\.extraheader
2022-09-12T23:52:59.5513223Z [command]/usr/bin/git submodule foreach --recursive git config --local --name-only --get-regexp 'http\.https\:\/\/github\.com\/\.extraheader' && git config --local --unset-all 'http.https://github.com/.extraheader' || :
2022-09-12T23:52:59.5786478Z [command]/usr/bin/git config --local http.https://github.com/.extraheader AUTHORIZATION: basic ***
2022-09-12T23:52:59.5843601Z ##[endgroup]
2022-09-12T23:52:59.5844601Z ##[group]Fetching the repository
2022-09-12T23:52:59.5855504Z [command]/usr/bin/git -c protocol.version=2 fetch --no-tags --prune --progress --no-recurse-submodules --depth=1 origin +3efecdf3dd94cb2dbda1b94da3d707bb35fc21d4:refs/remotes/origin/add_microprint_analysis
2022-09-12T23:52:59.8908338Z remote: Enumerating objects: 47, done.        
2022-09-12T23:52:59.8909168Z remote: Counting objects:   2% (1/47)        
2022-09-12T23:52:59.8909770Z remote: Counting objects:   4% (2/47)        
2022-09-12T23:52:59.8910673Z remote: Counting objects:   6% (3/47)        
2022-09-12T23:52:59.8911357Z remote: Counting objects:   8% (4/47)        
2022-09-12T23:52:59.8912252Z remote: Counting objects:  10% (5/47)        
2022-09-12T23:52:59.8912803Z remote: Counting objects:  12% (6/47)        
2022-09-12T23:52:59.8913421Z remote: Counting objects:  14% (7/47)        
2022-09-12T23:52:59.8913810Z remote: Counting objects:  17% (8/47)        
2022-09-12T23:52:59.8914205Z remote: Counting objects:  19% (9/47)        
2022-09-12T23:52:59.8914579Z remote: Counting objects:  21% (10/47)        
2022-09-12T23:52:59.8915009Z remote: Counting objects:  23% (11/47)        
2022-09-12T23:52:59.8915404Z remote: Counting objects:  25% (12/47)        
2022-09-12T23:52:59.8915967Z remote: Counting objects:  27% (13/47)        
2022-09-12T23:52:59.8916280Z remote: Counting objects:  29% (14/47)        
2022-09-12T23:52:59.8916774Z remote: Counting objects:  31% (15/47)        
2022-09-12T23:52:59.8917191Z remote: Counting objects:  34% (16/47)        
2022-09-12T23:52:59.8917567Z remote: Counting objects:  36% (17/47)        
2022-09-12T23:52:59.8917901Z remote: Counting objects:  38% (18/47)        
2022-09-12T23:52:59.8918284Z remote: Counting objects:  40% (19/47)        
2022-09-12T23:52:59.8918698Z remote: Counting objects:  42% (20/47)        
2022-09-12T23:52:59.8919078Z remote: Counting objects:  44% (21/47)        
2022-09-12T23:52:59.8919458Z remote: Counting objects:  46% (22/47)        
2022-09-12T23:52:59.8919777Z remote: Counting objects:  48% (23/47)        
2022-09-12T23:52:59.8920148Z remote: Counting objects:  51% (24/47)        
2022-09-12T23:52:59.8920561Z remote: Counting objects:  53% (25/47)        
2022-09-12T23:52:59.8920948Z remote: Counting objects:  55% (26/47)        
2022-09-12T23:52:59.8921266Z remote: Counting objects:  57% (27/47)        
2022-09-12T23:52:59.8921745Z remote: Counting objects:  59% (28/47)        
2022-09-12T23:52:59.8922318Z remote: Counting objects:  61% (29/47)        
2022-09-12T23:52:59.8922719Z remote: Counting objects:  63% (30/47)        
2022-09-12T23:52:59.8923038Z remote: Counting objects:  65% (31/47)        
2022-09-12T23:52:59.8923404Z remote: Counting objects:  68% (32/47)        
2022-09-12T23:52:59.8923781Z remote: Counting objects:  70% (33/47)        
2022-09-12T23:52:59.8924201Z remote: Counting objects:  72% (34/47)        
2022-09-12T23:52:59.8924536Z remote: Counting objects:  74% (35/47)        
2022-09-12T23:52:59.8924903Z remote: Counting objects:  76% (36/47)        
2022-09-12T23:52:59.8925269Z remote: Counting objects:  78% (37/47)        
2022-09-12T23:52:59.8925775Z remote: Counting objects:  80% (38/47)        
2022-09-12T23:52:59.8926105Z remote: Counting objects:  82% (39/47)        
2022-09-12T23:52:59.8926462Z remote: Counting objects:  85% (40/47)        
2022-09-12T23:52:59.8926817Z remote: Counting objects:  87% (41/47)        
2022-09-12T23:52:59.8927180Z remote: Counting objects:  89% (42/47)        
2022-09-12T23:52:59.8927524Z remote: Counting objects:  91% (43/47)        
2022-09-12T23:52:59.8928032Z remote: Counting objects:  93% (44/47)        
2022-09-12T23:52:59.8928406Z remote: Counting objects:  95% (45/47)        
2022-09-12T23:52:59.8929014Z remote: Counting objects:  97% (46/47)        
2022-09-12T23:52:59.8929330Z remote: Counting objects: 100% (47/47)        
2022-09-12T23:52:59.8929787Z remote: Counting objects: 100% (47/47), done.        
2022-09-12T23:52:59.8930201Z remote: Compressing objects:   2% (1/41)        
2022-09-12T23:52:59.8930600Z remote: Compressing objects:   4% (2/41)        
2022-09-12T23:52:59.8930937Z remote: Compressing objects:   7% (3/41)        
2022-09-12T23:52:59.8931509Z remote: Compressing objects:   9% (4/41)        
2022-09-12T23:52:59.8931919Z remote: Compressing objects:  12% (5/41)        
2022-09-12T23:52:59.8932303Z remote: Compressing objects:  14% (6/41)        
2022-09-12T23:52:59.8932705Z remote: Compressing objects:  17% (7/41)        
2022-09-12T23:52:59.8933038Z remote: Compressing objects:  19% (8/41)        
2022-09-12T23:52:59.8933471Z remote: Compressing objects:  21% (9/41)        
2022-09-12T23:52:59.8933859Z remote: Compressing objects:  24% (10/41)        
2022-09-12T23:52:59.8934247Z remote: Compressing objects:  26% (11/41)        
2022-09-12T23:52:59.8934606Z remote: Compressing objects:  29% (12/41)        
2022-09-12T23:52:59.8935026Z remote: Compressing objects:  31% (13/41)        
2022-09-12T23:52:59.8935413Z remote: Compressing objects:  34% (14/41)        
2022-09-12T23:52:59.8935795Z remote: Compressing objects:  36% (15/41)        
2022-09-12T23:52:59.8936138Z remote: Compressing objects:  39% (16/41)        
2022-09-12T23:52:59.9037466Z remote: Compressing objects:  41% (17/41)        
2022-09-12T23:52:59.9038168Z remote: Compressing objects:  43% (18/41)        
2022-09-12T23:52:59.9038537Z remote: Compressing objects:  46% (19/41)        
2022-09-12T23:52:59.9038926Z remote: Compressing objects:  48% (20/41)        
2022-09-12T23:52:59.9039360Z remote: Compressing objects:  51% (21/41)        
2022-09-12T23:52:59.9039774Z remote: Compressing objects:  53% (22/41)        
2022-09-12T23:52:59.9136685Z remote: Compressing objects:  56% (23/41)        
2022-09-12T23:52:59.9137246Z remote: Compressing objects:  58% (24/41)        
2022-09-12T23:52:59.9137659Z remote: Compressing objects:  60% (25/41)        
2022-09-12T23:52:59.9138000Z remote: Compressing objects:  63% (26/41)        
2022-09-12T23:52:59.9138456Z remote: Compressing objects:  65% (27/41)        
2022-09-12T23:52:59.9139084Z remote: Compressing objects:  68% (28/41)        
2022-09-12T23:52:59.9139485Z remote: Compressing objects:  70% (29/41)        
2022-09-12T23:52:59.9139819Z remote: Compressing objects:  73% (30/41)        
2022-09-12T23:52:59.9140203Z remote: Compressing objects:  75% (31/41)        
2022-09-12T23:52:59.9140632Z remote: Compressing objects:  78% (32/41)        
2022-09-12T23:52:59.9141029Z remote: Compressing objects:  80% (33/41)        
2022-09-12T23:52:59.9141407Z remote: Compressing objects:  82% (34/41)        
2022-09-12T23:52:59.9141735Z remote: Compressing objects:  85% (35/41)        
2022-09-12T23:52:59.9142278Z remote: Compressing objects:  87% (36/41)        
2022-09-12T23:52:59.9142678Z remote: Compressing objects:  90% (37/41)        
2022-09-12T23:52:59.9143052Z remote: Compressing objects:  92% (38/41)        
2022-09-12T23:52:59.9143614Z remote: Compressing objects:  95% (39/41)        
2022-09-12T23:52:59.9144100Z remote: Compressing objects:  97% (40/41)        
2022-09-12T23:52:59.9144542Z remote: Compressing objects: 100% (41/41)        
2022-09-12T23:52:59.9144942Z remote: Compressing objects: 100% (41/41), done.        
2022-09-12T23:53:00.1463496Z remote: Total 47 (delta 5), reused 33 (delta 1), pack-reused 0        
2022-09-12T23:53:00.1718944Z From https://github.com/AlphaSteam/microprint-generator
2022-09-12T23:53:00.1720116Z  * [new ref]         3efecdf3dd94cb2dbda1b94da3d707bb35fc21d4 -> origin/add_microprint_analysis
2022-09-12T23:53:00.1755786Z ##[endgroup]
2022-09-12T23:53:00.1756910Z ##[group]Determining the checkout info
2022-09-12T23:53:00.1759021Z ##[endgroup]
2022-09-12T23:53:00.1759595Z ##[group]Checking out the ref
2022-09-12T23:53:00.1776095Z [command]/usr/bin/git checkout --progress --force -B add_microprint_analysis refs/remotes/origin/add_microprint_analysis
2022-09-12T23:53:00.2075532Z Switched to a new branch 'add_microprint_analysis'
2022-09-12T23:53:00.2076656Z branch 'add_microprint_analysis' set up to track 'origin/add_microprint_analysis'.
2022-09-12T23:53:00.2080846Z ##[endgroup]
2022-09-12T23:53:00.2136892Z [command]/usr/bin/git log -1 --format='%H'
2022-09-12T23:53:00.2171740Z '3efecdf3dd94cb2dbda1b94da3d707bb35fc21d4'
2022-09-12T23:53:00.2546589Z ##[group]Run ./
2022-09-12T23:53:00.2546844Z with:
2022-09-12T23:53:00.2547078Z   microprint_render_method: raster
2022-09-12T23:53:00.2547339Z   log_path: ./Examples/Mid-job/logs
2022-09-12T23:53:00.2547638Z   microprint_path: ./Examples/Mid-job/microprint
2022-09-12T23:53:00.2547950Z   microprint_config_path: ./Examples/Mid-job/
2022-09-12T23:53:00.2548382Z   repository: AlphaSteam/microprint-generator
2022-09-12T23:53:00.2548871Z   github_token: ***
2022-09-12T23:53:00.2549104Z   job_name: generate_microprint_mid_job
2022-09-12T23:53:00.2549367Z   log_filename: logs
2022-09-12T23:53:00.2549579Z   save_log: true
2022-09-12T23:53:00.2549796Z   microprint_filename: microprint
2022-09-12T23:53:00.2550125Z   microprint_config_filename: config
2022-09-12T23:53:00.2550743Z ##[endgroup]
2022-09-12T23:53:00.2702181Z ##[group]Building docker image
2022-09-12T23:53:00.2702596Z Dockerfile for action: '/home/runner/work/microprint-generator/microprint-generator/./Dockerfile'.
2022-09-12T23:53:00.2704274Z ##[command]/usr/bin/docker build -t 786a9b:ad9cd4fcbd7f5811b11201f18ccb01ec -f "/home/runner/work/microprint-generator/microprint-generator/./Dockerfile" "/home/runner/work/microprint-generator/microprint-generator"
2022-09-12T23:53:00.3957297Z Sending build context to Docker daemon  4.057MB
2022-09-12T23:53:00.3957892Z 
2022-09-12T23:53:00.4002899Z Step 1/6 : FROM python:3
2022-09-12T23:53:02.2824017Z 3: Pulling from library/python
2022-09-12T23:53:02.5183528Z 1671565cc8df: Already exists
2022-09-12T23:53:02.5314485Z 3e94d13e55e7: Already exists
2022-09-12T23:53:02.5394774Z fa9c7528c685: Already exists
2022-09-12T23:53:02.5468631Z 53ad072f9cd1: Already exists
2022-09-12T23:53:02.5542750Z d6b983117533: Already exists
2022-09-12T23:53:02.5568195Z d8092d56ded5: Pulling fs layer
2022-09-12T23:53:02.5571826Z 102b77c1d556: Pulling fs layer
2022-09-12T23:53:02.5572094Z c65fe89c654d: Pulling fs layer
2022-09-12T23:53:02.5576851Z 18db97afaa16: Pulling fs layer
2022-09-12T23:53:02.5580640Z 18db97afaa16: Waiting
2022-09-12T23:53:02.7995365Z c65fe89c654d: Verifying Checksum
2022-09-12T23:53:02.7996124Z c65fe89c654d: Download complete
2022-09-12T23:53:02.8859279Z d8092d56ded5: Verifying Checksum
2022-09-12T23:53:02.8862812Z d8092d56ded5: Download complete
2022-09-12T23:53:02.9955077Z 102b77c1d556: Verifying Checksum
2022-09-12T23:53:02.9955398Z 102b77c1d556: Download complete
2022-09-12T23:53:03.1061621Z 18db97afaa16: Verifying Checksum
2022-09-12T23:53:03.1062000Z 18db97afaa16: Download complete
2022-09-12T23:53:03.7891150Z d8092d56ded5: Pull complete
2022-09-12T23:53:04.8223100Z 102b77c1d556: Pull complete
2022-09-12T23:53:04.8954632Z c65fe89c654d: Pull complete
2022-09-12T23:53:05.3425022Z 18db97afaa16: Pull complete
2022-09-12T23:53:05.3498633Z Digest: sha256:5bbf8c1d6f7c0946e405587c502f316239916caba98b2dd55a31f0fd465103dc
2022-09-12T23:53:05.3522740Z Status: Downloaded newer image for python:3
2022-09-12T23:53:05.3540751Z  ---> 4f9baf941f8e
2022-09-12T23:53:05.3541333Z Step 2/6 : COPY requirements.txt /requirements.txt
2022-09-12T23:53:10.3743140Z  ---> b7d9bdd2ce45
2022-09-12T23:53:10.3743906Z Step 3/6 : RUN pip install -r /requirements.txt
2022-09-12T23:53:10.4085268Z  ---> Running in 3b55249d0d98
2022-09-12T23:53:13.1086639Z Collecting pillow
2022-09-12T23:53:13.1930115Z   Downloading Pillow-9.2.0-cp310-cp310-manylinux_2_28_x86_64.whl (3.2 MB)
2022-09-12T23:53:13.2690699Z      â”â”â”â”â”â”â”â”â”â”â”â”â”â”â”â”â”â”â”â”â”â”â”â”â”â”â”â”â”â”â”â”â”â”â”â”â”â”â”â” 3.2/3.2 MB 44.9 MB/s eta 0:00:00
2022-09-12T23:53:13.3525266Z Collecting requests
2022-09-12T23:53:13.3636663Z   Downloading requests-2.28.1-py3-none-any.whl (62 kB)
2022-09-12T23:53:13.3699324Z      â”â”â”â”â”â”â”â”â”â”â”â”â”â”â”â”â”â”â”â”â”â”â”â”â”â”â”â”â”â”â”â”â”â”â”â”â”â”â”â” 62.8/62.8 kB 18.4 MB/s eta 0:00:00
2022-09-12T23:53:13.4009107Z Collecting svgwrite
2022-09-12T23:53:13.4129005Z   Downloading svgwrite-1.4.3-py3-none-any.whl (67 kB)
2022-09-12T23:53:13.4188386Z      â”â”â”â”â”â”â”â”â”â”â”â”â”â”â”â”â”â”â”â”â”â”â”â”â”â”â”â”â”â”â”â”â”â”â”â”â”â”â”â” 67.1/67.1 kB 21.5 MB/s eta 0:00:00
2022-09-12T23:53:13.5018819Z Collecting charset-normalizer<3,>=2
2022-09-12T23:53:13.5238722Z   Downloading charset_normalizer-2.1.1-py3-none-any.whl (39 kB)
2022-09-12T23:53:13.5590982Z Collecting idna<4,>=2.5
2022-09-12T23:53:13.5711259Z   Downloading idna-3.3-py3-none-any.whl (61 kB)
2022-09-12T23:53:13.5772799Z      â”â”â”â”â”â”â”â”â”â”â”â”â”â”â”â”â”â”â”â”â”â”â”â”â”â”â”â”â”â”â”â”â”â”â”â”â”â”â”â” 61.2/61.2 kB 17.8 MB/s eta 0:00:00
2022-09-12T23:53:13.6186648Z Collecting certifi>=2017.4.17
2022-09-12T23:53:13.6311739Z   Downloading certifi-2022.6.15.1-py3-none-any.whl (160 kB)
2022-09-12T23:53:13.6395007Z      â”â”â”â”â”â”â”â”â”â”â”â”â”â”â”â”â”â”â”â”â”â”â”â”â”â”â”â”â”â”â”â”â”â”â”â”â”â” 160.4/160.4 kB 38.0 MB/s eta 0:00:00
2022-09-12T23:53:13.7053339Z Collecting urllib3<1.27,>=1.21.1
2022-09-12T23:53:13.7160326Z   Downloading urllib3-1.26.12-py2.py3-none-any.whl (140 kB)
2022-09-12T23:53:13.7226602Z      â”â”â”â”â”â”â”â”â”â”â”â”â”â”â”â”â”â”â”â”â”â”â”â”â”â”â”â”â”â”â”â”â”â”â”â”â”â” 140.4/140.4 kB 35.9 MB/s eta 0:00:00
2022-09-12T23:53:13.8544251Z Installing collected packages: urllib3, svgwrite, pillow, idna, charset-normalizer, certifi, requests
2022-09-12T23:53:14.5292710Z Successfully installed certifi-2022.6.15.1 charset-normalizer-2.1.1 idna-3.3 pillow-9.2.0 requests-2.28.1 svgwrite-1.4.3 urllib3-1.26.12
2022-09-12T23:53:14.5293532Z [91mWARNING: Running pip as the 'root' user can result in broken permissions and conflicting behaviour with the system package manager. It is recommended to use a virtual environment instead: https://pip.pypa.io/warnings/venv
2022-09-12T23:53:17.0490768Z [0mRemoving intermediate container 3b55249d0d98
2022-09-12T23:53:17.0491090Z  ---> e9cbfaa55ea3
2022-09-12T23:53:17.0491478Z Step 4/6 : COPY script.py /script.py
2022-09-12T23:53:18.3696718Z  ---> 578273fe301b
2022-09-12T23:53:18.3697120Z Step 5/6 : COPY microprint_generator.py /microprint_generator.py
2022-09-12T23:53:19.6607967Z  ---> 817d75598f4f
2022-09-12T23:53:19.6608313Z Step 6/6 : CMD ["python", "/script.py"]
2022-09-12T23:53:19.6933489Z  ---> Running in 8c40e74abddb
2022-09-12T23:53:20.9613335Z Removing intermediate container 8c40e74abddb
2022-09-12T23:53:20.9613651Z  ---> 3ed94c4b19a4
2022-09-12T23:53:20.9669227Z Successfully built 3ed94c4b19a4
2022-09-12T23:53:20.9702654Z Successfully tagged 786a9b:ad9cd4fcbd7f5811b11201f18ccb01ec
2022-09-12T23:53:20.9743050Z ##[endgroup]
2022-09-12T23:53:20.9855113Z ##[command]/usr/bin/docker run --name a9bad9cd4fcbd7f5811b11201f18ccb01ec_964cfd --label 786a9b --workdir /github/workspace --rm -e "INPUT_MICROPRINT_RENDER_METHOD" -e "INPUT_LOG_PATH" -e "INPUT_MICROPRINT_PATH" -e "INPUT_MICROPRINT_CONFIG_PATH" -e "INPUT_REPOSITORY" -e "INPUT_GITHUB_TOKEN" -e "INPUT_JOB_NAME" -e "INPUT_LOG_FILENAME" -e "INPUT_SAVE_LOG" -e "INPUT_MICROPRINT_FILENAME" -e "INPUT_MICROPRINT_CONFIG_FILENAME" -e "HOME" -e "GITHUB_JOB" -e "GITHUB_REF" -e "GITHUB_SHA" -e "GITHUB_REPOSITORY" -e "GITHUB_REPOSITORY_OWNER" -e "GITHUB_RUN_ID" -e "GITHUB_RUN_NUMBER" -e "GITHUB_RETENTION_DAYS" -e "GITHUB_RUN_ATTEMPT" -e "GITHUB_ACTOR" -e "GITHUB_TRIGGERING_ACTOR" -e "GITHUB_WORKFLOW" -e "GITHUB_HEAD_REF" -e "GITHUB_BASE_REF" -e "GITHUB_EVENT_NAME" -e "GITHUB_SERVER_URL" -e "GITHUB_API_URL" -e "GITHUB_GRAPHQL_URL" -e "GITHUB_REF_NAME" -e "GITHUB_REF_PROTECTED" -e "GITHUB_REF_TYPE" -e "GITHUB_WORKSPACE" -e "GITHUB_ACTION" -e "GITHUB_EVENT_PATH" -e "GITHUB_ACTION_REPOSITORY" -e "GITHUB_ACTION_REF" -e "GITHUB_PATH" -e "GITHUB_ENV" -e "GITHUB_STEP_SUMMARY" -e "RUNNER_OS" -e "RUNNER_ARCH" -e "RUNNER_NAME" -e "RUNNER_TOOL_CACHE" -e "RUNNER_TEMP" -e "RUNNER_WORKSPACE" -e "ACTIONS_RUNTIME_URL" -e "ACTIONS_RUNTIME_TOKEN" -e "ACTIONS_CACHE_URL" -e GITHUB_ACTIONS=true -e CI=true -v "/var/run/docker.sock":"/var/run/docker.sock" -v "/home/runner/work/_temp/_github_home":"/github/home" -v "/home/runner/work/_temp/_github_workflow":"/github/workflow" -v "/home/runner/work/_temp/_runner_file_commands":"/github/file_commands" -v "/home/runner/work/microprint-generator/microprint-generator":"/github/workspace" 786a9b:ad9cd4fcbd7f5811b11201f18ccb01ec
2022-09-12T23:53:21.5266137Z DEBUG:urllib3.connectionpool:Starting new HTTPS connection (1): api.github.com:443
2022-09-12T23:53:21.8302136Z DEBUG:urllib3.connectionpool:https://api.github.com:443 "GET /repos/AlphaSteam/microprint-generator/actions/runs/3041372144/jobs HTTP/1.1" 200 None
2022-09-12T23:53:21.8339149Z DEBUG:urllib3.connectionpool:Starting new HTTPS connection (1): api.github.com:443
2022-09-12T23:53:22.1344914Z DEBUG:urllib3.connectionpool:https://api.github.com:443 "GET /repos/AlphaSteam/microprint-generator/actions/jobs/8317759861/logs HTTP/1.1" 302 0
2022-09-12T23:53:22.1363701Z DEBUG:urllib3.connectionpool:Starting new HTTPS connection (1): pipelines.actions.githubusercontent.com:443
2022-09-12T23:53:22.2027512Z DEBUG:urllib3.connectionpool:https://pipelines.actions.githubusercontent.com:443 "GET /serviceHosts/871f7675-65c0-436d-aa94-5c5a4536b9ce/_apis/pipelines/1/runs/138/signedlogcontent/2?urlExpires=2022-09-12T23%3A54%3A22.0992973Z&urlSigningMethod=HMACV1&urlSignature=ualZmrwXjsbqRR5b0NlV53GDWk1jtv9KAXBzoL3RzIo%3D HTTP/1.1" 200 None
2022-09-12T23:53:22.2064480Z INFO:root:Generating raster microprint
2022-09-12T23:53:22.4295365Z ##[group]Run git pull
2022-09-12T23:53:22.4295714Z [36;1mgit pull[0m
2022-09-12T23:53:22.4364919Z shell: /usr/bin/bash -e {0}
2022-09-12T23:53:22.4365300Z ##[endgroup]
2022-09-12T23:53:23.4312107Z From https://github.com/AlphaSteam/microprint-generator
2022-09-12T23:53:23.4313096Z  * [new branch]      add_custom_rules        -> origin/add_custom_rules
2022-09-12T23:53:23.4314169Z  * [new branch]      add_multiple_columns    -> origin/add_multiple_columns
2022-09-12T23:53:23.4315279Z  * [new branch]      create-pull-request/patch -> origin/create-pull-request/patch
2022-09-12T23:53:23.4315802Z  * [new branch]      custom_fonts            -> origin/custom_fonts
2022-09-12T23:53:23.4316238Z  * [new branch]      main                    -> origin/main
2022-09-12T23:53:23.4316807Z  * [new branch]      reduce_code_duplication -> origin/reduce_code_duplication
2022-09-12T23:53:23.4317263Z  * [new branch]      release/v1              -> origin/release/v1
2022-09-12T23:53:23.4320090Z  * [new branch]      release/v2              -> origin/release/v2
2022-09-12T23:53:23.4325226Z  * [new branch]      test_workflow           -> origin/test_workflow
2022-09-12T23:53:23.4458118Z  * [new tag]         v1                      -> v1
2022-09-12T23:53:23.4458557Z  * [new tag]         v1.0.0                  -> v1.0.0
2022-09-12T23:53:23.4459035Z  * [new tag]         v2                      -> v2
2022-09-12T23:53:23.4459376Z  * [new tag]         v2.0.0                  -> v2.0.0
2022-09-12T23:53:23.4511489Z Already up to date.
2022-09-12T23:53:23.4685000Z ##[group]Run stefanzweifel/git-auto-commit-action@v4
2022-09-12T23:53:23.4686070Z with:
2022-09-12T23:53:23.4686324Z   commit_message: Updated mid-job microprint
2022-09-12T23:53:23.4686601Z   file_pattern: .
2022-09-12T23:53:23.4686832Z   repository: .
2022-09-12T23:53:23.4687089Z   commit_user_name: github-actions[bot]
2022-09-12T23:53:23.4687423Z   commit_user_email: github-actions[bot]@users.noreply.github.com
2022-09-12T23:53:23.4687820Z   commit_author: AlphaSteam <AlphaSteam@users.noreply.github.com>
2022-09-12T23:53:23.4688144Z   skip_dirty_check: false
2022-09-12T23:53:23.4688383Z   skip_fetch: false
2022-09-12T23:53:23.4688615Z   skip_checkout: false
2022-09-12T23:53:23.4688843Z   disable_globbing: false
2022-09-12T23:53:23.4689084Z   create_branch: false
2022-09-12T23:53:23.4689314Z ##[endgroup]
2022-09-12T23:53:23.6551537Z Started: bash /home/runner/work/_actions/stefanzweifel/git-auto-commit-action/v4/entrypoint.sh
2022-09-12T23:53:23.6616213Z INPUT_REPOSITORY value: .
2022-09-12T23:53:23.6616845Z INPUT_STATUS_OPTIONS: 
2022-09-12T23:53:23.6782896Z INPUT_BRANCH value: 
2022-09-12T23:53:24.1686316Z M	Examples/Mid-job/logs/logs.txt
2022-09-12T23:53:24.1687120Z M	Examples/Mid-job/microprint/microprint.png
2022-09-12T23:53:24.1687795Z Your branch is up to date with 'origin/add_microprint_analysis'.
2022-09-12T23:53:24.1688338Z INPUT_ADD_OPTIONS: 
2022-09-12T23:53:24.1689485Z INPUT_FILE_PATTERN: .
2022-09-12T23:53:24.1722932Z INPUT_COMMIT_OPTIONS: 
2022-09-12T23:53:24.1724275Z INPUT_COMMIT_USER_NAME: github-actions[bot]
2022-09-12T23:53:24.1724744Z INPUT_COMMIT_USER_EMAIL: github-actions[bot]@users.noreply.github.com
2022-09-12T23:53:24.1725190Z INPUT_COMMIT_MESSAGE: Updated mid-job microprint
2022-09-12T23:53:24.1725567Z INPUT_COMMIT_AUTHOR: AlphaSteam <AlphaSteam@users.noreply.github.com>
2022-09-12T23:53:24.1790024Z [add_microprint_analysis 58c59bb] Updated mid-job microprint
2022-09-12T23:53:24.1791879Z  Author: AlphaSteam <AlphaSteam@users.noreply.github.com>
2022-09-12T23:53:24.1792349Z  2 files changed, 5 insertions(+), 5 deletions(-)
2022-09-12T23:53:24.1813246Z INPUT_TAGGING_MESSAGE: 
2022-09-12T23:53:24.1813694Z No tagging message supplied. No tag will be added.
2022-09-12T23:53:24.1814305Z INPUT_PUSH_OPTIONS: 
2022-09-12T23:53:24.8219891Z To https://github.com/AlphaSteam/microprint-generator
2022-09-12T23:53:24.8220896Z    3efecdf..58c59bb  add_microprint_analysis -> add_microprint_analysis
2022-09-12T23:53:24.8384730Z Post job cleanup.
2022-09-12T23:53:24.9918404Z [command]/usr/bin/git version
2022-09-12T23:53:24.9978971Z git version 2.37.3
2022-09-12T23:53:25.0045266Z Temporarily overriding HOME='/home/runner/work/_temp/df548ace-71e8-4a5c-96c2-651264eb6289' before making global git config changes
2022-09-12T23:53:25.0046631Z Adding repository directory to the temporary git global config as a safe directory
2022-09-12T23:53:25.0053399Z [command]/usr/bin/git config --global --add safe.directory /home/runner/work/microprint-generator/microprint-generator
2022-09-12T23:53:25.0103051Z [command]/usr/bin/git config --local --name-only --get-regexp core\.sshCommand
2022-09-12T23:53:25.0145910Z [command]/usr/bin/git submodule foreach --recursive git config --local --name-only --get-regexp 'core\.sshCommand' && git config --local --unset-all 'core.sshCommand' || :
2022-09-12T23:53:25.0440778Z [command]/usr/bin/git config --local --name-only --get-regexp http\.https\:\/\/github\.com\/\.extraheader
2022-09-12T23:53:25.0478948Z http.https://github.com/.extraheader
2022-09-12T23:53:25.0494655Z [command]/usr/bin/git config --local --unset-all http.https://github.com/.extraheader
2022-09-12T23:53:25.0535624Z [command]/usr/bin/git submodule foreach --recursive git config --local --name-only --get-regexp 'http\.https\:\/\/github\.com\/\.extraheader' && git config --local --unset-all 'http.https://github.com/.extraheader' || :
2022-09-12T23:53:25.1079681Z Cleaning up orphan processes
