2022-10-17T04:38:20.1459103Z Requested labels: ubuntu-latest
2022-10-17T04:38:20.1459141Z Job defined at: AlphaSteam/microprint-generator/.github/workflows/generate_examples.yaml@refs/heads/matrix_actions
2022-10-17T04:38:20.1459157Z Waiting for a runner to pick up this job...
2022-10-17T04:38:20.5055847Z Job is waiting for a hosted runner to come online.
2022-10-17T04:38:24.2034641Z Job is about to start running on the hosted runner: GitHub Actions 2 (hosted)
2022-10-17T04:38:26.5563747Z Current runner version: '2.298.2'
2022-10-17T04:38:26.5750329Z ##[group]Operating System
2022-10-17T04:38:26.5751038Z Ubuntu
2022-10-17T04:38:26.5751511Z 20.04.5
2022-10-17T04:38:26.5751795Z LTS
2022-10-17T04:38:26.5752158Z ##[endgroup]
2022-10-17T04:38:26.5752538Z ##[group]Runner Image
2022-10-17T04:38:26.5752989Z Image: ubuntu-20.04
2022-10-17T04:38:26.5753339Z Version: 20221002.2
2022-10-17T04:38:26.5753955Z Included Software: https://github.com/actions/runner-images/blob/ubuntu20/20221002.2/images/linux/Ubuntu2004-Readme.md
2022-10-17T04:38:26.5754733Z Image Release: https://github.com/actions/runner-images/releases/tag/ubuntu20%2F20221002.2
2022-10-17T04:38:26.5755293Z ##[endgroup]
2022-10-17T04:38:26.5755700Z ##[group]Runner Image Provisioner
2022-10-17T04:38:26.5756107Z 2.0.78.1
2022-10-17T04:38:26.5756455Z ##[endgroup]
2022-10-17T04:38:26.5757625Z ##[group]GITHUB_TOKEN Permissions
2022-10-17T04:38:26.5758408Z Actions: write
2022-10-17T04:38:26.5758764Z Checks: write
2022-10-17T04:38:26.5759260Z Contents: write
2022-10-17T04:38:26.5759717Z Deployments: write
2022-10-17T04:38:26.5760094Z Discussions: write
2022-10-17T04:38:26.5760404Z Issues: write
2022-10-17T04:38:26.5760754Z Metadata: read
2022-10-17T04:38:26.5761122Z Packages: write
2022-10-17T04:38:26.5761451Z Pages: write
2022-10-17T04:38:26.5761810Z PullRequests: write
2022-10-17T04:38:26.5762209Z RepositoryProjects: write
2022-10-17T04:38:26.5762641Z SecurityEvents: write
2022-10-17T04:38:26.5762962Z Statuses: write
2022-10-17T04:38:26.5763338Z ##[endgroup]
2022-10-17T04:38:26.5767479Z Secret source: Actions
2022-10-17T04:38:26.5768072Z Prepare workflow directory
2022-10-17T04:38:26.6688239Z Prepare all required actions
2022-10-17T04:38:26.6890165Z Getting action download info
2022-10-17T04:38:26.8965796Z Download action repository 'actions/checkout@v3' (SHA:93ea575cb5d8a053eaa0ac8fa3b40d7e05a33cc8)
2022-10-17T04:38:27.2827024Z Download action repository 'stefanzweifel/git-auto-commit-action@v4' (SHA:fd157da78fa13d9383e5580d1fd1184d89554b51)
2022-10-17T04:38:27.4137088Z Download action repository 'CasperWA/push-protected@v2' (SHA:6b25de805895da731062c43da647425fbb383128)
2022-10-17T04:38:27.5691169Z Download action repository 'peter-murray/reset-workspace-ownership-action@v1' (SHA:3c5cbcf2e4aeecb506b3e6bc867e0955dab8dfe0)
2022-10-17T04:38:27.9828968Z ##[group]Build container for action use: '/home/runner/work/_actions/CasperWA/push-protected/v2/Dockerfile'.
2022-10-17T04:38:27.9911593Z ##[command]/usr/bin/docker build -t 8d5581:af28975a195b4d4dbd45766b892819ad -f "/home/runner/work/_actions/CasperWA/push-protected/v2/Dockerfile" "/home/runner/work/_actions/CasperWA/push-protected/v2"
2022-10-17T04:38:28.2868995Z Sending build context to Docker daemon  113.2kB
2022-10-17T04:38:28.2870787Z 
2022-10-17T04:38:28.3262395Z Step 1/6 : FROM python:alpine
2022-10-17T04:38:28.5551042Z alpine: Pulling from library/python
2022-10-17T04:38:28.6529230Z 213ec9aee27d: Already exists
2022-10-17T04:38:28.6581069Z 47858aee13bf: Pulling fs layer
2022-10-17T04:38:28.6581459Z cfe0d6c6d05c: Pulling fs layer
2022-10-17T04:38:28.6581718Z 2df617b3dcd9: Pulling fs layer
2022-10-17T04:38:28.6582007Z 38da16a6ebe8: Pulling fs layer
2022-10-17T04:38:28.6582256Z 38da16a6ebe8: Waiting
2022-10-17T04:38:28.7105964Z 2df617b3dcd9: Verifying Checksum
2022-10-17T04:38:28.7110569Z 2df617b3dcd9: Download complete
2022-10-17T04:38:28.7201281Z 47858aee13bf: Verifying Checksum
2022-10-17T04:38:28.7201638Z 47858aee13bf: Download complete
2022-10-17T04:38:28.8188346Z 38da16a6ebe8: Verifying Checksum
2022-10-17T04:38:28.8192868Z 38da16a6ebe8: Download complete
2022-10-17T04:38:28.8475919Z cfe0d6c6d05c: Verifying Checksum
2022-10-17T04:38:28.8480123Z cfe0d6c6d05c: Download complete
2022-10-17T04:38:29.3581459Z 47858aee13bf: Pull complete
2022-10-17T04:38:30.1562376Z cfe0d6c6d05c: Pull complete
2022-10-17T04:38:30.2206615Z 2df617b3dcd9: Pull complete
2022-10-17T04:38:30.7062099Z 38da16a6ebe8: Pull complete
2022-10-17T04:38:30.7155770Z Digest: sha256:3bfac1caa31cc6c0e796b65ba936f320d1e549d80f5ac02c2e4f83a0f04af3aa
2022-10-17T04:38:30.7236903Z Status: Downloaded newer image for python:alpine
2022-10-17T04:38:30.7256761Z  ---> 880fc229346e
2022-10-17T04:38:30.7257468Z Step 2/6 : COPY README.md setup.py requirements*.txt ./
2022-10-17T04:38:31.1509490Z  ---> 63d2e954fb11
2022-10-17T04:38:31.1544255Z Step 3/6 : COPY push_action ./push_action
2022-10-17T04:38:32.0192020Z  ---> 92c49b99fdf8
2022-10-17T04:38:32.0192932Z Step 4/6 : RUN apk update     && apk add --no-cache git git-lfs bash     && pip install -U -e .
2022-10-17T04:38:32.0496898Z  ---> Running in b2f6eb977ed8
2022-10-17T04:38:32.4244875Z fetch https://dl-cdn.alpinelinux.org/alpine/v3.16/main/x86_64/APKINDEX.tar.gz
2022-10-17T04:38:32.5291074Z fetch https://dl-cdn.alpinelinux.org/alpine/v3.16/community/x86_64/APKINDEX.tar.gz
2022-10-17T04:38:32.8046737Z v3.16.2-301-g3f9d0a65f8 [https://dl-cdn.alpinelinux.org/alpine/v3.16/main]
2022-10-17T04:38:32.8052282Z v3.16.2-302-g26bb45e677 [https://dl-cdn.alpinelinux.org/alpine/v3.16/community]
2022-10-17T04:38:32.8053594Z OK: 17037 distinct packages available
2022-10-17T04:38:32.8477815Z fetch https://dl-cdn.alpinelinux.org/alpine/v3.16/main/x86_64/APKINDEX.tar.gz
2022-10-17T04:38:32.9326446Z fetch https://dl-cdn.alpinelinux.org/alpine/v3.16/community/x86_64/APKINDEX.tar.gz
2022-10-17T04:38:33.1811945Z (1/7) Installing bash (5.1.16-r2)
2022-10-17T04:38:33.2001644Z Executing bash-5.1.16-r2.post-install
2022-10-17T04:38:33.2030276Z (2/7) Installing brotli-libs (1.0.9-r6)
2022-10-17T04:38:33.2143982Z (3/7) Installing nghttp2-libs (1.47.0-r0)
2022-10-17T04:38:33.2185533Z (4/7) Installing libcurl (7.83.1-r3)
2022-10-17T04:38:33.2271204Z (5/7) Installing pcre2 (10.40-r0)
2022-10-17T04:38:33.2362225Z (6/7) Installing git (2.36.2-r0)
2022-10-17T04:38:33.3778472Z (7/7) Installing git-lfs (3.1.4-r5)
2022-10-17T04:38:33.4829869Z Executing git-lfs-3.1.4-r5.post-install
2022-10-17T04:38:33.4970964Z Git LFS initialized.
2022-10-17T04:38:33.4984819Z Executing busybox-1.35.0-r17.trigger
2022-10-17T04:38:33.5048322Z OK: 39 MiB in 43 packages
2022-10-17T04:38:35.8163841Z Obtaining file:///
2022-10-17T04:38:35.8175873Z   Preparing metadata (setup.py): started
2022-10-17T04:38:36.4471058Z   Preparing metadata (setup.py): finished with status 'done'
2022-10-17T04:38:36.5336252Z Collecting requests~=2.28
2022-10-17T04:38:36.5636383Z   Downloading requests-2.28.1-py3-none-any.whl (62 kB)
2022-10-17T04:38:36.5743158Z      ━━━━━━━━━━━━━━━━━━━━━━━━━━━━━━━━━━━━━━━━ 62.8/62.8 kB 7.2 MB/s eta 0:00:00
2022-10-17T04:38:36.6081829Z Collecting idna<4,>=2.5
2022-10-17T04:38:36.6123959Z   Downloading idna-3.4-py3-none-any.whl (61 kB)
2022-10-17T04:38:36.6232758Z      ━━━━━━━━━━━━━━━━━━━━━━━━━━━━━━━━━━━━━━━━ 61.5/61.5 kB 10.2 MB/s eta 0:00:00
2022-10-17T04:38:36.6640745Z Collecting urllib3<1.27,>=1.21.1
2022-10-17T04:38:36.6682243Z   Downloading urllib3-1.26.12-py2.py3-none-any.whl (140 kB)
2022-10-17T04:38:36.6784190Z      ━━━━━━━━━━━━━━━━━━━━━━━━━━━━━━━━━━━━━━ 140.4/140.4 kB 19.4 MB/s eta 0:00:00
2022-10-17T04:38:36.7176138Z Collecting charset-normalizer<3,>=2
2022-10-17T04:38:36.7221698Z   Downloading charset_normalizer-2.1.1-py3-none-any.whl (39 kB)
2022-10-17T04:38:36.7493557Z Collecting certifi>=2017.4.17
2022-10-17T04:38:36.7550652Z   Downloading certifi-2022.9.24-py3-none-any.whl (161 kB)
2022-10-17T04:38:36.7636406Z      ━━━━━━━━━━━━━━━━━━━━━━━━━━━━━━━━━━━━━━ 161.1/161.1 kB 28.6 MB/s eta 0:00:00
2022-10-17T04:38:36.8628702Z Installing collected packages: urllib3, idna, charset-normalizer, certifi, requests, push-action
2022-10-17T04:38:37.2314040Z   Running setup.py develop for push-action
2022-10-17T04:38:37.6515764Z Successfully installed certifi-2022.9.24 charset-normalizer-2.1.1 idna-3.4 push-action-2.14.0 requests-2.28.1 urllib3-1.26.12
2022-10-17T04:38:37.6516960Z [91mWARNING: Running pip as the 'root' user can result in broken permissions and conflicting behaviour with the system package manager. It is recommended to use a virtual environment instead: https://pip.pypa.io/warnings/venv
2022-10-17T04:38:37.7302456Z [0m[91m
2022-10-17T04:38:37.7303042Z [notice] A new release of pip available: 22.2.2 -> 22.3
2022-10-17T04:38:37.7303383Z [notice] To update, run: pip install --upgrade pip
2022-10-17T04:38:39.1444119Z [0mRemoving intermediate container b2f6eb977ed8
2022-10-17T04:38:39.1447159Z  ---> e0fd39be95cf
2022-10-17T04:38:39.1448111Z Step 5/6 : COPY entrypoint.sh ./
2022-10-17T04:38:40.0217689Z  ---> 070da67e0610
2022-10-17T04:38:40.0218309Z Step 6/6 : ENTRYPOINT [ "/entrypoint.sh" ]
2022-10-17T04:38:40.0512407Z  ---> Running in 0cf6559862de
2022-10-17T04:38:41.0220766Z Removing intermediate container 0cf6559862de
2022-10-17T04:38:41.0221364Z  ---> fbb187d6be17
2022-10-17T04:38:41.0229916Z Successfully built fbb187d6be17
2022-10-17T04:38:41.0296383Z Successfully tagged 8d5581:af28975a195b4d4dbd45766b892819ad
2022-10-17T04:38:41.0326691Z ##[endgroup]
2022-10-17T04:38:41.0358062Z ##[group]Build container for action use: '/home/runner/work/_actions/peter-murray/reset-workspace-ownership-action/v1/Dockerfile'.
2022-10-17T04:38:41.0359121Z ##[command]/usr/bin/docker build -t 8d5581:bed58ffa224a46dbbdb7da567b43dd56 -f "/home/runner/work/_actions/peter-murray/reset-workspace-ownership-action/v1/Dockerfile" "/home/runner/work/_actions/peter-murray/reset-workspace-ownership-action/v1"
2022-10-17T04:38:41.0579298Z Sending build context to Docker daemon  17.92kB
2022-10-17T04:38:41.0590667Z 
2022-10-17T04:38:41.0984419Z Step 1/4 : ARG busybox_version=1.32.0
2022-10-17T04:38:41.0985028Z Step 2/4 : FROM busybox:${busybox_version}
2022-10-17T04:38:41.3153718Z 1.32.0: Pulling from library/busybox
2022-10-17T04:38:41.3871772Z ea97eb0eb3ec: Pulling fs layer
2022-10-17T04:38:41.4621916Z ea97eb0eb3ec: Verifying Checksum
2022-10-17T04:38:41.4622273Z ea97eb0eb3ec: Download complete
2022-10-17T04:38:41.5845405Z ea97eb0eb3ec: Pull complete
2022-10-17T04:38:41.5959563Z Digest: sha256:bde48e1751173b709090c2539fdf12d6ba64e88ec7a4301591227ce925f3c678
2022-10-17T04:38:41.5992540Z Status: Downloaded newer image for busybox:1.32.0
2022-10-17T04:38:41.6006818Z  ---> 219ee5171f80
2022-10-17T04:38:41.6010546Z Step 3/4 : COPY *.sh /
2022-10-17T04:38:42.0109036Z  ---> e41bd7a1a552
2022-10-17T04:38:42.0109370Z Step 4/4 : ENTRYPOINT ["/entrypoint.sh"]
2022-10-17T04:38:42.0398668Z  ---> Running in 893541ef7f82
2022-10-17T04:38:43.0127621Z Removing intermediate container 893541ef7f82
2022-10-17T04:38:43.0128028Z  ---> fff2eeb5b59c
2022-10-17T04:38:43.0133244Z Successfully built fff2eeb5b59c
2022-10-17T04:38:43.0163332Z Successfully tagged 8d5581:bed58ffa224a46dbbdb7da567b43dd56
2022-10-17T04:38:43.0186072Z ##[endgroup]
2022-10-17T04:38:43.0581188Z ##[group]Run actions/checkout@v3
2022-10-17T04:38:43.0581466Z with:
2022-10-17T04:38:43.0581811Z   repository: AlphaSteam/microprint-generator
2022-10-17T04:38:43.0582356Z   token: ***
2022-10-17T04:38:43.0582584Z   ssh-strict: true
2022-10-17T04:38:43.0582838Z   persist-credentials: true
2022-10-17T04:38:43.0583073Z   clean: true
2022-10-17T04:38:43.0583291Z   fetch-depth: 1
2022-10-17T04:38:43.0583510Z   lfs: false
2022-10-17T04:38:43.0583724Z   submodules: false
2022-10-17T04:38:43.0583970Z   set-safe-directory: true
2022-10-17T04:38:43.0584216Z ##[endgroup]
2022-10-17T04:38:43.4871288Z Syncing repository: AlphaSteam/microprint-generator
2022-10-17T04:38:43.4873260Z ##[group]Getting Git version info
2022-10-17T04:38:43.4873929Z Working directory is '/home/runner/work/microprint-generator/microprint-generator'
2022-10-17T04:38:43.4874571Z [command]/usr/bin/git version
2022-10-17T04:38:43.5095323Z git version 2.37.3
2022-10-17T04:38:43.5126490Z ##[endgroup]
2022-10-17T04:38:43.5145778Z Temporarily overriding HOME='/home/runner/work/_temp/34ac54db-f157-472c-a7e1-0af06869baf0' before making global git config changes
2022-10-17T04:38:43.5146478Z Adding repository directory to the temporary git global config as a safe directory
2022-10-17T04:38:43.5151020Z [command]/usr/bin/git config --global --add safe.directory /home/runner/work/microprint-generator/microprint-generator
2022-10-17T04:38:43.5213133Z Deleting the contents of '/home/runner/work/microprint-generator/microprint-generator'
2022-10-17T04:38:43.5219933Z ##[group]Initializing the repository
2022-10-17T04:38:43.5223955Z [command]/usr/bin/git init /home/runner/work/microprint-generator/microprint-generator
2022-10-17T04:38:43.5341577Z hint: Using 'master' as the name for the initial branch. This default branch name
2022-10-17T04:38:43.5342354Z hint: is subject to change. To configure the initial branch name to use in all
2022-10-17T04:38:43.5343611Z hint: of your new repositories, which will suppress this warning, call:
2022-10-17T04:38:43.5344284Z hint: 
2022-10-17T04:38:43.5345216Z hint: 	git config --global init.defaultBranch <name>
2022-10-17T04:38:43.5345607Z hint: 
2022-10-17T04:38:43.5346547Z hint: Names commonly chosen instead of 'master' are 'main', 'trunk' and
2022-10-17T04:38:43.5347205Z hint: 'development'. The just-created branch can be renamed via this command:
2022-10-17T04:38:43.5347664Z hint: 
2022-10-17T04:38:43.5348406Z hint: 	git branch -m <name>
2022-10-17T04:38:43.5365582Z Initialized empty Git repository in /home/runner/work/microprint-generator/microprint-generator/.git/
2022-10-17T04:38:43.5377218Z [command]/usr/bin/git remote add origin https://github.com/AlphaSteam/microprint-generator
2022-10-17T04:38:43.5439226Z ##[endgroup]
2022-10-17T04:38:43.5439857Z ##[group]Disabling automatic garbage collection
2022-10-17T04:38:43.5446286Z [command]/usr/bin/git config --local gc.auto 0
2022-10-17T04:38:43.5486307Z ##[endgroup]
2022-10-17T04:38:43.5488319Z ##[group]Setting up auth
2022-10-17T04:38:43.5498691Z [command]/usr/bin/git config --local --name-only --get-regexp core\.sshCommand
2022-10-17T04:38:43.5540300Z [command]/usr/bin/git submodule foreach --recursive git config --local --name-only --get-regexp 'core\.sshCommand' && git config --local --unset-all 'core.sshCommand' || :
2022-10-17T04:38:43.6106530Z [command]/usr/bin/git config --local --name-only --get-regexp http\.https\:\/\/github\.com\/\.extraheader
2022-10-17T04:38:43.6151453Z [command]/usr/bin/git submodule foreach --recursive git config --local --name-only --get-regexp 'http\.https\:\/\/github\.com\/\.extraheader' && git config --local --unset-all 'http.https://github.com/.extraheader' || :
2022-10-17T04:38:43.6478578Z [command]/usr/bin/git config --local http.https://github.com/.extraheader AUTHORIZATION: basic ***
2022-10-17T04:38:43.6552164Z ##[endgroup]
2022-10-17T04:38:43.6553066Z ##[group]Fetching the repository
2022-10-17T04:38:43.6571395Z [command]/usr/bin/git -c protocol.version=2 fetch --no-tags --prune --progress --no-recurse-submodules --depth=1 origin +f19ef8943b9916067672a0ccae51a689996ecd57:refs/remotes/origin/matrix_actions
2022-10-17T04:38:43.8552184Z remote: Enumerating objects: 67, done.        
2022-10-17T04:38:43.8553670Z remote: Counting objects:   1% (1/67)        
2022-10-17T04:38:43.8555044Z remote: Counting objects:   2% (2/67)        
2022-10-17T04:38:43.8555959Z remote: Counting objects:   4% (3/67)        
2022-10-17T04:38:43.8557677Z remote: Counting objects:   5% (4/67)        
2022-10-17T04:38:43.8559627Z remote: Counting objects:   7% (5/67)        
2022-10-17T04:38:43.8560389Z remote: Counting objects:   8% (6/67)        
2022-10-17T04:38:43.8561493Z remote: Counting objects:  10% (7/67)        
2022-10-17T04:38:43.8562899Z remote: Counting objects:  11% (8/67)        
2022-10-17T04:38:43.8563567Z remote: Counting objects:  13% (9/67)        
2022-10-17T04:38:43.8565276Z remote: Counting objects:  14% (10/67)        
2022-10-17T04:38:43.8569097Z remote: Counting objects:  16% (11/67)        
2022-10-17T04:38:43.8569819Z remote: Counting objects:  17% (12/67)        
2022-10-17T04:38:43.8570831Z remote: Counting objects:  19% (13/67)        
2022-10-17T04:38:43.8571903Z remote: Counting objects:  20% (14/67)        
2022-10-17T04:38:43.8572943Z remote: Counting objects:  22% (15/67)        
2022-10-17T04:38:43.8574280Z remote: Counting objects:  23% (16/67)        
2022-10-17T04:38:43.8575076Z remote: Counting objects:  25% (17/67)        
2022-10-17T04:38:43.8576463Z remote: Counting objects:  26% (18/67)        
2022-10-17T04:38:43.8577521Z remote: Counting objects:  28% (19/67)        
2022-10-17T04:38:43.8578616Z remote: Counting objects:  29% (20/67)        
2022-10-17T04:38:43.8579691Z remote: Counting objects:  31% (21/67)        
2022-10-17T04:38:43.8583553Z remote: Counting objects:  32% (22/67)        
2022-10-17T04:38:43.8583995Z remote: Counting objects:  34% (23/67)        
2022-10-17T04:38:43.8584787Z remote: Counting objects:  35% (24/67)        
2022-10-17T04:38:43.8586397Z remote: Counting objects:  37% (25/67)        
2022-10-17T04:38:43.8607359Z remote: Counting objects:  38% (26/67)        
2022-10-17T04:38:43.8607842Z remote: Counting objects:  40% (27/67)        
2022-10-17T04:38:43.8608553Z remote: Counting objects:  41% (28/67)        
2022-10-17T04:38:43.8609181Z remote: Counting objects:  43% (29/67)        
2022-10-17T04:38:43.8609876Z remote: Counting objects:  44% (30/67)        
2022-10-17T04:38:43.8610666Z remote: Counting objects:  46% (31/67)        
2022-10-17T04:38:43.8611019Z remote: Counting objects:  47% (32/67)        
2022-10-17T04:38:43.8611426Z remote: Counting objects:  49% (33/67)        
2022-10-17T04:38:43.8613493Z remote: Counting objects:  50% (34/67)        
2022-10-17T04:38:43.8614277Z remote: Counting objects:  52% (35/67)        
2022-10-17T04:38:43.8615893Z remote: Counting objects:  53% (36/67)        
2022-10-17T04:38:43.8616315Z remote: Counting objects:  55% (37/67)        
2022-10-17T04:38:43.8616785Z remote: Counting objects:  56% (38/67)        
2022-10-17T04:38:43.8617505Z remote: Counting objects:  58% (39/67)        
2022-10-17T04:38:43.8620006Z remote: Counting objects:  59% (40/67)        
2022-10-17T04:38:43.8620434Z remote: Counting objects:  61% (41/67)        
2022-10-17T04:38:43.8621202Z remote: Counting objects:  62% (42/67)        
2022-10-17T04:38:43.8622867Z remote: Counting objects:  64% (43/67)        
2022-10-17T04:38:43.8623244Z remote: Counting objects:  65% (44/67)        
2022-10-17T04:38:43.8623943Z remote: Counting objects:  67% (45/67)        
2022-10-17T04:38:43.8624336Z remote: Counting objects:  68% (46/67)        
2022-10-17T04:38:43.8625582Z remote: Counting objects:  70% (47/67)        
2022-10-17T04:38:43.8625976Z remote: Counting objects:  71% (48/67)        
2022-10-17T04:38:43.8626627Z remote: Counting objects:  73% (49/67)        
2022-10-17T04:38:43.8627966Z remote: Counting objects:  74% (50/67)        
2022-10-17T04:38:43.8628360Z remote: Counting objects:  76% (51/67)        
2022-10-17T04:38:43.8629567Z remote: Counting objects:  77% (52/67)        
2022-10-17T04:38:43.8632454Z remote: Counting objects:  79% (53/67)        
2022-10-17T04:38:43.8633167Z remote: Counting objects:  80% (54/67)        
2022-10-17T04:38:43.8633481Z remote: Counting objects:  82% (55/67)        
2022-10-17T04:38:43.8633797Z remote: Counting objects:  83% (56/67)        
2022-10-17T04:38:43.8634107Z remote: Counting objects:  85% (57/67)        
2022-10-17T04:38:43.8634400Z remote: Counting objects:  86% (58/67)        
2022-10-17T04:38:43.8634866Z remote: Counting objects:  88% (59/67)        
2022-10-17T04:38:43.8635310Z remote: Counting objects:  89% (60/67)        
2022-10-17T04:38:43.8635623Z remote: Counting objects:  91% (61/67)        
2022-10-17T04:38:43.8636073Z remote: Counting objects:  92% (62/67)        
2022-10-17T04:38:43.8636361Z remote: Counting objects:  94% (63/67)        
2022-10-17T04:38:43.8636665Z remote: Counting objects:  95% (64/67)        
2022-10-17T04:38:43.8636974Z remote: Counting objects:  97% (65/67)        
2022-10-17T04:38:43.8637289Z remote: Counting objects:  98% (66/67)        
2022-10-17T04:38:43.8637584Z remote: Counting objects: 100% (67/67)        
2022-10-17T04:38:43.8637916Z remote: Counting objects: 100% (67/67), done.        
2022-10-17T04:38:43.8638271Z remote: Compressing objects:   2% (1/50)        
2022-10-17T04:38:43.8638608Z remote: Compressing objects:   4% (2/50)        
2022-10-17T04:38:43.8638922Z remote: Compressing objects:   6% (3/50)        
2022-10-17T04:38:43.8639482Z remote: Compressing objects:   8% (4/50)        
2022-10-17T04:38:43.8647427Z remote: Compressing objects:  10% (5/50)        
2022-10-17T04:38:43.8648814Z remote: Compressing objects:  12% (6/50)        
2022-10-17T04:38:43.8649673Z remote: Compressing objects:  14% (7/50)        
2022-10-17T04:38:43.8650396Z remote: Compressing objects:  16% (8/50)        
2022-10-17T04:38:43.8650774Z remote: Compressing objects:  18% (9/50)        
2022-10-17T04:38:43.8651386Z remote: Compressing objects:  20% (10/50)        
2022-10-17T04:38:43.8651949Z remote: Compressing objects:  22% (11/50)        
2022-10-17T04:38:43.8653139Z remote: Compressing objects:  24% (12/50)        
2022-10-17T04:38:43.8654314Z remote: Compressing objects:  26% (13/50)        
2022-10-17T04:38:43.8654923Z remote: Compressing objects:  28% (14/50)        
2022-10-17T04:38:43.8655417Z remote: Compressing objects:  30% (15/50)        
2022-10-17T04:38:43.8655802Z remote: Compressing objects:  32% (16/50)        
2022-10-17T04:38:43.8656351Z remote: Compressing objects:  34% (17/50)        
2022-10-17T04:38:43.8656879Z remote: Compressing objects:  36% (18/50)        
2022-10-17T04:38:43.8658224Z remote: Compressing objects:  38% (19/50)        
2022-10-17T04:38:43.8659455Z remote: Compressing objects:  40% (20/50)        
2022-10-17T04:38:43.8660447Z remote: Compressing objects:  42% (21/50)        
2022-10-17T04:38:43.8661166Z remote: Compressing objects:  44% (22/50)        
2022-10-17T04:38:43.8661784Z remote: Compressing objects:  46% (23/50)        
2022-10-17T04:38:43.8662304Z remote: Compressing objects:  48% (24/50)        
2022-10-17T04:38:43.8662968Z remote: Compressing objects:  50% (25/50)        
2022-10-17T04:38:43.8663421Z remote: Compressing objects:  52% (26/50)        
2022-10-17T04:38:43.8664050Z remote: Compressing objects:  54% (27/50)        
2022-10-17T04:38:43.8664759Z remote: Compressing objects:  56% (28/50)        
2022-10-17T04:38:43.8665683Z remote: Compressing objects:  58% (29/50)        
2022-10-17T04:38:43.8666472Z remote: Compressing objects:  60% (30/50)        
2022-10-17T04:38:43.8667008Z remote: Compressing objects:  62% (31/50)        
2022-10-17T04:38:43.8669740Z remote: Compressing objects:  64% (32/50)        
2022-10-17T04:38:43.8670571Z remote: Compressing objects:  66% (33/50)        
2022-10-17T04:38:43.8670982Z remote: Compressing objects:  68% (34/50)        
2022-10-17T04:38:43.8671351Z remote: Compressing objects:  70% (35/50)        
2022-10-17T04:38:43.8671756Z remote: Compressing objects:  72% (36/50)        
2022-10-17T04:38:43.8672321Z remote: Compressing objects:  74% (37/50)        
2022-10-17T04:38:43.8672767Z remote: Compressing objects:  76% (38/50)        
2022-10-17T04:38:43.8673130Z remote: Compressing objects:  78% (39/50)        
2022-10-17T04:38:43.8673641Z remote: Compressing objects:  80% (40/50)        
2022-10-17T04:38:43.8674060Z remote: Compressing objects:  82% (41/50)        
2022-10-17T04:38:43.8674456Z remote: Compressing objects:  84% (42/50)        
2022-10-17T04:38:43.8674779Z remote: Compressing objects:  86% (43/50)        
2022-10-17T04:38:43.8675479Z remote: Compressing objects:  88% (44/50)        
2022-10-17T04:38:43.8675845Z remote: Compressing objects:  90% (45/50)        
2022-10-17T04:38:43.8676244Z remote: Compressing objects:  92% (46/50)        
2022-10-17T04:38:43.8676656Z remote: Compressing objects:  94% (47/50)        
2022-10-17T04:38:43.8677281Z remote: Compressing objects:  96% (48/50)        
2022-10-17T04:38:43.8677936Z remote: Compressing objects:  98% (49/50)        
2022-10-17T04:38:43.8678599Z remote: Compressing objects: 100% (50/50)        
2022-10-17T04:38:43.8679301Z remote: Compressing objects: 100% (50/50), done.        
2022-10-17T04:38:43.9021442Z remote: Total 67 (delta 13), reused 45 (delta 2), pack-reused 0        
2022-10-17T04:38:43.9298229Z From https://github.com/AlphaSteam/microprint-generator
2022-10-17T04:38:43.9299274Z  * [new ref]         f19ef8943b9916067672a0ccae51a689996ecd57 -> origin/matrix_actions
2022-10-17T04:38:43.9332662Z ##[endgroup]
2022-10-17T04:38:43.9333748Z ##[group]Determining the checkout info
2022-10-17T04:38:43.9335015Z ##[endgroup]
2022-10-17T04:38:43.9335933Z ##[group]Checking out the ref
2022-10-17T04:38:43.9346213Z [command]/usr/bin/git checkout --progress --force -B matrix_actions refs/remotes/origin/matrix_actions
2022-10-17T04:38:43.9522672Z Switched to a new branch 'matrix_actions'
2022-10-17T04:38:43.9523704Z branch 'matrix_actions' set up to track 'origin/matrix_actions'.
2022-10-17T04:38:43.9532245Z ##[endgroup]
2022-10-17T04:38:43.9589809Z [command]/usr/bin/git log -1 --format='%H'
2022-10-17T04:38:43.9651843Z 'f19ef8943b9916067672a0ccae51a689996ecd57'
2022-10-17T04:38:44.0107535Z ##[group]Run ./
2022-10-17T04:38:44.0107885Z with:
2022-10-17T04:38:44.0108170Z   microprint_render_method: raster
2022-10-17T04:38:44.0108627Z   log_path: ./Examples/Mid-job/logs
2022-10-17T04:38:44.0109066Z   microprint_path: ./Examples/Mid-job/microprint
2022-10-17T04:38:44.0109497Z   microprint_config_path: ./Examples/Mid-job/
2022-10-17T04:38:44.0109893Z   repository: AlphaSteam/microprint-generator
2022-10-17T04:38:44.0110873Z   github_token: ***
2022-10-17T04:38:44.0111320Z   job_name: generate_microprint_mid_job_matrix
2022-10-17T04:38:44.0111712Z   ref: refs/heads/matrix_actions
2022-10-17T04:38:44.0112064Z   log_filename: logs
2022-10-17T04:38:44.0112336Z   save_log: true
2022-10-17T04:38:44.0112729Z   microprint_filename: microprint
2022-10-17T04:38:44.0113123Z   microprint_config_filename: config
2022-10-17T04:38:44.0113530Z   generate_microprint_visualizer_link: true
2022-10-17T04:38:44.0113928Z   microprint_visualizer_link_filename: microprint_visualizer
2022-10-17T04:38:44.0114528Z   microprint_visualizer_link_path: ./
2022-10-17T04:38:44.0114961Z   matrix: {
  "os": "macos-latest",
  "version": 1.6
}
2022-10-17T04:38:44.0115285Z ##[endgroup]
2022-10-17T04:38:44.0256981Z ##[group]Building docker image
2022-10-17T04:38:44.0257561Z Dockerfile for action: '/home/runner/work/microprint-generator/microprint-generator/./Dockerfile'.
2022-10-17T04:38:44.0259268Z ##[command]/usr/bin/docker build -t 8d5581:d5bb21b2d2c35991623e9b8c8cae6fc7 -f "/home/runner/work/microprint-generator/microprint-generator/./Dockerfile" "/home/runner/work/microprint-generator/microprint-generator"
2022-10-17T04:38:44.1122654Z Sending build context to Docker daemon  1.839MB
2022-10-17T04:38:44.1123272Z 
2022-10-17T04:38:44.1157866Z Step 1/6 : FROM python:3
2022-10-17T04:38:44.3523231Z 3: Pulling from library/python
2022-10-17T04:38:44.4047319Z f606d8928ed3: Pulling fs layer
2022-10-17T04:38:44.4056648Z 47db815c6a45: Pulling fs layer
2022-10-17T04:38:44.4057655Z bf4849400000: Pulling fs layer
2022-10-17T04:38:44.4058078Z a572f7a256d3: Pulling fs layer
2022-10-17T04:38:44.4058526Z 8f7d05258955: Pulling fs layer
2022-10-17T04:38:44.4058971Z 7110f04115ae: Pulling fs layer
2022-10-17T04:38:44.4059478Z 967c89122295: Pulling fs layer
2022-10-17T04:38:44.4060387Z 9f28dfdab382: Pulling fs layer
2022-10-17T04:38:44.4061072Z 5e971b2ac572: Pulling fs layer
2022-10-17T04:38:44.4061721Z 8f7d05258955: Waiting
2022-10-17T04:38:44.4062333Z a572f7a256d3: Waiting
2022-10-17T04:38:44.4062997Z 7110f04115ae: Waiting
2022-10-17T04:38:44.4063548Z 9f28dfdab382: Waiting
2022-10-17T04:38:44.4064356Z 5e971b2ac572: Waiting
2022-10-17T04:38:44.4064952Z 967c89122295: Waiting
2022-10-17T04:38:44.5044901Z 47db815c6a45: Verifying Checksum
2022-10-17T04:38:44.5045595Z 47db815c6a45: Download complete
2022-10-17T04:38:44.5444242Z bf4849400000: Verifying Checksum
2022-10-17T04:38:44.5444991Z bf4849400000: Download complete
2022-10-17T04:38:45.0611182Z a572f7a256d3: Verifying Checksum
2022-10-17T04:38:45.0611892Z a572f7a256d3: Download complete
2022-10-17T04:38:45.0680443Z f606d8928ed3: Verifying Checksum
2022-10-17T04:38:45.0890872Z f606d8928ed3: Download complete
2022-10-17T04:38:45.2455507Z 7110f04115ae: Verifying Checksum
2022-10-17T04:38:45.2456783Z 7110f04115ae: Download complete
2022-10-17T04:38:45.3316602Z 967c89122295: Verifying Checksum
2022-10-17T04:38:45.3317072Z 967c89122295: Download complete
2022-10-17T04:38:45.3606689Z 9f28dfdab382: Verifying Checksum
2022-10-17T04:38:45.3607393Z 9f28dfdab382: Download complete
2022-10-17T04:38:45.4534876Z 5e971b2ac572: Verifying Checksum
2022-10-17T04:38:45.4535361Z 5e971b2ac572: Download complete
2022-10-17T04:38:46.4375065Z 8f7d05258955: Verifying Checksum
2022-10-17T04:38:46.4375496Z 8f7d05258955: Download complete
2022-10-17T04:38:47.4096174Z f606d8928ed3: Pull complete
2022-10-17T04:38:49.7086943Z 47db815c6a45: Pull complete
2022-10-17T04:38:50.0539195Z bf4849400000: Pull complete
2022-10-17T04:38:53.3909086Z a572f7a256d3: Pull complete
2022-10-17T04:39:02.2508821Z 8f7d05258955: Pull complete
2022-10-17T04:39:02.8571968Z 7110f04115ae: Pull complete
2022-10-17T04:39:03.6484300Z 967c89122295: Pull complete
2022-10-17T04:39:03.7107338Z 9f28dfdab382: Pull complete
2022-10-17T04:39:03.9925356Z 5e971b2ac572: Pull complete
2022-10-17T04:39:03.9998011Z Digest: sha256:3e15ea73ac5c1f9408d8dc9eeb8297ece8e727f3004129a829519230c7de720c
2022-10-17T04:39:04.0012701Z Status: Downloaded newer image for python:3
2022-10-17T04:39:04.0027921Z  ---> f05c8762fe15
2022-10-17T04:39:04.0029064Z Step 2/6 : COPY requirements.txt /requirements.txt
2022-10-17T04:39:05.0829258Z  ---> a5772e13ea55
2022-10-17T04:39:05.0829790Z Step 3/6 : RUN pip install -r /requirements.txt
2022-10-17T04:39:05.1093619Z  ---> Running in a91144ecc592
2022-10-17T04:39:07.1148599Z Collecting pillow
2022-10-17T04:39:07.1372943Z   Downloading Pillow-9.2.0-cp310-cp310-manylinux_2_28_x86_64.whl (3.2 MB)
2022-10-17T04:39:07.1930688Z      ━━━━━━━━━━━━━━━━━━━━━━━━━━━━━━━━━━━━━━━━ 3.2/3.2 MB 60.6 MB/s eta 0:00:00
2022-10-17T04:39:07.2530791Z Collecting requests
2022-10-17T04:39:07.2572516Z   Downloading requests-2.28.1-py3-none-any.whl (62 kB)
2022-10-17T04:39:07.2627471Z      ━━━━━━━━━━━━━━━━━━━━━━━━━━━━━━━━━━━━━━━━ 62.8/62.8 kB 18.3 MB/s eta 0:00:00
2022-10-17T04:39:07.2829973Z Collecting svgwrite
2022-10-17T04:39:07.2871093Z   Downloading svgwrite-1.4.3-py3-none-any.whl (67 kB)
2022-10-17T04:39:07.2932431Z      ━━━━━━━━━━━━━━━━━━━━━━━━━━━━━━━━━━━━━━━━ 67.1/67.1 kB 18.4 MB/s eta 0:00:00
2022-10-17T04:39:07.3271841Z Collecting markdown-it-py[plugins]
2022-10-17T04:39:07.3315370Z   Downloading markdown_it_py-2.1.0-py3-none-any.whl (84 kB)
2022-10-17T04:39:07.3377630Z      ━━━━━━━━━━━━━━━━━━━━━━━━━━━━━━━━━━━━━━━━ 84.5/84.5 kB 23.6 MB/s eta 0:00:00
2022-10-17T04:39:07.3827368Z Collecting idna<4,>=2.5
2022-10-17T04:39:07.3868217Z   Downloading idna-3.4-py3-none-any.whl (61 kB)
2022-10-17T04:39:07.3919325Z      ━━━━━━━━━━━━━━━━━━━━━━━━━━━━━━━━━━━━━━━━ 61.5/61.5 kB 20.8 MB/s eta 0:00:00
2022-10-17T04:39:07.4206509Z Collecting certifi>=2017.4.17
2022-10-17T04:39:07.4256433Z   Downloading certifi-2022.9.24-py3-none-any.whl (161 kB)
2022-10-17T04:39:07.4326986Z      ━━━━━━━━━━━━━━━━━━━━━━━━━━━━━━━━━━━━━━ 161.1/161.1 kB 38.1 MB/s eta 0:00:00
2022-10-17T04:39:07.4812922Z Collecting charset-normalizer<3,>=2
2022-10-17T04:39:07.4943777Z   Downloading charset_normalizer-2.1.1-py3-none-any.whl (39 kB)
2022-10-17T04:39:07.5474371Z Collecting urllib3<1.27,>=1.21.1
2022-10-17T04:39:07.5511692Z   Downloading urllib3-1.26.12-py2.py3-none-any.whl (140 kB)
2022-10-17T04:39:07.5583221Z      ━━━━━━━━━━━━━━━━━━━━━━━━━━━━━━━━━━━━━━ 140.4/140.4 kB 30.9 MB/s eta 0:00:00
2022-10-17T04:39:07.6013145Z Collecting mdurl~=0.1
2022-10-17T04:39:07.6060711Z   Downloading mdurl-0.1.2-py3-none-any.whl (10.0 kB)
2022-10-17T04:39:07.6289315Z Collecting mdit-py-plugins
2022-10-17T04:39:07.6364174Z   Downloading mdit_py_plugins-0.3.1-py3-none-any.whl (46 kB)
2022-10-17T04:39:07.6419143Z      ━━━━━━━━━━━━━━━━━━━━━━━━━━━━━━━━━━━━━━━━ 46.5/46.5 kB 14.2 MB/s eta 0:00:00
2022-10-17T04:39:07.8091377Z Installing collected packages: urllib3, svgwrite, pillow, mdurl, idna, charset-normalizer, certifi, requests, markdown-it-py, mdit-py-plugins
2022-10-17T04:39:08.4918895Z Successfully installed certifi-2022.9.24 charset-normalizer-2.1.1 idna-3.4 markdown-it-py-2.1.0 mdit-py-plugins-0.3.1 mdurl-0.1.2 pillow-9.2.0 requests-2.28.1 svgwrite-1.4.3 urllib3-1.26.12
2022-10-17T04:39:08.4926825Z [91mWARNING: Running pip as the 'root' user can result in broken permissions and conflicting behaviour with the system package manager. It is recommended to use a virtual environment instead: https://pip.pypa.io/warnings/venv
2022-10-17T04:39:08.5764668Z [0m[91m
2022-10-17T04:39:08.5765284Z [notice] A new release of pip available: 22.2.2 -> 22.3
2022-10-17T04:39:08.5765923Z [notice] To update, run: pip install --upgrade pip
2022-10-17T04:39:10.3071722Z [0mRemoving intermediate container a91144ecc592
2022-10-17T04:39:10.3072247Z  ---> d02b6b450081
2022-10-17T04:39:10.3072985Z Step 4/6 : COPY script.py /script.py
2022-10-17T04:39:11.4382412Z  ---> ff35689a6a08
2022-10-17T04:39:11.4382783Z Step 5/6 : COPY microprint_generator.py /microprint_generator.py
2022-10-17T04:39:12.5763120Z  ---> fc012debc5b5
2022-10-17T04:39:12.5763451Z Step 6/6 : CMD ["python", "/script.py"]
2022-10-17T04:39:12.5972230Z  ---> Running in 80909e3cd5a3
2022-10-17T04:39:13.6803821Z Removing intermediate container 80909e3cd5a3
2022-10-17T04:39:13.6804250Z  ---> 90eca89e9e87
2022-10-17T04:39:13.6820636Z Successfully built 90eca89e9e87
2022-10-17T04:39:13.6873942Z Successfully tagged 8d5581:d5bb21b2d2c35991623e9b8c8cae6fc7
2022-10-17T04:39:13.6880280Z ##[endgroup]
2022-10-17T04:39:13.7018335Z ##[command]/usr/bin/docker run --name d5581d5bb21b2d2c35991623e9b8c8cae6fc7_73bbcc --label 8d5581 --workdir /github/workspace --rm -e "INPUT_MICROPRINT_RENDER_METHOD" -e "INPUT_LOG_PATH" -e "INPUT_MICROPRINT_PATH" -e "INPUT_MICROPRINT_CONFIG_PATH" -e "INPUT_REPOSITORY" -e "INPUT_GITHUB_TOKEN" -e "INPUT_JOB_ID" -e "INPUT_JOB_NAME" -e "INPUT_REF" -e "INPUT_LOG_FILENAME" -e "INPUT_SAVE_LOG" -e "INPUT_MICROPRINT_FILENAME" -e "INPUT_MICROPRINT_CONFIG_FILENAME" -e "INPUT_GENERATE_MICROPRINT_VISUALIZER_LINK" -e "INPUT_MICROPRINT_VISUALIZER_LINK_FILENAME" -e "INPUT_MICROPRINT_VISUALIZER_LINK_PATH" -e "INPUT_MATRIX" -e "HOME" -e "GITHUB_JOB" -e "GITHUB_REF" -e "GITHUB_SHA" -e "GITHUB_REPOSITORY" -e "GITHUB_REPOSITORY_OWNER" -e "GITHUB_RUN_ID" -e "GITHUB_RUN_NUMBER" -e "GITHUB_RETENTION_DAYS" -e "GITHUB_RUN_ATTEMPT" -e "GITHUB_ACTOR" -e "GITHUB_TRIGGERING_ACTOR" -e "GITHUB_WORKFLOW" -e "GITHUB_HEAD_REF" -e "GITHUB_BASE_REF" -e "GITHUB_EVENT_NAME" -e "GITHUB_SERVER_URL" -e "GITHUB_API_URL" -e "GITHUB_GRAPHQL_URL" -e "GITHUB_REF_NAME" -e "GITHUB_REF_PROTECTED" -e "GITHUB_REF_TYPE" -e "GITHUB_WORKSPACE" -e "GITHUB_ACTION" -e "GITHUB_EVENT_PATH" -e "GITHUB_ACTION_REPOSITORY" -e "GITHUB_ACTION_REF" -e "GITHUB_PATH" -e "GITHUB_ENV" -e "GITHUB_STEP_SUMMARY" -e "GITHUB_STATE" -e "GITHUB_OUTPUT" -e "RUNNER_OS" -e "RUNNER_ARCH" -e "RUNNER_NAME" -e "RUNNER_TOOL_CACHE" -e "RUNNER_TEMP" -e "RUNNER_WORKSPACE" -e "ACTIONS_RUNTIME_URL" -e "ACTIONS_RUNTIME_TOKEN" -e "ACTIONS_CACHE_URL" -e GITHUB_ACTIONS=true -e CI=true -v "/var/run/docker.sock":"/var/run/docker.sock" -v "/home/runner/work/_temp/_github_home":"/github/home" -v "/home/runner/work/_temp/_github_workflow":"/github/workflow" -v "/home/runner/work/_temp/_runner_file_commands":"/github/file_commands" -v "/home/runner/work/microprint-generator/microprint-generator":"/github/workspace" 8d5581:d5bb21b2d2c35991623e9b8c8cae6fc7
2022-10-17T04:39:14.1581760Z DEBUG:urllib3.connectionpool:Starting new HTTPS connection (1): api.github.com:443
2022-10-17T04:39:14.3409466Z DEBUG:urllib3.connectionpool:https://api.github.com:443 "GET /repos/AlphaSteam/microprint-generator HTTP/1.1" 200 None
2022-10-17T04:39:14.3440551Z DEBUG:urllib3.connectionpool:Starting new HTTPS connection (1): api.github.com:443
2022-10-17T04:39:14.6308973Z DEBUG:urllib3.connectionpool:https://api.github.com:443 "GET /repos/AlphaSteam/microprint-generator/actions/runs/3262407227/jobs HTTP/1.1" 200 None
2022-10-17T04:39:14.6354296Z DEBUG:urllib3.connectionpool:Starting new HTTPS connection (1): api.github.com:443
2022-10-17T04:39:14.7760551Z DEBUG:urllib3.connectionpool:https://api.github.com:443 "GET /repos/AlphaSteam/microprint-generator/actions/jobs/8924735766/logs HTTP/1.1" 302 0
2022-10-17T04:39:14.7781755Z DEBUG:urllib3.connectionpool:Starting new HTTPS connection (1): pipelines.actions.githubusercontent.com:443
2022-10-17T04:39:14.8200381Z DEBUG:urllib3.connectionpool:https://pipelines.actions.githubusercontent.com:443 "GET /serviceHosts/871f7675-65c0-436d-aa94-5c5a4536b9ce/_apis/pipelines/1/runs/221/signedlogcontent/13?urlExpires=2022-10-17T04%3A40%3A14.7554925Z&urlSigningMethod=HMACV1&urlSignature=PXJOPPP9R9o11qHlr4UNpyhQNKTJaFVpl3qENkRATvc%3D HTTP/1.1" 200 None
2022-10-17T04:39:14.8244629Z INFO:root:Generating raster microprint
2022-10-17T04:39:14.8754414Z Without spaces
2022-10-17T04:39:14.8755529Z string before:  ./Examples/Mid-job/logs (macos-latest, 1.6)
2022-10-17T04:39:14.8756737Z string after:  ./Examples/Mid-job/logs(macos-latest,1.6)
2022-10-17T04:39:14.8757298Z Without spaces
2022-10-17T04:39:14.8758066Z string before:  ./Examples/Mid-job/microprint (macos-latest, 1.6)
2022-10-17T04:39:14.8758968Z string after:  ./Examples/Mid-job/microprint(macos-latest,1.6)
2022-10-17T04:39:15.0430258Z ##[group]Run git pull
2022-10-17T04:39:15.0430556Z [36;1mgit pull[0m
2022-10-17T04:39:15.0486982Z shell: /usr/bin/bash -e {0}
2022-10-17T04:39:15.0487350Z ##[endgroup]
2022-10-17T04:39:15.6122628Z From https://github.com/AlphaSteam/microprint-generator
2022-10-17T04:39:15.6123614Z    f19ef89..6e50ba9  matrix_actions          -> origin/matrix_actions
2022-10-17T04:39:15.6125575Z  * [new branch]      add_custom_rules        -> origin/add_custom_rules
2022-10-17T04:39:15.6127126Z  * [new branch]      add_microprint_analysis -> origin/add_microprint_analysis
2022-10-17T04:39:15.6128423Z  * [new branch]      add_multiple_columns    -> origin/add_multiple_columns
2022-10-17T04:39:15.6130414Z  * [new branch]      create-pull-request/patch -> origin/create-pull-request/patch
2022-10-17T04:39:15.6131637Z  * [new branch]      custom_fonts            -> origin/custom_fonts
2022-10-17T04:39:15.6133021Z  * [new branch]      develop                 -> origin/develop
2022-10-17T04:39:15.6134290Z  * [new branch]      main                    -> origin/main
2022-10-17T04:39:15.6135803Z  * [new branch]      microprint_visualizer_integration -> origin/microprint_visualizer_integration
2022-10-17T04:39:15.6137079Z  * [new branch]      reduce_code_duplication -> origin/reduce_code_duplication
2022-10-17T04:39:15.6138860Z  * [new branch]      release/v1              -> origin/release/v1
2022-10-17T04:39:15.6140144Z  * [new branch]      release/v2              -> origin/release/v2
2022-10-17T04:39:15.6141431Z  * [new branch]      test_workflow           -> origin/test_workflow
2022-10-17T04:39:15.6269437Z  * [new tag]         v1                      -> v1
2022-10-17T04:39:15.6270753Z  * [new tag]         v1.0.0                  -> v1.0.0
2022-10-17T04:39:15.6271370Z  * [new tag]         v2                      -> v2
2022-10-17T04:39:15.6272840Z  * [new tag]         v2.0.0                  -> v2.0.0
2022-10-17T04:39:15.6273355Z  * [new tag]         v3                      -> v3
2022-10-17T04:39:15.6273845Z  * [new tag]         v3.0.0                  -> v3.0.0
2022-10-17T04:39:15.6386909Z Updating f19ef89..6e50ba9
2022-10-17T04:39:15.6387642Z Fast-forward
2022-10-17T04:39:15.6406044Z  Examples/Mid-job/logs(windows-latest,1.6)/logs.txt | 10 +++++-----
2022-10-17T04:39:15.6406790Z  Examples/Mid-job/logs/logs.txt                     | 10 +++++-----
2022-10-17T04:39:15.6407575Z  2 files changed, 10 insertions(+), 10 deletions(-)
2022-10-17T04:39:15.6534448Z ##[group]Run stefanzweifel/git-auto-commit-action@v4
2022-10-17T04:39:15.6534751Z with:
2022-10-17T04:39:15.6535017Z   commit_message: Updated mid-job microprint
2022-10-17T04:39:15.6535278Z   file_pattern: .
2022-10-17T04:39:15.6535501Z   repository: .
2022-10-17T04:39:15.6535760Z   commit_user_name: github-actions[bot]
2022-10-17T04:39:15.6536110Z   commit_user_email: github-actions[bot]@users.noreply.github.com
2022-10-17T04:39:15.6536494Z   commit_author: AlphaSteam <AlphaSteam@users.noreply.github.com>
2022-10-17T04:39:15.6536818Z   skip_dirty_check: false
2022-10-17T04:39:15.6537061Z   skip_fetch: false
2022-10-17T04:39:15.6537297Z   skip_checkout: false
2022-10-17T04:39:15.6537650Z   disable_globbing: false
2022-10-17T04:39:15.6537895Z   create_branch: false
2022-10-17T04:39:15.6538217Z ##[endgroup]
2022-10-17T04:39:15.6919470Z Started: bash /home/runner/work/_actions/stefanzweifel/git-auto-commit-action/v4/entrypoint.sh
2022-10-17T04:39:15.6988026Z INPUT_REPOSITORY value: .
2022-10-17T04:39:15.6988768Z INPUT_STATUS_OPTIONS: 
2022-10-17T04:39:15.6991176Z INPUT_FILE_PATTERN: .
2022-10-17T04:39:15.7040370Z ##[warning]The `set-output` command is deprecated and will be disabled soon. Please upgrade to using Environment Files. For more information see: https://github.blog/changelog/2022-10-11-github-actions-deprecating-save-state-and-set-output-commands/
2022-10-17T04:39:15.7083764Z INPUT_BRANCH value: 
2022-10-17T04:39:15.9758930Z M	Examples/Mid-job/logs(macos-latest,1.6)/logs.txt
2022-10-17T04:39:15.9759445Z M	Examples/Mid-job/microprint(macos-latest,1.6)/microprint.png
2022-10-17T04:39:15.9759889Z Your branch is up to date with 'origin/matrix_actions'.
2022-10-17T04:39:15.9760206Z INPUT_ADD_OPTIONS: 
2022-10-17T04:39:15.9760767Z INPUT_FILE_PATTERN: .
2022-10-17T04:39:15.9771445Z INPUT_COMMIT_OPTIONS: 
2022-10-17T04:39:15.9773480Z INPUT_COMMIT_USER_NAME: github-actions[bot]
2022-10-17T04:39:15.9774302Z INPUT_COMMIT_USER_EMAIL: github-actions[bot]@users.noreply.github.com
2022-10-17T04:39:15.9775107Z INPUT_COMMIT_MESSAGE: Updated mid-job microprint
2022-10-17T04:39:15.9775726Z INPUT_COMMIT_AUTHOR: AlphaSteam <AlphaSteam@users.noreply.github.com>
2022-10-17T04:39:15.9832058Z [matrix_actions 419a13e] Updated mid-job microprint
2022-10-17T04:39:15.9834642Z  Author: AlphaSteam <AlphaSteam@users.noreply.github.com>
2022-10-17T04:39:15.9835552Z  2 files changed, 5 insertions(+), 5 deletions(-)
2022-10-17T04:39:15.9853974Z ##[warning]The `set-output` command is deprecated and will be disabled soon. Please upgrade to using Environment Files. For more information see: https://github.blog/changelog/2022-10-11-github-actions-deprecating-save-state-and-set-output-commands/
2022-10-17T04:39:15.9855641Z INPUT_TAGGING_MESSAGE: 
2022-10-17T04:39:15.9856429Z No tagging message supplied. No tag will be added.
2022-10-17T04:39:15.9856923Z INPUT_PUSH_OPTIONS: 
2022-10-17T04:39:16.5436075Z To https://github.com/AlphaSteam/microprint-generator
2022-10-17T04:39:16.5456129Z    6e50ba9..419a13e  matrix_actions -> matrix_actions
2022-10-17T04:39:16.5588840Z ##[group]Run actions_user_id=`id -u $USER`
2022-10-17T04:39:16.5589206Z [36;1mactions_user_id=`id -u $USER`[0m
2022-10-17T04:39:16.5589502Z [36;1mecho $actions_user_id[0m
2022-10-17T04:39:16.5589828Z [36;1mecho ::set-output name=uid::$actions_user_id[0m
2022-10-17T04:39:16.5655838Z shell: /usr/bin/bash -e {0}
2022-10-17T04:39:16.5656112Z ##[endgroup]
2022-10-17T04:39:16.5762397Z 1001
2022-10-17T04:39:16.5767851Z ##[warning]The `set-output` command is deprecated and will be disabled soon. Please upgrade to using Environment Files. For more information see: https://github.blog/changelog/2022-10-11-github-actions-deprecating-save-state-and-set-output-commands/
2022-10-17T04:39:16.5824534Z ##[group]Run peter-murray/reset-workspace-ownership-action@v1
2022-10-17T04:39:16.5824876Z with:
2022-10-17T04:39:16.5825102Z   user_id: 1001
2022-10-17T04:39:16.5825473Z   workspace_path: /home/runner/work/microprint-generator/microprint-generator
2022-10-17T04:39:16.5825837Z ##[endgroup]
2022-10-17T04:39:16.5854364Z ##[command]/usr/bin/docker run --name d5581bed58ffa224a46dbbdb7da567b43dd56_7f6bd4 --label 8d5581 --workdir /github/workspace --rm -e "INPUT_USER_ID" -e "INPUT_WORKSPACE_PATH" -e "HOME" -e "GITHUB_JOB" -e "GITHUB_REF" -e "GITHUB_SHA" -e "GITHUB_REPOSITORY" -e "GITHUB_REPOSITORY_OWNER" -e "GITHUB_RUN_ID" -e "GITHUB_RUN_NUMBER" -e "GITHUB_RETENTION_DAYS" -e "GITHUB_RUN_ATTEMPT" -e "GITHUB_ACTOR" -e "GITHUB_TRIGGERING_ACTOR" -e "GITHUB_WORKFLOW" -e "GITHUB_HEAD_REF" -e "GITHUB_BASE_REF" -e "GITHUB_EVENT_NAME" -e "GITHUB_SERVER_URL" -e "GITHUB_API_URL" -e "GITHUB_GRAPHQL_URL" -e "GITHUB_REF_NAME" -e "GITHUB_REF_PROTECTED" -e "GITHUB_REF_TYPE" -e "GITHUB_WORKSPACE" -e "GITHUB_ACTION" -e "GITHUB_EVENT_PATH" -e "GITHUB_ACTION_REPOSITORY" -e "GITHUB_ACTION_REF" -e "GITHUB_PATH" -e "GITHUB_ENV" -e "GITHUB_STEP_SUMMARY" -e "GITHUB_STATE" -e "GITHUB_OUTPUT" -e "RUNNER_OS" -e "RUNNER_ARCH" -e "RUNNER_NAME" -e "RUNNER_TOOL_CACHE" -e "RUNNER_TEMP" -e "RUNNER_WORKSPACE" -e "ACTIONS_RUNTIME_URL" -e "ACTIONS_RUNTIME_TOKEN" -e "ACTIONS_CACHE_URL" -e GITHUB_ACTIONS=true -e CI=true -v "/var/run/docker.sock":"/var/run/docker.sock" -v "/home/runner/work/_temp/_github_home":"/github/home" -v "/home/runner/work/_temp/_github_workflow":"/github/workflow" -v "/home/runner/work/_temp/_runner_file_commands":"/github/file_commands" -v "/home/runner/work/microprint-generator/microprint-generator":"/github/workspace" 8d5581:bed58ffa224a46dbbdb7da567b43dd56  "1001" "/home/runner/work/microprint-generator/microprint-generator"
2022-10-17T04:39:16.9055577Z Updating ownership permissions on workspace directory /home/runner/work/microprint-generator/microprint-generator
2022-10-17T04:39:16.9056049Z   user: 1001
2022-10-17T04:39:16.9056287Z total 120
2022-10-17T04:39:16.9056665Z drwxr-xr-x    8 1001     121           4096 Oct 17 04:39 .
2022-10-17T04:39:16.9057096Z drwxr-xr-x    6 root     root          4096 Oct 17 04:39 ..
2022-10-17T04:39:16.9057632Z drwxr-xr-x    8 1001     121           4096 Oct 17 04:39 .git
2022-10-17T04:39:16.9058037Z drwxr-xr-x    3 1001     121           4096 Oct 17 04:38 .github
2022-10-17T04:39:16.9058438Z -rw-r--r--    1 1001     121           1799 Oct 17 04:38 .gitignore
2022-10-17T04:39:16.9058850Z drwxr-xr-x    3 1001     121           4096 Oct 17 04:38 .idea
2022-10-17T04:39:16.9059261Z -rw-r--r--    1 1001     121            206 Oct 17 04:38 Dockerfile
2022-10-17T04:39:16.9059677Z drwxr-xr-x    7 1001     121           4096 Oct 17 04:38 Examples
2022-10-17T04:39:16.9060067Z -rw-r--r--    1 1001     121          35149 Oct 17 04:38 LICENSE
2022-10-17T04:39:16.9060476Z -rw-r--r--    1 1001     121          10298 Oct 17 04:38 README.md
2022-10-17T04:39:16.9060909Z drwxr-xr-x    2 root     root          4096 Oct 17 04:39 __pycache__
2022-10-17T04:39:16.9061335Z -rw-r--r--    1 1001     121           3154 Oct 17 04:38 action.yml
2022-10-17T04:39:16.9061740Z -rw-r--r--    1 1001     121           1059 Oct 17 04:38 config.json
2022-10-17T04:39:16.9062149Z drwxr-xr-x    2 1001     121           4096 Oct 17 04:38 fonts
2022-10-17T04:39:16.9062606Z -rw-r--r--    1 1001     121           8748 Oct 17 04:38 microprint_generator.py
2022-10-17T04:39:16.9063067Z -rw-r--r--    1 1001     121             49 Oct 17 04:38 requirements.txt
2022-10-17T04:39:16.9063490Z -rw-r--r--    1 1001     121           5808 Oct 17 04:38 script.py
2022-10-17T04:39:16.9063660Z 
2022-10-17T04:39:16.9064034Z Looking for files/directories in current working directory not owned by "1001"
2022-10-17T04:39:16.9064281Z 
2022-10-17T04:39:16.9069490Z Updating ownership: ./__pycache__
2022-10-17T04:39:16.9077315Z   drwxr-xr-x    2 root     root          4096 Oct 17 04:39 ./__pycache__
2022-10-17T04:39:16.9084292Z changed ownership of './__pycache__' to 1001:0
2022-10-17T04:39:16.9084845Z Modified ownership: ./__pycache__
2022-10-17T04:39:16.9091805Z   drwxr-xr-x    2 1001     root          4096 Oct 17 04:39 ./__pycache__
2022-10-17T04:39:16.9096089Z 
2022-10-17T04:39:16.9096602Z Updating ownership: ./__pycache__/microprint_generator.cpython-310.pyc
2022-10-17T04:39:16.9101141Z   -rw-r--r--    1 root     root          6515 Oct 17 04:39 ./__pycache__/microprint_generator.cpython-310.pyc
2022-10-17T04:39:16.9104729Z changed ownership of './__pycache__/microprint_generator.cpython-310.pyc' to 1001:0
2022-10-17T04:39:16.9107269Z Modified ownership: ./__pycache__/microprint_generator.cpython-310.pyc
2022-10-17T04:39:16.9111796Z   -rw-r--r--    1 1001     root          6515 Oct 17 04:39 ./__pycache__/microprint_generator.cpython-310.pyc
2022-10-17T04:39:16.9112085Z 
2022-10-17T04:39:17.0534533Z Post job cleanup.
2022-10-17T04:39:17.1978769Z [command]/usr/bin/git version
2022-10-17T04:39:17.2035164Z git version 2.37.3
2022-10-17T04:39:17.2089150Z Temporarily overriding HOME='/home/runner/work/_temp/5c01ae51-884b-48be-9d4e-aefe17afb4a8' before making global git config changes
2022-10-17T04:39:17.2090543Z Adding repository directory to the temporary git global config as a safe directory
2022-10-17T04:39:17.2096628Z [command]/usr/bin/git config --global --add safe.directory /home/runner/work/microprint-generator/microprint-generator
2022-10-17T04:39:17.2145153Z [command]/usr/bin/git config --local --name-only --get-regexp core\.sshCommand
2022-10-17T04:39:17.2188450Z [command]/usr/bin/git submodule foreach --recursive git config --local --name-only --get-regexp 'core\.sshCommand' && git config --local --unset-all 'core.sshCommand' || :
2022-10-17T04:39:17.2458366Z [command]/usr/bin/git config --local --name-only --get-regexp http\.https\:\/\/github\.com\/\.extraheader
2022-10-17T04:39:17.2491925Z http.https://github.com/.extraheader
2022-10-17T04:39:17.2526078Z [command]/usr/bin/git config --local --unset-all http.https://github.com/.extraheader
2022-10-17T04:39:17.2554557Z [command]/usr/bin/git submodule foreach --recursive git config --local --name-only --get-regexp 'http\.https\:\/\/github\.com\/\.extraheader' && git config --local --unset-all 'http.https://github.com/.extraheader' || :
2022-10-17T04:39:17.3130944Z Cleaning up orphan processes
