2022-10-16T23:56:06.4064448Z Requested labels: ubuntu-latest
2022-10-16T23:56:06.4064493Z Job defined at: AlphaSteam/microprint-generator/.github/workflows/generate_examples.yaml@refs/heads/matrix_actions
2022-10-16T23:56:06.4064514Z Waiting for a runner to pick up this job...
2022-10-16T23:56:06.5032516Z Job is waiting for a hosted runner to come online.
2022-10-16T23:56:11.4769706Z Job is about to start running on the hosted runner: Hosted Agent (hosted)
2022-10-16T23:56:14.0043236Z Current runner version: '2.298.2'
2022-10-16T23:56:14.0072752Z ##[group]Operating System
2022-10-16T23:56:14.0073325Z Ubuntu
2022-10-16T23:56:14.0073731Z 20.04.5
2022-10-16T23:56:14.0073980Z LTS
2022-10-16T23:56:14.0074307Z ##[endgroup]
2022-10-16T23:56:14.0074643Z ##[group]Runner Image
2022-10-16T23:56:14.0075042Z Image: ubuntu-20.04
2022-10-16T23:56:14.0075347Z Version: 20221002.2
2022-10-16T23:56:14.0075900Z Included Software: https://github.com/actions/runner-images/blob/ubuntu20/20221002.2/images/linux/Ubuntu2004-Readme.md
2022-10-16T23:56:14.0076596Z Image Release: https://github.com/actions/runner-images/releases/tag/ubuntu20%2F20221002.2
2022-10-16T23:56:14.0077168Z ##[endgroup]
2022-10-16T23:56:14.0077477Z ##[group]Runner Image Provisioner
2022-10-16T23:56:14.0077802Z 2.0.78.1
2022-10-16T23:56:14.0078105Z ##[endgroup]
2022-10-16T23:56:14.0078971Z ##[group]GITHUB_TOKEN Permissions
2022-10-16T23:56:14.0079613Z Actions: write
2022-10-16T23:56:14.0079912Z Checks: write
2022-10-16T23:56:14.0080309Z Contents: write
2022-10-16T23:56:14.0080681Z Deployments: write
2022-10-16T23:56:14.0080964Z Discussions: write
2022-10-16T23:56:14.0081259Z Issues: write
2022-10-16T23:56:14.0081545Z Metadata: read
2022-10-16T23:56:14.0081842Z Packages: write
2022-10-16T23:56:14.0082124Z Pages: write
2022-10-16T23:56:14.0082422Z PullRequests: write
2022-10-16T23:56:14.0082755Z RepositoryProjects: write
2022-10-16T23:56:14.0083102Z SecurityEvents: write
2022-10-16T23:56:14.0083368Z Statuses: write
2022-10-16T23:56:14.0083695Z ##[endgroup]
2022-10-16T23:56:14.0086741Z Secret source: Actions
2022-10-16T23:56:14.0087233Z Prepare workflow directory
2022-10-16T23:56:14.0978674Z Prepare all required actions
2022-10-16T23:56:14.1175791Z Getting action download info
2022-10-16T23:56:14.3092000Z Download action repository 'actions/checkout@v3' (SHA:93ea575cb5d8a053eaa0ac8fa3b40d7e05a33cc8)
2022-10-16T23:56:15.0721357Z Download action repository 'stefanzweifel/git-auto-commit-action@v4' (SHA:fd157da78fa13d9383e5580d1fd1184d89554b51)
2022-10-16T23:56:15.4513365Z Download action repository 'CasperWA/push-protected@v2' (SHA:6b25de805895da731062c43da647425fbb383128)
2022-10-16T23:56:15.9163880Z Download action repository 'peter-murray/reset-workspace-ownership-action@v1' (SHA:3c5cbcf2e4aeecb506b3e6bc867e0955dab8dfe0)
2022-10-16T23:56:16.5145245Z ##[group]Build container for action use: '/home/runner/work/_actions/CasperWA/push-protected/v2/Dockerfile'.
2022-10-16T23:56:16.5227831Z ##[command]/usr/bin/docker build -t 8d5581:5ef53851ca0c4d1687a2d725b292f88d -f "/home/runner/work/_actions/CasperWA/push-protected/v2/Dockerfile" "/home/runner/work/_actions/CasperWA/push-protected/v2"
2022-10-16T23:56:16.6723340Z Sending build context to Docker daemon  113.2kB
2022-10-16T23:56:16.6724814Z 
2022-10-16T23:56:16.7144772Z Step 1/6 : FROM python:alpine
2022-10-16T23:56:17.5309798Z alpine: Pulling from library/python
2022-10-16T23:56:17.7351944Z 213ec9aee27d: Already exists
2022-10-16T23:56:17.7401519Z 47858aee13bf: Pulling fs layer
2022-10-16T23:56:17.7401906Z cfe0d6c6d05c: Pulling fs layer
2022-10-16T23:56:17.7402197Z 2df617b3dcd9: Pulling fs layer
2022-10-16T23:56:17.7402463Z 38da16a6ebe8: Pulling fs layer
2022-10-16T23:56:17.7402746Z 38da16a6ebe8: Waiting
2022-10-16T23:56:17.9661966Z 2df617b3dcd9: Verifying Checksum
2022-10-16T23:56:17.9662726Z 2df617b3dcd9: Download complete
2022-10-16T23:56:18.0020144Z 47858aee13bf: Verifying Checksum
2022-10-16T23:56:18.0026268Z 47858aee13bf: Download complete
2022-10-16T23:56:18.1542373Z cfe0d6c6d05c: Verifying Checksum
2022-10-16T23:56:18.1542846Z cfe0d6c6d05c: Download complete
2022-10-16T23:56:18.3072586Z 38da16a6ebe8: Verifying Checksum
2022-10-16T23:56:18.3073458Z 38da16a6ebe8: Download complete
2022-10-16T23:56:18.4963660Z 47858aee13bf: Pull complete
2022-10-16T23:56:19.0456311Z cfe0d6c6d05c: Pull complete
2022-10-16T23:56:19.1098810Z 2df617b3dcd9: Pull complete
2022-10-16T23:56:19.5377301Z 38da16a6ebe8: Pull complete
2022-10-16T23:56:19.5806092Z Digest: sha256:3bfac1caa31cc6c0e796b65ba936f320d1e549d80f5ac02c2e4f83a0f04af3aa
2022-10-16T23:56:19.5835513Z Status: Downloaded newer image for python:alpine
2022-10-16T23:56:19.5860682Z  ---> 880fc229346e
2022-10-16T23:56:19.5861388Z Step 2/6 : COPY README.md setup.py requirements*.txt ./
2022-10-16T23:56:20.0195202Z  ---> 8191ab48568a
2022-10-16T23:56:20.0198298Z Step 3/6 : COPY push_action ./push_action
2022-10-16T23:56:21.0196154Z  ---> 7242b5cf1192
2022-10-16T23:56:21.0196574Z Step 4/6 : RUN apk update     && apk add --no-cache git git-lfs bash     && pip install -U -e .
2022-10-16T23:56:21.0539157Z  ---> Running in 25c65818fcb0
2022-10-16T23:56:21.3750208Z fetch https://dl-cdn.alpinelinux.org/alpine/v3.16/main/x86_64/APKINDEX.tar.gz
2022-10-16T23:56:21.5671276Z fetch https://dl-cdn.alpinelinux.org/alpine/v3.16/community/x86_64/APKINDEX.tar.gz
2022-10-16T23:56:21.8574099Z v3.16.2-301-g3f9d0a65f8 [https://dl-cdn.alpinelinux.org/alpine/v3.16/main]
2022-10-16T23:56:21.8574819Z v3.16.2-302-g26bb45e677 [https://dl-cdn.alpinelinux.org/alpine/v3.16/community]
2022-10-16T23:56:21.8575370Z OK: 17037 distinct packages available
2022-10-16T23:56:21.9018431Z fetch https://dl-cdn.alpinelinux.org/alpine/v3.16/main/x86_64/APKINDEX.tar.gz
2022-10-16T23:56:22.0459155Z fetch https://dl-cdn.alpinelinux.org/alpine/v3.16/community/x86_64/APKINDEX.tar.gz
2022-10-16T23:56:22.3073898Z (1/7) Installing bash (5.1.16-r2)
2022-10-16T23:56:22.3320741Z Executing bash-5.1.16-r2.post-install
2022-10-16T23:56:22.3358154Z (2/7) Installing brotli-libs (1.0.9-r6)
2022-10-16T23:56:22.3625891Z (3/7) Installing nghttp2-libs (1.47.0-r0)
2022-10-16T23:56:22.3750962Z (4/7) Installing libcurl (7.83.1-r3)
2022-10-16T23:56:22.3913712Z (5/7) Installing pcre2 (10.40-r0)
2022-10-16T23:56:22.4102410Z (6/7) Installing git (2.36.2-r0)
2022-10-16T23:56:22.5585119Z (7/7) Installing git-lfs (3.1.4-r5)
2022-10-16T23:56:22.6821837Z Executing git-lfs-3.1.4-r5.post-install
2022-10-16T23:56:22.6973984Z Git LFS initialized.
2022-10-16T23:56:22.6987475Z Executing busybox-1.35.0-r17.trigger
2022-10-16T23:56:22.7044328Z OK: 39 MiB in 43 packages
2022-10-16T23:56:24.9975933Z Obtaining file:///
2022-10-16T23:56:24.9982608Z   Preparing metadata (setup.py): started
2022-10-16T23:56:25.6022089Z   Preparing metadata (setup.py): finished with status 'done'
2022-10-16T23:56:25.7077814Z Collecting requests~=2.28
2022-10-16T23:56:25.7793141Z   Downloading requests-2.28.1-py3-none-any.whl (62 kB)
2022-10-16T23:56:25.7938044Z      ━━━━━━━━━━━━━━━━━━━━━━━━━━━━━━━━━━━━━━━━ 62.8/62.8 kB 4.8 MB/s eta 0:00:00
2022-10-16T23:56:25.8546353Z Collecting urllib3<1.27,>=1.21.1
2022-10-16T23:56:25.8710789Z   Downloading urllib3-1.26.12-py2.py3-none-any.whl (140 kB)
2022-10-16T23:56:25.8850367Z      ━━━━━━━━━━━━━━━━━━━━━━━━━━━━━━━━━━━━━━ 140.4/140.4 kB 11.6 MB/s eta 0:00:00
2022-10-16T23:56:25.9121157Z Collecting idna<4,>=2.5
2022-10-16T23:56:25.9237678Z   Downloading idna-3.4-py3-none-any.whl (61 kB)
2022-10-16T23:56:25.9301770Z      ━━━━━━━━━━━━━━━━━━━━━━━━━━━━━━━━━━━━━━━━ 61.5/61.5 kB 16.0 MB/s eta 0:00:00
2022-10-16T23:56:25.9613286Z Collecting certifi>=2017.4.17
2022-10-16T23:56:25.9760542Z   Downloading certifi-2022.9.24-py3-none-any.whl (161 kB)
2022-10-16T23:56:25.9863721Z      ━━━━━━━━━━━━━━━━━━━━━━━━━━━━━━━━━━━━━━ 161.1/161.1 kB 20.3 MB/s eta 0:00:00
2022-10-16T23:56:26.0291135Z Collecting charset-normalizer<3,>=2
2022-10-16T23:56:26.0399999Z   Downloading charset_normalizer-2.1.1-py3-none-any.whl (39 kB)
2022-10-16T23:56:26.1446520Z Installing collected packages: urllib3, idna, charset-normalizer, certifi, requests, push-action
2022-10-16T23:56:26.4701543Z   Running setup.py develop for push-action
2022-10-16T23:56:26.8538567Z Successfully installed certifi-2022.9.24 charset-normalizer-2.1.1 idna-3.4 push-action-2.14.0 requests-2.28.1 urllib3-1.26.12
2022-10-16T23:56:26.8540294Z [91mWARNING: Running pip as the 'root' user can result in broken permissions and conflicting behaviour with the system package manager. It is recommended to use a virtual environment instead: https://pip.pypa.io/warnings/venv
2022-10-16T23:56:26.9580549Z [0m[91m
2022-10-16T23:56:26.9581757Z [notice] A new release of pip available: 22.2.2 -> 22.3
2022-10-16T23:56:26.9582407Z [notice] To update, run: pip install --upgrade pip
2022-10-16T23:56:28.0597680Z [0mRemoving intermediate container 25c65818fcb0
2022-10-16T23:56:28.0598027Z  ---> 877a74e6e2b0
2022-10-16T23:56:28.0598347Z Step 5/6 : COPY entrypoint.sh ./
2022-10-16T23:56:29.0202811Z  ---> e9942f74661d
2022-10-16T23:56:29.0203429Z Step 6/6 : ENTRYPOINT [ "/entrypoint.sh" ]
2022-10-16T23:56:29.0436363Z  ---> Running in da187650b1b8
2022-10-16T23:56:30.0187739Z Removing intermediate container da187650b1b8
2022-10-16T23:56:30.0188451Z  ---> 947443fc0435
2022-10-16T23:56:30.0196404Z Successfully built 947443fc0435
2022-10-16T23:56:30.0258110Z Successfully tagged 8d5581:5ef53851ca0c4d1687a2d725b292f88d
2022-10-16T23:56:30.0271278Z ##[endgroup]
2022-10-16T23:56:30.0296830Z ##[group]Build container for action use: '/home/runner/work/_actions/peter-murray/reset-workspace-ownership-action/v1/Dockerfile'.
2022-10-16T23:56:30.0297757Z ##[command]/usr/bin/docker build -t 8d5581:b4e19b0e9b0340deb0a8bb2252286943 -f "/home/runner/work/_actions/peter-murray/reset-workspace-ownership-action/v1/Dockerfile" "/home/runner/work/_actions/peter-murray/reset-workspace-ownership-action/v1"
2022-10-16T23:56:30.0572228Z Sending build context to Docker daemon  17.92kB
2022-10-16T23:56:30.0572723Z 
2022-10-16T23:56:30.0970854Z Step 1/4 : ARG busybox_version=1.32.0
2022-10-16T23:56:30.0976168Z Step 2/4 : FROM busybox:${busybox_version}
2022-10-16T23:56:30.8901549Z 1.32.0: Pulling from library/busybox
2022-10-16T23:56:31.0878656Z ea97eb0eb3ec: Pulling fs layer
2022-10-16T23:56:31.4227848Z ea97eb0eb3ec: Pull complete
2022-10-16T23:56:31.4278381Z Digest: sha256:bde48e1751173b709090c2539fdf12d6ba64e88ec7a4301591227ce925f3c678
2022-10-16T23:56:31.4297627Z Status: Downloaded newer image for busybox:1.32.0
2022-10-16T23:56:31.4314890Z  ---> 219ee5171f80
2022-10-16T23:56:31.4315162Z Step 3/4 : COPY *.sh /
2022-10-16T23:56:32.0118650Z  ---> 7e802f082381
2022-10-16T23:56:32.0119175Z Step 4/4 : ENTRYPOINT ["/entrypoint.sh"]
2022-10-16T23:56:32.0268037Z  ---> Running in 1ed711835915
2022-10-16T23:56:33.0124463Z Removing intermediate container 1ed711835915
2022-10-16T23:56:33.0124925Z  ---> 9a33591e6295
2022-10-16T23:56:33.0125178Z Successfully built 9a33591e6295
2022-10-16T23:56:33.0175907Z Successfully tagged 8d5581:b4e19b0e9b0340deb0a8bb2252286943
2022-10-16T23:56:33.0178104Z ##[endgroup]
2022-10-16T23:56:33.0586847Z ##[group]Run actions/checkout@v3
2022-10-16T23:56:33.0587159Z with:
2022-10-16T23:56:33.0587470Z   repository: AlphaSteam/microprint-generator
2022-10-16T23:56:33.0587998Z   token: ***
2022-10-16T23:56:33.0588296Z   ssh-strict: true
2022-10-16T23:56:33.0588607Z   persist-credentials: true
2022-10-16T23:56:33.0588873Z   clean: true
2022-10-16T23:56:33.0589109Z   fetch-depth: 1
2022-10-16T23:56:33.0589331Z   lfs: false
2022-10-16T23:56:33.0589568Z   submodules: false
2022-10-16T23:56:33.0589838Z   set-safe-directory: true
2022-10-16T23:56:33.0590104Z ##[endgroup]
2022-10-16T23:56:33.3752096Z Syncing repository: AlphaSteam/microprint-generator
2022-10-16T23:56:33.3753893Z ##[group]Getting Git version info
2022-10-16T23:56:33.3754498Z Working directory is '/home/runner/work/microprint-generator/microprint-generator'
2022-10-16T23:56:33.3755118Z [command]/usr/bin/git version
2022-10-16T23:56:33.3855449Z git version 2.37.3
2022-10-16T23:56:33.3886326Z ##[endgroup]
2022-10-16T23:56:33.3909138Z Temporarily overriding HOME='/home/runner/work/_temp/f52711f3-d79d-4864-8698-38930d2f68e5' before making global git config changes
2022-10-16T23:56:33.3909666Z Adding repository directory to the temporary git global config as a safe directory
2022-10-16T23:56:33.3910335Z [command]/usr/bin/git config --global --add safe.directory /home/runner/work/microprint-generator/microprint-generator
2022-10-16T23:56:33.3960024Z Deleting the contents of '/home/runner/work/microprint-generator/microprint-generator'
2022-10-16T23:56:33.3966430Z ##[group]Initializing the repository
2022-10-16T23:56:33.3970673Z [command]/usr/bin/git init /home/runner/work/microprint-generator/microprint-generator
2022-10-16T23:56:33.4040025Z hint: Using 'master' as the name for the initial branch. This default branch name
2022-10-16T23:56:33.4041005Z hint: is subject to change. To configure the initial branch name to use in all
2022-10-16T23:56:33.4041453Z hint: of your new repositories, which will suppress this warning, call:
2022-10-16T23:56:33.4041779Z hint: 
2022-10-16T23:56:33.4042543Z hint: 	git config --global init.defaultBranch <name>
2022-10-16T23:56:33.4042829Z hint: 
2022-10-16T23:56:33.4043377Z hint: Names commonly chosen instead of 'master' are 'main', 'trunk' and
2022-10-16T23:56:33.4043935Z hint: 'development'. The just-created branch can be renamed via this command:
2022-10-16T23:56:33.4044301Z hint: 
2022-10-16T23:56:33.4044609Z hint: 	git branch -m <name>
2022-10-16T23:56:33.4055144Z Initialized empty Git repository in /home/runner/work/microprint-generator/microprint-generator/.git/
2022-10-16T23:56:33.4064742Z [command]/usr/bin/git remote add origin https://github.com/AlphaSteam/microprint-generator
2022-10-16T23:56:33.4112758Z ##[endgroup]
2022-10-16T23:56:33.4113577Z ##[group]Disabling automatic garbage collection
2022-10-16T23:56:33.4119216Z [command]/usr/bin/git config --local gc.auto 0
2022-10-16T23:56:33.4157767Z ##[endgroup]
2022-10-16T23:56:33.4159690Z ##[group]Setting up auth
2022-10-16T23:56:33.4169909Z [command]/usr/bin/git config --local --name-only --get-regexp core\.sshCommand
2022-10-16T23:56:33.4213240Z [command]/usr/bin/git submodule foreach --recursive git config --local --name-only --get-regexp 'core\.sshCommand' && git config --local --unset-all 'core.sshCommand' || :
2022-10-16T23:56:33.4597777Z [command]/usr/bin/git config --local --name-only --get-regexp http\.https\:\/\/github\.com\/\.extraheader
2022-10-16T23:56:33.4637974Z [command]/usr/bin/git submodule foreach --recursive git config --local --name-only --get-regexp 'http\.https\:\/\/github\.com\/\.extraheader' && git config --local --unset-all 'http.https://github.com/.extraheader' || :
2022-10-16T23:56:33.4890849Z [command]/usr/bin/git config --local http.https://github.com/.extraheader AUTHORIZATION: basic ***
2022-10-16T23:56:33.4934941Z ##[endgroup]
2022-10-16T23:56:33.4935499Z ##[group]Fetching the repository
2022-10-16T23:56:33.4948572Z [command]/usr/bin/git -c protocol.version=2 fetch --no-tags --prune --progress --no-recurse-submodules --depth=1 origin +715de86bf7ef6542ee133f816047f7b04f07ddcd:refs/remotes/origin/matrix_actions
2022-10-16T23:56:33.8507246Z remote: Enumerating objects: 32, done.        
2022-10-16T23:56:33.8508088Z remote: Counting objects:   3% (1/32)        
2022-10-16T23:56:33.8508845Z remote: Counting objects:   6% (2/32)        
2022-10-16T23:56:33.8509314Z remote: Counting objects:   9% (3/32)        
2022-10-16T23:56:33.8509810Z remote: Counting objects:  12% (4/32)        
2022-10-16T23:56:33.8510756Z remote: Counting objects:  15% (5/32)        
2022-10-16T23:56:33.8511171Z remote: Counting objects:  18% (6/32)        
2022-10-16T23:56:33.8511575Z remote: Counting objects:  21% (7/32)        
2022-10-16T23:56:33.8511982Z remote: Counting objects:  25% (8/32)        
2022-10-16T23:56:33.8512350Z remote: Counting objects:  28% (9/32)        
2022-10-16T23:56:33.8512725Z remote: Counting objects:  31% (10/32)        
2022-10-16T23:56:33.8513083Z remote: Counting objects:  34% (11/32)        
2022-10-16T23:56:33.8513462Z remote: Counting objects:  37% (12/32)        
2022-10-16T23:56:33.8513832Z remote: Counting objects:  40% (13/32)        
2022-10-16T23:56:33.8514198Z remote: Counting objects:  43% (14/32)        
2022-10-16T23:56:33.8514549Z remote: Counting objects:  46% (15/32)        
2022-10-16T23:56:33.8514909Z remote: Counting objects:  50% (16/32)        
2022-10-16T23:56:33.8515270Z remote: Counting objects:  53% (17/32)        
2022-10-16T23:56:33.8515632Z remote: Counting objects:  56% (18/32)        
2022-10-16T23:56:33.8515977Z remote: Counting objects:  59% (19/32)        
2022-10-16T23:56:33.8516588Z remote: Counting objects:  62% (20/32)        
2022-10-16T23:56:33.8516949Z remote: Counting objects:  65% (21/32)        
2022-10-16T23:56:33.8517308Z remote: Counting objects:  68% (22/32)        
2022-10-16T23:56:33.8517655Z remote: Counting objects:  71% (23/32)        
2022-10-16T23:56:33.8518015Z remote: Counting objects:  75% (24/32)        
2022-10-16T23:56:33.8518377Z remote: Counting objects:  78% (25/32)        
2022-10-16T23:56:33.8518737Z remote: Counting objects:  81% (26/32)        
2022-10-16T23:56:33.8519081Z remote: Counting objects:  84% (27/32)        
2022-10-16T23:56:33.8519435Z remote: Counting objects:  87% (28/32)        
2022-10-16T23:56:33.8520034Z remote: Counting objects:  90% (29/32)        
2022-10-16T23:56:33.8520430Z remote: Counting objects:  93% (30/32)        
2022-10-16T23:56:33.8520774Z remote: Counting objects:  96% (31/32)        
2022-10-16T23:56:33.8521206Z remote: Counting objects: 100% (32/32)        
2022-10-16T23:56:33.8521593Z remote: Counting objects: 100% (32/32), done.        
2022-10-16T23:56:33.8522007Z remote: Compressing objects:   4% (1/24)        
2022-10-16T23:56:33.8522391Z remote: Compressing objects:   8% (2/24)        
2022-10-16T23:56:33.8522779Z remote: Compressing objects:  12% (3/24)        
2022-10-16T23:56:33.8523162Z remote: Compressing objects:  16% (4/24)        
2022-10-16T23:56:33.8523546Z remote: Compressing objects:  20% (5/24)        
2022-10-16T23:56:33.8694377Z remote: Compressing objects:  25% (6/24)        
2022-10-16T23:56:33.8694752Z remote: Compressing objects:  29% (7/24)        
2022-10-16T23:56:33.8695093Z remote: Compressing objects:  33% (8/24)        
2022-10-16T23:56:33.8695426Z remote: Compressing objects:  37% (9/24)        
2022-10-16T23:56:33.8695762Z remote: Compressing objects:  41% (10/24)        
2022-10-16T23:56:33.8696086Z remote: Compressing objects:  45% (11/24)        
2022-10-16T23:56:33.8696415Z remote: Compressing objects:  50% (12/24)        
2022-10-16T23:56:33.8696743Z remote: Compressing objects:  54% (13/24)        
2022-10-16T23:56:33.8697073Z remote: Compressing objects:  58% (14/24)        
2022-10-16T23:56:33.8697386Z remote: Compressing objects:  62% (15/24)        
2022-10-16T23:56:33.8697708Z remote: Compressing objects:  66% (16/24)        
2022-10-16T23:56:33.8698026Z remote: Compressing objects:  70% (17/24)        
2022-10-16T23:56:33.8698351Z remote: Compressing objects:  75% (18/24)        
2022-10-16T23:56:33.8698853Z remote: Compressing objects:  79% (19/24)        
2022-10-16T23:56:33.8699182Z remote: Compressing objects:  83% (20/24)        
2022-10-16T23:56:33.8699510Z remote: Compressing objects:  87% (21/24)        
2022-10-16T23:56:33.8699833Z remote: Compressing objects:  91% (22/24)        
2022-10-16T23:56:33.8700356Z remote: Compressing objects:  95% (23/24)        
2022-10-16T23:56:33.8700710Z remote: Compressing objects: 100% (24/24)        
2022-10-16T23:56:33.8701162Z remote: Compressing objects: 100% (24/24), done.        
2022-10-16T23:56:33.9960116Z remote: Total 32 (delta 1), reused 23 (delta 0), pack-reused 0        
2022-10-16T23:56:34.0231699Z From https://github.com/AlphaSteam/microprint-generator
2022-10-16T23:56:34.0232508Z  * [new ref]         715de86bf7ef6542ee133f816047f7b04f07ddcd -> origin/matrix_actions
2022-10-16T23:56:34.0266144Z ##[endgroup]
2022-10-16T23:56:34.0266980Z ##[group]Determining the checkout info
2022-10-16T23:56:34.0268746Z ##[endgroup]
2022-10-16T23:56:34.0269594Z ##[group]Checking out the ref
2022-10-16T23:56:34.0274647Z [command]/usr/bin/git checkout --progress --force -B matrix_actions refs/remotes/origin/matrix_actions
2022-10-16T23:56:34.0384137Z Switched to a new branch 'matrix_actions'
2022-10-16T23:56:34.0388827Z branch 'matrix_actions' set up to track 'origin/matrix_actions'.
2022-10-16T23:56:34.0392519Z ##[endgroup]
2022-10-16T23:56:34.0445455Z [command]/usr/bin/git log -1 --format='%H'
2022-10-16T23:56:34.0497994Z '715de86bf7ef6542ee133f816047f7b04f07ddcd'
2022-10-16T23:56:34.0935708Z ##[group]Run ./
2022-10-16T23:56:34.0936053Z with:
2022-10-16T23:56:34.0936538Z   microprint_render_method: raster
2022-10-16T23:56:34.0936928Z   log_path: ./Examples/Mid-job/logs
2022-10-16T23:56:34.0937363Z   microprint_path: ./Examples/Mid-job/microprint
2022-10-16T23:56:34.0937798Z   microprint_config_path: ./Examples/Mid-job/
2022-10-16T23:56:34.0938183Z   repository: AlphaSteam/microprint-generator
2022-10-16T23:56:34.0938796Z   github_token: ***
2022-10-16T23:56:34.0939192Z   job_name: generate_microprint_mid_job_matrix
2022-10-16T23:56:34.0939587Z   ref: refs/heads/matrix_actions
2022-10-16T23:56:34.0939883Z   log_filename: logs
2022-10-16T23:56:34.0940266Z   save_log: true
2022-10-16T23:56:34.0940627Z   microprint_filename: microprint
2022-10-16T23:56:34.0941008Z   microprint_config_filename: config
2022-10-16T23:56:34.0941357Z   generate_microprint_visualizer_link: true
2022-10-16T23:56:34.0941803Z   microprint_visualizer_link_filename: microprint_visualizer
2022-10-16T23:56:34.0942348Z   microprint_visualizer_link_path: ./
2022-10-16T23:56:34.0942767Z   matrix: {
  "os": "macos-latest",
  "version": 1.6
}
2022-10-16T23:56:34.0943083Z ##[endgroup]
2022-10-16T23:56:34.1092133Z ##[group]Building docker image
2022-10-16T23:56:34.1092663Z Dockerfile for action: '/home/runner/work/microprint-generator/microprint-generator/./Dockerfile'.
2022-10-16T23:56:34.1094197Z ##[command]/usr/bin/docker build -t 8d5581:d5bb21b2d2c35991623e9b8c8cae6fc7 -f "/home/runner/work/microprint-generator/microprint-generator/./Dockerfile" "/home/runner/work/microprint-generator/microprint-generator"
2022-10-16T23:56:34.1844597Z Sending build context to Docker daemon  1.066MB
2022-10-16T23:56:34.1845249Z 
2022-10-16T23:56:34.1878114Z Step 1/6 : FROM python:3
2022-10-16T23:56:34.9469132Z 3: Pulling from library/python
2022-10-16T23:56:35.1578070Z f606d8928ed3: Pulling fs layer
2022-10-16T23:56:35.1578409Z 47db815c6a45: Pulling fs layer
2022-10-16T23:56:35.1578675Z bf4849400000: Pulling fs layer
2022-10-16T23:56:35.1578903Z a572f7a256d3: Pulling fs layer
2022-10-16T23:56:35.1579249Z 8f7d05258955: Pulling fs layer
2022-10-16T23:56:35.1579530Z 7110f04115ae: Pulling fs layer
2022-10-16T23:56:35.1579791Z 967c89122295: Pulling fs layer
2022-10-16T23:56:35.1580006Z 9f28dfdab382: Pulling fs layer
2022-10-16T23:56:35.1580262Z 5e971b2ac572: Pulling fs layer
2022-10-16T23:56:35.1580539Z a572f7a256d3: Waiting
2022-10-16T23:56:35.1580787Z 8f7d05258955: Waiting
2022-10-16T23:56:35.1580975Z 7110f04115ae: Waiting
2022-10-16T23:56:35.1581207Z 967c89122295: Waiting
2022-10-16T23:56:35.1581466Z 9f28dfdab382: Waiting
2022-10-16T23:56:35.1581665Z 5e971b2ac572: Waiting
2022-10-16T23:56:35.5113354Z 47db815c6a45: Verifying Checksum
2022-10-16T23:56:35.5113710Z 47db815c6a45: Download complete
2022-10-16T23:56:35.5204616Z bf4849400000: Verifying Checksum
2022-10-16T23:56:35.5205406Z bf4849400000: Download complete
2022-10-16T23:56:35.9983181Z f606d8928ed3: Verifying Checksum
2022-10-16T23:56:35.9983648Z f606d8928ed3: Download complete
2022-10-16T23:56:36.2711070Z a572f7a256d3: Verifying Checksum
2022-10-16T23:56:36.2711472Z a572f7a256d3: Download complete
2022-10-16T23:56:36.4113600Z 7110f04115ae: Verifying Checksum
2022-10-16T23:56:36.4115793Z 7110f04115ae: Download complete
2022-10-16T23:56:36.6762942Z 9f28dfdab382: Verifying Checksum
2022-10-16T23:56:36.6769539Z 9f28dfdab382: Download complete
2022-10-16T23:56:36.7232656Z 967c89122295: Verifying Checksum
2022-10-16T23:56:36.7238312Z 967c89122295: Download complete
2022-10-16T23:56:37.0313904Z 5e971b2ac572: Verifying Checksum
2022-10-16T23:56:37.0314430Z 5e971b2ac572: Download complete
2022-10-16T23:56:37.8568427Z 8f7d05258955: Verifying Checksum
2022-10-16T23:56:37.8573011Z 8f7d05258955: Download complete
2022-10-16T23:56:38.4388514Z f606d8928ed3: Pull complete
2022-10-16T23:56:41.2732561Z 47db815c6a45: Pull complete
2022-10-16T23:56:41.6455458Z bf4849400000: Pull complete
2022-10-16T23:56:44.8294631Z a572f7a256d3: Pull complete
2022-10-16T23:56:53.1082569Z 8f7d05258955: Pull complete
2022-10-16T23:56:53.4363011Z 7110f04115ae: Pull complete
2022-10-16T23:56:54.3339459Z 967c89122295: Pull complete
2022-10-16T23:56:54.3898842Z 9f28dfdab382: Pull complete
2022-10-16T23:56:54.7902567Z 5e971b2ac572: Pull complete
2022-10-16T23:56:54.7962270Z Digest: sha256:3e15ea73ac5c1f9408d8dc9eeb8297ece8e727f3004129a829519230c7de720c
2022-10-16T23:56:54.8167341Z Status: Downloaded newer image for python:3
2022-10-16T23:56:54.8248282Z  ---> f05c8762fe15
2022-10-16T23:56:54.8249035Z Step 2/6 : COPY requirements.txt /requirements.txt
2022-10-16T23:56:55.8517899Z  ---> 8e45a5767447
2022-10-16T23:56:55.8518316Z Step 3/6 : RUN pip install -r /requirements.txt
2022-10-16T23:56:55.8816296Z  ---> Running in b673e0020803
2022-10-16T23:56:57.8532754Z Collecting pillow
2022-10-16T23:56:57.9193331Z   Downloading Pillow-9.2.0-cp310-cp310-manylinux_2_28_x86_64.whl (3.2 MB)
2022-10-16T23:56:57.9972233Z      ━━━━━━━━━━━━━━━━━━━━━━━━━━━━━━━━━━━━━━━━ 3.2/3.2 MB 44.2 MB/s eta 0:00:00
2022-10-16T23:56:58.0661766Z Collecting requests
2022-10-16T23:56:58.0791984Z   Downloading requests-2.28.1-py3-none-any.whl (62 kB)
2022-10-16T23:56:58.0849851Z      ━━━━━━━━━━━━━━━━━━━━━━━━━━━━━━━━━━━━━━━━ 62.8/62.8 kB 18.8 MB/s eta 0:00:00
2022-10-16T23:56:58.1166492Z Collecting svgwrite
2022-10-16T23:56:58.1348065Z   Downloading svgwrite-1.4.3-py3-none-any.whl (67 kB)
2022-10-16T23:56:58.1400762Z      ━━━━━━━━━━━━━━━━━━━━━━━━━━━━━━━━━━━━━━━━ 67.1/67.1 kB 22.5 MB/s eta 0:00:00
2022-10-16T23:56:58.1816343Z Collecting markdown-it-py[plugins]
2022-10-16T23:56:58.1948351Z   Downloading markdown_it_py-2.1.0-py3-none-any.whl (84 kB)
2022-10-16T23:56:58.2006654Z      ━━━━━━━━━━━━━━━━━━━━━━━━━━━━━━━━━━━━━━━━ 84.5/84.5 kB 25.0 MB/s eta 0:00:00
2022-10-16T23:56:58.2497731Z Collecting idna<4,>=2.5
2022-10-16T23:56:58.2612269Z   Downloading idna-3.4-py3-none-any.whl (61 kB)
2022-10-16T23:56:58.2667102Z      ━━━━━━━━━━━━━━━━━━━━━━━━━━━━━━━━━━━━━━━━ 61.5/61.5 kB 19.5 MB/s eta 0:00:00
2022-10-16T23:56:58.2990945Z Collecting certifi>=2017.4.17
2022-10-16T23:56:58.3208897Z   Downloading certifi-2022.9.24-py3-none-any.whl (161 kB)
2022-10-16T23:56:58.3278440Z      ━━━━━━━━━━━━━━━━━━━━━━━━━━━━━━━━━━━━━━ 161.1/161.1 kB 37.8 MB/s eta 0:00:00
2022-10-16T23:56:58.3805347Z Collecting charset-normalizer<3,>=2
2022-10-16T23:56:58.3915978Z   Downloading charset_normalizer-2.1.1-py3-none-any.whl (39 kB)
2022-10-16T23:56:58.4509632Z Collecting urllib3<1.27,>=1.21.1
2022-10-16T23:56:58.4643483Z   Downloading urllib3-1.26.12-py2.py3-none-any.whl (140 kB)
2022-10-16T23:56:58.4717567Z      ━━━━━━━━━━━━━━━━━━━━━━━━━━━━━━━━━━━━━━ 140.4/140.4 kB 30.6 MB/s eta 0:00:00
2022-10-16T23:56:58.5210669Z Collecting mdurl~=0.1
2022-10-16T23:56:58.5363138Z   Downloading mdurl-0.1.2-py3-none-any.whl (10.0 kB)
2022-10-16T23:56:58.5874522Z Collecting mdit-py-plugins
2022-10-16T23:56:58.6004820Z   Downloading mdit_py_plugins-0.3.1-py3-none-any.whl (46 kB)
2022-10-16T23:56:58.6058422Z      ━━━━━━━━━━━━━━━━━━━━━━━━━━━━━━━━━━━━━━━━ 46.5/46.5 kB 14.4 MB/s eta 0:00:00
2022-10-16T23:56:58.7669661Z Installing collected packages: urllib3, svgwrite, pillow, mdurl, idna, charset-normalizer, certifi, requests, markdown-it-py, mdit-py-plugins
2022-10-16T23:56:59.4412443Z Successfully installed certifi-2022.9.24 charset-normalizer-2.1.1 idna-3.4 markdown-it-py-2.1.0 mdit-py-plugins-0.3.1 mdurl-0.1.2 pillow-9.2.0 requests-2.28.1 svgwrite-1.4.3 urllib3-1.26.12
2022-10-16T23:56:59.4422498Z [91mWARNING: Running pip as the 'root' user can result in broken permissions and conflicting behaviour with the system package manager. It is recommended to use a virtual environment instead: https://pip.pypa.io/warnings/venv
2022-10-16T23:56:59.5400400Z [0m[91m
2022-10-16T23:56:59.5400975Z [notice] A new release of pip available: 22.2.2 -> 22.3
2022-10-16T23:56:59.5401623Z [notice] To update, run: pip install --upgrade pip
2022-10-16T23:57:01.4410019Z [0mRemoving intermediate container b673e0020803
2022-10-16T23:57:01.4410287Z  ---> 0a2e06ddd5b5
2022-10-16T23:57:01.4410508Z Step 4/6 : COPY script.py /script.py
2022-10-16T23:57:02.5856555Z  ---> f8e0a70ef018
2022-10-16T23:57:02.5860421Z Step 5/6 : COPY microprint_generator.py /microprint_generator.py
2022-10-16T23:57:03.7091365Z  ---> 32e1f13ca6ff
2022-10-16T23:57:03.7091763Z Step 6/6 : CMD ["python", "/script.py"]
2022-10-16T23:57:03.7316604Z  ---> Running in 3aacf5e77616
2022-10-16T23:57:04.7906242Z Removing intermediate container 3aacf5e77616
2022-10-16T23:57:04.7906611Z  ---> e0c20d2d203c
2022-10-16T23:57:04.7943513Z Successfully built e0c20d2d203c
2022-10-16T23:57:04.8039759Z Successfully tagged 8d5581:d5bb21b2d2c35991623e9b8c8cae6fc7
2022-10-16T23:57:04.8052122Z ##[endgroup]
2022-10-16T23:57:04.8180119Z ##[command]/usr/bin/docker run --name d5581d5bb21b2d2c35991623e9b8c8cae6fc7_f54ff2 --label 8d5581 --workdir /github/workspace --rm -e "INPUT_MICROPRINT_RENDER_METHOD" -e "INPUT_LOG_PATH" -e "INPUT_MICROPRINT_PATH" -e "INPUT_MICROPRINT_CONFIG_PATH" -e "INPUT_REPOSITORY" -e "INPUT_GITHUB_TOKEN" -e "INPUT_JOB_ID" -e "INPUT_JOB_NAME" -e "INPUT_REF" -e "INPUT_LOG_FILENAME" -e "INPUT_SAVE_LOG" -e "INPUT_MICROPRINT_FILENAME" -e "INPUT_MICROPRINT_CONFIG_FILENAME" -e "INPUT_GENERATE_MICROPRINT_VISUALIZER_LINK" -e "INPUT_MICROPRINT_VISUALIZER_LINK_FILENAME" -e "INPUT_MICROPRINT_VISUALIZER_LINK_PATH" -e "INPUT_MATRIX" -e "HOME" -e "GITHUB_JOB" -e "GITHUB_REF" -e "GITHUB_SHA" -e "GITHUB_REPOSITORY" -e "GITHUB_REPOSITORY_OWNER" -e "GITHUB_RUN_ID" -e "GITHUB_RUN_NUMBER" -e "GITHUB_RETENTION_DAYS" -e "GITHUB_RUN_ATTEMPT" -e "GITHUB_ACTOR" -e "GITHUB_TRIGGERING_ACTOR" -e "GITHUB_WORKFLOW" -e "GITHUB_HEAD_REF" -e "GITHUB_BASE_REF" -e "GITHUB_EVENT_NAME" -e "GITHUB_SERVER_URL" -e "GITHUB_API_URL" -e "GITHUB_GRAPHQL_URL" -e "GITHUB_REF_NAME" -e "GITHUB_REF_PROTECTED" -e "GITHUB_REF_TYPE" -e "GITHUB_WORKSPACE" -e "GITHUB_ACTION" -e "GITHUB_EVENT_PATH" -e "GITHUB_ACTION_REPOSITORY" -e "GITHUB_ACTION_REF" -e "GITHUB_PATH" -e "GITHUB_ENV" -e "GITHUB_STEP_SUMMARY" -e "GITHUB_STATE" -e "GITHUB_OUTPUT" -e "RUNNER_OS" -e "RUNNER_ARCH" -e "RUNNER_NAME" -e "RUNNER_TOOL_CACHE" -e "RUNNER_TEMP" -e "RUNNER_WORKSPACE" -e "ACTIONS_RUNTIME_URL" -e "ACTIONS_RUNTIME_TOKEN" -e "ACTIONS_CACHE_URL" -e GITHUB_ACTIONS=true -e CI=true -v "/var/run/docker.sock":"/var/run/docker.sock" -v "/home/runner/work/_temp/_github_home":"/github/home" -v "/home/runner/work/_temp/_github_workflow":"/github/workflow" -v "/home/runner/work/_temp/_runner_file_commands":"/github/file_commands" -v "/home/runner/work/microprint-generator/microprint-generator":"/github/workspace" 8d5581:d5bb21b2d2c35991623e9b8c8cae6fc7
2022-10-16T23:57:05.2690740Z DEBUG:urllib3.connectionpool:Starting new HTTPS connection (1): api.github.com:443
2022-10-16T23:57:05.5348157Z DEBUG:urllib3.connectionpool:https://api.github.com:443 "GET /repos/AlphaSteam/microprint-generator HTTP/1.1" 200 None
2022-10-16T23:57:05.5392125Z DEBUG:urllib3.connectionpool:Starting new HTTPS connection (1): api.github.com:443
2022-10-16T23:57:05.9387328Z DEBUG:urllib3.connectionpool:https://api.github.com:443 "GET /repos/AlphaSteam/microprint-generator/actions/runs/3261405656/jobs HTTP/1.1" 200 None
2022-10-16T23:57:05.9424741Z DEBUG:urllib3.connectionpool:Starting new HTTPS connection (1): api.github.com:443
2022-10-16T23:57:06.2183817Z DEBUG:urllib3.connectionpool:https://api.github.com:443 "GET /repos/AlphaSteam/microprint-generator/actions/jobs/8920950614/logs HTTP/1.1" 302 0
2022-10-16T23:57:06.2199904Z DEBUG:urllib3.connectionpool:Starting new HTTPS connection (1): pipelines.actions.githubusercontent.com:443
2022-10-16T23:57:06.2861563Z DEBUG:urllib3.connectionpool:https://pipelines.actions.githubusercontent.com:443 "GET /serviceHosts/871f7675-65c0-436d-aa94-5c5a4536b9ce/_apis/pipelines/1/runs/218/signedlogcontent/13?urlExpires=2022-10-16T23%3A58%3A06.1893574Z&urlSigningMethod=HMACV1&urlSignature=Xh%2F47Um2KqRA2GxUIl45qMiNiR2wkpTPO1HRzFQpqPM%3D HTTP/1.1" 200 None
2022-10-16T23:57:06.2917183Z INFO:root:Generating raster microprint
2022-10-16T23:57:06.3460722Z Without spaces
2022-10-16T23:57:06.3461822Z string before:  ./Examples/Mid-job/logs (macos-latest, 1.6)
2022-10-16T23:57:06.3463066Z string after:  ./Examples/Mid-job/logs(macos-latest,1.6)
2022-10-16T23:57:06.3463637Z Without spaces
2022-10-16T23:57:06.3464597Z string before:  ./Examples/Mid-job/microprint (macos-latest, 1.6)
2022-10-16T23:57:06.3465486Z string after:  ./Examples/Mid-job/microprint(macos-latest,1.6)
2022-10-16T23:57:06.5018573Z ##[group]Run git pull
2022-10-16T23:57:06.5018819Z [36;1mgit pull[0m
2022-10-16T23:57:06.5073724Z shell: /usr/bin/bash -e {0}
2022-10-16T23:57:06.5073944Z ##[endgroup]
2022-10-16T23:57:07.4969681Z From https://github.com/AlphaSteam/microprint-generator
2022-10-16T23:57:07.4970487Z    715de86..9651967  matrix_actions          -> origin/matrix_actions
2022-10-16T23:57:07.4971686Z  * [new branch]      add_custom_rules        -> origin/add_custom_rules
2022-10-16T23:57:07.4972272Z  * [new branch]      add_microprint_analysis -> origin/add_microprint_analysis
2022-10-16T23:57:07.4972799Z  * [new branch]      add_multiple_columns    -> origin/add_multiple_columns
2022-10-16T23:57:07.4973379Z  * [new branch]      create-pull-request/patch -> origin/create-pull-request/patch
2022-10-16T23:57:07.4973933Z  * [new branch]      custom_fonts            -> origin/custom_fonts
2022-10-16T23:57:07.4974389Z  * [new branch]      develop                 -> origin/develop
2022-10-16T23:57:07.4974858Z  * [new branch]      main                    -> origin/main
2022-10-16T23:57:07.4975423Z  * [new branch]      microprint_visualizer_integration -> origin/microprint_visualizer_integration
2022-10-16T23:57:07.4976105Z  * [new branch]      reduce_code_duplication -> origin/reduce_code_duplication
2022-10-16T23:57:07.4976578Z  * [new branch]      release/v1              -> origin/release/v1
2022-10-16T23:57:07.4977003Z  * [new branch]      release/v2              -> origin/release/v2
2022-10-16T23:57:07.4977441Z  * [new branch]      test_workflow           -> origin/test_workflow
2022-10-16T23:57:07.5086292Z  * [new tag]         v1                      -> v1
2022-10-16T23:57:07.5087417Z  * [new tag]         v1.0.0                  -> v1.0.0
2022-10-16T23:57:07.5088576Z  * [new tag]         v2                      -> v2
2022-10-16T23:57:07.5089306Z  * [new tag]         v2.0.0                  -> v2.0.0
2022-10-16T23:57:07.5134776Z  * [new tag]         v3                      -> v3
2022-10-16T23:57:07.5145286Z  * [new tag]         v3.0.0                  -> v3.0.0
2022-10-16T23:57:07.5216918Z Updating 715de86..9651967
2022-10-16T23:57:07.5217652Z Fast-forward
2022-10-16T23:57:07.5240027Z  Examples/Mid-job/logs(ubuntu-latest,1.6)/logs.txt | 10 +++++-----
2022-10-16T23:57:07.5240554Z  Examples/Mid-job/logs/logs.txt                    | 10 +++++-----
2022-10-16T23:57:07.5240978Z  2 files changed, 10 insertions(+), 10 deletions(-)
2022-10-16T23:57:07.5362139Z ##[group]Run stefanzweifel/git-auto-commit-action@v4
2022-10-16T23:57:07.5362408Z with:
2022-10-16T23:57:07.5362644Z   commit_message: Updated mid-job microprint
2022-10-16T23:57:07.5362891Z   file_pattern: .
2022-10-16T23:57:07.5363082Z   repository: .
2022-10-16T23:57:07.5363316Z   commit_user_name: github-actions[bot]
2022-10-16T23:57:07.5363627Z   commit_user_email: github-actions[bot]@users.noreply.github.com
2022-10-16T23:57:07.5363992Z   commit_author: AlphaSteam <AlphaSteam@users.noreply.github.com>
2022-10-16T23:57:07.5364269Z   skip_dirty_check: false
2022-10-16T23:57:07.5364485Z   skip_fetch: false
2022-10-16T23:57:07.5364698Z   skip_checkout: false
2022-10-16T23:57:07.5364918Z   disable_globbing: false
2022-10-16T23:57:07.5365123Z   create_branch: false
2022-10-16T23:57:07.5365331Z ##[endgroup]
2022-10-16T23:57:07.5737610Z Started: bash /home/runner/work/_actions/stefanzweifel/git-auto-commit-action/v4/entrypoint.sh
2022-10-16T23:57:07.5809981Z INPUT_REPOSITORY value: .
2022-10-16T23:57:07.5810702Z INPUT_STATUS_OPTIONS: 
2022-10-16T23:57:07.5812241Z INPUT_FILE_PATTERN: .
2022-10-16T23:57:07.5862679Z ##[warning]The `set-output` command is deprecated and will be disabled soon. Please upgrade to using Environment Files. For more information see: https://github.blog/changelog/2022-10-11-github-actions-deprecating-save-state-and-set-output-commands/
2022-10-16T23:57:07.5873546Z INPUT_BRANCH value: 
2022-10-16T23:57:08.1542467Z Your branch is up to date with 'origin/matrix_actions'.
2022-10-16T23:57:08.1544601Z INPUT_ADD_OPTIONS: 
2022-10-16T23:57:08.1545745Z INPUT_FILE_PATTERN: .
2022-10-16T23:57:08.1569954Z INPUT_COMMIT_OPTIONS: 
2022-10-16T23:57:08.1571210Z INPUT_COMMIT_USER_NAME: github-actions[bot]
2022-10-16T23:57:08.1572026Z INPUT_COMMIT_USER_EMAIL: github-actions[bot]@users.noreply.github.com
2022-10-16T23:57:08.1574880Z INPUT_COMMIT_MESSAGE: Updated mid-job microprint
2022-10-16T23:57:08.1576298Z INPUT_COMMIT_AUTHOR: AlphaSteam <AlphaSteam@users.noreply.github.com>
2022-10-16T23:57:08.1628070Z [matrix_actions f391623] Updated mid-job microprint
2022-10-16T23:57:08.1628713Z  Author: AlphaSteam <AlphaSteam@users.noreply.github.com>
2022-10-16T23:57:08.1629243Z  2 files changed, 5 insertions(+)
2022-10-16T23:57:08.1629991Z  create mode 100644 Examples/Mid-job/logs(macos-latest,1.6)/logs.txt
2022-10-16T23:57:08.1630703Z  create mode 100644 Examples/Mid-job/microprint(macos-latest,1.6)/microprint.png
2022-10-16T23:57:08.1647866Z ##[warning]The `set-output` command is deprecated and will be disabled soon. Please upgrade to using Environment Files. For more information see: https://github.blog/changelog/2022-10-11-github-actions-deprecating-save-state-and-set-output-commands/
2022-10-16T23:57:08.1649559Z INPUT_TAGGING_MESSAGE: 
2022-10-16T23:57:08.1650069Z No tagging message supplied. No tag will be added.
2022-10-16T23:57:08.1650336Z INPUT_PUSH_OPTIONS: 
2022-10-16T23:57:08.9937024Z To https://github.com/AlphaSteam/microprint-generator
2022-10-16T23:57:08.9938559Z    9651967..f391623  matrix_actions -> matrix_actions
2022-10-16T23:57:09.0092572Z ##[group]Run actions_user_id=`id -u $USER`
2022-10-16T23:57:09.0092937Z [36;1mactions_user_id=`id -u $USER`[0m
2022-10-16T23:57:09.0093236Z [36;1mecho $actions_user_id[0m
2022-10-16T23:57:09.0093549Z [36;1mecho ::set-output name=uid::$actions_user_id[0m
2022-10-16T23:57:09.0147667Z shell: /usr/bin/bash -e {0}
2022-10-16T23:57:09.0147950Z ##[endgroup]
2022-10-16T23:57:09.0240451Z 1001
2022-10-16T23:57:09.0243941Z ##[warning]The `set-output` command is deprecated and will be disabled soon. Please upgrade to using Environment Files. For more information see: https://github.blog/changelog/2022-10-11-github-actions-deprecating-save-state-and-set-output-commands/
2022-10-16T23:57:09.0294665Z ##[group]Run peter-murray/reset-workspace-ownership-action@v1
2022-10-16T23:57:09.0294994Z with:
2022-10-16T23:57:09.0295207Z   user_id: 1001
2022-10-16T23:57:09.0295542Z   workspace_path: /home/runner/work/microprint-generator/microprint-generator
2022-10-16T23:57:09.0295880Z ##[endgroup]
2022-10-16T23:57:09.0324244Z ##[command]/usr/bin/docker run --name d5581b4e19b0e9b0340deb0a8bb2252286943_d251ae --label 8d5581 --workdir /github/workspace --rm -e "INPUT_USER_ID" -e "INPUT_WORKSPACE_PATH" -e "HOME" -e "GITHUB_JOB" -e "GITHUB_REF" -e "GITHUB_SHA" -e "GITHUB_REPOSITORY" -e "GITHUB_REPOSITORY_OWNER" -e "GITHUB_RUN_ID" -e "GITHUB_RUN_NUMBER" -e "GITHUB_RETENTION_DAYS" -e "GITHUB_RUN_ATTEMPT" -e "GITHUB_ACTOR" -e "GITHUB_TRIGGERING_ACTOR" -e "GITHUB_WORKFLOW" -e "GITHUB_HEAD_REF" -e "GITHUB_BASE_REF" -e "GITHUB_EVENT_NAME" -e "GITHUB_SERVER_URL" -e "GITHUB_API_URL" -e "GITHUB_GRAPHQL_URL" -e "GITHUB_REF_NAME" -e "GITHUB_REF_PROTECTED" -e "GITHUB_REF_TYPE" -e "GITHUB_WORKSPACE" -e "GITHUB_ACTION" -e "GITHUB_EVENT_PATH" -e "GITHUB_ACTION_REPOSITORY" -e "GITHUB_ACTION_REF" -e "GITHUB_PATH" -e "GITHUB_ENV" -e "GITHUB_STEP_SUMMARY" -e "GITHUB_STATE" -e "GITHUB_OUTPUT" -e "RUNNER_OS" -e "RUNNER_ARCH" -e "RUNNER_NAME" -e "RUNNER_TOOL_CACHE" -e "RUNNER_TEMP" -e "RUNNER_WORKSPACE" -e "ACTIONS_RUNTIME_URL" -e "ACTIONS_RUNTIME_TOKEN" -e "ACTIONS_CACHE_URL" -e GITHUB_ACTIONS=true -e CI=true -v "/var/run/docker.sock":"/var/run/docker.sock" -v "/home/runner/work/_temp/_github_home":"/github/home" -v "/home/runner/work/_temp/_github_workflow":"/github/workflow" -v "/home/runner/work/_temp/_runner_file_commands":"/github/file_commands" -v "/home/runner/work/microprint-generator/microprint-generator":"/github/workspace" 8d5581:b4e19b0e9b0340deb0a8bb2252286943  "1001" "/home/runner/work/microprint-generator/microprint-generator"
2022-10-16T23:57:09.3392431Z Updating ownership permissions on workspace directory /home/runner/work/microprint-generator/microprint-generator
2022-10-16T23:57:09.3393431Z   user: 1001
2022-10-16T23:57:09.3399191Z total 120
2022-10-16T23:57:09.3404073Z drwxr-xr-x    8 1001     121           4096 Oct 16 23:57 .
2022-10-16T23:57:09.3406218Z drwxr-xr-x    6 root     root          4096 Oct 16 23:57 ..
2022-10-16T23:57:09.3410647Z drwxr-xr-x    8 1001     121           4096 Oct 16 23:57 .git
2022-10-16T23:57:09.3414184Z drwxr-xr-x    3 1001     121           4096 Oct 16 23:56 .github
2022-10-16T23:57:09.3549175Z -rw-r--r--    1 1001     121           1799 Oct 16 23:56 .gitignore
2022-10-16T23:57:09.3549940Z drwxr-xr-x    3 1001     121           4096 Oct 16 23:56 .idea
2022-10-16T23:57:09.3551677Z -rw-r--r--    1 1001     121            206 Oct 16 23:56 Dockerfile
2022-10-16T23:57:09.3552304Z drwxr-xr-x    3 1001     121           4096 Oct 16 23:56 Examples
2022-10-16T23:57:09.3553752Z -rw-r--r--    1 1001     121          35149 Oct 16 23:56 LICENSE
2022-10-16T23:57:09.3554330Z -rw-r--r--    1 1001     121          10298 Oct 16 23:56 README.md
2022-10-16T23:57:09.3556626Z drwxr-xr-x    2 root     root          4096 Oct 16 23:57 __pycache__
2022-10-16T23:57:09.3557102Z -rw-r--r--    1 1001     121           3154 Oct 16 23:56 action.yml
2022-10-16T23:57:09.3557568Z -rw-r--r--    1 1001     121           1059 Oct 16 23:56 config.json
2022-10-16T23:57:09.3558015Z drwxr-xr-x    2 1001     121           4096 Oct 16 23:56 fonts
2022-10-16T23:57:09.3558500Z -rw-r--r--    1 1001     121           8748 Oct 16 23:56 microprint_generator.py
2022-10-16T23:57:09.3559004Z -rw-r--r--    1 1001     121             49 Oct 16 23:56 requirements.txt
2022-10-16T23:57:09.3559472Z -rw-r--r--    1 1001     121           5808 Oct 16 23:56 script.py
2022-10-16T23:57:09.3559671Z 
2022-10-16T23:57:09.3559893Z Looking for files/directories in current working directory not owned by "1001"
2022-10-16T23:57:09.3560149Z 
2022-10-16T23:57:09.3560284Z Updating ownership: ./__pycache__
2022-10-16T23:57:09.3560723Z   drwxr-xr-x    2 root     root          4096 Oct 16 23:57 ./__pycache__
2022-10-16T23:57:09.3561403Z changed ownership of './__pycache__' to 1001:0
2022-10-16T23:57:09.3561740Z Modified ownership: ./__pycache__
2022-10-16T23:57:09.3562199Z   drwxr-xr-x    2 1001     root          4096 Oct 16 23:57 ./__pycache__
2022-10-16T23:57:09.3562391Z 
2022-10-16T23:57:09.3562719Z Updating ownership: ./__pycache__/microprint_generator.cpython-310.pyc
2022-10-16T23:57:09.3563364Z   -rw-r--r--    1 root     root          6515 Oct 16 23:57 ./__pycache__/microprint_generator.cpython-310.pyc
2022-10-16T23:57:09.3563994Z changed ownership of './__pycache__/microprint_generator.cpython-310.pyc' to 1001:0
2022-10-16T23:57:09.3568275Z Modified ownership: ./__pycache__/microprint_generator.cpython-310.pyc
2022-10-16T23:57:09.3569238Z   -rw-r--r--    1 1001     root          6515 Oct 16 23:57 ./__pycache__/microprint_generator.cpython-310.pyc
2022-10-16T23:57:09.3569502Z 
2022-10-16T23:57:09.3569792Z Updating ownership: ./Examples/Mid-job/logs(macos-latest,1.6)
2022-10-16T23:57:09.3570393Z   drwxr-xr-x    2 root     root          4096 Oct 16 23:57 ./Examples/Mid-job/logs(macos-latest,1.6)
2022-10-16T23:57:09.3570966Z changed ownership of './Examples/Mid-job/logs(macos-latest,1.6)' to 1001:0
2022-10-16T23:57:09.3571489Z Modified ownership: ./Examples/Mid-job/logs(macos-latest,1.6)
2022-10-16T23:57:09.3572048Z   drwxr-xr-x    2 1001     root          4096 Oct 16 23:57 ./Examples/Mid-job/logs(macos-latest,1.6)
2022-10-16T23:57:09.3572297Z 
2022-10-16T23:57:09.3572600Z Updating ownership: ./Examples/Mid-job/logs(macos-latest,1.6)/logs.txt
2022-10-16T23:57:09.3573214Z   -rw-r--r--    1 root     root           466 Oct 16 23:57 ./Examples/Mid-job/logs(macos-latest,1.6)/logs.txt
2022-10-16T23:57:09.3573810Z changed ownership of './Examples/Mid-job/logs(macos-latest,1.6)/logs.txt' to 1001:0
2022-10-16T23:57:09.3574552Z Modified ownership: ./Examples/Mid-job/logs(macos-latest,1.6)/logs.txt
2022-10-16T23:57:09.3575145Z   -rw-r--r--    1 1001     root           466 Oct 16 23:57 ./Examples/Mid-job/logs(macos-latest,1.6)/logs.txt
2022-10-16T23:57:09.3575409Z 
2022-10-16T23:57:09.3575716Z Updating ownership: ./Examples/Mid-job/microprint(macos-latest,1.6)
2022-10-16T23:57:09.3576328Z   drwxr-xr-x    2 root     root          4096 Oct 16 23:57 ./Examples/Mid-job/microprint(macos-latest,1.6)
2022-10-16T23:57:09.3576919Z changed ownership of './Examples/Mid-job/microprint(macos-latest,1.6)' to 1001:0
2022-10-16T23:57:09.3577468Z Modified ownership: ./Examples/Mid-job/microprint(macos-latest,1.6)
2022-10-16T23:57:09.3578057Z   drwxr-xr-x    2 1001     root          4096 Oct 16 23:57 ./Examples/Mid-job/microprint(macos-latest,1.6)
2022-10-16T23:57:09.3578319Z 
2022-10-16T23:57:09.3578660Z Updating ownership: ./Examples/Mid-job/microprint(macos-latest,1.6)/microprint.png
2022-10-16T23:57:09.3579350Z   -rw-r--r--    1 root     root           249 Oct 16 23:57 ./Examples/Mid-job/microprint(macos-latest,1.6)/microprint.png
2022-10-16T23:57:09.3580011Z changed ownership of './Examples/Mid-job/microprint(macos-latest,1.6)/microprint.png' to 1001:0
2022-10-16T23:57:09.3580636Z Modified ownership: ./Examples/Mid-job/microprint(macos-latest,1.6)/microprint.png
2022-10-16T23:57:09.3581398Z   -rw-r--r--    1 1001     root           249 Oct 16 23:57 ./Examples/Mid-job/microprint(macos-latest,1.6)/microprint.png
2022-10-16T23:57:09.3581661Z 
2022-10-16T23:57:09.4938086Z Post job cleanup.
2022-10-16T23:57:09.6338952Z [command]/usr/bin/git version
2022-10-16T23:57:09.6393003Z git version 2.37.3
2022-10-16T23:57:09.6442540Z Temporarily overriding HOME='/home/runner/work/_temp/c66129d6-fba3-452a-9056-5c17bc8c8c31' before making global git config changes
2022-10-16T23:57:09.6443791Z Adding repository directory to the temporary git global config as a safe directory
2022-10-16T23:57:09.6449810Z [command]/usr/bin/git config --global --add safe.directory /home/runner/work/microprint-generator/microprint-generator
2022-10-16T23:57:09.6496254Z [command]/usr/bin/git config --local --name-only --get-regexp core\.sshCommand
2022-10-16T23:57:09.6536801Z [command]/usr/bin/git submodule foreach --recursive git config --local --name-only --get-regexp 'core\.sshCommand' && git config --local --unset-all 'core.sshCommand' || :
2022-10-16T23:57:09.6802425Z [command]/usr/bin/git config --local --name-only --get-regexp http\.https\:\/\/github\.com\/\.extraheader
2022-10-16T23:57:09.6832650Z http.https://github.com/.extraheader
2022-10-16T23:57:09.6847581Z [command]/usr/bin/git config --local --unset-all http.https://github.com/.extraheader
2022-10-16T23:57:09.6888592Z [command]/usr/bin/git submodule foreach --recursive git config --local --name-only --get-regexp 'http\.https\:\/\/github\.com\/\.extraheader' && git config --local --unset-all 'http.https://github.com/.extraheader' || :
2022-10-16T23:57:09.7465451Z Cleaning up orphan processes
